{"method": "fixed_N_wedge_spectral_gram_v1", "lower": "-494778282983091551017191/40000000000000000000000", "lower_float": -12.369457074577289, "old_wedge_lower": "-12370972087668966469/1000000000000000000", "many_body_states_enumerated": 0, "scope": "Exact residual bound only; full original SOS discovery cost remains.", "coefficient_lower": "-1547085725739606919/125000000000000000", "certificate_sha256": "397eb5bbed0dc09b24169d08307f448aea1d47749828d7d32f1470a912cdf7c0", "extract_seconds": 246.366167649001, "proposal_seconds": 1.8850896779986215, "spectral_replay_seconds": 6.861480756000674, "wall_seconds": 255.11273845200049}
	Command being timed: "/home/ubuntu/spectra-venv/bin/python -m research.certificate_scaling.wedge_spectral_bound --certificate results/h10_evd_1800/certificate.json --out results/h10_evd_1800_spectral"
	User time (seconds): 255.12
	System time (seconds): 0.28
	Percent of CPU this job got: 99%
	Elapsed (wall clock) time (h:mm:ss or m:ss): 4:15.43
	Average shared text size (kbytes): 0
	Average unshared data size (kbytes): 0
	Average stack size (kbytes): 0
	Average total size (kbytes): 0
	Maximum resident set size (kbytes): 658368
	Average resident set size (kbytes): 0
	Major (requiring I/O) page faults: 0
	Minor (reclaiming a frame) page faults: 189489
	Voluntary context switches: 1
	Involuntary context switches: 1855
	Swaps: 0
	File system inputs: 0
	File system outputs: 4280
	Socket messages sent: 0
	Socket messages received: 0
	Signals delivered: 0
	Page size (bytes): 4096
	Exit status: 0
