3 xxz 0 1/5 1 4 over_tolerance
3 xxz 0 1/5 1 8 certified
3 xxz 0 1/5 2 4 certified
3 xxz 0 1/5 4 4 certified
3 xxz 0 1/2 1 4 over_tolerance
3 xxz 0 1/2 1 8 certified
3 xxz 0 1/2 2 4 over_tolerance
3 xxz 0 1/2 2 8 certified
3 xxz 0 1/2 4 4 certified
3 xxz 1/5 1/5 1 4 over_tolerance
3 xxz 1/5 1/5 1 8 certified
3 xxz 1/5 1/5 2 4 certified
3 xxz 1/5 1/5 4 4 certified
3 xxz 1/5 1/2 1 4 over_tolerance
3 xxz 1/5 1/2 1 8 over_tolerance
3 xxz 1/5 1/2 1 12 certified
3 xxz 1/5 1/2 2 4 over_tolerance
3 xxz 1/5 1/2 2 8 certified
3 xxz 1/5 1/2 4 4 certified
3 xxz 2 1/5 1 4 over_tolerance
3 xxz 2 1/5 1 8 certified
3 xxz 2 1/5 2 4 certified
3 xxz 2 1/5 4 4 certified
3 xxz 2 1/2 1 4 over_tolerance
3 xxz 2 1/2 1 8 over_tolerance
3 xxz 2 1/2 1 12 certified
3 xxz 2 1/2 2 4 over_tolerance
3 xxz 2 1/2 2 8 certified
3 xxz 2 1/2 4 4 over_tolerance
3 xxz 2 1/2 4 8 certified
3 mixed 0 1/5 1 4 over_tolerance
3 mixed 0 1/5 1 8 certified
3 mixed 0 1/5 2 4 certified
3 mixed 0 1/5 4 4 certified
3 mixed 0 1/2 1 4 over_tolerance
3 mixed 0 1/2 1 8 over_tolerance
3 mixed 0 1/2 1 12 certified
3 mixed 0 1/2 2 4 over_tolerance
3 mixed 0 1/2 2 8 certified
3 mixed 0 1/2 4 4 certified
3 mixed 1/5 1/5 1 4 over_tolerance
3 mixed 1/5 1/5 1 8 certified
3 mixed 1/5 1/5 2 4 certified
3 mixed 1/5 1/5 4 4 certified
3 mixed 1/5 1/2 1 4 over_tolerance
3 mixed 1/5 1/2 1 8 over_tolerance
3 mixed 1/5 1/2 1 12 certified
3 mixed 1/5 1/2 2 4 over_tolerance
3 mixed 1/5 1/2 2 8 certified
3 mixed 1/5 1/2 4 4 certified
3 mixed 2 1/5 1 4 over_tolerance
3 mixed 2 1/5 1 8 certified
3 mixed 2 1/5 2 4 certified
3 mixed 2 1/5 4 4 certified
3 mixed 2 1/2 1 4 over_tolerance
3 mixed 2 1/2 1 8 over_tolerance
3 mixed 2 1/2 1 12 certified
3 mixed 2 1/2 2 4 over_tolerance
3 mixed 2 1/2 2 8 certified
3 mixed 2 1/2 4 4 over_tolerance
3 mixed 2 1/2 4 8 certified
4 xxz 0 1/5 1 4 over_tolerance
4 xxz 0 1/5 1 8 certified
4 xxz 0 1/5 2 4 certified
4 xxz 0 1/5 4 4 certified
4 xxz 0 1/2 1 4 over_tolerance
4 xxz 0 1/2 1 8 over_tolerance
4 xxz 0 1/2 1 12 certified
4 xxz 0 1/2 2 4 over_tolerance
4 xxz 0 1/2 2 8 certified
4 xxz 0 1/2 4 4 over_tolerance
4 xxz 0 1/2 4 8 certified
4 xxz 1/5 1/5 1 4 over_tolerance
4 xxz 1/5 1/5 1 8 certified
4 xxz 1/5 1/5 2 4 certified
4 xxz 1/5 1/5 4 4 certified
4 xxz 1/5 1/2 1 4 over_tolerance
4 xxz 1/5 1/2 1 8 over_tolerance
4 xxz 1/5 1/2 1 12 certified
4 xxz 1/5 1/2 2 4 over_tolerance
4 xxz 1/5 1/2 2 8 certified
4 xxz 1/5 1/2 4 4 over_tolerance
4 xxz 1/5 1/2 4 8 certified
4 xxz 2 1/5 1 4 over_tolerance
4 xxz 2 1/5 1 8 certified
4 xxz 2 1/5 2 4 certified
4 xxz 2 1/5 4 4 certified
4 xxz 2 1/2 1 4 over_tolerance
4 xxz 2 1/2 1 8 over_tolerance
4 xxz 2 1/2 1 12 over_tolerance
4 xxz 2 1/2 1 16 certified
4 xxz 2 1/2 2 4 over_tolerance
4 xxz 2 1/2 2 8 certified
4 xxz 2 1/2 4 4 over_tolerance
4 xxz 2 1/2 4 8 certified
4 mixed 0 1/5 1 4 over_tolerance
4 mixed 0 1/5 1 8 certified
4 mixed 0 1/5 2 4 certified
4 mixed 0 1/5 4 4 certified
4 mixed 0 1/2 1 4 over_tolerance
4 mixed 0 1/2 1 8 over_tolerance
4 mixed 0 1/2 1 12 certified
4 mixed 0 1/2 2 4 over_tolerance
4 mixed 0 1/2 2 8 certified
4 mixed 0 1/2 4 4 over_tolerance
4 mixed 0 1/2 4 8 certified
4 mixed 1/5 1/5 1 4 over_tolerance
4 mixed 1/5 1/5 1 8 certified
4 mixed 1/5 1/5 2 4 certified
4 mixed 1/5 1/5 4 4 certified
4 mixed 1/5 1/2 1 4 over_tolerance
4 mixed 1/5 1/2 1 8 over_tolerance
4 mixed 1/5 1/2 1 12 certified
4 mixed 1/5 1/2 2 4 over_tolerance
4 mixed 1/5 1/2 2 8 certified
4 mixed 1/5 1/2 4 4 over_tolerance
4 mixed 1/5 1/2 4 8 certified
4 mixed 2 1/5 1 4 over_tolerance
4 mixed 2 1/5 1 8 certified
4 mixed 2 1/5 2 4 over_tolerance
4 mixed 2 1/5 2 8 certified
4 mixed 2 1/5 4 4 certified
4 mixed 2 1/2 1 4 over_tolerance
4 mixed 2 1/2 1 8 over_tolerance
4 mixed 2 1/2 1 12 over_tolerance
4 mixed 2 1/2 1 16 certified
4 mixed 2 1/2 2 4 over_tolerance
4 mixed 2 1/2 2 8 certified
4 mixed 2 1/2 4 4 over_tolerance
4 mixed 2 1/2 4 8 certified
6 xxz 0 1/5 1 4 over_tolerance
6 xxz 0 1/5 1 8 refused
6 xxz 0 1/5 2 4 refused
6 xxz 0 1/5 4 4 refused
6 xxz 0 1/2 1 4 over_tolerance
6 xxz 0 1/2 1 8 refused
6 xxz 0 1/2 2 4 refused
6 xxz 0 1/2 4 4 refused
6 xxz 1/5 1/5 1 4 over_tolerance
6 xxz 1/5 1/5 1 8 refused
6 xxz 1/5 1/5 2 4 refused
6 xxz 1/5 1/5 4 4 refused
6 xxz 1/5 1/2 1 4 over_tolerance
6 xxz 1/5 1/2 1 8 refused
6 xxz 1/5 1/2 2 4 refused
6 xxz 1/5 1/2 4 4 refused
6 xxz 2 1/5 1 4 over_tolerance
6 xxz 2 1/5 1 8 refused
6 xxz 2 1/5 2 4 refused
6 xxz 2 1/5 4 4 refused
6 xxz 2 1/2 1 4 over_tolerance
6 xxz 2 1/2 1 8 refused
6 xxz 2 1/2 2 4 refused
6 xxz 2 1/2 4 4 refused
6 mixed 0 1/5 1 4 refused
6 mixed 0 1/5 2 4 refused
6 mixed 0 1/5 4 4 refused
6 mixed 0 1/2 1 4 refused
6 mixed 0 1/2 2 4 refused
6 mixed 0 1/2 4 4 refused
6 mixed 1/5 1/5 1 4 refused
6 mixed 1/5 1/5 2 4 refused
6 mixed 1/5 1/5 4 4 refused
6 mixed 1/5 1/2 1 4 refused
6 mixed 1/5 1/2 2 4 refused
6 mixed 1/5 1/2 4 4 refused
6 mixed 2 1/5 1 4 refused
6 mixed 2 1/5 2 4 refused
6 mixed 2 1/5 4 4 refused
6 mixed 2 1/2 1 4 refused
6 mixed 2 1/2 2 4 refused
6 mixed 2 1/2 4 4 refused
