{
  "lower": "-2583990651103/62500000000",
  "lower_float": -41.343850417648,
  "residual_l1": "546100534307/15625000000",
  "residual_l1_float": 34.950434195648,
  "multiplier_terms": 37,
  "square_polynomial_terms": 95,
  "residual_terms": 919,
  "residual_max_degree": 4,
  "mode_count": 12,
  "particle_number": 6,
  "factor_rows": 166,
  "factor_nonzeros": 247,
  "word_pair_candidates_scanned": 14718,
  "nonzero_H_overlap_pairs": 2562,
  "monomial_candidates": 300,
  "retained_atoms": 256,
  "method": "direct_H_pair_SDP_l1",
  "budget": 256,
  "pair_blocks": 64,
  "singleton_blocks": 128,
  "coefficient_rows": 2107,
  "max_degree": 4,
  "gram_scalar_variables": 384,
  "build_seconds": 1.0021876229999975,
  "solve_seconds": 0.4763298210000073,
  "wall_seconds": 1.5444632450000029,
  "certificate_bytes": 83254,
  "source_factors_used": false,
  "source_upper_used": false,
  "sdp_status": "optimal"
}
