{
  "lower": "-1655584995031/200000000000",
  "lower_float": -8.277924975155,
  "residual_l1": "778334724631/200000000000",
  "residual_l1_float": 3.891673623155,
  "multiplier_terms": 9,
  "square_polynomial_terms": 53,
  "residual_terms": 97,
  "residual_max_degree": 4,
  "mode_count": 8,
  "particle_number": 4,
  "factor_rows": 192,
  "factor_nonzeros": 278,
  "word_pair_candidates_scanned": 2828,
  "nonzero_H_overlap_pairs": 208,
  "monomial_candidates": 136,
  "retained_atoms": 256,
  "method": "direct_H_pair_SDP_l1",
  "budget": 256,
  "pair_blocks": 64,
  "singleton_blocks": 128,
  "coefficient_rows": 489,
  "max_degree": 4,
  "gram_scalar_variables": 384,
  "build_seconds": 0.22448822800001267,
  "solve_seconds": 0.24126594599999862,
  "wall_seconds": 0.47691695700001446,
  "certificate_bytes": 19409,
  "source_factors_used": false,
  "source_upper_used": false,
  "sdp_status": "optimal"
}
