{
  "lower": "-988022397907/200000000000",
  "lower_float": -4.940111989535,
  "residual_l1": "257974307/200000000000",
  "residual_l1_float": 0.001289871535,
  "multiplier_terms": 9,
  "square_polynomial_terms": 97,
  "residual_terms": 97,
  "residual_max_degree": 4,
  "mode_count": 8,
  "particle_number": 4,
  "factor_rows": 341,
  "factor_nonzeros": 607,
  "word_pair_candidates_scanned": 2828,
  "nonzero_H_overlap_pairs": 208,
  "monomial_candidates": 136,
  "retained_atoms": 552,
  "method": "direct_H_pair_SDP_l1",
  "budget": 1024,
  "pair_blocks": 208,
  "singleton_blocks": 136,
  "coefficient_rows": 489,
  "max_degree": 4,
  "gram_scalar_variables": 968,
  "build_seconds": 0.31682640400001105,
  "solve_seconds": 0.6460532469999976,
  "wall_seconds": 0.980631829999993,
  "certificate_bytes": 28132,
  "source_factors_used": false,
  "source_upper_used": false,
  "sdp_status": "optimal"
}
