/home/ubuntu/spectra-venv/lib/python3.10/site-packages/cvxpy/problems/problem.py:164: UserWarning: Constraint #423 contains too many subexpressions. Consider vectorizing your CVXPY code to speed up compilation.
  warnings.warn(f"Constraint #{i} contains too many subexpressions. "
/home/ubuntu/spectra-venv/lib/python3.10/site-packages/cvxpy/problems/problem.py:1504: UserWarning: Solution may be inaccurate. Try another solver, adjusting the solver settings, or solve with verbose=True for more information.
  warnings.warn(
{
  "lower": "-5064276898889912727219172875058685409144849336258665103122258226352744649136177009040261556159336669738195097827872978722220005183899629931455012993007327365358148725901620068469942686478645088772733033139589989575414703066970245487652385979235529574710245673623645232690186920856334362418774265125350007347311151416144077600168220362237041277147444864686598200164543517510940063892226171979292550236437559337412932246715444579063/1135977349167015558292752207120027117355291021286281135536944195708498922164154948586419773959638232870963214972527986685751979869687984537965476861397369780935725978827157757592478396714249361600501994929529056669961022310644872252918379037892180650219993686852988871779711627230504779432287562865149830944743085911389646340972138696737266278637506287130830317791963254639069466902495004332380784313950423938778177351500000000000",
  "lower_float": -4.458079118041766,
  "residual_l1": "2559845485379400282666166354572080376552980895498817406932606092315791836822836316573039398827156524831215250216561348924349683685015882241629936823311519829808232514626420160900410814237987715615450437348669122994641896457707857620239694874825659123454952546269538236009575010370869017613285907900510654867600651783199656829357865016288405898278710227540653377910207538089164851623140383398961292749803592514990270081939247063/1135977349167015558292752207120027117355291021286281135536944195708498922164154948586419773959638232870963214972527986685751979869687984537965476861397369780935725978827157757592478396714249361600501994929529056669961022310644872252918379037892180650219993686852988871779711627230504779432287562865149830944743085911389646340972138696737266278637506287130830317791963254639069466902495004332380784313950423938778177351500000000000",
  "residual_l1_float": 0.0022534300417666538,
  "multiplier_terms": 9,
  "square_polynomial_terms": 153,
  "residual_terms": 169,
  "residual_max_degree": 4,
  "mode_count": 8,
  "particle_number": 4,
  "factor_rows": 550,
  "factor_nonzeros": 948,
  "word_pair_candidates_scanned": 2828,
  "nonzero_H_overlap_pairs": 420,
  "monomial_candidates": 136,
  "retained_atoms": 976,
  "method": "direct_H_pair_SDP_l1",
  "budget": 1024,
  "pair_blocks": 420,
  "singleton_blocks": 136,
  "coefficient_rows": 517,
  "max_degree": 4,
  "gram_scalar_variables": 1816,
  "build_seconds": 0.4572747290000052,
  "solve_seconds": 2.314756152000001,
  "wall_seconds": 2.802387680999999,
  "certificate_bytes": 48353,
  "source_factors_used": false,
  "source_upper_used": false,
  "sdp_status": "optimal_inaccurate"
}
