{
  "status": "fixture_and_hf_upper",
  "natoms": 6,
  "modes": 12,
  "particles": 6,
  "sector_dimension": 924,
  "hamiltonian_terms": 918,
  "hf_electronic_upper": "-1266032532361/250000000000",
  "hf_float_electronic": -5.064130129445812,
  "nuclear_repulsion": 2.5576898527800007,
  "raw_coefficient_l1_difference": "1181835971403394705444062690331/4951760157141521099596496896000000000000",
  "elapsed_seconds": 0.23238970799866365,
  "scope": "Finite-basis rational electronic Hamiltonian; HF is a variational upper witness only.",
  "fci_solve_seconds": 0.021345959001337178,
  "fci_determinant_dimension": 400,
  "fci_vector_amplitude_count": 200,
  "exact_FCI_trial_upper": "-544525922946759760381016612667013/100000000004607084597000000000000",
  "upper_replay": {
    "method": "bounded_streaming_integer_reference_upper_v1",
    "witness_states": 200,
    "hamiltonian_terms": 918,
    "word_state_checks": 183600,
    "contributing_word_state_pairs": 23424,
    "action_cache_states": 0,
    "replay_seconds": 0.03025720799632836,
    "upper": "-544525922946759760381016612667013/100000000004607084597000000000000",
    "scope": "validation upper witness only; exponentially growing FCI discovery cost is not removed"
  },
  "fixture_HF_integral_seconds": 0.16721166700153844,
  "fci_electronic": -5.445259229215784,
  "hf_fci_gap": 0.3811290997717842,
  "fci_scope": "validation only"
}
