0 3 xxz 0 1/5 certified
0 3 xxz 0 1/2 certified
0 3 xxz 1/5 1/5 certified
0 3 xxz 1/5 1/2 certified
0 3 xxz 2 1/5 certified
0 3 xxz 2 1/2 certified
0 3 mixed 0 1/5 certified
0 3 mixed 0 1/2 certified
0 3 mixed 1/5 1/5 certified
0 3 mixed 1/5 1/2 certified
0 3 mixed 2 1/5 certified
0 3 mixed 2 1/2 certified
0 4 xxz 0 1/5 certified
0 4 xxz 0 1/2 certified
0 4 xxz 1/5 1/5 certified
0 4 xxz 1/5 1/2 certified
0 4 xxz 2 1/5 certified
0 4 xxz 2 1/2 certified
0 4 mixed 0 1/5 certified
0 4 mixed 0 1/2 certified
0 4 mixed 1/5 1/5 certified
0 4 mixed 1/5 1/2 certified
0 4 mixed 2 1/5 certified
0 4 mixed 2 1/2 certified
0 6 xxz 0 1/5 certified
0 6 xxz 0 1/2 refused
0 6 xxz 1/5 1/5 certified
0 6 xxz 1/5 1/2 refused
0 6 xxz 2 1/5 refused
0 6 xxz 2 1/2 refused
0 6 mixed 0 1/5 refused
0 6 mixed 0 1/2 refused
0 6 mixed 1/5 1/5 refused
0 6 mixed 1/5 1/2 refused
0 6 mixed 2 1/5 refused
0 6 mixed 2 1/2 refused
1 3 xxz 0 1/5 certified
1 3 xxz 0 1/2 certified
1 3 xxz 1/5 1/5 certified
1 3 xxz 1/5 1/2 certified
1 3 xxz 2 1/5 certified
1 3 xxz 2 1/2 certified
1 3 mixed 0 1/5 certified
1 3 mixed 0 1/2 certified
1 3 mixed 1/5 1/5 certified
1 3 mixed 1/5 1/2 certified
1 3 mixed 2 1/5 certified
1 3 mixed 2 1/2 certified
1 4 xxz 0 1/5 certified
1 4 xxz 0 1/2 certified
1 4 xxz 1/5 1/5 certified
1 4 xxz 1/5 1/2 certified
1 4 xxz 2 1/5 certified
1 4 xxz 2 1/2 certified
1 4 mixed 0 1/5 certified
1 4 mixed 0 1/2 certified
1 4 mixed 1/5 1/5 certified
1 4 mixed 1/5 1/2 certified
1 4 mixed 2 1/5 certified
1 4 mixed 2 1/2 certified
1 6 xxz 0 1/5 certified
1 6 xxz 0 1/2 refused
1 6 xxz 1/5 1/5 certified
1 6 xxz 1/5 1/2 refused
1 6 xxz 2 1/5 refused
1 6 xxz 2 1/2 refused
1 6 mixed 0 1/5 refused
1 6 mixed 0 1/2 refused
1 6 mixed 1/5 1/5 refused
1 6 mixed 1/5 1/2 refused
1 6 mixed 2 1/5 refused
1 6 mixed 2 1/2 refused
2 3 xxz 0 1/5 certified
2 3 xxz 0 1/2 certified
2 3 xxz 1/5 1/5 certified
2 3 xxz 1/5 1/2 certified
2 3 xxz 2 1/5 certified
2 3 xxz 2 1/2 certified
2 3 mixed 0 1/5 certified
2 3 mixed 0 1/2 certified
2 3 mixed 1/5 1/5 certified
2 3 mixed 1/5 1/2 certified
2 3 mixed 2 1/5 certified
2 3 mixed 2 1/2 certified
2 4 xxz 0 1/5 certified
2 4 xxz 0 1/2 certified
2 4 xxz 1/5 1/5 certified
2 4 xxz 1/5 1/2 certified
2 4 xxz 2 1/5 certified
2 4 xxz 2 1/2 certified
2 4 mixed 0 1/5 certified
2 4 mixed 0 1/2 certified
2 4 mixed 1/5 1/5 certified
2 4 mixed 1/5 1/2 certified
2 4 mixed 2 1/5 certified
2 4 mixed 2 1/2 certified
2 6 xxz 0 1/5 certified
2 6 xxz 0 1/2 refused
2 6 xxz 1/5 1/5 certified
2 6 xxz 1/5 1/2 refused
2 6 xxz 2 1/5 refused
2 6 xxz 2 1/2 refused
2 6 mixed 0 1/5 refused
2 6 mixed 0 1/2 refused
2 6 mixed 1/5 1/5 refused
2 6 mixed 1/5 1/2 refused
2 6 mixed 2 1/5 refused
2 6 mixed 2 1/2 refused
3 3 xxz 0 1/5 certified
3 3 xxz 0 1/2 certified
3 3 xxz 1/5 1/5 certified
3 3 xxz 1/5 1/2 certified
3 3 xxz 2 1/5 certified
3 3 xxz 2 1/2 certified
3 3 mixed 0 1/5 certified
3 3 mixed 0 1/2 certified
3 3 mixed 1/5 1/5 certified
3 3 mixed 1/5 1/2 certified
3 3 mixed 2 1/5 certified
3 3 mixed 2 1/2 certified
3 4 xxz 0 1/5 certified
3 4 xxz 0 1/2 certified
3 4 xxz 1/5 1/5 certified
3 4 xxz 1/5 1/2 certified
3 4 xxz 2 1/5 certified
3 4 xxz 2 1/2 certified
3 4 mixed 0 1/5 certified
3 4 mixed 0 1/2 certified
3 4 mixed 1/5 1/5 certified
3 4 mixed 1/5 1/2 certified
3 4 mixed 2 1/5 certified
3 4 mixed 2 1/2 certified
3 6 xxz 0 1/5 certified
3 6 xxz 0 1/2 refused
3 6 xxz 1/5 1/5 certified
3 6 xxz 1/5 1/2 refused
3 6 xxz 2 1/5 refused
3 6 xxz 2 1/2 refused
3 6 mixed 0 1/5 refused
3 6 mixed 0 1/2 refused
3 6 mixed 1/5 1/5 refused
3 6 mixed 1/5 1/2 refused
3 6 mixed 2 1/5 refused
3 6 mixed 2 1/2 refused
4 3 xxz 0 1/5 certified
4 3 xxz 0 1/2 certified
4 3 xxz 1/5 1/5 certified
4 3 xxz 1/5 1/2 certified
4 3 xxz 2 1/5 certified
4 3 xxz 2 1/2 certified
4 3 mixed 0 1/5 certified
4 3 mixed 0 1/2 certified
4 3 mixed 1/5 1/5 certified
4 3 mixed 1/5 1/2 certified
4 3 mixed 2 1/5 certified
4 3 mixed 2 1/2 certified
4 4 xxz 0 1/5 certified
4 4 xxz 0 1/2 certified
4 4 xxz 1/5 1/5 certified
4 4 xxz 1/5 1/2 certified
4 4 xxz 2 1/5 certified
4 4 xxz 2 1/2 certified
4 4 mixed 0 1/5 certified
4 4 mixed 0 1/2 certified
4 4 mixed 1/5 1/5 certified
4 4 mixed 1/5 1/2 certified
4 4 mixed 2 1/5 certified
4 4 mixed 2 1/2 certified
4 6 xxz 0 1/5 certified
4 6 xxz 0 1/2 refused
4 6 xxz 1/5 1/5 certified
4 6 xxz 1/5 1/2 refused
4 6 xxz 2 1/5 refused
4 6 xxz 2 1/2 refused
4 6 mixed 0 1/5 refused
4 6 mixed 0 1/2 refused
4 6 mixed 1/5 1/5 refused
4 6 mixed 1/5 1/2 refused
4 6 mixed 2 1/5 refused
4 6 mixed 2 1/2 refused
complete 720 archived 104
