/home/ubuntu/spectra-venv/lib/python3.10/site-packages/cvxpy/problems/problem.py:1504: UserWarning: Solution may be inaccurate. Try another solver, adjusting the solver settings, or solve with verbose=True for more information.
  warnings.warn(
{"lower": "-2746310014689947873/200000000000000000", "lower_float": -13.731550073449739, "residual_l1": "280452386742347873/200000000000000000", "residual_l1_float": 1.4022619337117395, "multiplier_terms": 7151, "square_polynomial_terms": 224051, "residual_terms": 224051, "residual_max_degree": 6, "mode_count": 20, "particle_number": 10, "factor_rows": 5337, "factor_nonzeros": 2886759, "original_dimensions": [20, 20, 190, 190, 400, 240, 240, 3820, 3820], "symmetry_dimensions": [20, 25, 50, 50, 20, 25, 20, 25, 50, 50, 20, 25, 50, 50, 100, 100, 50, 50, 10, 10, 50, 50, 50, 50, 10, 10, 10, 10, 50, 50, 50, 50, 10, 10, 225, 225, 725, 725, 725, 725, 225, 225, 225, 225, 725, 725, 725, 725, 225, 225], "parity_masks": [209715, 349525, 629145], "alpha_charge_quotient": true, "prequotient_symmetry_dimensions": [5, 5, 5, 5, 5, 5, 5, 5, 20, 25, 50, 50, 20, 25, 20, 25, 50, 50, 20, 25, 50, 50, 100, 100, 50, 50, 10, 10, 50, 50, 50, 50, 10, 10, 10, 10, 50, 50, 50, 50, 10, 10, 225, 225, 730, 730, 730, 730, 225, 225, 225, 225, 730, 730, 730, 730, 225, 225], "method": "joint_PSD_blocks", "full_blocks": true, "symmetry": true, "family": "mixed", "width": 4, "rounds_solved": 1, "retained_supports": 50, "stop": "round_budget", "coefficient_rows": 112701, "ideal_body": 2, "complete_pricing_matrix_entries": 4674900, "complete_pricing_map_nonzeros": 2347238, "map_build_seconds": 155.59872376800195, "total_solve_wall_seconds": 1300.9407846909999, "total_pricing_seconds": 0.0, "total_exact_export_seconds": 277.8983436439994, "wall_seconds": 1734.7230823880018, "source_factors_used": false, "source_upper_used": false, "many_body_space_enumerated": false, "omitted_family_optimality_proved": false, "solver": "SCS", "solver_eps": 1e-08, "solver_seconds": 600.0, "solver_max_iters": 150000, "condition": "row-column", "raw_saved": true, "factor_denominator": 1000000000, "free_denominator": 1000000000000, "quotient_linear": true, "anchor_identity": true, "formulation": "primal", "scs_checkpointing": true, "scs_stages_requested": 2}
	Command being timed: "timeout 2100 /home/ubuntu/spectra-venv/bin/python /home/ubuntu/spectra-scs-refinement/research/certificate_scaling/adaptive_block_discovery.py --fixture /home/ubuntu/spectra-scs-refinement/results/certificate_scaling/active_space_ladder/h10/fixture.json --outputdir /home/ubuntu/spectra-scs-refinement/results/h10_two_600 --family mixed --ideal-body 2 --symmetry --full --solver SCS --solver-eps 1e-8 --solver-seconds 600 --seconds 1600 --solver-max-iters 150000 --denominator 1000000000 --free-denominator 1000000000000 --save-raw --quotient-linear --anchor-identity --condition row-column --save-scs-state --scs-stages 2"
	User time (seconds): 1730.47
	System time (seconds): 5.25
	Percent of CPU this job got: 99%
	Elapsed (wall clock) time (h:mm:ss or m:ss): 28:55.80
	Average shared text size (kbytes): 0
	Average unshared data size (kbytes): 0
	Average stack size (kbytes): 0
	Average total size (kbytes): 0
	Maximum resident set size (kbytes): 4495848
	Average resident set size (kbytes): 0
	Major (requiring I/O) page faults: 0
	Minor (reclaiming a frame) page faults: 3217144
	Voluntary context switches: 5
	Involuntary context switches: 5360
	Swaps: 0
	File system inputs: 0
	File system outputs: 377952
	Socket messages sent: 0
	Socket messages received: 0
	Signals delivered: 0
	Page size (bytes): 4096
	Exit status: 0
