{"phase": "feature_basis", "generated_orbits": 25, "independent_features": 20}
{"phase": "feature_compilation", "completed": 8, "total": 20}
{"phase": "feature_compilation", "completed": 16, "total": 20}
{"round": 0, "active_atoms": 308, "search_seconds": 4.578459250042215, "status": "Optimal", "phase_one_l1": 44.84995807746723, "maximum_dual_violation": 4.117153888650964, "candidates_priced": 715568, "added_atoms": 256}
{"round": 1, "active_atoms": 564, "search_seconds": 11.512600040994585, "status": "Optimal", "phase_one_l1": 8.22155681321594, "maximum_dual_violation": 1.04027388102819, "candidates_priced": 714601, "added_atoms": 256}
{"round": 2, "active_atoms": 820, "search_seconds": 20.33997866604477, "status": "Optimal", "phase_one_l1": 5.90673757955903, "maximum_dual_violation": 0.7045480128020247, "candidates_priced": 713587, "added_atoms": 256}
{"round": 3, "active_atoms": 1076, "search_seconds": 34.219918332993984, "status": "Optimal", "phase_one_l1": 3.995464471684669, "maximum_dual_violation": 0.5344817878909066, "candidates_priced": 712601, "added_atoms": 256}
{"round": 4, "active_atoms": 1332, "search_seconds": 52.09185041603632, "status": "Optimal", "phase_one_l1": 2.9504738052198256, "maximum_dual_violation": 0.4918445782843556, "candidates_priced": 711613, "added_atoms": 256}
{"round": 5, "active_atoms": 1588, "search_seconds": 73.51974762498867, "status": "Optimal", "phase_one_l1": 2.065178643364069, "maximum_dual_violation": 0.38251569955445325, "candidates_priced": 710619, "added_atoms": 256}
{"round": 6, "active_atoms": 1844, "search_seconds": 97.51379820797592, "status": "Optimal", "phase_one_l1": 1.3521933166599722, "maximum_dual_violation": 0.18428186584263917, "candidates_priced": 709622, "added_atoms": 256}
{"round": 7, "active_atoms": 2100, "search_seconds": 127.30675833299756, "status": "Optimal", "phase_one_l1": 0.6307014248782711, "maximum_dual_violation": 0.15229819225265312, "candidates_priced": 708638, "added_atoms": 256}
{"round": 8, "active_atoms": 2356, "search_seconds": 161.05289691593498, "status": "Optimal", "phase_one_l1": 0.19989228710844748, "maximum_dual_violation": 0.054421288064877296, "candidates_priced": 707652, "added_atoms": 256}
{"round": 9, "active_atoms": 2612, "search_seconds": 200.38924299995415, "status": "Optimal", "phase_one_l1": 0.0954291466434072, "maximum_dual_violation": 0.07394928737931611, "candidates_priced": 706662, "added_atoms": 256}
{"round": 10, "active_atoms": 2868, "search_seconds": 245.67120162502397, "status": "Optimal", "phase_one_l1": 0.04007204495658282, "maximum_dual_violation": 0.02872797190823509, "candidates_priced": 705680, "added_atoms": 256}
{"round": 11, "active_atoms": 3124, "search_seconds": 298.2256205410231, "status": "Optimal", "phase_one_l1": 0.019781191259901253, "maximum_dual_violation": 0.01751884782069953, "candidates_priced": 704686, "added_atoms": 256}
{"round": 12, "active_atoms": 3380, "search_seconds": 345.45190266601276, "status": "Optimal", "phase_one_l1": 0.010563022292657345, "maximum_dual_violation": 0.007978787127541676, "candidates_priced": 703680, "added_atoms": 256}
{"round": 13, "active_atoms": 3636, "search_seconds": 399.092024790938, "status": "Optimal", "phase_one_l1": 0.0036657712840036426, "maximum_dual_violation": 0.005624031253235075, "candidates_priced": 702668, "added_atoms": 256}
{"round": 14, "active_atoms": 3892, "search_seconds": 458.3217782910215, "status": "Optimal", "phase_one_l1": 0.0007941467539872928, "maximum_dual_violation": 0.0034728857801361885, "candidates_priced": 701660, "added_atoms": 256}
{"round": 15, "active_atoms": 4148, "search_seconds": 524.1187921250239, "status": "Optimal", "phase_one_l1": 3.976650715269584e-09, "export_rejection": "Strict metric positivity and nonnegative joint numerator required"}
{"coefficient_rows": 1988, "joint_quotient_dimension": 3920, "total_degree": 6, "charge_feature_degree": 2, "moment_monomials": 13829, "moment_map_nonzeros": 876325, "candidate_labels": 358314, "materialized_all_atom_matrix": false, "conditional_rows": 1988, "conditional_transform_entries": 3952144, "conditional_construction_seconds": 1.4628417500061914, "checked_columns": 41, "maximum_direct_count_error": 7.815970093361102e-14, "conditional_scope": "Binomial physical-Q test moments; no state enumeration. Numerical coordinates only. Full rank in the chosen invariant space and exact original export are required.", "reynolds_rows": 619, "reynolds_coordinates": "conditional", "reynolds_original_rows": 1988, "reynolds_metric_features": 17, "reynolds_seconds": 53.98219524999149, "reynolds_actions": ["reflection", "particle-hole"], "reynolds_scope": "Exact quotient invariance of retained compiled metric and numerator columns; numerical independent-row proposals; group expansion and full original exact replay required.", "source_sha256": "78365286838362d1b591e7afcef0f1e2a085fafc445e961f3b7e19603dbf1c6c", "gamma": "-14", "exact_accepted": false, "reason": "Exact export rejected", "hard_normalization": true, "method": "ipm", "audit": false, "weight_degree": 6, "resume_source": null, "metric_features": 17, "rounds": 16, "active_atoms": 4148, "preparation_seconds": 86.31021195906214, "total_seconds": 1054.9030191249913, "scope": "Fresh bare-H invariant metric and atom discovery. Geometry-only low-degree seeds, direct moment pricing, no imported candidate or atom directions. Exact full original export required; numerical symmetry rank never establishes acceptance."}
