[
  {
    "lower": "-7839619719114287159277890690610490554458720963857488289521031402427684465561150566599504934878155047794412441873876455365529618619743814124016037621609165364484983753877564513226763517245755271219885553482397280048001304704689464640941854779212481787389870967131854238071224746158097066843999613920675757929787576865929842806948496935714783902488965974380885847006701717664942369313205013066839737276484527827692148061770930094285341119118173908258217085194978057/221247936936012353060178655457352317268743581589392679826669919549857056579118225670829725000293987654027035614284378369763760795256438558227714555809878515436269021554141164816769830400406444847347126802985830948172619341634556209717545912346876590357018202002454759130269165330301160644004798606254633035721526623850692012151344544396210890888903956649771965844702451210319003896110606788067589237766877876073219835397928305402995656536162905400000000000000000",
    "lower_float": -35.4336398688391,
    "residual_l1": "7157009899899339149105963884422051489143789488440205118492579599134269853860958375134699370199666358993538092805202138489122738825423740865392510949048475483138899912487935136873006429959684456620133482922471710194307697624680724892269052175400014766554189871532777959965600928560726635454655408411647638153482927510934718418804197223267866186842986620370195018741378050913533834950762785242861541496071450713187497766715666063123640940317880569978876812300978057/221247936936012353060178655457352317268743581589392679826669919549857056579118225670829725000293987654027035614284378369763760795256438558227714555809878515436269021554141164816769830400406444847347126802985830948172619341634556209717545912346876590357018202002454759130269165330301160644004798606254633035721526623850692012151344544396210890888903956649771965844702451210319003896110606788067589237766877876073219835397928305402995656536162905400000000000000000",
    "residual_l1_float": 32.34836897922911,
    "multiplier_terms": 105,
    "square_polynomial_terms": 775,
    "residual_terms": 775,
    "residual_max_degree": 6,
    "mode_count": 8,
    "particle_number": 4,
    "factor_rows": 25,
    "factor_nonzeros": 246,
    "rank_cap": 1,
    "status": "accepted",
    "certificate": "rank_1.json",
    "bytes": 37295,
    "elapsed_seconds": 0.5275591999999847,
    "eigendecomposition_seconds": 0.0036925190000260955,
    "backend": "numpy"
  },
  {
    "lower": "-3619720443126313918070886073366891465588735273352625773600239620070385737340195311406166203574394304112230936166233453196649650302570399545253061759431224874263116318763173314000332021317584497588631547958319189482374536937430683709585035218629100820065264836731280118616567478669636069882477524112089491/115254212086371875348892221973481476281855426651856048270886175899829768673195382307395028818593698932953868245831563641327751075643397036028987149458345821366544298264797547715902238885332271780790677859609108723205791820624878602758612254424704165695074726178829149067173481779584899720000000000000000",
    "lower_float": -31.40640482981814,
    "residual_l1": "3264129977671293748055925338550758681431759066065047759793863525888867004698285284873285488529560135296215847338325974666753048779839461568781471355074616232336532045764268204612343897208044664651069194369208063925070192355906902956753717788331146140010148792298096753925889848891335040386830484202889491/115254212086371875348892221973481476281855426651856048270886175899829768673195382307395028818593698932953868245831563641327751075643397036028987149458345821366544298264797547715902238885332271780790677859609108723205791820624878602758612254424704165695074726178829149067173481779584899720000000000000000",
    "residual_l1_float": 28.32113394020814,
    "multiplier_terms": 105,
    "square_polynomial_terms": 777,
    "residual_terms": 777,
    "residual_max_degree": 6,
    "mode_count": 8,
    "particle_number": 4,
    "factor_rows": 50,
    "factor_nonzeros": 551,
    "rank_cap": 2,
    "status": "accepted",
    "certificate": "rank_2.json",
    "bytes": 40272,
    "elapsed_seconds": 0.6985392889999957,
    "eigendecomposition_seconds": 0.0036925190000260955,
    "backend": "numpy"
  },
  {
    "lower": "-2106844134855976346090506207521368860319642993056259782323544526419579758883138549874999636151591720788755229175516359131744999247290828394618222034465565307170595398962134363455674830426891236636145716711259609027721095491813388379394911957759108213958794104154860929927388604174098057037690478424817615418750920646485174149632721283200060613162939493746312062139916187905652759497093615535715059111160633751435608953979276321847543710836690450611/158533031142392238909165236884000757284807354968581089939320624753178164901378565461623331063156921522132354317342975991500172911434176882839980040908519753334477893103906933699982496956110841986782992618393187014339496636273573319636747770140818472819418700927714850819505376725499100692627349475387570487609413880658399345210578321961028502406759852417241342170054457806423008397174319161467858918816850715766919465146680776317000000000000000000",
    "lower_float": -13.2896224822929,
    "residual_l1": "1617726788830718008567666321137781459515631716854874549367033361568320775383035025297831401207634018429136985066683871342964388970361481742340420070377092375172073025820564933952482543201682022053817613213491597679226776878258018228185682282929561409349704563860539599835084812984039257872493128740672239020907642800695552029316238811020777205791869497801337557480841862967083835207571103646167048791280595974942840082336951133961307701470320450611/158533031142392238909165236884000757284807354968581089939320624753178164901378565461623331063156921522132354317342975991500172911434176882839980040908519753334477893103906933699982496956110841986782992618393187014339496636273573319636747770140818472819418700927714850819505376725499100692627349475387570487609413880658399345210578321961028502406759852417241342170054457806423008397174319161467858918816850715766919465146680776317000000000000000000",
    "residual_l1_float": 10.2043515926829,
    "multiplier_terms": 105,
    "square_polynomial_terms": 777,
    "residual_terms": 777,
    "residual_max_degree": 6,
    "mode_count": 8,
    "particle_number": 4,
    "factor_rows": 100,
    "factor_nonzeros": 1059,
    "rank_cap": 4,
    "status": "accepted",
    "certificate": "rank_4.json",
    "bytes": 45558,
    "elapsed_seconds": 0.45329323800001475,
    "eigendecomposition_seconds": 0.0036925190000260955,
    "backend": "numpy"
  },
  {
    "lower": "-3872226555728009947957063596841041408321705198607090359562698989702186418851100556462729661749350014767846586248397023858929719037339069703379107514492260577460873006320542765035901939263195261483325555760171694241091793918082730127941775705576286421754896430961451834547709837916773128576518873800594196234521044677562222701639095806169668297224856244078822644219599655156194681087145107505967945945583168935828033719447014832585650910314201/381445067868539683219683826549763133210907881628668799246917586164784281858327518573276438484572335786867725452877755865444577219276731986578274098020027193257145587400498386169615681826037512880948280836112401267780951105212904507301107093271987124955134181032398228554318884740630286651405838951807437556072931525467727443684291983387577174584844174995384306771865554649423917265707908404247991807546557675176468616623757875000000000000000",
    "lower_float": -10.151465786057889,
    "residual_l1": "2695365191847893692978282088238924769385306502898846797630111070585208589508313429247413266413601084074301559584999629885369132821870806766375213208195590939324008046392121101781002444243969794855890419324539071367691967071090599530248910283779141459052103364910705763704138308185425669967426673100602873448481386971941792880118249102600486726370943773867586786421732868043650480190763430197181348758458009025843156976897987338923157731564201/381445067868539683219683826549763133210907881628668799246917586164784281858327518573276438484572335786867725452877755865444577219276731986578274098020027193257145587400498386169615681826037512880948280836112401267780951105212904507301107093271987124955134181032398228554318884740630286651405838951807437556072931525467727443684291983387577174584844174995384306771865554649423917265707908404247991807546557675176468616623757875000000000000000",
    "residual_l1_float": 7.066194896447889,
    "multiplier_terms": 105,
    "square_polynomial_terms": 777,
    "residual_terms": 777,
    "residual_max_degree": 6,
    "mode_count": 8,
    "particle_number": 4,
    "factor_rows": 176,
    "factor_nonzeros": 2176,
    "rank_cap": 8,
    "status": "accepted",
    "certificate": "rank_8.json",
    "bytes": 57448,
    "elapsed_seconds": 0.3631848929999819,
    "eigendecomposition_seconds": 0.0036925190000260955,
    "backend": "numpy"
  },
  {
    "lower": "-206443589563398246563935563406649466163272011085696455595502118939509173450207877834837156914889102017368404178551538284557418861491245582044153529152763843798858139397104543839700233760657069487676881990173811418256760199357385829555794495724840205149049581370358482537753855450590122046081349889924399973199378805934259290560961456110578906017077249575600443382922707/28363563406963445260270605672236051977114066215030507712731475256984145550763614692599001193236078029695919511532119600320754318716007565114482924049063167090910336494971793762730824694256655871657035421350659831989270700651556314383832290689575570751253305757088324391827083609006572260504907470172057879155610362189742421919976706666640554554972309000000000000000000",
    "lower_float": -7.278478610085888,
    "residual_l1": "118934313058286495337029933854936230001927096654004835511353113950345995341137696917382969820436176039941098589419878991186887543240059448675902796576756662981201129774518468405502252993238880568865950330927979970654729848783050672845775405227969263624006798694733253378037246990938565439576625351655920420612538948158578380867158958102714784555154096138254633892922707/28363563406963445260270605672236051977114066215030507712731475256984145550763614692599001193236078029695919511532119600320754318716007565114482924049063167090910336494971793762730824694256655871657035421350659831989270700651556314383832290689575570751253305757088324391827083609006572260504907470172057879155610362189742421919976706666640554554972309000000000000000000",
    "residual_l1_float": 4.193207720475888,
    "multiplier_terms": 105,
    "square_polynomial_terms": 777,
    "residual_terms": 777,
    "residual_max_degree": 6,
    "mode_count": 8,
    "particle_number": 4,
    "factor_rows": 304,
    "factor_nonzeros": 4251,
    "rank_cap": 16,
    "status": "accepted",
    "certificate": "rank_16.json",
    "bytes": 79527,
    "elapsed_seconds": 0.39162959300000466,
    "eigendecomposition_seconds": 0.0036925190000260955,
    "backend": "numpy"
  },
  {
    "lower": "-12158009983165808996593454125725635811712533808654583495541755482386650077696834141389610810840052739319919176296071321746786323090830794129759348166462309431755695362406113221672202524793369591819708175920270432702040798234068480926898059109702005911459354224680521588053472147324944993842965652139510194961798376829486377306671357730385982702584874918451399875943511982594686317042909776960853/3360698719210834996683718276336499444299159719886152571740537639717871604650827262880151424456952237972977835510726429163173825527500849351464553848352571671248042798703191973866490903225417066976274047410807898880536454461980769006387821284436017059355995338015174060535881684830687723397131041709186493629534270592390457826609710631155816306872899711031174634786564089410076300000000000000000",
    "lower_float": -3.6177030430209984,
    "residual_l1": "1789344056035008509224157239490308359486394656705955142607637572594602682600018098620924694694242996919749426589080142945182366554531321131135712558373821598672961897879761966114522264430114659226542192901971829394073168262117819811847989962800402711614946314475432862624936468241663439249393551763662366852008580028919407791492028681135202742953378869797935780032302541985180630843932533960853/3360698719210834996683718276336499444299159719886152571740537639717871604650827262880151424456952237972977835510726429163173825527500849351464553848352571671248042798703191973866490903225417066976274047410807898880536454461980769006387821284436017059355995338015174060535881684830687723397131041709186493629534270592390457826609710631155816306872899711031174634786564089410076300000000000000000",
    "residual_l1_float": 0.5324321534109983,
    "multiplier_terms": 105,
    "square_polynomial_terms": 833,
    "residual_terms": 833,
    "residual_max_degree": 6,
    "mode_count": 8,
    "particle_number": 4,
    "factor_rows": 437,
    "factor_nonzeros": 7151,
    "rank_cap": 32,
    "status": "accepted",
    "certificate": "rank_32.json",
    "bytes": 111057,
    "elapsed_seconds": 0.413243432999991,
    "eigendecomposition_seconds": 0.0036925190000260955,
    "backend": "numpy"
  },
  {
    "lower": "-5468406306541259698105238269982585356219631062655803601036119088863179363443948340732664361509966924265212933926468432202105218238986912352071238118120490560789778090824382238216278387739089976140792483009877883363620378564490379678705097805266848083549359881211998574799460525026889507889755281273450417294351325791835636440983886155557289722673366534832638298202262941578712579038301669984177421348807499081/1629415755201487312463910410379318621489319008812530216433990509005889298086759546592483857786509147188975247519870171624414076386512739466849130646526121883947179919258110287094936630507269072749211150571174474197853264539637820284341353412940699841762202331012624369752814966483068170463172289466988485002413821939067632662880337157091867457620355585692017397682226843701502743956689713750500000000000000000",
    "lower_float": -3.3560534130621913,
    "residual_l1": "441217309946216952784581357132244815351640941223685070463815349300282572006633243455111445457419122261080841226568641642745821990964258451587463704657728039800773123084184341543390747207352058488193988061418753732685645926039334782833947208011885396579703665335863293391427517583951440602568586006934421443327890380528306201222375109919725491204803083320095194179621775425954782897189545530436036766502499081/1629415755201487312463910410379318621489319008812530216433990509005889298086759546592483857786509147188975247519870171624414076386512739466849130646526121883947179919258110287094936630507269072749211150571174474197853264539637820284341353412940699841762202331012624369752814966483068170463172289466988485002413821939067632662880337157091867457620355585692017397682226843701502743956689713750500000000000000000",
    "residual_l1_float": 0.27078252345219145,
    "multiplier_terms": 105,
    "square_polynomial_terms": 833,
    "residual_terms": 833,
    "residual_max_degree": 6,
    "mode_count": 8,
    "particle_number": 4,
    "factor_rows": 565,
    "factor_nonzeros": 11490,
    "rank_cap": 64,
    "status": "accepted",
    "certificate": "rank_64.json",
    "bytes": 159953,
    "elapsed_seconds": 0.5358131539999818,
    "eigendecomposition_seconds": 0.0036925190000260955,
    "backend": "numpy"
  },
  {
    "lower": "-33584111195594633116987721992721987674978470016646135659792719789891027740025384169885641151176134454333967104627011348158456797914855098906750429920876969859448922278549285050655937450646309565826505526160107533775223691243957024661810249817034247440748061769058889452891157243432158860913977009772499098352330256387/10084141402747531664551729358577066679028598372386872760955185330773965378328548961820331108773450530397814585082316467797531014623046733063965180771426276172005814911910934292986696013143752901470350908242229381453977791535357887509300940609296441481617602676964235710311808717626703411272294414827000000000000000000",
    "lower_float": -3.3303887613519865,
    "residual_l1": "2471803278986722800064563852720966478427617985640690677514638271071613467402321699589786266225913060464175352510259784477215367067241785977886375608154156705714996327184833019446617458279642798693057302448733008687029595080480267296259029634180439994550414296065924488783712910711866339326283518593366434104860256387/10084141402747531664551729358577066679028598372386872760955185330773965378328548961820331108773450530397814585082316467797531014623046733063965180771426276172005814911910934292986696013143752901470350908242229381453977791535357887509300940609296441481617602676964235710311808717626703411272294414827000000000000000000",
    "residual_l1_float": 0.24511787174198627,
    "multiplier_terms": 105,
    "square_polynomial_terms": 777,
    "residual_terms": 777,
    "residual_max_degree": 6,
    "mode_count": 8,
    "particle_number": 4,
    "factor_rows": 614,
    "factor_nonzeros": 12598,
    "rank_cap": "full",
    "status": "accepted",
    "certificate": "rank_full.json",
    "bytes": 175555,
    "elapsed_seconds": 0.5905420900000422,
    "eigendecomposition_seconds": 0.0036925190000260955,
    "backend": "numpy"
  }
]
