[
  {
    "lower": "-39190446651682729464633273467185883769613200866568531860397635971260133374590006959180251588234641061304291579410893318291086573911618161622874734449658274073082509118784785039508840318045682751948796317153964714117032444164565576473802871904808957031307301304078222227011797627833290972552278963770216666709114762755859091503302614865989383026274537283910872046568014619337169218550242063996875947951442682446371360448733626739511808820805365156495518321719727253/1106239684680061765300893277286761586343717907946963399133349597749285282895591128354148625001469938270135178071421891848818803976282192791138572779049392577181345107770705824083849152002032224236735634014929154740863096708172781048587729561734382951785091010012273795651345826651505803220023993031273165178607633119253460060756722721981054454444519783248859829223512256051595019480553033940337946188834389380366099176989641527014978282680814527000000000000000000",
    "lower_float": -35.426722792915434,
    "residual_l1": "35777397555607989413773639436243688443038543489482116005255376954793060316089046001856223764842197617299919834067521733909052174940017795329757101086854824666352089911836638157740054881615328678950035964354336864848564408764521877730438858885746621927128895826082840836483678539846438815605557936225076067827591515980883469562581116303754794448044640513857417905241396285580126546738030924876984969049377296873848108973457306583703307926803898465098816957249727253/1106239684680061765300893277286761586343717907946963399133349597749285282895591128354148625001469938270135178071421891848818803976282192791138572779049392577181345107770705824083849152002032224236735634014929154740863096708172781048587729561734382951785091010012273795651345826651505803220023993031273165178607633119253460060756722721981054454444519783248859829223512256051595019480553033940337946188834389380366099176989641527014978282680814527000000000000000000",
    "residual_l1_float": 32.34145190330543,
    "multiplier_terms": 105,
    "square_polynomial_terms": 775,
    "residual_terms": 775,
    "residual_max_degree": 6,
    "mode_count": 8,
    "particle_number": 4,
    "factor_rows": 25,
    "factor_nonzeros": 243,
    "rank_cap": 1,
    "status": "accepted",
    "certificate": "rank_1.json",
    "bytes": 37243,
    "elapsed_seconds": 0.5228180510000016,
    "eigendecomposition_seconds": 0.17090099799997915,
    "backend": "cupy"
  },
  {
    "lower": "-18098602085927031422708724611857157611571059450210857537364152752923105456435666387724897370098422543827196108468150966162827863917358132053967132665891738843489152689850470171485481711889757770231640600050104255464364302949001302586998030454211667887428271383406747784366445009589140550585305446961662317/576271060431859376744461109867407381409277133259280241354430879499148843365976911536975144092968494664769341229157818206638755378216985180144935747291729106832721491323987738579511194426661358903953389298045543616028959103124393013793061272123520828475373630894145745335867408897924498600000000000000000",
    "lower_float": -31.40640460474257,
    "residual_l1": "16320649758651930572633920937776493690786178413772967468332272282015511793226116255060493794874251699747120664328613573513344856303703442171609180644108695633856231324855944624545541091342058605543828832104548627677842580041382398822841443302721894487152691161240830960913056860697635403107070247415662317/576271060431859376744461109867407381409277133259280241354430879499148843365976911536975144092968494664769341229157818206638755378216985180144935747291729106832721491323987738579511194426661358903953389298045543616028959103124393013793061272123520828475373630894145745335867408897924498600000000000000000",
    "residual_l1_float": 28.321133715132568,
    "multiplier_terms": 105,
    "square_polynomial_terms": 777,
    "residual_terms": 777,
    "residual_max_degree": 6,
    "mode_count": 8,
    "particle_number": 4,
    "factor_rows": 50,
    "factor_nonzeros": 542,
    "rank_cap": 2,
    "status": "accepted",
    "certificate": "rank_2.json",
    "bytes": 40175,
    "elapsed_seconds": 0.6867251990000227,
    "eigendecomposition_seconds": 0.17090099799997915,
    "backend": "cupy"
  },
  {
    "lower": "-3851971537580180458200431144534679372922706243334978094115920205765166507538471056242778906574681137088436504317758781155033227489852391762966754649614177675757332512797455122806038419831053549386917172511959964780941784463726307195974380040837399852039339309097851162286860329857067262803986193403638466001999026225424525135172667478232540256137485689521714152940583951954532596402630746597422679821321075334003663167056938374260557/289848078372118403816632259440915636133991946558394989024178931644987745894063750298228038618273809311464187762920848897999829526723730950239340799895839140934619004994448300765639615368485193606455026109767087618794339251102083205679283334342362961554163730704499698919353530067542237966899006969481504864863867082197141113087743216551557739138595523662869789218673992567650620818529274689629075400076596592885549000000000000000000",
    "lower_float": -13.28962247814135,
    "residual_l1": "2957711698969285709836836914135181266994625849216183208515525487529015784066344364542111983060234066231491888166795897903484905296309121105423533017499573054068522368411820580791680639602469008150616589867823084853405356846846441771064016943543690613335610347467582904171969308499487338885601376437880673367138940201189356579797740350515272833874070763144408072632292456080766637402178144903922725720804987501730570406913692484260557/289848078372118403816632259440915636133991946558394989024178931644987745894063750298228038618273809311464187762920848897999829526723730950239340799895839140934619004994448300765639615368485193606455026109767087618794339251102083205679283334342362961554163730704499698919353530067542237966899006969481504864863867082197141113087743216551557739138595523662869789218673992567650620818529274689629075400076596592885549000000000000000000",
    "residual_l1_float": 10.20435158853135,
    "multiplier_terms": 105,
    "square_polynomial_terms": 777,
    "residual_terms": 777,
    "residual_max_degree": 6,
    "mode_count": 8,
    "particle_number": 4,
    "factor_rows": 100,
    "factor_nonzeros": 1050,
    "rank_cap": 4,
    "status": "accepted",
    "certificate": "rank_4.json",
    "bytes": 45477,
    "elapsed_seconds": 0.44917400200000657,
    "eigendecomposition_seconds": 0.17090099799997915,
    "backend": "cupy"
  },
  {
    "lower": "-303512278597283366198635520066044719302576917724029545969913361306893864245364092121092460324957385950694343035622776531188993141751425562621830476185483520954314028561080922143662537352426083925138355506709893815870608377805539161327090041252520653167519361121157539096500305185123589630454484308360589649036081901123321587851089151745272900097470717478818379433361929925424936740278771069298508948777449308033264118997999584679019389008397391628220833379200883/29898369856217885548672791278020583414695078593161172949549989128359061699880841306868881756796484818111761569497888968886994702061680886246988453487821421004901219128937995245509436540595465519911773892295382560563867478599264352664533231398226566264461919189520913395982319639229886573514161973818193653475881976196039461101533046540028498768770804952671887276311142055448514040014946863252376924022551064334218896675395716946350764396778771000000000000000000",
    "lower_float": -10.151465784150862,
    "residual_l1": "211267708433101202661888654364904305070829421046018306641744198699675673475067850031253870503539995572197809377693814791134009385762226473618651196109714618069708104048968844258019687719173271141388075701314546538344445258885439195290224824521106190892427321175336420433578167671965423226489051131464897787373291447745602075939697298711905641226392426396292591829939812796856215880489280822814968978451357806073176241287828769657168013494844237806688364069200883/29898369856217885548672791278020583414695078593161172949549989128359061699880841306868881756796484818111761569497888968886994702061680886246988453487821421004901219128937995245509436540595465519911773892295382560563867478599264352664533231398226566264461919189520913395982319639229886573514161973818193653475881976196039461101533046540028498768770804952671887276311142055448514040014946863252376924022551064334218896675395716946350764396778771000000000000000000",
    "residual_l1_float": 7.066194894540861,
    "multiplier_terms": 105,
    "square_polynomial_terms": 777,
    "residual_terms": 777,
    "residual_max_degree": 6,
    "mode_count": 8,
    "particle_number": 4,
    "factor_rows": 176,
    "factor_nonzeros": 2163,
    "rank_cap": 8,
    "status": "accepted",
    "certificate": "rank_8.json",
    "bytes": 57275,
    "elapsed_seconds": 0.3819471520000093,
    "eigendecomposition_seconds": 0.17090099799997915,
    "backend": "cupy"
  },
  {
    "lower": "-135431140324614072602811609384188299507008192885474498142999754591021150581425630877352310270029916013655932410910984133483826311288799289821991005013038772195329726354710300360902913941624968030922408724671624569342048158086601523920056991298938273521263956150170814765912361825722299427828722251100992145094582266272059451233465437851747559000428693313779302616212908211116848079849740866702557344965666334487/18623297016552035482084750688711928362956480036897636941749695968769597773337776614027132266658887924344588517617288344294678930670419249661981701916727627955841000323957511537296778721252183320044130805628687909124702497427607861815832391909953268253303621308250661930625424543076069858124934116133202917924195786019058857237704193181197617284454972573527705998584592549298699751460118190717000000000000000000",
    "lower_float": -7.272135551736378,
    "residual_l1": "77973224170885315196143705409410988101610862752321120191220870359508342882157913684373366296998113124900017418972501765965898278869951377705700027744874681351947057489501610544385442761719926185935049929530396628619826447421537079521293837528262586563866921615029742998340298142022065610749100284096066125251950918997224530348743834521566690396005987657863325993977288955702670916046096119993375111215296334487/18623297016552035482084750688711928362956480036897636941749695968769597773337776614027132266658887924344588517617288344294678930670419249661981701916727627955841000323957511537296778721252183320044130805628687909124702497427607861815832391909953268253303621308250661930625424543076069858124934116133202917924195786019058857237704193181197617284454972573527705998584592549298699751460118190717000000000000000000",
    "residual_l1_float": 4.186864662126378,
    "multiplier_terms": 105,
    "square_polynomial_terms": 777,
    "residual_terms": 777,
    "residual_max_degree": 6,
    "mode_count": 8,
    "particle_number": 4,
    "factor_rows": 303,
    "factor_nonzeros": 4162,
    "rank_cap": 16,
    "status": "accepted",
    "certificate": "rank_16.json",
    "bytes": 78723,
    "elapsed_seconds": 0.3636126499999932,
    "eigendecomposition_seconds": 0.17090099799997915,
    "backend": "cupy"
  },
  {
    "lower": "-4848834448160419243900766467202449723855701807899688944820398286807217386656462949569875109712170826393439180872760037467093230518939332898781255237573165823366825524282548211338423692096473147592052820601740514366564997839651926225284017047048679019766878987268688189136761169924276017811280310129030251322331275559216805862549908936094927491939222496278743/1340307480772768619809670039087879578526463957565897225075864589177839869405972801136205113081189819150815891426637500707115744757762532742058814419188139358953580883262037436397753687102261438930356400548582739744380661013880662142197178226015952558917619908043546496102469940085866488277888974468385477879634989628741451952636982869602473000000000000000000",
    "lower_float": -3.6177030403238306,
    "residual_l1": "713622794605681433997893916825224023646806500612751923012755146014606194276171023160911941696737664904726420773572983609463232632919629552562704211542679649407455913885592411202402380084821414860593441846857152890728571834876491179451480661636719422263557874875329096487295340157271317734471156978144011164224854605266542771954533212610174992173216966278743/1340307480772768619809670039087879578526463957565897225075864589177839869405972801136205113081189819150815891426637500707115744757762532742058814419188139358953580883262037436397753687102261438930356400548582739744380661013880662142197178226015952558917619908043546496102469940085866488277888974468385477879634989628741451952636982869602473000000000000000000",
    "residual_l1_float": 0.5324321507138307,
    "multiplier_terms": 105,
    "square_polynomial_terms": 777,
    "residual_terms": 777,
    "residual_max_degree": 6,
    "mode_count": 8,
    "particle_number": 4,
    "factor_rows": 426,
    "factor_nonzeros": 6956,
    "rank_cap": 32,
    "status": "accepted",
    "certificate": "rank_32.json",
    "bytes": 109479,
    "elapsed_seconds": 0.39735890800000107,
    "eigendecomposition_seconds": 0.17090099799997915,
    "backend": "cupy"
  },
  {
    "lower": "-3953455209400789047106944885860181331599435979238641331684891628111404928742114223658158368512431660739503287673316947566238035513889594125020701511405165631397234975306919000275882141420644299604970927345072031879975731432739726503040663766380542753614215366983668218955582534877303860958831806975874368269342467832858130392320899858537735222299680312322828641060502322546310645232675488463370107746982767/1178007240263504770322890760890246829785276465727589495919795997615608814880438820586017331162267103169639224334291516004196272544909375697650086700900638746352241444946778595489908727738214804429158450019752618036340144497515777816486724267427175602419615047246667654623131853001599855277978063042994598333743732808173458234965437722455444833519703980214604526450951030550840943156908613000000000000000000",
    "lower_float": -3.3560534046602744,
    "residual_l1": "318983763265984673556360981061479699495333812543484611687531165338178081634184937881557495670545860078872827268707001954895849226211025889502104129223821938221819870038459563865025107214059026750549068028981149958870042510333276244157564661060725136847361981651199723068460293482730126712097174569149760189768317630022661424538903408974572667198064865822257895022843860488171320205348610215388896816982767/1178007240263504770322890760890246829785276465727589495919795997615608814880438820586017331162267103169639224334291516004196272544909375697650086700900638746352241444946778595489908727738214804429158450019752618036340144497515777816486724267427175602419615047246667654623131853001599855277978063042994598333743732808173458234965437722455444833519703980214604526450951030550840943156908613000000000000000000",
    "residual_l1_float": 0.2707825150502744,
    "multiplier_terms": 105,
    "square_polynomial_terms": 777,
    "residual_terms": 777,
    "residual_max_degree": 6,
    "mode_count": 8,
    "particle_number": 4,
    "factor_rows": 554,
    "factor_nonzeros": 11295,
    "rank_cap": 64,
    "status": "accepted",
    "certificate": "rank_64.json",
    "bytes": 158393,
    "elapsed_seconds": 0.5257985559999838,
    "eigendecomposition_seconds": 0.17090099799997915,
    "backend": "cupy"
  },
  {
    "lower": "-33584111195594633116987721992721987674978470016646135659792719789891027740025384169885641151176134454333967104627011348158456797914855098906750429920876969859448922278549285050655937450646309565826505526160107533775223691243957024661810249817034247440748061769058889452891157243432158860913977009772499098352330256387/10084141402747531664551729358577066679028598372386872760955185330773965378328548961820331108773450530397814585082316467797531014623046733063965180771426276172005814911910934292986696013143752901470350908242229381453977791535357887509300940609296441481617602676964235710311808717626703411272294414827000000000000000000",
    "lower_float": -3.3303887613519865,
    "residual_l1": "2471803278986722800064563852720966478427617985640690677514638271071613467402321699589786266225913060464175352510259784477215367067241785977886375608154156705714996327184833019446617458279642798693057302448733008687029595080480267296259029634180439994550414296065924488783712910711866339326283518593366434104860256387/10084141402747531664551729358577066679028598372386872760955185330773965378328548961820331108773450530397814585082316467797531014623046733063965180771426276172005814911910934292986696013143752901470350908242229381453977791535357887509300940609296441481617602676964235710311808717626703411272294414827000000000000000000",
    "residual_l1_float": 0.24511787174198627,
    "multiplier_terms": 105,
    "square_polynomial_terms": 777,
    "residual_terms": 777,
    "residual_max_degree": 6,
    "mode_count": 8,
    "particle_number": 4,
    "factor_rows": 614,
    "factor_nonzeros": 12598,
    "rank_cap": "full",
    "status": "accepted",
    "certificate": "rank_full.json",
    "bytes": 175555,
    "elapsed_seconds": 0.5867770709999718,
    "eigendecomposition_seconds": 0.17090099799997915,
    "backend": "cupy"
  }
]
