{
  "self_tests": "passed",
  "receipts": [
    {
      "certificate": "results/certificate_scaling/lambda_batch/ideal_rank_8.json",
      "sha256": "b284c90159d71c40ad6bbb03ca73860987702f4021502fbbd49f569d398e02a4",
      "baseline_lower": "-1520091332759814154407101094200941019655460001247846468882024356312985475530452072026884388948275621011062825625480099146313177511815629474325682079730993695012909748247774245093558413135739068428944505042335533740612967678145158034644287487163225912103042456305284942981154117299918540719987377790019120049727902990060737149601224346687266225839899/173991581904754590304375621163280776767352257983545728689292177746148741066078620102979945848256798877383410795614254660661839368176248144988581741457862131196607595444029316955810807092018608341431997527665055944158417230101992100509110757898305667031500297426473337703797974403515589486274068842347059174734460953209229552941073000000000000000000",
      "structured_lower": "-1520091332759814154407101094200941019655460001247846468882024356312985475530452072026884388948275621011062825625480099146313177511815629474325682079730993695012909748247774245093558413135739068428944505042335533740612967678145158034644287487163225912103042456305284942981154117299918540719987377790019120049727902990060737149601224346687266225839899/173991581904754590304375621163280776767352257983545728689292177746148741066078620102979945848256798877383410795614254660661839368176248144988581741457862131196607595444029316955810807092018608341431997527665055944158417230101992100509110757898305667031500297426473337703797974403515589486274068842347059174734460953209229552941073000000000000000000",
      "improvement": "0",
      "improvement_float": 0.0,
      "details": {
        "constant_on_sector": "-34033702980926313682732410947201516674457585061044987/408187373883666117894663153337379526750000000000000000",
        "centered_onebody_row_norm": "14162972900915242639610157739681984653167008427346080863781573594029477/226487386428518296969876893458675227734235968813164439000000000000000000",
        "higher_body_l1": "23756685557385210470497827338508170205255444347732189887172924969082589913197526572709141840700355272490907053568521935326224565660071654442032858324460023472959215232354172224248533232139878790403747265063934295790348563580711052684690490006245753954273139208510634581701243534984177726039764159625716559707736650066159/4185473414623195936191580554670771453265484920385564815517128598064603737306510640029389077320441220880068174026414126593930562371511326428811977883618947688392201034185156723160722288960710190561118125152476477204016087381656412211712810415045175753361485093151387962628203242544721156624986192682637000000000000000000",
        "residual_lower": "-65793235912641625712314841448363785557269363781965975945184019293662715151476243713520148167635604250088328306548238262904709065438277537651798908990669840974959901164779673923756395123178648930721659787430898392266131861228628174171785120567852268108254723149714692730772994930448559938651450787880096527376255043529405149340441793273216641347/10948212677933272889646261389593584996408541236053129870612939695074433798690632542996295560515128043844248326894156493056446077673850710159171000043714526562178255067304798085981437768496896992596596890647453791355898362706828387931164867000977449724010690319445945282303696078739674505449575700855704693031257161786031463129000000000000000000"
      },
      "seconds": 1.585196771000028,
      "full_sector_enumeration": false,
      "status": "exact_rational_research_bound; production_checker_unchanged"
    },
    {
      "certificate": "results/certificate_scaling/lambda_batch/ideal_rank_32.json",
      "sha256": "5ef2c5ec44834b4c78b57848d39a2ccbda8b984733d92562666a0f12ab65227a",
      "baseline_lower": "-4812830640531820316434260780650243547150478798808774996347671979943097023051738875545387961114330392121677939486976373048401316776338603101930376081789290167375709856140511070749466102224829895046183902079944110722474700972196844192747441985075595402122973486616377862350519571027793836066946281727267727439912740053354223914343/1377205479735535762105231518521778927802161214994158678664979955265990726656372680728209314066449783835216683786406251154527088513727873650958216787371542975140413055125103130161464487384760645705689107335584484318522260372573147718931911308126126209156051457417438022817514682972518967447175869336337881026001000000000000000000",
      "structured_lower": "-57994432632173010654695111447178448262336818397561114273822515821771054926066302131272419222484999728757645294630796306725870447442720901941678642009554497769157739178484400557812698181680357180731043631406569948572791595326104254963143074150709784808493481326549084403020432358411175025271054086328168937767233052414568981094518155064756141/16595275505439723782564789239186814372197313285959224741774612672913545022460319849810569352749255972008058390294071893801364473060433650593482969438962163488021339150520532903097501061773200456585575550983938219775466226173732944494923442177539901881468112833375105788843101747160264837836111797317641010810351637516798931000000000000000000",
      "improvement": "31544396820287207857864876476502596324322934273847608677334081/28310923303564787121234611682334403466779496101645554875000000000000000",
      "improvement_float": 1.114212930537496e-09,
      "details": {
        "constant_on_sector": "-2672087669157000883171689141077645330932661431/3265498991069328943157305226699036214000000000000000000",
        "centered_onebody_row_norm": "7545684412337608703145188716139233875783483293/4353998654759105257543073635598714952000000000000000000",
        "higher_body_l1": "16906398856166424508480333182210198660138061528454153547923316827900389823563246823759600124501426368117846719007481639686508889999038010843558990493432255968597937335445386323707757724265530693851320650255133869413383360065741713454134213690650233735353783909191255589468167212028367301282746838337675695602331/94318717185854818584143849131149932475434970353583377018556177581047558849413058767419290681142529079979762059180783100252915539339697999349794689291596789494773588412947727644500158367794670206675929107422289998126974382540089524560197788645755922978390577409243790746012525439123313993145323500000000000000000",
        "residual_lower": "-2974662583689060568945045396732673180790564202882611467902628933302075438533711995287789984810017916160140427655913656800826093425381683256490335092344314435474764904200962493709893178903191536714904091306397660000973776992232521153838688328297471819353996094760341690130497089846258919802467525551461575392562660113986326651825140064756141/16595275505439723782564789239186814372197313285959224741774612672913545022460319849810569352749255972008058390294071893801364473060433650593482969438962163488021339150520532903097501061773200456585575550983938219775466226173732944494923442177539901881468112833375105788843101747160264837836111797317641010810351637516798931000000000000000000"
      },
      "seconds": 0.7627393290000555,
      "full_sector_enumeration": false,
      "status": "exact_rational_research_bound; production_checker_unchanged"
    },
    {
      "certificate": "results/certificate_scaling/lambda_batch/ideal_rank_64.json",
      "sha256": "b913501d090e7e95c789611e424a916c629351e2d799acf24181113846fe11b5",
      "baseline_lower": "-50625361555166790258021567641790461746835869460952089266032783971126879873155053013095111296275051267173120178045500019439661556466653801715161251161961323907418066791400601508466796082629464068535534018063861466009464047926062200654675717117414774534458793486614448043562595128851729463825448644559527287293850582548347484265689693073396403031325470579733343/15116648789079225357203199600795320520799747154563899570863393081393354448233593520840350292926212732133008336639228673030770099699803325052583745012308942373462844899288556857615404505238858767560603817247363954719962196182776360360469561976431735221403259678333834429775489910248767408054281673861681703910154343947351036551022712786673301000000000000000000",
      "structured_lower": "-50625361555166790258021567641790461746835869460952089266032783971126879873155053013095111296275051267173120178045500019439661556466653801715161251161961323907418066791400601508466796082629464068535534018063861466009464047926062200654675717117414774534458793486614448043562595128851729463825448644559527287293850582548347484265689693073396403031325470579733343/15116648789079225357203199600795320520799747154563899570863393081393354448233593520840350292926212732133008336639228673030770099699803325052583745012308942373462844899288556857615404505238858767560603817247363954719962196182776360360469561976431735221403259678333834429775489910248767408054281673861681703910154343947351036551022712786673301000000000000000000",
      "improvement": "0",
      "improvement_float": 0.0,
      "details": {
        "constant_on_sector": "-270304525071355997037149178455174876162518061947087/816374747767332235789326306674759053500000000000000000",
        "centered_onebody_row_norm": "157219371008457067747782412779635418527213563919248774841447546652491/452974772857036593939753786917350455468471937626328878000000000000000000",
        "higher_body_l1": "4980685108741728145264464645593058988625335780034594851125106005640350925406458084879473850480777999777549389652061164789875883525007333080192758629524704178278142995130663495121479654853443172421237162286824662968074549625297786421296545361424830732498122849560731555707009589708123116102019186040806292938536396593979197817510095017/248499398020803020567073985067803447408929831737148909035926215294712885459297299624024837305988115667027642209998635624337242144544761282071375642249316304337679489772979654710502432841699108021384315890397373121880429888870665916348164079767670367143663197953334217523608586999920422017624387221468631667346942778579000000000000000000",
        "residual_lower": "-328975741186294179451820499693800737543799965826008080083699805629357685614682580488793228917777707101755892415438071919893216443791566183902685347141047174253508647363995038805682900374875059294516067671105369949915631336705311300531650944081977351100286351165516159158674765301077710517585918760118498092464202227351163678044048070953170513362177143784243/15116648789079225357203199600795320520799747154563899570863393081393354448233593520840350292926212732133008336639228673030770099699803325052583745012308942373462844899288556857615404505238858767560603817247363954719962196182776360360469561976431735221403259678333834429775489910248767408054281673861681703910154343947351036551022712786673301000000000000000000"
      },
      "seconds": 0.9686587080000209,
      "full_sector_enumeration": false,
      "status": "exact_rational_research_bound; production_checker_unchanged"
    }
  ]
}

