Traceback (most recent call last):
  File "/usr/lib/python3.10/runpy.py", line 196, in _run_module_as_main
    return _run_code(code, main_globals, None,
  File "/usr/lib/python3.10/runpy.py", line 86, in _run_code
    exec(code, run_globals)
  File "/home/ubuntu/spectra-gpu-20260912/results/marginal_graded_hubbard8/discovery/joint_gpu_benchmark.py", line 159, in <module>
    main()
  File "/home/ubuntu/spectra-gpu-20260912/results/marginal_graded_hubbard8/discovery/joint_gpu_benchmark.py", line 133, in main
    cp.linalg.eigvalsh(cp.stack([largest,largest]));sync();warmup=time.perf_counter()-warm0
  File "/home/ubuntu/spectra-gpu-venv/lib/python3.10/site-packages/cupy/_manipulation/join.py", line 165, in stack
    return concatenate([cupy.expand_dims(x, axis) for x in tup], axis, out,
  File "/home/ubuntu/spectra-gpu-venv/lib/python3.10/site-packages/cupy/_manipulation/join.py", line 64, in concatenate
    return _core.concatenate_method(tup, axis, out, dtype, casting)
  File "cupy/_core/_routines_manipulation.pyx", line 652, in cupy._core._routines_manipulation.concatenate_method
  File "cupy/_core/_routines_manipulation.pyx", line 731, in cupy._core._routines_manipulation.concatenate_method
  File "cupy/_core/_routines_manipulation.pyx", line 770, in cupy._core._routines_manipulation._concatenate
  File "cupy/_core/_kernel.pyx", line 1397, in cupy._core._kernel.ufunc.__call__
  File "cupy/_core/_kernel.pyx", line 1426, in cupy._core._kernel.ufunc._get_ufunc_kernel
  File "cupy/_core/_kernel.pyx", line 1098, in cupy._core._kernel._get_ufunc_kernel
  File "cupy/_core/_kernel.pyx", line 124, in cupy._core._kernel._get_simple_elementwise_kernel
  File "cupy/_core/_kernel.pyx", line 112, in cupy._core._kernel._get_simple_elementwise_kernel_from_code
  File "cupy/_core/core.pyx", line 2637, in cupy._core.core.compile_with_cache
  File "cupy/_core/core.pyx", line 2599, in cupy._core.core.assemble_cupy_compiler_options
RuntimeError: Failed to find CUDA headers. Please install CUDA toolkit headers (e.g., pip install cupy-cuda12x[ctk]) or specify CUDA_PATH environment variable.
