/home/ubuntu/spectra-venv/lib/python3.10/site-packages/cvxpy/problems/problem.py:164: UserWarning: Constraint #0 contains too many subexpressions. Consider vectorizing your CVXPY code to speed up compilation.
  warnings.warn(f"Constraint #{i} contains too many subexpressions. "
/home/ubuntu/spectra-venv/lib/python3.10/site-packages/cvxpy/problems/problem.py:164: UserWarning: Constraint #2 contains too many subexpressions. Consider vectorizing your CVXPY code to speed up compilation.
  warnings.warn(f"Constraint #{i} contains too many subexpressions. "
/home/ubuntu/spectra-venv/lib/python3.10/site-packages/cvxpy/problems/problem.py:164: UserWarning: Constraint #2831 contains too many subexpressions. Consider vectorizing your CVXPY code to speed up compilation.
  warnings.warn(f"Constraint #{i} contains too many subexpressions. "
/home/ubuntu/spectra-venv/lib/python3.10/site-packages/cvxpy/problems/problem.py:1504: UserWarning: Solution may be inaccurate. Try another solver, adjusting the solver settings, or solve with verbose=True for more information.
  warnings.warn(
{
  "lower": "-991734362117/200000000000",
  "lower_float": -4.958671810585,
  "residual_l1": "6799037517/200000000000",
  "residual_l1_float": 0.033995187585,
  "multiplier_terms": 9,
  "square_polynomial_terms": 105,
  "residual_terms": 105,
  "residual_max_degree": 4,
  "mode_count": 8,
  "particle_number": 4,
  "factor_rows": 4121,
  "factor_nonzeros": 4462,
  "method": "full_same_charge_quadratic_pair_cone",
  "single_words": 136,
  "pair_blocks": 2828,
  "coefficient_rows": 849,
  "gram_scalar_variables": 11448,
  "build_seconds": 2.2633232340003815,
  "solve_seconds": 13.69339298099976,
  "wall_seconds": 16.06161448900002,
  "certificate_bytes": 234071,
  "sdp_status": "optimal_inaccurate",
  "source_factors_used": false,
  "source_upper_used": false
}
