/home/ubuntu/spectra-venv/lib/python3.10/site-packages/cvxpy/problems/problem.py:164: UserWarning: Constraint #0 contains too many subexpressions. Consider vectorizing your CVXPY code to speed up compilation.
  warnings.warn(f"Constraint #{i} contains too many subexpressions. "
/home/ubuntu/spectra-venv/lib/python3.10/site-packages/cvxpy/problems/problem.py:164: UserWarning: Constraint #2 contains too many subexpressions. Consider vectorizing your CVXPY code to speed up compilation.
  warnings.warn(f"Constraint #{i} contains too many subexpressions. "
/home/ubuntu/spectra-venv/lib/python3.10/site-packages/cvxpy/problems/problem.py:164: UserWarning: Constraint #2831 contains too many subexpressions. Consider vectorizing your CVXPY code to speed up compilation.
  warnings.warn(f"Constraint #{i} contains too many subexpressions. "
/home/ubuntu/spectra-venv/lib/python3.10/site-packages/cvxpy/problems/problem.py:1504: UserWarning: Solution may be inaccurate. Try another solver, adjusting the solver settings, or solve with verbose=True for more information.
  warnings.warn(
{
  "lower": "-367317504103743855081074654670339976091785672778652850501210578150360389809285137730291105296411904489593651457374340746492346039615678103276744024712510173935914844303043855225023413546256972481318023341134189148222628949532835737251535666175299860411980620220290716932130324839350421895358752192272123743512936998232415076195998238467296499599828380058160542998397998455381122349611157871176922620027099135298820302470821300478114396585103/82394044609730808413937358177977378392483336258264035098110139677300649269997171701577802256275360646432090639187481194805751800120565659385580350064597391780125226434391417914689714094974231295382001205105327751892666984659639314094842553403151877792317095861430952034661542086618396929592065671035084045086800049518142566829016644699116807044079237436997567933032379145905150954398994108505201002330414538562829465687794642709500000000000",
  "lower_float": -4.458058902722726,
  "residual_l1": "1084963026300262678781656200511150197722781623054920898003368746354445049767483728278295567626831907440878792904546849279583920263113698127702510237638413498364021741372560272528097089351137782597803071604455359789589647264757720917784725344644765819353203895778316580583903006696287531585512468676308985929412665926472607559638694599259493153741309637609031482788936591620445107553131083552683477972936703683251606675373475522835078007103/82394044609730808413937358177977378392483336258264035098110139677300649269997171701577802256275360646432090639187481194805751800120565659385580350064597391780125226434391417914689714094974231295382001205105327751892666984659639314094842553403151877792317095861430952034661542086618396929592065671035084045086800049518142566829016644699116807044079237436997567933032379145905150954398994108505201002330414538562829465687794642709500000000000",
  "residual_l1_float": 0.013167978722725885,
  "multiplier_terms": 9,
  "square_polynomial_terms": 329,
  "residual_terms": 329,
  "residual_max_degree": 4,
  "mode_count": 8,
  "particle_number": 4,
  "factor_rows": 4972,
  "factor_nonzeros": 6282,
  "method": "full_same_charge_quadratic_pair_cone",
  "single_words": 136,
  "pair_blocks": 2828,
  "coefficient_rows": 849,
  "gram_scalar_variables": 11448,
  "build_seconds": 2.3079786389998844,
  "solve_seconds": 14.13357966600006,
  "wall_seconds": 16.569474109999646,
  "certificate_bytes": 250424,
  "sdp_status": "optimal_inaccurate",
  "source_factors_used": false,
  "source_upper_used": false
}
