tests/test_certificates.py::CertificateTests::test_bad_partition_rejected
tests/test_certificates.py::CertificateTests::test_clique_and_rational_bounds
tests/test_certificates.py::CertificateTests::test_corrupt_sqrt_or_coefficient_is_rejected
tests/test_certificates.py::CertificateTests::test_malformed_empty_certificate_is_rejected
tests/test_certificates.py::CertificateTests::test_multi_qubit_bounds_with_actual_unknown_perturbation
tests/test_certificates.py::CertificateTests::test_nonanticommuting_terms_separate
tests/test_certificates.py::CertificateTests::test_omitted_certificate_is_self_consistent
tests/test_certificates.py::CertificateTests::test_omitted_charge_and_tamper_rejection
tests/test_certificates.py::CertificateTests::test_random_small_dense_reference_is_bracketed
tests/test_discovery.py::DiscoveryTests::test_exact_parameter_bounds_and_misspecification
tests/test_discovery.py::DiscoveryTests::test_sensor_matches_known_commutator
tests/test_discovery.py::DiscoveryTests::test_three_stages_two_new_mechanisms_and_transfer
tests/test_discovery.py::DiscoveryTests::test_unidentifiability_and_frozen_no_refit
tests/test_integration.py::IntegrationTests::test_end_to_end_certificates_and_dynamics
tests/test_integration.py::IntegrationTests::test_exact_algebra_against_independent_dense_matrices
tests/test_integration.py::IntegrationTests::test_withheld_coupling_has_explicit_omission
tests/test_marginal_adapted_block.py::AdaptedBlockTests::test_constant_polynomial_replays_exact_original_upper
tests/test_marginal_adapted_block.py::AdaptedBlockTests::test_degree_zero_krylov_lower_is_exact_source_rayleigh_gate
tests/test_marginal_adapted_block.py::AdaptedBlockTests::test_effective_symmetry_and_operator_identity_at_zero_and_nonzero_eta
tests/test_marginal_adapted_block.py::AdaptedBlockTests::test_nonconstant_recipe_against_direct_determinant_car
tests/test_marginal_adapted_block.py::AdaptedBlockTests::test_refusal_gates
tests/test_marginal_adaptive.py::AdaptiveTests::test_cached_boolean_labels_do_not_leak_into_validated_words
tests/test_marginal_adaptive.py::AdaptiveTests::test_exact_binary_symmetry_filter
tests/test_marginal_adaptive.py::AdaptiveTests::test_primal_and_moment_proposals_obey_number_problem
tests/test_marginal_adaptive.py::AdaptiveTests::test_rank_one_polynomial_block_exports_exactly
tests/test_marginal_adaptive.py::AdaptiveTests::test_rejects_invalid_symmetry_or_degree
tests/test_marginal_adaptive.py::AdaptiveTests::test_residual_penalty_keeps_certified_number_bound
tests/test_marginal_asymmetric_adapt.py::AsymmetricAdaptTests::test_exchange_projection_matches_exact_average_and_residual_norm
tests/test_marginal_asymmetric_adapt.py::AsymmetricAdaptTests::test_exchange_subspaces_are_complete_eigenspaces
tests/test_marginal_asymmetric_adapt.py::AsymmetricAdaptTests::test_orbit_columns_and_certified_atom_match_source_algebra
tests/test_marginal_asymmetric_columns.py::AsymmetricColumnTests::test_centered_dual_respects_normalization_and_energy_face
tests/test_marginal_asymmetric_columns.py::AsymmetricColumnTests::test_highs_dual_sign_prices_an_improving_column
tests/test_marginal_asymmetric_columns.py::AsymmetricColumnTests::test_native_small_entry_threshold_preserves_equation
tests/test_marginal_asymmetric_columns.py::AsymmetricColumnTests::test_priced_columns_match_exchange_average_and_allow_asymmetry
tests/test_marginal_asymmetric_polish.py::AsymmetricPolishTests::test_saved_polish_reuses_positive_directions_and_tightens_bound
tests/test_marginal_asymmetric_reference.py::AsymmetricReferenceTests::test_only_actual_symmetries_are_used
tests/test_marginal_boolean_line.py::BooleanLineTests::test_complete_tree_exports_joint_operation_costs_and_refuses_false_bound
tests/test_marginal_boolean_line.py::BooleanLineTests::test_every_two_mode_chart_matches_physical_rows_in_interfering_model
tests/test_marginal_boolean_line.py::BooleanLineTests::test_exact_ring_absolute_and_exponential_with_sign_changes
tests/test_marginal_boolean_line.py::BooleanLineTests::test_saved_h6_frontier_is_repaired_without_determinant_actions
tests/test_marginal_boundary_transfer.py::BoundaryTransferTests::test_charged_noneigenstate_by_direct_car
tests/test_marginal_boundary_transfer.py::BoundaryTransferTests::test_direct_car_reference_for_one_two_three_blocks
tests/test_marginal_boundary_transfer.py::BoundaryTransferTests::test_refusal_gates
tests/test_marginal_boundary_transfer_intervals.py::BoundaryTransferIntervalTests::test_large_linear_valence_formula
tests/test_marginal_boundary_transfer_intervals.py::BoundaryTransferIntervalTests::test_precision_and_size_refusals
tests/test_marginal_boundary_transfer_intervals.py::BoundaryTransferIntervalTests::test_signed_matrix_interval_product_and_scale
tests/test_marginal_boundary_transfer_intervals.py::BoundaryTransferIntervalTests::test_small_exact_contracts_are_enclosed
tests/test_marginal_boundary_transfer_intervals.py::BoundaryTransferIntervalTests::test_zero_norm_filter_is_refused
tests/test_marginal_boundary_unitary.py::BoundaryUnitaryTests::test_global_quartic_certificate_and_rejects_stronger_claim
tests/test_marginal_boundary_unitary.py::BoundaryUnitaryTests::test_h8_reduced_observables_match_independent_stream
tests/test_marginal_boundary_unitary.py::BoundaryUnitaryTests::test_physical_replay_and_fixed_size_arithmetic
tests/test_marginal_boundary_unitary.py::BoundaryUnitaryTests::test_rotation_and_identity
tests/test_marginal_boundary_unitary.py::BoundaryUnitaryTests::test_transfer_to_density_interaction_by_direct_three_block_state
tests/test_marginal_boundary_unitary.py::BoundaryUnitaryTests::test_transferred_source_energy_and_target_refusals
tests/test_marginal_boundary_unitary.py::BoundaryUnitaryTests::test_two_and_three_blocks_direct_full_hubbard_contraction
tests/test_marginal_charge_indicator_telescope.py::test_all_higher_indicators_against_full_fock_psd_and_refusal
tests/test_marginal_charge_indicator_telescope.py::test_complete_binary_basis_symmetries_and_periodic_cancellation
tests/test_marginal_charge_indicator_telescope.py::test_malformed_indicator_terms_refused[terms0]
tests/test_marginal_charge_indicator_telescope.py::test_malformed_indicator_terms_refused[terms1]
tests/test_marginal_charge_indicator_telescope.py::test_malformed_indicator_terms_refused[terms2]
tests/test_marginal_charge_indicator_telescope.py::test_malformed_indicator_terms_refused[terms3]
tests/test_marginal_charge_indicator_telescope.py::test_malformed_indicator_terms_refused[terms4]
tests/test_marginal_charge_indicator_telescope.py::test_malformed_indicator_terms_refused[terms5]
tests/test_marginal_charge_indicator_telescope.py::test_malformed_indicator_terms_refused[terms6]
tests/test_marginal_charge_indicator_telescope.py::test_malformed_indicator_terms_refused[terms7]
tests/test_marginal_charge_indicator_telescope.py::test_malformed_indicator_terms_refused[terms8]
tests/test_marginal_charge_metric_dual.py::ChargeMetricDualTests::test_no_obstruction_when_simple_positive_metric_is_feasible
tests/test_marginal_charge_metric_dual.py::ChargeMetricDualTests::test_physical_family_obstructions_and_false_target_refusal
tests/test_marginal_charge_polynomial.py::ChargePolynomialTests::test_forged_bound_is_charged_to_exact_residual
tests/test_marginal_charge_polynomial.py::ChargePolynomialTests::test_large_sector_exact_charge_proof_never_calls_determinant_action
tests/test_marginal_charge_polynomial.py::ChargePolynomialTests::test_lp_exports_exact_bound_and_preserves_previous_output
tests/test_marginal_charge_polynomial.py::ChargePolynomialTests::test_refuses_invalid_local_positivity_and_sectors
tests/test_marginal_charge_polynomial.py::ChargePolynomialTests::test_termwise_envelope_is_operator_lower_even_with_interference
tests/test_marginal_charge_product.py::ChargeProductTests::test_constructor_exports_replayable_compact_metric
tests/test_marginal_charge_product.py::ChargeProductTests::test_direct_and_reference_energy_gap_are_rebuilt_and_bound
tests/test_marginal_charge_product.py::ChargeProductTests::test_malformed_metric_and_unphysical_coverage_rejected
tests/test_marginal_charge_product.py::ChargeProductTests::test_pair_range_is_explicit_and_changes_feature_dictionary
tests/test_marginal_charge_product.py::ChargeProductTests::test_small_exact_rounding_and_reflection_features
tests/test_marginal_charge_ratio_dp.py::ChargeRatioDPTests::test_all_transition_ratios_match_independent_occupation_maxima
tests/test_marginal_charge_ratio_dp.py::ChargeRatioDPTests::test_empty_domain_and_invalid_inputs
tests/test_marginal_charge_spin.py::ChargeSpinTests::test_build_replay_and_reject_overclaims
tests/test_marginal_charge_spin.py::ChargeSpinTests::test_energy_and_transfer_bind_actual_hamiltonian_and_valence_space
tests/test_marginal_charge_spin.py::ChargeSpinTests::test_exact_rows_and_metric_sharing_for_all_charge_patterns
tests/test_marginal_charge_spin.py::ChargeSpinTests::test_projected_psd_matches_balanced_four_spin_extrema
tests/test_marginal_charge_spin.py::ChargeSpinTests::test_refusals_and_cardinality_lower
tests/test_marginal_charge_square_pair_family.py::test_all_pair_moments_and_independent_vacuum_full_energy
tests/test_marginal_charge_square_pair_family.py::test_prior_quadratic_dual_fails_new_consistency_constraint
tests/test_marginal_charge_square_pair_family.py::test_four_new_rows_bound_source_count_and_preserve_old_cap
tests/test_marginal_charge_square_pairs.py::test_all_four_pairs_match_full_fock_expansion_and_psd_minimum
tests/test_marginal_charge_square_pairs.py::test_square_pair_symmetry_and_independent_periodic_cancellation
tests/test_marginal_charge_square_pairs.py::test_noncanonical_square_pairs_refused[terms0]
tests/test_marginal_charge_square_pairs.py::test_noncanonical_square_pairs_refused[terms1]
tests/test_marginal_charge_square_pairs.py::test_noncanonical_square_pairs_refused[terms2]
tests/test_marginal_charge_square_pairs.py::test_noncanonical_square_pairs_refused[terms3]
tests/test_marginal_charge_square_pairs.py::test_noncanonical_square_pairs_refused[terms4]
tests/test_marginal_charge_square_pairs.py::test_noncanonical_square_pairs_refused[terms5]
tests/test_marginal_charge_square_pairs.py::test_noncanonical_square_pairs_refused[terms6]
tests/test_marginal_charge_square_pairs.py::test_noncanonical_square_pairs_refused[terms7]
tests/test_marginal_charge_square_pairs.py::test_noncanonical_square_pairs_refused[terms8]
tests/test_marginal_charge_tail.py::ChargeTailTests::test_envelope_is_below_every_physical_tail_row
tests/test_marginal_charge_tail.py::ChargeTailTests::test_exact_bracket_and_refusals
tests/test_marginal_charge_tail.py::ChargeTailTests::test_saved_h6_bracket_refutes_requested_envelope_threshold
tests/test_marginal_charged_projectors.py::ChargedProjectorTests::test_full_four_source_window_dimensions
tests/test_marginal_charged_projectors.py::ChargedProjectorTests::test_joint_bound_matches_direct_outer_product
tests/test_marginal_charged_projectors.py::ChargedProjectorTests::test_joint_energy_full_fock_and_translation_accounting
tests/test_marginal_charged_projectors.py::ChargedProjectorTests::test_joint_energy_refuses_invalid_proofs
tests/test_marginal_charged_projectors.py::ChargedProjectorTests::test_particle_hole_matches_direct_car_on_all_fock_states
tests/test_marginal_charged_projectors.py::ChargedProjectorTests::test_small_ceiling_acceptance_and_refusals
tests/test_marginal_charged_projectors.py::ChargedProjectorTests::test_transforms_and_odd_window_gram_match
tests/test_marginal_chart_construction.py::ChartConstructionTests::test_chart_construction_checks_leaves_and_complete_coverage
tests/test_marginal_chart_construction.py::ChartConstructionTests::test_simplex_tree_roundtrip_and_strict_selectors
tests/test_marginal_clifford_moments.py::CliffordMomentsTests::test_complete_four_site_frame_action_equals_car
tests/test_marginal_clifford_moments.py::CliffordMomentsTests::test_dimer_moments_and_general_hamiltonian_transfer
tests/test_marginal_clifford_moments.py::CliffordMomentsTests::test_refusal_gates
tests/test_marginal_clique_dual.py::CliqueDualTests::test_exact_dual_pairing_and_nonconstant_metric
tests/test_marginal_clique_dual.py::CliqueDualTests::test_full_dictionary_and_complete_physical_coverage
tests/test_marginal_clique_dual.py::CliqueDualTests::test_local_cover_complete_neighborhood_and_edge_constraints
tests/test_marginal_clique_dual.py::CliqueDualTests::test_saved_h6_star_equals_full_dual_with_fewer_actions
tests/test_marginal_clique_gap.py::CliqueGapTests::test_construct_ignores_old_factors_and_replays_new_squares
tests/test_marginal_clique_gap.py::CliqueGapTests::test_constructor_binds_metric_to_hamiltonian_and_state_order
tests/test_marginal_clique_gap.py::CliqueGapTests::test_diagonal_metric_changes_only_the_necessary_gate
tests/test_marginal_clique_gap.py::CliqueGapTests::test_exact_square_reconstruction_with_mixed_signs_and_edge_remainder
tests/test_marginal_clique_gap.py::CliqueGapTests::test_flat_obstruction_does_not_exclude_unequal_amplitude_two_support_square
tests/test_marginal_clique_gap.py::CliqueGapTests::test_rejects_false_signs_edge_budgets_and_thresholds
tests/test_marginal_clique_gap.py::CliqueGapTests::test_saved_h6_clique_certificate_and_flat_transfer_obstruction
tests/test_marginal_clique_gap.py::CliqueGapTests::test_three_and_four_coordinate_gap_on_rank_one_control
tests/test_marginal_clique_gap.py::CliqueGapTests::test_weighted_squares_use_congruence_identity_metric
tests/test_marginal_coefficient.py::CoefficientTests::test_direct_number_problem_exports_sound_bound
tests/test_marginal_coefficient.py::CoefficientTests::test_hermitian_coefficient_dimensions
tests/test_marginal_coefficient.py::CoefficientTests::test_invalid_problem_rejected
tests/test_marginal_coefficient.py::CoefficientTests::test_search_runs_with_old_sector_modules_forbidden
tests/test_marginal_coherent_tree.py::CoherentTreeTests::test_build_replay_no_actions_and_invalid_coverage_refusals
tests/test_marginal_coherent_tree.py::CoherentTreeTests::test_charge_quadratic_tangents_bound_diagonal_and_reject_false_threshold
tests/test_marginal_coherent_tree.py::CoherentTreeTests::test_coherent_rows_equal_physical_rows_with_density_and_pair_hopping
tests/test_marginal_coherent_tree.py::CoherentTreeTests::test_combinatorial_sector_coverage_without_enumeration_at_64_modes
tests/test_marginal_coherent_tree.py::CoherentTreeTests::test_partial_occupation_bounds_are_conservative
tests/test_marginal_coherent_tree.py::CoherentTreeTests::test_source_indicator_polynomial_preserves_exclusivity_and_partial_bounds
tests/test_marginal_coherent_tree.py::CoherentTreeTests::test_tree_gap_binds_complete_valence_reference_in_energy_and_transfer
tests/test_marginal_collective.py::CollectiveTests::test_combinatorial_energy_matches_signed_fermion_action
tests/test_marginal_collective.py::CollectiveTests::test_rejects_zero_or_noninteger_witness
tests/test_marginal_collective.py::CollectiveTests::test_saved_interval_and_hamiltonian_binding
tests/test_marginal_comparison_witness.py::TestComparisonWitness::test_all_principal_psd_and_trace_formula
tests/test_marginal_comparison_witness.py::TestComparisonWitness::test_reconstructs_physical_matrix_and_exclusion_direction
tests/test_marginal_comparison_witness.py::TestComparisonWitness::test_strict_vector_and_matrix_gates
tests/test_marginal_complete_pricing.py::CompletePricingTests::test_counts_and_negative_direction
tests/test_marginal_complete_pricing.py::CompletePricingTests::test_partial_final_batch_is_evaluated
tests/test_marginal_complete_pricing.py::CompletePricingTests::test_rejects_non_symmetric_and_nonfinite
tests/test_marginal_complete_pricing.py::CompletePricingTests::test_singular_leading_block_is_scanned
tests/test_marginal_complete_pricing.py::CompletePricingTests::test_streaming_top_candidates_match_bruteforce_with_ties
tests/test_marginal_component_resolvent.py::ComponentResolventTests::test_automatic_partition_uses_actual_edges_and_enforces_cap
tests/test_marginal_component_resolvent.py::ComponentResolventTests::test_full_polynomial_inverse_and_false_polynomial
tests/test_marginal_component_resolvent.py::ComponentResolventTests::test_noncommuting_response_is_upper_bound
tests/test_marginal_component_resolvent.py::ComponentResolventTests::test_saved_second_order_replay_and_tampering
tests/test_marginal_component_resolvent.py::ComponentResolventTests::test_zero_R_recovers_exact_response_and_uncoupled_gate
tests/test_marginal_compression.py::CompressionTests::test_charge_projection_equals_split_square
tests/test_marginal_compression.py::CompressionTests::test_components_follow_actual_asymmetric_hopping
tests/test_marginal_compression.py::CompressionTests::test_edge_and_density_dictionaries_are_adjoint_closed_subsets
tests/test_marginal_compression.py::CompressionTests::test_nonconserving_interaction_rejects_proposed_split
tests/test_marginal_compression.py::CompressionTests::test_saved_split_bound_is_tight
tests/test_marginal_compression.py::CompressionTests::test_split_preserves_words_and_compresses_largest_block
tests/test_marginal_conditional_coordinates.py::ConditionalCoordinateTests::test_binomial_global_means_and_invariant_rank
tests/test_marginal_conditional_coordinates.py::ConditionalCoordinateTests::test_rank_loss_and_unknown_coordinates_refused
tests/test_marginal_congruence_psd.py::test_congruence_proves_spd_without_original_diagonal_dominance
tests/test_marginal_congruence_psd.py::test_witness_cannot_accept_indefinite_or_singular_matrix[a0]
tests/test_marginal_congruence_psd.py::test_witness_cannot_accept_indefinite_or_singular_matrix[a1]
tests/test_marginal_congruence_psd.py::test_witness_cannot_accept_indefinite_or_singular_matrix[a2]
tests/test_marginal_congruence_psd.py::test_fallback_preserves_indefinite_refusal[a0]
tests/test_marginal_congruence_psd.py::test_fallback_preserves_indefinite_refusal[a1]
tests/test_marginal_congruence_psd.py::test_singular_fallback_and_exact_divisibility_gate
tests/test_marginal_congruence_psd.py::test_malformed_factors_refused[factor0]
tests/test_marginal_congruence_psd.py::test_malformed_factors_refused[factor1]
tests/test_marginal_congruence_psd.py::test_malformed_factors_refused[factor2]
tests/test_marginal_congruence_psd.py::test_malformed_factors_refused[factor3]
tests/test_marginal_congruence_psd.py::test_malformed_factors_refused[factor4]
tests/test_marginal_congruence_psd.py::test_malformed_factors_refused[factor5]
tests/test_marginal_congruence_psd.py::test_malformed_factors_refused[factor6]
tests/test_marginal_congruence_psd.py::test_stale_witnesses_and_wrong_dimension_refused
tests/test_marginal_congruence_psd.py::test_invalid_matrices_refused[a0]
tests/test_marginal_congruence_psd.py::test_invalid_matrices_refused[a1]
tests/test_marginal_congruence_psd.py::test_invalid_matrices_refused[a2]
tests/test_marginal_congruence_psd.py::test_invalid_matrices_refused[a3]
tests/test_marginal_congruence_psd.py::test_invalid_matrices_refused[a4]
tests/test_marginal_congruence_psd.py::test_positive_initial_divisor_gate_also_applies_to_witness
tests/test_marginal_congruence_psd.py::test_extended_energy_replay_mixes_witness_and_singular_fallback
tests/test_marginal_connected_dimer_moments.py::ConnectedDimerMomentTests::test_large_chain_uses_fixed_cluster_work
tests/test_marginal_connected_dimer_moments.py::ConnectedDimerMomentTests::test_odd_dimer_count_keeps_physical_norm_external
tests/test_marginal_connected_dimer_moments.py::ConnectedDimerMomentTests::test_recurrence_is_exact_inverse
tests/test_marginal_connected_dimer_moments.py::ConnectedDimerMomentTests::test_refusal_gates
tests/test_marginal_connected_dimer_moments.py::ConnectedDimerMomentTests::test_small_chains_match_independent_car_contraction
tests/test_marginal_connected_dimer_moments.py::ConnectedDimerMomentTests::test_twelve_site_direct_clifford_comparison
tests/test_marginal_connected_dimer_moments.py::ConnectedDimerMomentTests::test_zero_hamiltonian_has_only_normalization_moment
tests/test_marginal_defect_dicke.py::DefectDickeTests::test_all_single_car_actions_including_empty_and_double_defects
tests/test_marginal_defect_dicke.py::DefectDickeTests::test_closure_uses_physical_rank_and_enlarged_certificate_replays
tests/test_marginal_defect_dicke.py::DefectDickeTests::test_coupling_matches_explicit_signed_fock_calculation
tests/test_marginal_defect_dicke.py::DefectDickeTests::test_cross_pair_car_products_and_exact_anticommutators
tests/test_marginal_defect_dicke.py::DefectDickeTests::test_fast_reference_action_on_every_local_occupation_pattern
tests/test_marginal_defect_dicke.py::DefectDickeTests::test_input_and_degree_budgets
tests/test_marginal_defect_dicke.py::DefectDickeTests::test_kernel_coordinates_remain_valid_after_growth_and_reordering
tests/test_marginal_defect_dicke.py::DefectDickeTests::test_overlaps_of_distinct_defect_sets_and_null_relations
tests/test_marginal_defect_dicke.py::DefectDickeTests::test_recurrence_moments_and_saved_certificates_match_explicit
tests/test_marginal_defect_dicke.py::DefectDickeTests::test_redundant_kernel_atoms_do_not_grow_physical_rank
tests/test_marginal_defect_dicke.py::DefectDickeTests::test_reference_action_and_overlap_at_one_hundred_pairs
tests/test_marginal_density_transfer.py::DensityTransferTests::test_density_only_all_fock_lower_cannot_ignore_interaction
tests/test_marginal_density_transfer.py::DensityTransferTests::test_direct_car_density_energies
tests/test_marginal_density_transfer.py::DensityTransferTests::test_local_density_action_diagonal_and_profile_refusal
tests/test_marginal_density_transfer.py::DensityTransferTests::test_target_window_mismatch_rejected_before_source_work
tests/test_marginal_determinant_tree.py::DeterminantTreeTests::test_actions_diagonal_and_every_prefix_bound_against_full_oracle
tests/test_marginal_determinant_tree.py::DeterminantTreeTests::test_construction_needs_only_hamiltonian_and_small_retained_eigensolves
tests/test_marginal_determinant_tree.py::DeterminantTreeTests::test_exponential_diagonal_sector_covered_without_any_Q_action
tests/test_marginal_determinant_tree.py::DeterminantTreeTests::test_false_coverage_gap_and_witness_are_rejected
tests/test_marginal_determinant_tree.py::DeterminantTreeTests::test_saved_replays_never_call_full_matrix_builder
tests/test_marginal_determinant_tree.py::DeterminantTreeTests::test_sparse_blocks_leakage_upper_and_complete_coverage
tests/test_marginal_diagonal_family_limit.py::test_vacuum_full_mixture_caps_the_whole_diagonal_span
tests/test_marginal_diagonal_family_limit.py::test_old_accepted_dual_is_refused_for_a_violated_diagonal
tests/test_marginal_diagonal_family_limit.py::test_malformed_claims_refused[ratio-0]
tests/test_marginal_diagonal_family_limit.py::test_malformed_claims_refused[theta_half-2]
tests/test_marginal_diagonal_family_limit.py::test_malformed_claims_refused[diagonal_shapes-value2]
tests/test_marginal_diagonal_family_limit.py::test_malformed_claims_refused[diagonal_shapes-value3]
tests/test_marginal_diagonal_family_limit.py::test_malformed_claims_refused[diagonal_shapes-value4]
tests/test_marginal_diagonal_family_limit.py::test_malformed_claims_refused[proposed_periodic_family_upper-0]
tests/test_marginal_diagonal_family_limit.py::test_malformed_claims_refused[kind-joint_diagonal_family_limit_proposal_v1]
tests/test_marginal_diagonal_family_limit.py::test_mixture_trace_positivity_size_and_fidelity_refusals
tests/test_marginal_diagonal_family_limit.py::test_shape_union_cannot_bypass_energy_entry_cap
tests/test_marginal_diagonal_telescoping.py::DiagonalTelescopingTests::test_all_fock_diagonal_minimum_and_reflection
tests/test_marginal_diagonal_telescoping.py::DiagonalTelescopingTests::test_periodic_cancellation_on_all_eight_site_determinants
tests/test_marginal_diagonal_telescoping.py::DiagonalTelescopingTests::test_refuses_malformed_or_nonodd_corrections
tests/test_marginal_distill.py::DistillTests::test_factor_and_orbit_sources_give_same_normalized_direction
tests/test_marginal_dual_exact.py::ExactMomentTests::test_normalization_and_hamiltonian_tampering_rejected
tests/test_marginal_dual_exact.py::ExactMomentTests::test_physical_moments_match_independent_signed_trace
tests/test_marginal_dual_exact.py::ExactMomentTests::test_psd_handles_singular_and_indefinite_exactly
tests/test_marginal_dual_exact.py::ExactMomentTests::test_saved_witness_proves_strict_relaxation_gap
tests/test_marginal_energy_selector.py::EnergySelectorTests::test_pricing_column_matches_exact_averaged_square
tests/test_marginal_energy_selector.py::EnergySelectorTests::test_reduced_pricing_preserves_full_moment_spectrum
tests/test_marginal_energy_selector.py::EnergySelectorTests::test_restricted_cubic_problem_exports_valid_interval
tests/test_marginal_enlarged_schur.py::EnlargedSchurTests::test_automatic_enrichment_dimensions_and_remaining_leakage
tests/test_marginal_enlarged_schur.py::EnlargedSchurTests::test_cycle_large_perturbation_certificate
tests/test_marginal_enlarged_schur.py::EnlargedSchurTests::test_exact_krylov_closure_detects_rank_and_budget
tests/test_marginal_enlarged_schur.py::EnlargedSchurTests::test_exact_metric_solver_handles_nondiagonal_coordinates
tests/test_marginal_enlarged_schur.py::EnlargedSchurTests::test_false_lower_and_tampered_upper_are_rejected
tests/test_marginal_enlarged_schur.py::EnlargedSchurTests::test_invalid_enrichment_configuration_is_rejected
tests/test_marginal_enlarged_schur.py::EnlargedSchurTests::test_leakage_uses_the_full_metric_projection
tests/test_marginal_enlarged_schur.py::EnlargedSchurTests::test_scalar_schur_gate_and_numerical_proposal
tests/test_marginal_enlarged_schur.py::EnlargedSchurTests::test_targeted_mixed_certificate_requires_exact_coefficients
tests/test_marginal_export_precision.py::ExportPrecisionTests::test_exact_replay_at_bounded_higher_precision
tests/test_marginal_factor_width.py::FactorWidthTests::test_compressed_norm_saturation_and_stronger_transfer_obstruction
tests/test_marginal_factor_width.py::FactorWidthTests::test_four_coordinate_atom_separates_the_exact_dual
tests/test_marginal_factor_width.py::FactorWidthTests::test_rank_one_positive_operator_requires_four_configuration_support
tests/test_marginal_factor_width.py::FactorWidthTests::test_rejects_invalid_width_support_and_non_obstructing_weights
tests/test_marginal_factor_width.py::FactorWidthTests::test_saved_h6_obstruction_and_linear_threshold_ceiling
tests/test_marginal_factor_width.py::FactorWidthTests::test_saved_transfer_obstruction_binds_reference_norm_and_current_lower
tests/test_marginal_factor_width.py::FactorWidthTests::test_trace_matches_independent_dual_and_all_small_principal_minors
tests/test_marginal_fixed_metric_pricing.py::FixedMetricPricingTests::test_independent_parts_full_replay_and_binding
tests/test_marginal_fixed_metric_pricing.py::FixedMetricPricingTests::test_native_append_preserves_feasibility_and_removes_residual
tests/test_marginal_free_range_two_profile.py::test_free_profile_cap_is_invariant_under_large_signed_profile_changes
tests/test_marginal_free_range_two_profile.py::test_previously_accepted_fixed_profile_dual_fails_the_new_constraint
tests/test_marginal_free_range_two_profile.py::test_one_additional_constraint_allows_only_one_additional_source
tests/test_marginal_full_charge_indicator_family.py::test_entire_indicator_basis_and_independent_physical_energy
tests/test_marginal_full_charge_indicator_family.py::test_previously_accepted_pair_dual_fails_higher_indicator_condition
tests/test_marginal_full_charge_indicator_family.py::test_six_additional_rows_bound_sources_without_changing_old_cap
tests/test_marginal_full_signed_charge_family.py::test_all_signed_charge_moments_and_independent_physical_energy
tests/test_marginal_full_signed_charge_family.py::test_prior_classically_extendible_indicator_dual_fails_signed_condition
tests/test_marginal_full_signed_charge_family.py::test_new_constraint_count_and_preserved_older_cap
tests/test_marginal_general_schur.py::GeneralSchurTests::test_automatic_recurrence_and_resolvent_on_two_eigenvalues
tests/test_marginal_general_schur.py::GeneralSchurTests::test_connected_fixture_breaks_all_pair_charges_and_exchange
tests/test_marginal_general_schur.py::GeneralSchurTests::test_nonzero_internal_perturbation_is_retained
tests/test_marginal_general_schur.py::GeneralSchurTests::test_paired_norm_covers_all_degree_four_transition_patterns
tests/test_marginal_general_schur.py::GeneralSchurTests::test_rejects_false_lower_and_invalid_operator_classes
tests/test_marginal_general_schur.py::GeneralSchurTests::test_resolvent_matches_full_reference_inverse
tests/test_marginal_general_schur.py::GeneralSchurTests::test_saved_exact_intervals_bind_actual_fixtures
tests/test_marginal_general_schur.py::GeneralSchurTests::test_signed_embedding_exactly_intertwines_fermionic_reference
tests/test_marginal_general_schur.py::GeneralSchurTests::test_upper_witness_and_changed_hamiltonian_are_rechecked
tests/test_marginal_graded_quotient.py::GradedQuotientTests::test_eight_site_rank_number_relations_and_degree_refusals
tests/test_marginal_graded_quotient.py::GradedQuotientTests::test_filtered_quotient_preserves_small_slice_polynomials
tests/test_marginal_graded_quotient.py::GradedQuotientTests::test_reduced_metric_family_has_supported_hubbard_numerator
tests/test_marginal_h6_complement.py::FixedPointFactorTests::test_false_factors_nonpositive_matrices_and_invalid_scales
tests/test_marginal_h6_complement.py::FixedPointFactorTests::test_independent_residual_and_inverse_norm_arithmetic
tests/test_marginal_h6_complement.py::FixedPointFactorTests::test_signed_nearest_even_rounding
tests/test_marginal_h6_complement.py::ComplementProofTests::test_complete_coverage_and_interblock_couplings
tests/test_marginal_h6_complement.py::ComplementProofTests::test_factor_gap_and_response_use_the_same_physical_operator
tests/test_marginal_h6_complement.py::ComplementProofTests::test_factor_response_proposal_produces_checked_small_interval
tests/test_marginal_h6_complement.py::ComplementProofTests::test_frustrated_triangle_comparison_obstruction_with_physical_gap
tests/test_marginal_h6_complement.py::ComplementProofTests::test_opt_in_large_block_preserves_coverage_and_physical_gates
tests/test_marginal_h6_complement.py::ComplementProofTests::test_response_rank_obstruction_and_false_targets
tests/test_marginal_h6_complement.py::ComplementProofTests::test_saved_h6_global_interval_and_full_coverage_accounting
tests/test_marginal_h6_complement.py::ComplementProofTests::test_saved_h6_proofs_are_bound_and_replay_without_proposals
tests/test_marginal_h6_transfer.py::H6TransferTests::test_bare_larger_hamiltonian_reproduces_the_failed_selection
tests/test_marginal_h6_transfer.py::H6TransferTests::test_exact_retained_obstruction_and_false_claims
tests/test_marginal_h6_transfer.py::H6TransferTests::test_interleaving_signs_and_independent_integral_checks
tests/test_marginal_h6_transfer.py::H6TransferTests::test_updated_upper_does_not_make_the_row_gate_pass
tests/test_marginal_hopping.py::HoppingTests::test_corrupted_square_changes_safe_bound
tests/test_marginal_hopping.py::HoppingTests::test_exact_zero_hopping_certificate
tests/test_marginal_hopping.py::HoppingTests::test_hopping_residual_is_not_discarded
tests/test_marginal_hopping.py::HoppingTests::test_malformed_certificate_rejected
tests/test_marginal_hopping.py::HoppingTests::test_matched_spectrum_formula
tests/test_marginal_hopping.py::HoppingTests::test_solver_export_matches_known_quadratic_bound
tests/test_marginal_hopping.py::HoppingTests::test_wrong_scalar_is_charged_to_residual
tests/test_marginal_hopping_filter.py::HoppingFilterTests::test_actual_h8_correlated_chain_and_refusals
tests/test_marginal_hopping_filter.py::HoppingFilterTests::test_direct_merge_validation_uses_a_noneigenstate
tests/test_marginal_hopping_filter.py::HoppingFilterTests::test_edge_identity_exact_three_sizes
tests/test_marginal_hopping_filter.py::HoppingFilterTests::test_merge_shift_is_exact
tests/test_marginal_hopping_filter.py::HoppingFilterTests::test_two_and_three_correlated_blocks_by_direct_car
tests/test_marginal_hopping_telescope.py::test_all_fock_car_and_projected_matrix_agree_with_bit_swap
tests/test_marginal_hopping_telescope.py::test_periodic_car_coefficients_cancel
tests/test_marginal_hopping_telescope.py::test_exact_energy_accepts_safe_bound_refuses_unsafe_and_old_version
tests/test_marginal_hopping_telescope.py::test_hopping_coefficient_refusals[None]
tests/test_marginal_hopping_telescope.py::test_hopping_coefficient_refusals[0]
tests/test_marginal_hopping_telescope.py::test_hopping_coefficient_refusals[True]
tests/test_marginal_hopping_telescope.py::test_hopping_coefficient_refusals[0.1]
tests/test_marginal_hopping_telescope.py::test_hopping_coefficient_refusals[1/1000001]
tests/test_marginal_hopping_telescope.py::test_hopping_coefficient_refusals[1000001]
tests/test_marginal_hopping_telescope.py::test_hopping_coefficient_refusals[value6]
tests/test_marginal_hopping_telescope.py::test_hopping_coefficient_refusals[value7]
tests/test_marginal_hopping_telescope.py::test_hopping_dual_accepts_stationary_mixture_refuses_previous_separator
tests/test_marginal_hopping_telescope.py::test_hopping_dual_requires_full_mode_and_preserves_old_source_cap
tests/test_marginal_hubbard_polynomial.py::AnalyticHubbardCertificateTest::test_boundaries_and_corrupted_claims
tests/test_marginal_hubbard_polynomial.py::AnalyticHubbardCertificateTest::test_compiled_identity_against_actual_car_rows_including_valence
tests/test_marginal_hubbard_polynomial.py::AnalyticHubbardCertificateTest::test_exact_size_transfer_without_actions_or_sector_lifting
tests/test_marginal_hunt_car.py::CARTests::test_corrupted_identity_fails_independent_action
tests/test_marginal_hunt_car.py::CARTests::test_cubic_and_cubic_linear_antipairs
tests/test_marginal_hunt_car.py::CARTests::test_dqg_blocks
tests/test_marginal_hunt_car.py::CARTests::test_four_letter_words_match_independent_fock_action
tests/test_marginal_hunt_car.py::CARTests::test_scalable_family_and_exact_six_mode_ground_state
tests/test_marginal_hunt_car.py::CARTests::test_single_squares_retain_degree_six
tests/test_marginal_implicit_certificate.py::ImplicitCertificateTests::test_bad_metrics_and_variational_coordinates_are_rejected
tests/test_marginal_implicit_certificate.py::ImplicitCertificateTests::test_exact_transform_and_ill_conditioned_proposal
tests/test_marginal_implicit_certificate.py::ImplicitCertificateTests::test_implicit_upper_equals_independent_fock_rayleigh
tests/test_marginal_implicit_certificate.py::ImplicitCertificateTests::test_invalid_target_recipe_is_rejected_before_enrichment
tests/test_marginal_implicit_certificate.py::ImplicitCertificateTests::test_large_rational_receipts_preserve_exact_digits_and_budget
tests/test_marginal_implicit_certificate.py::ImplicitCertificateTests::test_saved_interval_replays_without_explicit_state_helpers
tests/test_marginal_implicit_certificate.py::ImplicitCertificateTests::test_saved_targeted_space_is_reconstructed
tests/test_marginal_implicit_certificate.py::ImplicitCertificateTests::test_upper_witness_krylov_moments_match_explicit_actions
tests/test_marginal_implicit_size.py::ImplicitSizeTests::test_complement_bound_covers_every_charge_and_spin_block
tests/test_marginal_implicit_size.py::ImplicitSizeTests::test_generalized_fixtures_preserve_old_model_and_break_new_charges
tests/test_marginal_implicit_size.py::ImplicitSizeTests::test_legacy_target_and_explicit_chain_have_identical_replay
tests/test_marginal_implicit_size.py::ImplicitSizeTests::test_size_metadata_and_reference_limits
tests/test_marginal_implicit_size.py::ImplicitSizeTests::test_twelve_mode_embedding_and_projected_operators_match_fock_oracle
tests/test_marginal_implicit_size.py::ImplicitSizeTests::test_twelve_mode_saved_energy_interval
tests/test_marginal_joint_charge_dp.py::JointChargeDPTests::test_eight_site_uniform_fixed_metric_limit
tests/test_marginal_joint_charge_dp.py::JointChargeDPTests::test_general_count_profile_matches_independent_fermionic_rows
tests/test_marginal_joint_charge_dp.py::JointChargeDPTests::test_joint_maximum_equals_independent_fermionic_rows
tests/test_marginal_joint_charge_dp.py::JointChargeDPTests::test_uniform_metric_and_refusal_gates
tests/test_marginal_joint_coefficient_constructor.py::JointCoefficientConstructorTests::test_analytic_mean_matches_small_sector_and_Q_normalization
tests/test_marginal_joint_coefficient_constructor.py::JointCoefficientConstructorTests::test_generated_orbits_and_vanishing_feature_identity
tests/test_marginal_joint_coefficient_constructor.py::JointCoefficientConstructorTests::test_small_bare_H_end_to_end_and_input_refusals
tests/test_marginal_joint_column_generation.py::ColumnGenerationTests::test_small_exact_export_and_input_refusals
tests/test_marginal_joint_family_limit.py::JointFamilyLimitTests::test_refuses_malformed_sources_and_claims
tests/test_marginal_joint_family_limit.py::JointFamilyLimitTests::test_refuses_trace_positivity_profile_and_fidelity_errors
tests/test_marginal_joint_family_limit.py::JointFamilyLimitTests::test_vacuum_and_full_mixture_independent_expectation
tests/test_marginal_joint_spinflip.py::SpinflipTests::test_mask_and_label_action_with_refusals
tests/test_marginal_joint_spinflip.py::SpinflipTests::test_small_reduced_discovery_full_export_and_cache_refusals
tests/test_marginal_local_energy_chain.py::LocalEnergyChainTests::test_batch_cache_recomputes_unique_local_proofs_and_rejects_bad_bounds
tests/test_marginal_local_energy_chain.py::LocalEnergyChainTests::test_global_tiling_remainder_and_overlap
tests/test_marginal_local_energy_chain.py::LocalEnergyChainTests::test_structural_rejections
tests/test_marginal_local_energy_chain.py::LocalEnergyChainTests::test_symbolic_periodic_tiling_identity
tests/test_marginal_local_energy_chain.py::LocalEnergyChainTests::test_weighted_window_and_distinct_tiling_size
tests/test_marginal_local_energy_chain.py::LocalEnergyChainTests::test_wrap_bond_two_t_norm_bound_is_psd
tests/test_marginal_local_hubbard_block.py::LocalBlockTests::test_complete_basis_and_original_car_congruence
tests/test_marginal_local_hubbard_block.py::LocalBlockTests::test_noncommuting_reflection_is_rejected
tests/test_marginal_local_hubbard_block.py::LocalBlockTests::test_refusals
tests/test_marginal_local_hubbard_block.py::LocalBlockTests::test_six_site_local_coverage_respects_existing_psd_cap
tests/test_marginal_local_hubbard_block.py::LocalBlockTests::test_tight_threshold_uses_amplitude_gram_not_state_labels
tests/test_marginal_local_hubbard_block.py::LocalBlockTests::test_weighted_profiles_and_centered_upper
tests/test_marginal_localized_basis.py::LocalizedBasisTests::test_exact_forward_inverse_spin_and_tampering_gates
tests/test_marginal_localized_basis.py::LocalizedBasisTests::test_random_dense_target_is_approximated_with_exact_orthogonality
tests/test_marginal_localized_basis.py::LocalizedBasisTests::test_rational_givens_handles_rotations_reflections_and_pi_chart
tests/test_marginal_localized_basis.py::LocalizedBasisTests::test_reference_seed_is_physical_and_selected_independently
tests/test_marginal_localized_basis.py::LocalizedBasisTests::test_target_source_hash_must_match_before_construction
tests/test_marginal_localized_search.py::LocalizedSearchTests::test_dictionary_contains_only_balanced_local_supports
tests/test_marginal_localized_search.py::LocalizedSearchTests::test_empty_seed_replays_and_dictionary_is_bounded
tests/test_marginal_localized_search.py::LocalizedSearchTests::test_no_overwrite
tests/test_marginal_lowdin_target.py::TestLowdinTarget::test_invalid_source_and_tolerance_refuse_before_pyscf
tests/test_marginal_lowdin_target.py::TestLowdinTarget::test_mismatch_is_visible
tests/test_marginal_lowdin_target.py::TestLowdinTarget::test_phase_alignment
tests/test_marginal_lowdin_target.py::TestLowdinTarget::test_phase_helper_dimension_and_finite_inputs
tests/test_marginal_molecular_components.py::MolecularComponentTests::test_connected_stress_replays_with_fixed_small_reference_blocks
tests/test_marginal_molecular_components.py::MolecularComponentTests::test_exact_graph_edges_absolute_radii_and_single_component_equivalence
tests/test_marginal_molecular_components.py::MolecularComponentTests::test_moment_replay_does_not_use_inverse_solves
tests/test_marginal_molecular_components.py::MolecularComponentTests::test_moment_response_equals_direct_solve_and_recurrence_is_exact
tests/test_marginal_molecular_components.py::MolecularComponentTests::test_reference_partition_covers_Q_and_norm_shift_is_required
tests/test_marginal_molecular_components.py::MolecularComponentTests::test_saved_component_methods_and_false_recipes
tests/test_marginal_molecular_components.py::MolecularComponentTests::test_spectral_thresholds_must_be_verified
tests/test_marginal_molecular_components.py::MolecularComponentTests::test_stronger_bound_and_uncoupled_low_component_gate
tests/test_marginal_molecular_gershgorin.py::MolecularGershgorinTests::test_matrix_matches_independent_ordered_occupation_oracle
tests/test_marginal_molecular_gershgorin.py::MolecularGershgorinTests::test_negative_schur_denominator_cannot_pass_positive_retained_matrix
tests/test_marginal_molecular_gershgorin.py::MolecularGershgorinTests::test_saved_certificates_and_false_witnesses
tests/test_marginal_molecule_accept.py::MoleculeAcceptanceTests::test_compact_molecular_interval_and_fixture_binding
tests/test_marginal_molecule_accept.py::MoleculeAcceptanceTests::test_quantization_budget_covers_actual_coefficient_change
tests/test_marginal_molecule_stress.py::StressFixtureTests::test_binary_nullspace_matches_exhaustive_symmetry_scan
tests/test_marginal_molecule_stress.py::StressFixtureTests::test_common_denominator_and_exact_l1_budget
tests/test_marginal_molecule_stress.py::StressFixtureTests::test_integer_upper_witness_replays
tests/test_marginal_moment_pricing.py::MomentPricingTests::test_pricing_matches_all_direct_atom_columns
tests/test_marginal_moment_pricing.py::MomentPricingTests::test_small_bare_online_export_without_full_dictionary
tests/test_marginal_monotone_transfer.py::MonotoneTransferTests::test_actual_target_reference_and_scope_refusals
tests/test_marginal_monotone_transfer.py::MonotoneTransferTests::test_contraction_zero_and_sign_reversal_without_state_actions
tests/test_marginal_monotone_transfer.py::MonotoneTransferTests::test_energy_gap_dispatch_binds_outer_hamiltonian_and_full_valence
tests/test_marginal_monotone_transfer.py::MonotoneTransferTests::test_target_may_have_a_sign_changing_spectator_amplitude
tests/test_marginal_number_quotient.py::NumberQuotientTests::test_boundaries_and_refusals
tests/test_marginal_number_quotient.py::NumberQuotientTests::test_exact_witness_and_degree_on_every_small_slice
tests/test_marginal_number_quotient.py::NumberQuotientTests::test_two_spin_exact_identity_without_actions_or_full_population_lift
tests/test_marginal_occupation_simplex.py::OccupationSimplexTests::test_all_supported_charts_against_independent_car_rows
tests/test_marginal_occupation_simplex.py::OccupationSimplexTests::test_ineligible_and_invalid_chart_refusal
tests/test_marginal_orbit_certificate.py::OrbitCertificateTests::test_asymmetric_direct_squares_are_not_averaged
tests/test_marginal_orbit_certificate.py::OrbitCertificateTests::test_charged_square_and_fermionic_permutation
tests/test_marginal_orbit_certificate.py::OrbitCertificateTests::test_fast_permutation_matches_general_car_normal_ordering
tests/test_marginal_orbit_certificate.py::OrbitCertificateTests::test_invalid_charge_weights_and_permutations_rejected
tests/test_marginal_orbit_certificate.py::OrbitCertificateTests::test_residual_is_charged_exactly
tests/test_marginal_orbit_certificate.py::OrbitCertificateTests::test_saved_compact_certificate_replays
tests/test_marginal_orbit_certificate.py::OrbitCertificateTests::test_scalar_residual_normalization_preserves_lower_bound
tests/test_marginal_orbit_certificate.py::OrbitCertificateTests::test_single_annihilator_square_is_allowed
tests/test_marginal_orbit_quartic.py::OrbitQuarticTests::test_exact_replay
tests/test_marginal_orbit_quartic.py::OrbitQuarticTests::test_group_and_action
tests/test_marginal_orbit_quartic.py::OrbitQuarticTests::test_projection_is_psd
tests/test_marginal_orbital_rotation.py::OrbitalRotationTests::test_actual_h6_diagnostic
tests/test_marginal_orbital_rotation.py::OrbitalRotationTests::test_car_and_spin_preserving_map
tests/test_marginal_orbital_rotation.py::OrbitalRotationTests::test_rational_rotation_inverse_recovers_one_and_two_body_polynomial
tests/test_marginal_orbital_rotation.py::OrbitalRotationTests::test_refuse_invalid_rotation
tests/test_marginal_pair_probe.py::PairProbeTests::test_degree_six_number_multiplier_cancels_quartic_factor
tests/test_marginal_pair_probe.py::PairProbeTests::test_polynomial_transform_reproduces_requested_operators
tests/test_marginal_pair_probe.py::PairProbeTests::test_quartic_square_requires_opt_in_and_retains_degree_eight
tests/test_marginal_pair_probe.py::PairProbeTests::test_requested_square_is_diagonal_not_pair_coherence
tests/test_marginal_pair_probe.py::PairProbeTests::test_span_discovery_exports_valid_quartic_certificate
tests/test_marginal_polynomial_metric.py::PolynomialMetricTests::test_energy_and_reference_transfer_bind_hamiltonian_threshold_and_full_valence
tests/test_marginal_polynomial_metric.py::PolynomialMetricTests::test_exact_nonsingleton_separator_and_residual_gate
tests/test_marginal_polynomial_metric.py::PolynomialMetricTests::test_global_positivity_certificate_and_refusals
tests/test_marginal_polynomial_metric.py::PolynomialMetricTests::test_joint_numerator_matches_every_physical_row_and_excludes_target_valence
tests/test_marginal_polynomial_metric.py::PolynomialMetricTests::test_number_ideal_completion_is_an_exact_polynomial_identity
tests/test_marginal_polynomial_metric.py::PolynomialMetricTests::test_separator_reconstructs_the_actual_polynomial
tests/test_marginal_polynomial_metric.py::PolynomialMetricTests::test_slice_reduction_and_strict_metric_or_sign_refusals
tests/test_marginal_polynomial_metric.py::PolynomialMetricTests::test_zero_metric_keeps_local_chain_degree_bounded_at_eight_sites
tests/test_marginal_polynomial_metric.py::PolynomialMetricTests::test_zero_valence_metric_removes_projector_without_losing_rows
tests/test_marginal_polynomial_sos.py::PolynomialSquareTests::test_complete_square_basis_and_actual_polynomial_binding
tests/test_marginal_polynomial_sos.py::PolynomialSquareTests::test_fraction_free_positive_singular_and_indefinite_matrices
tests/test_marginal_polynomial_sos.py::PolynomialSquareTests::test_rank_one_denominator_scaling_preserves_psd_and_refusals
tests/test_marginal_projector_extendibility.py::ProjectorExtendibilityTests::test_reflection_and_spin_projector_gates
tests/test_marginal_projector_extendibility.py::ProjectorExtendibilityTests::test_replay_refuses_unsound_or_malformed_certificates
tests/test_marginal_projector_extendibility.py::ProjectorExtendibilityTests::test_replay_valid_penalized_certificate
tests/test_marginal_projector_extendibility.py::ProjectorExtendibilityTests::test_three_window_bound_and_product_state_edge
tests/test_marginal_projector_extendibility.py::ProjectorExtendibilityTests::test_two_window_exact_ceiling_and_rejects_too_small
tests/test_marginal_quadratic_charge_family_limit.py::test_full_quadratic_family_checks_all_six_moments_and_physical_energy
tests/test_marginal_quadratic_charge_family_limit.py::test_previously_accepted_free_profile_dual_fails_quadratic_constraint
tests/test_marginal_quadratic_charge_family_limit.py::test_one_extra_independent_row_permits_only_one_extra_source
tests/test_marginal_quadratic_charge_telescope.py::test_local_full_fock_psd_matches_independent_three_pair_energy
tests/test_marginal_quadratic_charge_telescope.py::test_all_quadratic_components_are_reflection_odd_and_periodic_sum_is_zero
tests/test_marginal_quadratic_charge_telescope.py::test_malformed_or_noncanonical_compact_terms_refused[terms0]
tests/test_marginal_quadratic_charge_telescope.py::test_malformed_or_noncanonical_compact_terms_refused[terms1]
tests/test_marginal_quadratic_charge_telescope.py::test_malformed_or_noncanonical_compact_terms_refused[terms2]
tests/test_marginal_quadratic_charge_telescope.py::test_malformed_or_noncanonical_compact_terms_refused[terms3]
tests/test_marginal_quadratic_charge_telescope.py::test_malformed_or_noncanonical_compact_terms_refused[terms4]
tests/test_marginal_quadratic_charge_telescope.py::test_malformed_or_noncanonical_compact_terms_refused[terms5]
tests/test_marginal_quadratic_charge_telescope.py::test_malformed_or_noncanonical_compact_terms_refused[terms6]
tests/test_marginal_quadratic_charge_telescope.py::test_malformed_or_noncanonical_compact_terms_refused[terms7]
tests/test_marginal_quadratic_charge_telescope.py::test_old_energy_version_refuses_compact_quadratic_field
tests/test_marginal_quartic_scan.py::QuarticScanTests::test_density_dressed_has_quartic_words
tests/test_marginal_quartic_scan.py::QuarticScanTests::test_quartet_has_creator_and_annihilator_sectors
tests/test_marginal_range_two_density.py::test_full_fock_lower_matches_independent_diagonal_minimum[profile0]
tests/test_marginal_range_two_density.py::test_full_fock_lower_matches_independent_diagonal_minimum[profile1]
tests/test_marginal_range_two_density.py::test_periodic_range_two_cover_and_two_opening_bonds_on_all_determinants
tests/test_marginal_range_two_density.py::test_nonzero_range_two_cannot_be_smuggled_into_old_version
tests/test_marginal_range_two_density.py::test_malformed_range_two_target_or_profile_refused[W-None]
tests/test_marginal_range_two_density.py::test_malformed_range_two_target_or_profile_refused[W-0.2]
tests/test_marginal_range_two_density.py::test_malformed_range_two_target_or_profile_refused[profile-value2]
tests/test_marginal_range_two_density.py::test_malformed_range_two_target_or_profile_refused[profile-value3]
tests/test_marginal_range_two_density.py::test_malformed_range_two_target_or_profile_refused[profile-value4]
tests/test_marginal_range_two_density.py::test_malformed_range_two_target_or_profile_refused[profile-value5]
tests/test_marginal_range_two_density.py::test_malformed_range_two_target_or_profile_refused[kind-local_hubbard_block_v1]
tests/test_marginal_range_two_family_limit.py::test_independent_vacuum_full_energy_for_fixed_range_two_profile[W0]
tests/test_marginal_range_two_family_limit.py::test_independent_vacuum_full_energy_for_fixed_range_two_profile[W1]
tests/test_marginal_range_two_family_limit.py::test_independent_vacuum_full_energy_for_fixed_range_two_profile[W2]
tests/test_marginal_range_two_family_limit.py::test_wrong_profile_claim_and_inherited_constraint_refusals
tests/test_marginal_range_two_family_limit.py::test_nearest_only_verifier_refuses_range_two_fields
tests/test_marginal_range_two_transfer.py::test_range_two_transfer_matches_expanded_filtered_physical_state[1-W0]
tests/test_marginal_range_two_transfer.py::test_range_two_transfer_matches_expanded_filtered_physical_state[2-W1]
tests/test_marginal_range_two_transfer.py::test_range_two_transfer_matches_expanded_filtered_physical_state[3-W2]
tests/test_marginal_range_two_transfer.py::test_zero_range_two_agrees_with_original_transfer
tests/test_marginal_range_two_transfer.py::test_invalid_range_two_coefficients_refused[0.1]
tests/test_marginal_range_two_transfer.py::test_invalid_range_two_coefficients_refused[True]
tests/test_marginal_range_two_transfer.py::test_invalid_range_two_coefficients_refused[1/1000001]
tests/test_marginal_range_two_transfer.py::test_invalid_range_two_coefficients_refused[1000001]
tests/test_marginal_residual_polish.py::ResidualPolishTests::test_disconnected_residual_components_get_independent_positive_scales
tests/test_marginal_residual_polish.py::ResidualPolishTests::test_existing_pair_direction_is_merged_without_duplicate_atoms
tests/test_marginal_residual_polish.py::ResidualPolishTests::test_fixed_nonconstant_metric_pair_rescaling_recovers_exact_boundary
tests/test_marginal_reynolds.py::ReynoldsTests::test_projection_matches_direct_polynomial_average
tests/test_marginal_reynolds_pricing.py::ReynoldsPricingTests::test_exact_refusals_and_particle_hole_identity
tests/test_marginal_reynolds_pricing.py::ReynoldsPricingTests::test_full_group_columns_metric_and_dual_pricing
tests/test_marginal_scaled_residual.py::ScaledResidualTests::test_complete_physical_replay_version_and_coverage_gates
tests/test_marginal_scaled_residual.py::ScaledResidualTests::test_constructor_preserves_stronger_scaling_and_checks_proposals
tests/test_marginal_scaled_residual.py::ScaledResidualTests::test_exact_refinement_increases_full_bound_without_changing_original_metric
tests/test_marginal_scaled_residual.py::ScaledResidualTests::test_fresh_numerical_scaling_uses_same_exact_physical_gate
tests/test_marginal_scaled_residual.py::ScaledResidualTests::test_nonconstant_original_metric_and_mixed_sign_pairs_reconstruct_exactly
tests/test_marginal_scaled_residual.py::ScaledResidualTests::test_scaling_rejects_nonpositive_wrong_length_bool_and_unbounded_values
tests/test_marginal_schur_transfer.py::SchurTransferTests::test_complementary_spin_blocks_cover_full_fermionic_spectrum
tests/test_marginal_schur_transfer.py::SchurTransferTests::test_exact_interval_improves_native_sos_width
tests/test_marginal_schur_transfer.py::SchurTransferTests::test_ldl_rejects_indefinite_and_nonsymmetric_matrices
tests/test_marginal_schur_transfer.py::SchurTransferTests::test_parity_and_resolved_certificates_are_exact_and_tighter
tests/test_marginal_schur_transfer.py::SchurTransferTests::test_projected_square_matches_all_spin_bitstrings
tests/test_marginal_schur_transfer.py::SchurTransferTests::test_rejects_wrong_hamiltonian_and_failed_lower
tests/test_marginal_schur_transfer.py::SchurTransferTests::test_search_rejects_invalid_tolerance
tests/test_marginal_schur_transfer.py::SchurTransferTests::test_spin_parity_complement_thresholds_against_all_bitstrings
tests/test_marginal_schur_transfer.py::SchurTransferTests::test_upper_witness_is_recomputed_and_validated
tests/test_marginal_sector_reference.py::SectorReferenceTests::test_all_sector_reference_matches_independent_fermionic_matrix
tests/test_marginal_sector_reference.py::SectorReferenceTests::test_complete_cubic_includes_every_pure_triple_once
tests/test_marginal_sector_reference.py::SectorReferenceTests::test_pd_test_handles_singular_and_indefinite_cases
tests/test_marginal_sector_reference.py::SectorReferenceTests::test_reference_binds_actual_hamiltonian
tests/test_marginal_signed_atoms.py::SignedAtomTests::test_active_pairs_add_fill_and_preserve_atom_multiplier_rows
tests/test_marginal_signed_atoms.py::SignedAtomTests::test_bad_atom_fields_rejected
tests/test_marginal_signed_atoms.py::SignedAtomTests::test_basis_allows_more_basic_row_slacks_than_columns_and_rejects_bad_statuses
tests/test_marginal_signed_atoms.py::SignedAtomTests::test_complete_pair_pricing_finds_pair_outside_sampled_supports
tests/test_marginal_signed_atoms.py::SignedAtomTests::test_complete_physical_constructor_and_missing_q_rejection
tests/test_marginal_signed_atoms.py::SignedAtomTests::test_complete_support_pricing_and_exact_export
tests/test_marginal_signed_atoms.py::SignedAtomTests::test_dictionary_preserves_final_priced_cuts_and_inactive_fill_pairs
tests/test_marginal_signed_atoms.py::SignedAtomTests::test_initial_exact_atoms_survive_exhausted_discovery_budget
tests/test_marginal_signed_atoms.py::SignedAtomTests::test_local_eigenvector_pricing_returns_nonflat_rational_directions
tests/test_marginal_signed_atoms.py::SignedAtomTests::test_metric_is_squared_in_bound
tests/test_marginal_signed_atoms.py::SignedAtomTests::test_mixed_sign_exact_residual
tests/test_marginal_signed_atoms.py::SignedAtomTests::test_native_basis_remaps_interleaved_fill_and_pending_atom_rows
tests/test_marginal_signed_atoms.py::SignedAtomTests::test_native_basis_roundtrip_and_semantic_refusal
tests/test_marginal_signed_atoms.py::SignedAtomTests::test_native_proposal_handles_negative_threshold_and_all_pairs
tests/test_marginal_signed_atoms.py::SignedAtomTests::test_overstated_target_rejected
tests/test_marginal_signed_atoms.py::SignedAtomTests::test_physical_rational_certificate_has_distinct_version_gate
tests/test_marginal_signed_atoms.py::SignedAtomTests::test_rational_amplitudes_reconstruct_and_use_quadratic_node_coefficients
tests/test_marginal_signed_atoms.py::SignedAtomTests::test_same_support_different_signs_reconstructs_exactly
tests/test_marginal_signed_atoms.py::SignedAtomTests::test_saved_h6_all_pair_signed_certificate
tests/test_marginal_signed_atoms.py::SignedAtomTests::test_support_balancing_selects_pairs_despite_more_negative_quadruples
tests/test_marginal_signed_charge_telescope.py::test_disjoint_complete_pattern_basis_symmetry
tests/test_marginal_signed_charge_telescope.py::test_full_fock_operator_and_psd_against_independent_pattern_sum
tests/test_marginal_signed_charge_telescope.py::test_noncanonical_or_inexact_pattern_coefficients_refused[value0]
tests/test_marginal_signed_charge_telescope.py::test_noncanonical_or_inexact_pattern_coefficients_refused[value1]
tests/test_marginal_signed_charge_telescope.py::test_noncanonical_or_inexact_pattern_coefficients_refused[value2]
tests/test_marginal_signed_charge_telescope.py::test_noncanonical_or_inexact_pattern_coefficients_refused[value3]
tests/test_marginal_signed_charge_telescope.py::test_noncanonical_or_inexact_pattern_coefficients_refused[value4]
tests/test_marginal_signed_charge_telescope.py::test_noncanonical_or_inexact_pattern_coefficients_refused[value5]
tests/test_marginal_signed_charge_telescope.py::test_noncanonical_or_inexact_pattern_coefficients_refused[value6]
tests/test_marginal_signed_clique.py::SignedCliqueTests::test_h6_signed_residual_obstruction_and_old_cover_refusal
tests/test_marginal_signed_clique.py::SignedCliqueTests::test_identity_repair_restores_cliques_without_breaking_pair_caps
tests/test_marginal_signed_clique.py::SignedCliqueTests::test_independent_dual_matrix_trace_and_both_edge_signs
tests/test_marginal_signed_clique.py::SignedCliqueTests::test_nonclique_signed_square_escapes_balanced_family
tests/test_marginal_signed_clique.py::SignedCliqueTests::test_subset_support_extends_by_zero_and_rejects_p_states
tests/test_marginal_singlet_h8_research.py::SingletH8ResearchTests::test_exact_interval
tests/test_marginal_singlet_h8_research.py::SingletH8ResearchTests::test_unproved_lower_and_invalid_upper_refused
tests/test_marginal_singlet_h8_research.py::SingletH8ResearchTests::test_wrong_hamiltonian_and_response_budget_refused
tests/test_marginal_singlet_h8_research.py::SingletH8ResearchTests::test_wrong_spin_basis_and_theorem_refused
tests/test_marginal_singlet_moment_energy.py::SingletMomentEnergyTests::test_exact_moment_energy_interval
tests/test_marginal_singlet_moment_energy.py::SingletMomentEnergyTests::test_recurrence_and_upper_exact_scalar_sanity
tests/test_marginal_singlet_moment_energy.py::SingletMomentEnergyTests::test_refuse_unproved_lower_and_bad_upper
tests/test_marginal_singlet_moment_energy.py::SingletMomentEnergyTests::test_second_response_block_and_fixed_moment_budget
tests/test_marginal_six_site_projector.py::SixSiteProjectorTests::test_actual_cyclic_two_window_gram_by_independent_tensor_embedding
tests/test_marginal_six_site_projector.py::SixSiteProjectorTests::test_ceiling_one_rejects_cyclic_source
tests/test_marginal_six_site_projector.py::SixSiteProjectorTests::test_extended_energy_refuses_target_and_symmetry_mismatches
tests/test_marginal_six_site_projector.py::SixSiteProjectorTests::test_five_window_spin_counts_include_both_environments
tests/test_marginal_six_site_projector.py::SixSiteProjectorTests::test_higher_window_dimensions
tests/test_marginal_six_site_projector.py::SixSiteProjectorTests::test_refusals_happen_before_gram_construction
tests/test_marginal_six_site_projector.py::SixSiteProjectorTests::test_window_gram_dimensions_and_support
tests/test_marginal_sparse_response.py::SparseResponseTests::test_gap_rank_and_response_support_gates
tests/test_marginal_sparse_response.py::SparseResponseTests::test_noncommuting_bound_monotonicity_and_exact_full_response
tests/test_marginal_sparse_response.py::SparseResponseTests::test_optimized_expression_equals_explicit_residual_bound
tests/test_marginal_sparse_response.py::SparseResponseTests::test_proposer_reconstructs_without_full_sector_eigensolve
tests/test_marginal_sparse_response.py::SparseResponseTests::test_saved_replay_uses_only_small_response_solve
tests/test_marginal_sparse_upper.py::SparseUpperTests::test_exact_rayleigh_residual_and_witness_validation
tests/test_marginal_sparse_upper.py::SparseUpperTests::test_physical_krylov_proposer_on_small_full_response
tests/test_marginal_sparse_upper.py::SparseUpperTests::test_saved_upper_replay_and_monotone_history
tests/test_marginal_spin_constructor.py::DirectSpinConstructorTests::test_bare_constructor_ignores_poisoned_proofs_and_uses_only_reduced_states
tests/test_marginal_spin_constructor.py::DirectSpinConstructorTests::test_disconnected_bad_reference_is_not_accepted
tests/test_marginal_spin_constructor.py::DirectSpinConstructorTests::test_explicit_sector_budget_rejects_before_enumeration
tests/test_marginal_spin_constructor.py::DirectSpinConstructorTests::test_saved_bare_h6_interval_and_provenance
tests/test_marginal_spin_reduction.py::SpinReductionTests::test_exact_spin_projection_and_approximate_symmetry_rejection
tests/test_marginal_spin_reduction.py::SpinReductionTests::test_high_spin_ground_state_without_spin_adapted_reference
tests/test_marginal_spin_reduction.py::SpinReductionTests::test_original_spin_breaking_is_transferred_by_recomputed_norm_bound
tests/test_marginal_spin_reduction.py::SpinReductionTests::test_saved_h6_reduced_global_interval
tests/test_marginal_spin_reduction.py::SpinReductionTests::test_sector_symmetry_and_coverage_tampering
tests/test_marginal_spin_reduction.py::SpinReductionTests::test_sharper_gap_retarget_rechecks_and_preserves_outputs
tests/test_marginal_spin_telescope.py::test_all_spin_components_against_independent_local_spin_actions
tests/test_marginal_spin_telescope.py::test_projected_spin_image_has_no_discarded_components
tests/test_marginal_spin_telescope.py::test_spin_pair_translates_cancel_exactly
tests/test_marginal_spin_telescope.py::test_exact_energy_accepts_safe_refuses_unsafe_and_old_version
tests/test_marginal_spin_telescope.py::test_spin_coefficient_refusals[source0]
tests/test_marginal_spin_telescope.py::test_spin_coefficient_refusals[source1]
tests/test_marginal_spin_telescope.py::test_spin_coefficient_refusals[source2]
tests/test_marginal_spin_telescope.py::test_spin_coefficient_refusals[source3]
tests/test_marginal_spin_telescope.py::test_spin_coefficient_refusals[source4]
tests/test_marginal_spin_telescope.py::test_spin_coefficient_refusals[source5]
tests/test_marginal_spin_telescope.py::test_spin_coefficient_refusals[source6]
tests/test_marginal_spin_telescope.py::test_spin_coefficient_refusals[source7]
tests/test_marginal_spin_telescope.py::test_spin_family_acceptance_and_previous_violated_witness_refusal
tests/test_marginal_spin_telescope.py::test_spin_family_mode_and_old_source_cap_preserved
tests/test_marginal_spin_temple.py::SpinTempleTests::test_compression_replays_premises_without_trusting_old_endpoints
tests/test_marginal_spin_temple.py::SpinTempleTests::test_direct_and_transferred_atom_gap_rebuild_physical_hamiltonian
tests/test_marginal_spin_temple.py::SpinTempleTests::test_exact_inertia_including_zero_pivots_and_nullspaces
tests/test_marginal_spin_temple.py::SpinTempleTests::test_fresh_transfer_does_not_call_full_energy_response_or_new_factors
tests/test_marginal_spin_temple.py::SpinTempleTests::test_original_hamiltonian_transfer_is_separate
tests/test_marginal_spin_temple.py::SpinTempleTests::test_rejects_bad_gap_count_sector_symmetry_and_excited_witness
tests/test_marginal_spin_temple.py::SpinTempleTests::test_saved_h6_prefixes_and_combined_reference_norm_proof
tests/test_marginal_spin_temple.py::SpinTempleTests::test_temple_with_degenerate_threshold_and_full_witness_variance
tests/test_marginal_spin_transfer.py::SpinTransferTests::test_connected_reference_gap_and_separate_original_transfer
tests/test_marginal_spin_transfer.py::SpinTransferTests::test_false_threshold_reference_and_actual_response_are_rejected
tests/test_marginal_spin_transfer.py::SpinTransferTests::test_saved_connected_h6_intervals_keep_small_reference_factors
tests/test_marginal_spin_transfer.py::SpinTransferTests::test_transfer_constructs_upper_and_response_without_new_factors
tests/test_marginal_spin_transfer.py::SpinTransferTests::test_two_sided_norm_squares_and_false_identities
tests/test_marginal_stabilizer.py::StabilizerTests::test_selected_dictionary_split_is_complete_and_validated
tests/test_marginal_stabilizer.py::StabilizerTests::test_subspaces_cover_each_original_dictionary
tests/test_marginal_symbolic.py::SymbolicTests::test_changed_number_is_not_silently_accepted
tests/test_marginal_symbolic.py::SymbolicTests::test_compressed_multiplier_and_malformed_orbit
tests/test_marginal_symbolic.py::SymbolicTests::test_exact_triple_identity
tests/test_marginal_symbolic.py::SymbolicTests::test_invalid_coefficients_and_nonhermitian_multiplier_rejected
tests/test_marginal_symbolic.py::SymbolicTests::test_number_identity_including_large_and_edge_sectors
tests/test_marginal_symbolic.py::SymbolicTests::test_saved_hopping_certificate_without_numpy
tests/test_marginal_symbolic.py::SymbolicTests::test_scalar_and_factor_corruption_charged_to_residual
tests/test_marginal_symmetry_moments.py::SymmetryMomentsTests::test_all_four_site_signed_orbit_actions
tests/test_marginal_symmetry_moments.py::SymmetryMomentsTests::test_bad_symmetry_and_boundary_refused
tests/test_marginal_symmetry_moments.py::SymmetryMomentsTests::test_moments_through_fourteen_against_direct_car
tests/test_marginal_symmetry_moments.py::SymmetryMomentsTests::test_nonuniform_bipartite_ring_moments
tests/test_marginal_symmetry_transfer.py::SymmetryTransferTests::test_hopping_transfer_identity_is_exact
tests/test_marginal_symmetry_transfer.py::SymmetryTransferTests::test_upper_is_exactly_recomputed_not_trusted
tests/test_marginal_symmetry_transfer.py::SymmetryTransferTests::test_upper_rejects_invalid_vectors
tests/test_marginal_targeting_bound.py::TargetingBoundTests::test_exact_step_gate_accepts_and_rejects_inaccurate_vectors
tests/test_marginal_targeting_bound.py::TargetingBoundTests::test_excitation_inertia_and_open_gap_rejection
tests/test_marginal_targeting_bound.py::TargetingBoundTests::test_middle_target_is_bound_to_its_actual_reconstructed_vector
tests/test_marginal_targeting_bound.py::TargetingBoundTests::test_residual_step_and_variance_with_internal_error
tests/test_marginal_targeting_bound.py::TargetingBoundTests::test_saved_chain_convergence_is_recomputed_and_tampering_rejected
tests/test_marginal_tiled_upper.py::TiledUpperTests::test_exact_nonzero_remainder_and_extensive_upper
tests/test_marginal_tiled_upper.py::TiledUpperTests::test_known_upper_replays_exactly
tests/test_marginal_tiled_upper.py::TiledUpperTests::test_rejects_altered_hamiltonian_before_oracle
tests/test_marginal_tiled_upper.py::TiledUpperTests::test_rejects_bad_boundary_data
tests/test_marginal_tiled_upper.py::TiledUpperTests::test_rejects_bad_coefficients
tests/test_marginal_tiled_upper.py::TiledUpperTests::test_rejects_shape_and_colliding_state_labels
tests/test_marginal_tiled_upper.py::TiledUpperTests::test_tiling_remainder_requires_physical_local_certificate
tests/test_marginal_transfer.py::TransferTests::test_exact_upper_is_variational
tests/test_marginal_transfer.py::TransferTests::test_graph_is_connected_when_delta_positive
tests/test_marginal_transfer.py::TransferTests::test_saved_certificates_replay_and_have_upper_interval
tests/test_marginal_transfer.py::TransferTests::test_upper_claim_is_ignored_and_tampering_rejected
tests/test_marginal_valence_reference.py::ValenceReferenceTests::test_atom_gap_transfers_to_new_hopping_without_q_factor
tests/test_marginal_valence_reference.py::ValenceReferenceTests::test_full_small_interval_uses_empty_dd_gap_and_own_singlet_upper
tests/test_marginal_valence_reference.py::ValenceReferenceTests::test_precision_and_budget_gates_precede_writing
tests/test_marginal_valence_states.py::ValenceStatesTests::test_dimer_witness_is_exact_nonzero_singlet
tests/test_marginal_valence_states.py::ValenceStatesTests::test_direct_states_equal_single_occupation_projector
tests/test_marginal_valence_states.py::ValenceStatesTests::test_limits_fail_explicitly_instead_of_truncating
tests/test_marginal_window_family_bound.py::WindowFamilyBoundTests::test_affine_rayleigh_matches_actual_profile_actions
tests/test_marginal_window_family_bound.py::WindowFamilyBoundTests::test_exact_rectangle_upper
tests/test_marginal_window_family_bound.py::WindowFamilyBoundTests::test_refusal_gates
tests/test_marginal_window_family_bound.py::WindowFamilyBoundTests::test_sharp_fixture_and_actual_witness_tamper
tests/test_mission_policy_cover.py::PolicyCoverTests::test_bounded_exact_inputs
tests/test_mission_policy_cover.py::PolicyCoverTests::test_contradictory_evidence_and_noise_floor
tests/test_mission_policy_cover.py::PolicyCoverTests::test_exact_construction_and_replay
tests/test_mission_policy_cover.py::PolicyCoverTests::test_holes_cannot_prove_impossibility
tests/test_mission_policy_cover.py::PolicyCoverTests::test_point_optimum_is_not_global_lower_bound
tests/test_mission_policy_cover.py::PolicyCoverTests::test_two_step_conservation_and_heat_models
tests/test_mission_policy_cover.py::PolicyCoverTests::test_unobserved_region_remains_possible
tests/test_pauli.py::PauliTests::test_closure_and_budget
tests/test_pauli.py::PauliTests::test_exact_products_and_commutator
tests/test_pauli.py::PauliTests::test_rejects_bad_inputs
tests/test_pauli.py::PauliTests::test_residual_and_adjacency
tests/test_pauli.py::PauliTests::test_row_orientation
tests/test_repair_realization.py::RealizationTests::test_discovers_delayed_rank_and_updates
tests/test_repair_realization.py::RealizationTests::test_insufficient_data_requests_experiment
tests/test_repair_realization.py::RealizationTests::test_malformed_evidence_has_explicit_refusal
tests/test_repair_realization.py::RealizationTests::test_missing_order_bound_and_inconsistent_records
tests/test_repair_realization.py::RealizationTests::test_self_consistent_fabrication_cannot_replace_evidence
tests/test_repair_realization.py::RealizationTests::test_tamper_initialization_and_interfaces
tests/test_repair_realization.py::RealizationTests::test_uncertainty_cannot_be_rounded_into_proof
tests/test_repair_realization.py::RealizationTests::test_zero_system
tests/test_scaling.py::ScalingTests::test_complete_result_has_verified_zero_residual
tests/test_scaling.py::ScalingTests::test_small_complete_and_cap
tests/test_scaling.py::ScalingTests::test_xx_labels
tests/test_stabilizer.py::StabilizerDiagnosticTests::test_bridge_outside_buffer_is_witness
tests/test_stabilizer.py::StabilizerDiagnosticTests::test_buffer_containing_bridge_passes
tests/test_stabilizer.py::StabilizerDiagnosticTests::test_rejects_bad_region_and_dimensions
tests/test_stabilizer.py::StabilizerDiagnosticTests::test_rejects_noncommuting_css_generators
tests/test_stabilizer.py::StabilizerDiagnosticTests::test_small_repetition_like_patch_passes
tests/test_v10_exp_readout.py::ReadoutTests::test_exact_and_cancellation
tests/test_v10_exp_readout.py::ReadoutTests::test_independent_complex_enclosures
tests/test_v10_exp_readout.py::ReadoutTests::test_refusals_are_bounded
tests/test_v10_exp_readout.py::ReadoutTests::test_shared_exponents_total_budget
tests/test_v10_reference.py::V10ReferenceTests::test_basis_round_trip
tests/test_v10_reference.py::V10ReferenceTests::test_complete_two_qubit_output_against_dense_unitary
tests/test_v10_reference.py::V10ReferenceTests::test_construct_and_complete_recurrence
tests/test_v10_reference.py::V10ReferenceTests::test_local_column_matches_dense_commutator_n1_and_n2
tests/test_v10_reference.py::V10ReferenceTests::test_rejects_caps
tests/test_v10_reference.py::V10ReferenceTests::test_rejects_missing_initial_hermiticity_and_recurrence_tampering
tests/test_v10_reference.py::V10ReferenceTests::test_repeated_frequency_and_zero_initial_condition
tests/test_v11_guarded_taylor.py::GuardTests::test_identical_outputs_and_independent_checks
tests/test_v11_guarded_taylor.py::GuardTests::test_integer_comparison_equals_rational_inequality
tests/test_v11_guarded_taylor.py::GuardTests::test_stationary_and_invalid_mode
tests/test_v11_guarded_taylor.py::GuardTests::test_strict_boundary_zero_and_distinct_guards
tests/test_v11_matrix_taylor.py::MatrixTaylorTests::test_dense_physical_action_independent
tests/test_v11_matrix_taylor.py::MatrixTaylorTests::test_every_two_qubit_pauli_column_matches_original
tests/test_v11_matrix_taylor.py::MatrixTaylorTests::test_exact_polynomial_and_certificate_equality
tests/test_v11_matrix_taylor.py::MatrixTaylorTests::test_pre_kernel_overflow_falls_back_exactly
tests/test_v11_matrix_taylor.py::MatrixTaylorTests::test_rational_initial_and_stationary
tests/test_v11_matrix_taylor.py::MatrixTaylorTests::test_refusals_and_no_truncation
tests/test_v12_small_cover.py::SmallCoverTests::test_budget_and_partition_refusals
tests/test_v12_small_cover.py::SmallCoverTests::test_complete_lower_degree_and_residual_sign
tests/test_v12_small_cover.py::SmallCoverTests::test_disabled_and_ordinary_success_match_baseline
tests/test_v12_small_cover.py::SmallCoverTests::test_fixed_residual_bound_and_exact_reconstruction
tests/test_v2_chain.py::ChainTests::test_density_spectrum_and_zero_visibility_boundary
tests/test_v2_chain.py::ChainTests::test_full_menu_risks_and_increasing_marginals
tests/test_v2_chain.py::ChainTests::test_resource_and_type_bounds
tests/test_v2_exact_boundaries.py::ExactBoundaryTests::test_all_failed_map_complementarity_cases
tests/test_v2_exact_boundaries.py::ExactBoundaryTests::test_binomial_tail_against_exhaustive_noise_sequences
tests/test_v2_exact_boundaries.py::ExactBoundaryTests::test_malformed_learning_certificates_and_horizons
tests/test_v2_integration.py::TransferTests::test_abstain_on_insufficient_or_rank_deficient_calibration
tests/test_v2_integration.py::TransferTests::test_certificate_cannot_establish_class_membership
tests/test_v2_integration.py::TransferTests::test_compiled_channel_matches_born_distribution
tests/test_v2_integration.py::TransferTests::test_no_truth_needed_by_acquisition_and_holdout_transfer
tests/test_v2_integration.py::TransferTests::test_small_end_to_end_result
tests/test_v2_integration.py::TransferTests::test_wrong_prefix_breaks_B_channel
tests/test_v2_laws.py::LawTests::test_learn_and_predict
tests/test_v2_laws.py::LawTests::test_overdetermined_and_inconsistent
tests/test_v2_laws.py::LawTests::test_rank_deficient_abstains
tests/test_v2_laws.py::LawTests::test_unseen_and_tamper
tests/test_v2_laws.py::LawTests::test_validation
tests/test_v2_physics.py::PhysicsTests::test_density_and_born
tests/test_v2_physics.py::PhysicsTests::test_parity_shared_by_calibration_and_target
tests/test_v2_physics.py::PhysicsTests::test_validation
tests/test_v2_policy.py::PolicyTests::test_all_actions_and_tamper
tests/test_v2_policy.py::PolicyTests::test_h1_reference_values
tests/test_v2_policy.py::PolicyTests::test_horizon
tests/test_v2_policy.py::PolicyTests::test_json_and_structural_corruption
tests/test_v2_revision.py::RevisionTests::test_constant_term_and_source_only_access
tests/test_v2_revision.py::RevisionTests::test_cubic_failure_triggers_abstention
tests/test_v2_revision.py::RevisionTests::test_insufficient_samples_refuse_before_source_access
tests/test_v2_revision.py::RevisionTests::test_sequential_discoveries_with_heldout_and_tied_baseline
tests/test_v3_locality.py::LocalityTests::test_exact_physical_certificate_and_rejections
tests/test_v3_locality.py::LocalityTests::test_exponential_interval_and_reduced_enclosure
tests/test_v3_locality.py::LocalityTests::test_full_pauli_reference_obeys_bound
tests/test_v3_locality.py::LocalityTests::test_interactions_cannot_be_ignored_at_requested_accuracy
tests/test_v3_locality.py::LocalityTests::test_local_certificate_size_stabilizes
tests/test_v3_memory.py::MemoryTests::test_bad_shape_and_skew_rejected
tests/test_v3_memory.py::MemoryTests::test_full_declared_block_and_independent_dense_trajectory
tests/test_v3_memory.py::MemoryTests::test_tampering_and_missing_damping_rejected
tests/test_v4_calibration.py::test_world
tests/test_v4_calibration.py::CalibrationTests::test_data_only_learning_and_costed_confidence
tests/test_v4_calibration.py::CalibrationTests::test_invalid_records_budget_and_inconsistent_moment_refusal
tests/test_v4_calibration.py::CalibrationTests::test_repeat_actions_require_same_model_independent_noise
tests/test_v4_calibration.py::CalibrationTests::test_uniform_surrogate_bound_all_small_action_trees
tests/test_v4_feature_obstruction.py::FeatureObstructionTests::test_all_twelve_features_equal_but_optima_disjoint
tests/test_v4_feature_obstruction.py::FeatureObstructionTests::test_higher_moment_hierarchy_by_enumeration
tests/test_v4_learner.py::V4Tests::test_nearest_counter
tests/test_v4_learner.py::V4Tests::test_reject_nan_and_caps
tests/test_v4_learner.py::V4Tests::test_roundtrip_and_counters
tests/test_v4_learner.py::V4Tests::test_unseen_rule_and_threshold
tests/test_v4_moments.py::MomentTests::test_exact_perfect_and_uninformative
tests/test_v4_moments.py::MomentTests::test_first_signed_moments_are_insufficient
tests/test_v4_moments.py::MomentTests::test_invalid_exact_inputs
tests/test_v4_moments.py::MomentTests::test_random_biased_priors_match_independent_recursion
tests/test_v4_physics.py::PhysicsTests::test_all_hypotheses_and_ordered_gates_against_dense_born_rule
tests/test_v4_physics.py::PhysicsTests::test_exact_channel_and_each_candidate_has_sign_information
tests/test_v4_physics.py::PhysicsTests::test_invalid_physical_inputs
tests/test_v4_planner.py::PlannerTests::test_impossible_branch_and_corruption
tests/test_v4_planner.py::PlannerTests::test_known_two_model_risks_and_work
tests/test_v4_planner.py::PlannerTests::test_leaf_decision_changes_actual_risk
tests/test_v4_planner.py::PlannerTests::test_strict_inputs
tests/test_v4_run.py::RunTests::test_direct_gram_certificate_no_child_search
tests/test_v4_run.py::RunTests::test_features_and_source_do_not_call_teacher
tests/test_v4_run.py::RunTests::test_hidden_selected_model_does_not_enter_features
tests/test_v4_run.py::RunTests::test_zero_branch_certificate_and_invalid_actions
tests/test_v5_bayes.py::BayesTests::test_magnitude_outcome_identifies_first_mode_both_ways
tests/test_v5_bayes.py::BayesTests::test_nonunit_probe_nonfinite_belief_and_family_cap
tests/test_v5_bayes.py::BayesTests::test_whole_family_and_sequential_records
tests/test_v5_core.py::CoreTests::test_acquisition_compiles_only_raw_bit_records
tests/test_v5_core.py::CoreTests::test_actuator_bound_and_exact_positive_net_resource_bound
tests/test_v5_core.py::CoreTests::test_refusal_before_experiment_for_precision_lineage_or_confidence
tests/test_v5_core.py::CoreTests::test_simulated_all_eight_worlds_and_resource_ledger
tests/test_v5_frame.py::FrameTests::test_dense_covariance_eigenrelations
tests/test_v5_frame.py::FrameTests::test_dense_orthogonal_frame_all_hypotheses
tests/test_v5_frame.py::FrameTests::test_null_probe_all_prefixes_and_current_alternatives
tests/test_v5_frame.py::FrameTests::test_validation
tests/test_v5_research.py::ResearchTests::test_B_only_gram_is_derived_from_actual_mode_geometry
tests/test_v5_research.py::ResearchTests::test_common_baseline_complementarity_and_retention_boundary
tests/test_v5_research.py::ResearchTests::test_corrupted_evidence_and_undeclared_actuator_mismatch
tests/test_v5_research.py::ResearchTests::test_exact_preparation_and_gaussian_tail_bounds
tests/test_v5_research.py::ResearchTests::test_two_transfers_and_fair_stateful_ties
tests/test_v6_audit.py::AuditTests::test_constant_input_obstruction_without_looking_at_outputs
tests/test_v6_audit.py::AuditTests::test_forced_cayley_hamilton_coefficients_exactly
tests/test_v6_audit.py::AuditTests::test_v4_calibration_is_not_a_v5_import_dependency
tests/test_v6_headroom.py::HeadroomTests::test_hidden_physics_is_confined_to_generator
tests/test_v6_headroom.py::HeadroomTests::test_independent_recurrence_and_companion_match_all_orders
tests/test_v6_headroom.py::HeadroomTests::test_latent_linear_system_has_finite_history_closure
tests/test_v6_headroom.py::HeadroomTests::test_no_future_output_argument_and_no_history_aliasing
tests/test_v7_adaptive_taylor.py::AdaptiveTaylorTests::test_direct_proof_checked_independently
tests/test_v7_adaptive_taylor.py::AdaptiveTaylorTests::test_zero_generator_and_failure
tests/test_v7_certificate.py::CertificateTests::test_bernstein_cancellation_and_checker
tests/test_v7_certificate.py::CertificateTests::test_damping_and_anticommuting_identity
tests/test_v7_certificate.py::CertificateTests::test_horizon_and_parser
tests/test_v7_certificate.py::CertificateTests::test_initial_error_and_jump_are_charged
tests/test_v7_certificate.py::CertificateTests::test_invalid_model_and_budget
tests/test_v7_certificate.py::CertificateTests::test_rotation_residual_and_dense_error
tests/test_v7_certificate.py::CertificateTests::test_tampering_fails
tests/test_v7_dense_certificate.py::DenseCertificateTests::test_two_and_three_qubit_constant_candidates
tests/test_v7_grouping_probe.py::GroupingProbeTests::test_partition_witness_is_independently_validated
tests/test_v7_grouping_probe.py::GroupingProbeTests::test_probe_preserves_separate_costs_and_no_failures
tests/test_v7_grouping_probe.py::GroupingProbeTests::test_residual_coefficients_are_exact_and_untruncated
tests/test_v7_identifiability.py::IdentifiabilityTests::test_corrupt_witness_is_rejected
tests/test_v7_identifiability.py::IdentifiabilityTests::test_exact_identified_query_rank_deficient
tests/test_v7_identifiability.py::IdentifiabilityTests::test_identified_incompatible_and_bad_arguments
tests/test_v7_identifiability.py::IdentifiabilityTests::test_incompatible_exact_data_refused
tests/test_v7_identifiability.py::IdentifiabilityTests::test_noise_compatibility_and_identified_bound
tests/test_v7_identifiability.py::IdentifiabilityTests::test_unchanged_input_identified_query
tests/test_v7_identifiability.py::IdentifiabilityTests::test_unidentified_query_has_compatible_models
tests/test_v7_prediction_requests.py::PredictionRequestTests::test_actual_measured_record_witness
tests/test_v7_prediction_requests.py::PredictionRequestTests::test_actual_v6_feature_order_and_history
tests/test_v7_prediction_requests.py::PredictionRequestTests::test_ambiguous_first_query_blocks_horizon
tests/test_v7_prediction_requests.py::PredictionRequestTests::test_no_future_outputs_in_api_and_short_history_abstains
tests/test_v7_prediction_requests.py::PredictionRequestTests::test_rank_deficient_same_input_and_wide_support
tests/test_v7_prediction_requests.py::PredictionRequestTests::test_rowspace_query_is_supported
tests/test_v7_pruned_taylor.py::PrunedTaylorTests::test_omitted_bound_cannot_be_removed
tests/test_v7_pruned_taylor.py::PrunedTaylorTests::test_pruning_proof_includes_omissions
tests/test_v7_quadratic_certificate.py::QuadraticTests::test_development_degree_saving_is_checked
tests/test_v7_quadratic_certificate.py::QuadraticTests::test_nontrivial_tighter_norm
tests/test_v7_quadratic_certificate.py::QuadraticTests::test_partial_square_partition_and_corruption
tests/test_v7_reducers.py::ReducerTests::test_basis_refusals_and_projection_error
tests/test_v7_reducers.py::ReducerTests::test_rotation_polynomials
tests/test_v7_row_norm_probe.py::RowNormTests::test_exponential_budget_refuses
tests/test_v7_row_norm_probe.py::RowNormTests::test_phase_cancellation_and_complex_entries
tests/test_v8_fractional_cover.py::FractionalCoverTests::test_budgets_and_labels
tests/test_v8_fractional_cover.py::FractionalCoverTests::test_empty_zero
tests/test_v8_fractional_cover.py::FractionalCoverTests::test_full_clique_partition_is_fairly_available
tests/test_v8_fractional_cover.py::FractionalCoverTests::test_full_evolution_and_tampering
tests/test_v8_fractional_cover.py::FractionalCoverTests::test_large_partition_budget_matches_v7
tests/test_v8_fractional_cover.py::FractionalCoverTests::test_nonanti_and_missing_fields_fail_closed
tests/test_v8_fractional_cover.py::FractionalCoverTests::test_odd_cycle_strictly_beats_every_partition
tests/test_v8_fractional_cover.py::FractionalCoverTests::test_rounding_and_extra_coefficients_rejected
tests/test_v8_fractional_cover.py::FractionalCoverTests::test_signed_rational_reconstruction
tests/test_v8_integer_taylor.py::FractionFreeTaylorTests::test_cache_and_live_refusals
tests/test_v8_integer_taylor.py::FractionFreeTaylorTests::test_invalid_labels_rejected
tests/test_v8_integer_taylor.py::FractionFreeTaylorTests::test_matches_adaptive_and_checks
tests/test_v8_integer_taylor.py::FractionFreeTaylorTests::test_stationary_rational_initial
tests/test_v8_time_reduction.py::TimeReductionWholeHorizonTests::test_segmented_attempt_is_bound_to_full_horizon
tests/test_v9_galerkin.py::GalerkinTests::test_bfs_shared_engine
tests/test_v9_galerkin.py::GalerkinTests::test_last_omission_and_exact_restart
tests/test_v9_galerkin.py::GalerkinTests::test_nontrivial_physical_certificates
tests/test_v9_galerkin.py::GalerkinTests::test_refusal_and_request_validation
tests/test_v9_polynomial.py::PolynomialTests::test_request_caps
tests/test_v9_polynomial.py::PolynomialTests::test_rotation_and_exact_initial
tests/test_v9_polynomial.py::PolynomialTests::test_two_qubit_interacting

833 tests collected in 1.45s
