{"kind": "eliminated_full_number_quotient", "gram_entries": 91752, "coefficient_rows_before_numerical_elimination": 8533, "setup_seconds": 11.636579084006371, "all_compact_span_cross_terms_retained": true, "independent_partner_Gram_blocks": true, "many_body_states_enumerated": 0, "full_Gram_teacher_used": false, "additional_MPS_moments_used": false, "quotient_conditioning": {"ideal_coordinate_count": 1599, "numerical_ideal_rank": 601, "QR_rank_threshold": 1e-11, "dependent_coordinates_removed": 998, "ideal_projector_max_defect": 1.9984014443252818e-15, "dual_normalization_error": 2.4868995751603507e-14, "seconds": 10.224572916980833}, "matrix_free_adjoint_check": {"relative_adjoint_error": 4.647304307912776e-15, "preconditioner_probes": 12}, "normal_preconditioner": {"dimension": 8533, "dense_bytes": 582496712, "diagonal_regularizer": 1e-10, "normal_probe_relative_errors": [9.29459249770535e-16, 9.32629036657467e-16, 8.966759752831146e-16, 8.855209074204247e-16], "seconds": 65.31488291698042, "seed_sha256": "83043051540a444d57b4de0b11898b6b7cbbf19ab30292fd2c105d6eeffe18bf", "prepared_frame_sha256": "59e2fb9bd820b3ce29155255b3927816a24af497109fa443255b4bc8bf18798b", "factor_sha256": "f0c2c7051832f8931ceb9e9d8c3356384c2b9f6146be9d612735e87c420f3170", "ideal_basis_sha256": "c92b89dc76a64d5592755f15e4c3c5d85fe29886665b3c86c48a33082d50724b", "many_body_states_enumerated": 0, "role": "Numerical conditioning only, all final residuals require exact replay"}}
{"iteration": 0, "seconds": 11.67333333400893, "b": -9.257802595015619, "selected_row_l1": 0.0006796686646514173, "projected_primal_l2": 4.024596487455277e-06, "dual_residual_l2": 0.014751872172035616, "mu": 0.002, "cg_status": 0, "cg_iterations": 0}
{"iteration": 1, "seconds": 14.13445166699239, "b": -9.2578039688884, "selected_row_l1": 0.0009368275174368022, "projected_primal_l2": 4.9932460872827505e-06, "dual_residual_l2": 0.1475627486134239, "mu": 0.002, "cg_status": 20, "cg_iterations": 20}
{"iteration": 10, "seconds": 24.690319249988534, "b": -9.257853703060892, "selected_row_l1": 0.00048148672846816317, "projected_primal_l2": 2.549173317664109e-06, "dual_residual_l2": 0.025959761189469927, "mu": 0.002, "cg_status": 0, "cg_iterations": 8}
{"iteration": 39, "seconds": 34.946011874999385, "b": -9.257913701770356, "selected_row_l1": 0.00027122430357430505, "projected_primal_l2": 2.234879920011157e-06, "dual_residual_l2": 0.018032905725125194, "mu": 0.0013333333333333333, "cg_status": 0, "cg_iterations": 2}
{"iteration": 74, "seconds": 45.12265933401068, "b": -9.257861957819975, "selected_row_l1": 8.715268782548743e-05, "projected_primal_l2": 5.301765116785902e-07, "dual_residual_l2": 0.015379716959212156, "mu": 0.0008888888888888888, "cg_status": 0, "cg_iterations": 2}
{"iteration": 112, "seconds": 55.1892211670056, "b": -9.257848092757545, "selected_row_l1": 2.9469106065657273e-05, "projected_primal_l2": 1.6598371377186674e-07, "dual_residual_l2": 0.014336002875868207, "mu": 0.0003950617283950617, "cg_status": 0, "cg_iterations": 1}
{"iteration": 153, "seconds": 65.35213233399554, "b": -9.257847650785333, "selected_row_l1": 1.4213832935159402e-05, "projected_primal_l2": 8.010306890759263e-08, "dual_residual_l2": 0.013923257890406507, "mu": 0.0001755829903978052, "cg_status": 0, "cg_iterations": 1}
{"iteration": 195, "seconds": 75.42450912500499, "b": -9.257845947560558, "selected_row_l1": 7.032725562265583e-06, "projected_primal_l2": 4.133252548813763e-08, "dual_residual_l2": 0.013780210206881645, "mu": 0.00011705532693187012, "cg_status": 0, "cg_iterations": 2}
{"iteration": 237, "seconds": 85.59079066698905, "b": -9.257845305511117, "selected_row_l1": 3.7413086709067343e-06, "projected_primal_l2": 2.2194125807532175e-08, "dual_residual_l2": 0.01373210174793254, "mu": 5.2024589747497834e-05, "cg_status": 0, "cg_iterations": 1}
{"iteration": 280, "seconds": 95.85960008398979, "b": -9.257844995744168, "selected_row_l1": 2.101822216972615e-06, "projected_primal_l2": 1.2621679457368528e-08, "dual_residual_l2": 0.013724339008780615, "mu": 2.3122039887776814e-05, "cg_status": 0, "cg_iterations": 1}
{"iteration": 322, "seconds": 106.04686037500505, "b": -9.257844875684597, "selected_row_l1": 1.228599095223898e-06, "projected_primal_l2": 7.643394426666248e-09, "dual_residual_l2": 0.013742421082808562, "mu": 1.5414693258517875e-05, "cg_status": 0, "cg_iterations": 2}
{"iteration": 366, "seconds": 116.20036391698522, "b": -9.25784479500523, "selected_row_l1": 6.831580170492626e-07, "projected_primal_l2": 4.907729964801947e-09, "dual_residual_l2": 0.013772313561442099, "mu": 6.8509747815635e-06, "cg_status": 0, "cg_iterations": 1}
{"iteration": 406, "seconds": 126.32993629199336, "b": -9.257844773313932, "selected_row_l1": 4.299178613560959e-07, "projected_primal_l2": 3.66413532497418e-09, "dual_residual_l2": 0.013813614470232428, "mu": 3.044877680694889e-06, "cg_status": 0, "cg_iterations": 1}
{"iteration": 435, "seconds": 136.53847349999705, "b": -9.257844755950359, "selected_row_l1": 3.0600551150524736e-07, "projected_primal_l2": 3.19790775323795e-09, "dual_residual_l2": 0.013812770177012722, "mu": 2.0299184537965927e-06, "cg_status": 0, "cg_iterations": 1}
{"iteration": 466, "seconds": 146.74110991699854, "b": -9.257844750447084, "selected_row_l1": 2.337566349780471e-07, "projected_primal_l2": 2.920022734902364e-09, "dual_residual_l2": 0.013837725190811565, "mu": 1.3532789691977285e-06, "cg_status": 0, "cg_iterations": 1}
{"iteration": 502, "seconds": 156.91567591700004, "b": -9.25784474606412, "selected_row_l1": 1.8692980581260275e-07, "projected_primal_l2": 2.8183896968824735e-09, "dual_residual_l2": 0.013822341252528533, "mu": 1e-06, "cg_status": 0, "cg_iterations": 1}
{"iteration": 540, "seconds": 167.34968379201018, "b": -9.25784474211363, "selected_row_l1": 1.7373325425148742e-07, "projected_primal_l2": 2.712293495104382e-09, "dual_residual_l2": 0.013805461483796477, "mu": 1e-06, "cg_status": 0, "cg_iterations": 4}
{"iteration": 576, "seconds": 177.4457652500132, "b": -9.257844737486964, "selected_row_l1": 1.6551842736764721e-07, "projected_primal_l2": 2.663213598096141e-09, "dual_residual_l2": 0.013786808926378274, "mu": 1e-06, "cg_status": 0, "cg_iterations": 1}
{"iteration": 613, "seconds": 187.62703883400536, "b": -9.257844732239409, "selected_row_l1": 1.6671271232527527e-07, "projected_primal_l2": 2.50241154225034e-09, "dual_residual_l2": 0.013801760857113711, "mu": 1e-06, "cg_status": 0, "cg_iterations": 4}
{"iteration": 650, "seconds": 197.89107954199426, "b": -9.257844730926983, "selected_row_l1": 1.6584442030477262e-07, "projected_primal_l2": 2.4991917988098555e-09, "dual_residual_l2": 0.013771895484541285, "mu": 1e-06, "cg_status": 0, "cg_iterations": 4}
{"iteration": 689, "seconds": 208.12123237500782, "b": -9.257844722219794, "selected_row_l1": 1.5101437021727774e-07, "projected_primal_l2": 2.229011192610247e-09, "dual_residual_l2": 0.01379014487298629, "mu": 1e-06, "cg_status": 0, "cg_iterations": 1}
{"iteration": 727, "seconds": 218.3070843750029, "b": -9.257844723025032, "selected_row_l1": 1.3883053975024212e-07, "projected_primal_l2": 1.8877411983290123e-09, "dual_residual_l2": 0.013777648846006735, "mu": 1e-06, "cg_status": 0, "cg_iterations": 4}
{"iteration": 765, "seconds": 228.7587525419949, "b": -9.257844716331993, "selected_row_l1": 1.3186778277771172e-07, "projected_primal_l2": 1.8402006900744151e-09, "dual_residual_l2": 0.013766841331840677, "mu": 1e-06, "cg_status": 0, "cg_iterations": 4}
{"iteration": 800, "seconds": 238.8571069590107, "b": -9.257844714093148, "selected_row_l1": 1.2449255952749767e-07, "projected_primal_l2": 1.697261493862182e-09, "dual_residual_l2": 0.013780819337394548, "mu": 1e-06, "cg_status": 0, "cg_iterations": 1}
{"iteration": 843, "seconds": 249.00444583399803, "b": -9.257844710428133, "selected_row_l1": 1.1083288061564995e-07, "projected_primal_l2": 1.5040293407048745e-09, "dual_residual_l2": 0.013757164186809221, "mu": 1e-06, "cg_status": 0, "cg_iterations": 2}
{"iteration": 889, "seconds": 259.18618154199794, "b": -9.257844707818997, "selected_row_l1": 7.757792152293558e-08, "projected_primal_l2": 9.50207877430386e-10, "dual_residual_l2": 0.013754015599116804, "mu": 1e-06, "cg_status": 0, "cg_iterations": 1}
{"iteration": 933, "seconds": 269.3706980420102, "b": -9.257844698721941, "selected_row_l1": 7.078434029272696e-08, "projected_primal_l2": 9.318320328011713e-10, "dual_residual_l2": 0.013745546448981084, "mu": 1e-06, "cg_status": 0, "cg_iterations": 1}
{"iteration": 978, "seconds": 279.5230307499878, "b": -9.257844691493768, "selected_row_l1": 7.049133102779939e-08, "projected_primal_l2": 9.239583885842351e-10, "dual_residual_l2": 0.013738791122760077, "mu": 1e-06, "cg_status": 0, "cg_iterations": 1}
{"iteration": 1026, "seconds": 289.60840150000877, "b": -9.25784468193147, "selected_row_l1": 6.843940436472362e-08, "projected_primal_l2": 8.968197895264296e-10, "dual_residual_l2": 0.013734740710126807, "mu": 1e-06, "cg_status": 0, "cg_iterations": 1}
{"iteration": 1073, "seconds": 299.8592402089853, "b": -9.257844676330823, "selected_row_l1": 5.723550545121297e-08, "projected_primal_l2": 7.338932168263028e-10, "dual_residual_l2": 0.013730733656555546, "mu": 1e-06, "cg_status": 0, "cg_iterations": 1}
{"iteration": 1120, "seconds": 310.0211586249934, "b": -9.257844667697986, "selected_row_l1": 5.620823168667723e-08, "projected_primal_l2": 6.831627871991407e-10, "dual_residual_l2": 0.013725900121775129, "mu": 1e-06, "cg_status": 0, "cg_iterations": 1}
{"iteration": "final", "seconds": 311.7522945840028, "b": -9.257844666263487, "selected_row_l1": 5.581259884326816e-08, "projected_primal_l2": 6.821308603599913e-10, "dual_residual_l2": 0.013725358816948375, "mu": 1e-06, "cg_status": 0, "cg_iterations": 1}
