{"stage": "exact_spin_projection", "seconds": 149.75617612499627, "original_rows": 28461, "independent_invariant_rows": 8533, "integer_denominator": 12, "projector_nonzeros": 379625, "exact_integer_idempotence_checked": true, "modular_prime": 65521, "rank_equals_exact_trace": true}
{"stage": "unpaired_operator_maps", "pair": 0, "seconds": 150.87197904198547}
{"stage": "unpaired_operator_maps", "pair": 8, "seconds": 151.0500646669825}
{"stage": "unpaired_operator_maps", "pair": 16, "seconds": 151.12450691699632}
{"stage": "unpaired_operator_maps", "pair": 24, "seconds": 151.306884583988}
{"stage": "unpaired_operator_maps", "pair": 32, "seconds": 151.5132905000064}
{"stage": "unpaired_operator_maps", "pair": 40, "seconds": 175.96221837500343}
{
  "kind": "unpaired_number_quotient_v1",
  "fixture": "/Users/aidenlippert/Documents/Spectra/results/certificate_scaling/active_space_ladder/h8/fixture.json",
  "fixture_sha256": "ae6221749adf40be04631a5511a5deb27f3a36d6b4a3121f51811bb954c4df07",
  "seed": "/Users/aidenlippert/Documents/Spectra/results/collective_completion_20260914/candidates/h8_spin_r32_invariant_dual48/round_0/raw.npz",
  "seed_sha256": "83043051540a444d57b4de0b11898b6b7cbbf19ab30292fd2c105d6eeffe18bf",
  "compact_frame": "/Users/aidenlippert/Documents/Spectra/results/collective_completion_20260914/prepared/h8/frame.json",
  "compact_frame_sha256": "57956712024811eda2a568c6a13d0f76c54f9ecfe305f9983124b3f88691941b",
  "spin_projection": {
    "original_rows": 28461,
    "independent_invariant_rows": 8533,
    "integer_denominator": 12,
    "projector_nonzeros": 379625,
    "exact_integer_idempotence_checked": true,
    "modular_prime": 65521,
    "rank_equals_exact_trace": true
  },
  "number_basis_dimension": 1525,
  "quartic_number_basis_dimension": 1484,
  "many_body_states_enumerated": 0,
  "higher_MPS_moments_used": false,
  "full_Gram_teacher_used": false,
  "full_operator_word_pairs": 1206592,
  "map_nonzeros": 2009792,
  "seconds": 176.56647595899994
}
