{
  "source": "/Users/aidenlippert/Documents/Spectra/results/lambda_runs/cubic_precision/downloaded/h8_scs_quotient_conditioned/certificate.json",
  "source_sha256": "3d443ce704814bf75504ee142e91b5beafdab8ef7a351f242b63cf046cbd4001",
  "role": "diagnostic only",
  "modes": 16,
  "particles": 8,
  "quartic_multiplier_terms": 2848,
  "W": {
    "nonzeros": 53312,
    "squared_Frobenius_norm": "212412968425433991304607588328755857/1000000000000000000000000000000000000",
    "Frobenius_norm_float": 0.4608828142005666,
    "coefficient_l1": "61175524412921823637/1000000000000000000"
  },
  "V": {
    "nonzeros": 2848,
    "squared_Frobenius_norm": "2073484201065352975098572956897245258857/119246400000000000000000000000000000000000",
    "Frobenius_norm_float": 0.13186444976879283,
    "coefficient_l1": "145994929222361382259/27300000000000000000"
  },
  "Z": {
    "nonzeros": 53312,
    "squared_Frobenius_norm": "108650931506433635916787311347/546000000000000000000000000000000000000",
    "Frobenius_norm_float": 1.4106536784356863e-05,
    "coefficient_l1": "67189958115435427/39000000000000000000"
  },
  "V_plus_X4": {
    "nonzeros": 2848,
    "squared_Frobenius_norm": "566201672658325227896121258857/119246400000000000000000000000000000000000",
    "Frobenius_norm_float": 2.1790286260354785e-06,
    "coefficient_l1": "18443400780728117/273000000000000000000"
  },
  "W_plus_lift_X4": {
    "nonzeros": 53312,
    "squared_Frobenius_norm": "256683625176892407078755857/1000000000000000000000000000000000000",
    "Frobenius_norm_float": 1.602134904360093e-05,
    "coefficient_l1": "1770332591981551/1000000000000000000"
  },
  "exact_W_plus_lift_X4_equals_negative_R6": true,
  "exact_Z_equals_negative_projected_R6": true,
  "exact_lift_membership": false,
  "interpretation": "The nonzero numerical-export remainder is retained and paid by the existing residual certificate.",
  "strong_certificate_spin_scope": "Original H on the entire fixed-N sector; no spin averaging or separate screen required.",
  "new_screened_constructor_original_H_spin_defect": "59/250000000000",
  "many_body_states_enumerated": 0,
  "seconds": 47.18273341702297
}
