{"kind": "eliminated_full_number_quotient", "gram_entries": 91752, "coefficient_rows_before_numerical_elimination": 8533, "setup_seconds": 11.723317583004246, "all_compact_span_cross_terms_retained": true, "independent_partner_Gram_blocks": true, "many_body_states_enumerated": 0, "full_Gram_teacher_used": false, "additional_MPS_moments_used": false, "quotient_conditioning": {"ideal_coordinate_count": 1599, "numerical_ideal_rank": 601, "QR_rank_threshold": 1e-11, "dependent_coordinates_removed": 998, "ideal_projector_max_defect": 1.9984014443252818e-15, "dual_normalization_error": 2.4868995751603507e-14, "seconds": 11.230998000013642}, "matrix_free_adjoint_check": {"relative_adjoint_error": 4.647304307912776e-15, "preconditioner_probes": 12}}
{"iteration": 0, "seconds": 11.759820917010074, "b": -9.25775257466909, "selected_row_l1": 4.307732881865661e-08, "projected_primal_l2": 5.01035497621825e-10, "dual_residual_l2": 1.8940742815012948, "mu": 0.01, "cg_status": 0, "cg_iterations": 0}
{"iteration": 1, "seconds": 14.22977995799738, "b": -9.242760161420644, "selected_row_l1": 0.5790556075137162, "projected_primal_l2": 0.005537614365618395, "dual_residual_l2": 1.583775354458319, "mu": 0.01, "cg_status": 100, "cg_iterations": 100}
{"iteration": 6, "seconds": 26.046045875002164, "b": -9.246423544983248, "selected_row_l1": 0.10793950701825168, "projected_primal_l2": 0.0006886067356509773, "dual_residual_l2": 0.27937934223848093, "mu": 0.01, "cg_status": 100, "cg_iterations": 100}
{"iteration": 11, "seconds": 38.038014291989384, "b": -9.247945764285811, "selected_row_l1": 0.05746044282618754, "projected_primal_l2": 0.00035625021587255644, "dual_residual_l2": 0.17903499541786655, "mu": 0.01, "cg_status": 100, "cg_iterations": 100}
{"iteration": 15, "seconds": 48.16049670800567, "b": -9.247704829004425, "selected_row_l1": 0.051040694064599774, "projected_primal_l2": 0.00033928185135499803, "dual_residual_l2": 0.1233642316807691, "mu": 0.01, "cg_status": 100, "cg_iterations": 100}
{"iteration": 19, "seconds": 60.020660667010816, "b": -9.247573251251792, "selected_row_l1": 0.046793793642923014, "projected_primal_l2": 0.0003223789489908687, "dual_residual_l2": 0.09282874750465506, "mu": 0.01, "cg_status": 100, "cg_iterations": 100}
{"iteration": 23, "seconds": 71.05209224999999, "b": -9.248165158834482, "selected_row_l1": 0.04291654817221465, "projected_primal_l2": 0.0002969998469324933, "dual_residual_l2": 0.08019889306925483, "mu": 0.01, "cg_status": 100, "cg_iterations": 100}
{"iteration": 28, "seconds": 83.41619854199234, "b": -9.250151590789814, "selected_row_l1": 0.03319485028585114, "projected_primal_l2": 0.00023156643067161786, "dual_residual_l2": 0.08962954558694301, "mu": 0.006666666666666667, "cg_status": 100, "cg_iterations": 100}
{"iteration": 32, "seconds": 93.79921058300533, "b": -9.252627611843002, "selected_row_l1": 0.025067661476434386, "projected_primal_l2": 0.00017432762538771256, "dual_residual_l2": 0.09633787468640553, "mu": 0.006666666666666667, "cg_status": 100, "cg_iterations": 100}
{"iteration": 36, "seconds": 104.23133179199067, "b": -9.254809133304887, "selected_row_l1": 0.01986447029320056, "projected_primal_l2": 0.00013741513991476185, "dual_residual_l2": 0.08981211647167638, "mu": 0.006666666666666667, "cg_status": 100, "cg_iterations": 100}
{"iteration": 40, "seconds": 114.8328370829986, "b": -9.25657920715276, "selected_row_l1": 0.016176295873238405, "projected_primal_l2": 0.00010935775803072504, "dual_residual_l2": 0.0794392209680182, "mu": 0.006666666666666667, "cg_status": 100, "cg_iterations": 100}
{"iteration": 44, "seconds": 125.1935908329906, "b": -9.257814298488334, "selected_row_l1": 0.01233096760860271, "projected_primal_l2": 8.454123203485132e-05, "dual_residual_l2": 0.069361357941837, "mu": 0.006666666666666667, "cg_status": 100, "cg_iterations": 100}
{"iteration": 48, "seconds": 136.16652537501068, "b": -9.258422719187339, "selected_row_l1": 0.009486208908293204, "projected_primal_l2": 6.83751687889558e-05, "dual_residual_l2": 0.05826372745484879, "mu": 0.006666666666666667, "cg_status": 100, "cg_iterations": 100}
{"iteration": 52, "seconds": 147.49103812500834, "b": -9.25829391712551, "selected_row_l1": 0.007320358322047701, "projected_primal_l2": 5.334208945130224e-05, "dual_residual_l2": 0.056368189367994856, "mu": 0.0044444444444444444, "cg_status": 100, "cg_iterations": 100}
{"iteration": 55, "seconds": 157.85245570799452, "b": -9.257922871201846, "selected_row_l1": 0.005901284927008768, "projected_primal_l2": 4.253811946935814e-05, "dual_residual_l2": 0.05560892223553762, "mu": 0.0044444444444444444, "cg_status": 100, "cg_iterations": 100}
{"iteration": 59, "seconds": 168.32974937499966, "b": -9.257456386710048, "selected_row_l1": 0.004991907611349181, "projected_primal_l2": 3.569009020798206e-05, "dual_residual_l2": 0.0497799317587945, "mu": 0.0044444444444444444, "cg_status": 100, "cg_iterations": 100}
{"iteration": 63, "seconds": 178.511008957983, "b": -9.257244445323789, "selected_row_l1": 0.004537653838126188, "projected_primal_l2": 3.3199612695297314e-05, "dual_residual_l2": 0.04214749507791514, "mu": 0.0044444444444444444, "cg_status": 100, "cg_iterations": 100}
{"iteration": 67, "seconds": 188.636495291983, "b": -9.25724869143959, "selected_row_l1": 0.003986371769527791, "projected_primal_l2": 3.049583763829743e-05, "dual_residual_l2": 0.03641103555708228, "mu": 0.0044444444444444444, "cg_status": 100, "cg_iterations": 100}
{"iteration": 71, "seconds": 198.88478587500867, "b": -9.257359126581335, "selected_row_l1": 0.0035474681221178725, "projected_primal_l2": 2.7472373976175772e-05, "dual_residual_l2": 0.032528459115786605, "mu": 0.0044444444444444444, "cg_status": 100, "cg_iterations": 100}
{"iteration": 76, "seconds": 211.03743933298392, "b": -9.257524746982504, "selected_row_l1": 0.0030053524807542773, "projected_primal_l2": 2.328158283772609e-05, "dual_residual_l2": 0.03202372397680936, "mu": 0.002962962962962963, "cg_status": 100, "cg_iterations": 100}
{"iteration": 81, "seconds": 223.71335574999102, "b": -9.257627301305527, "selected_row_l1": 0.0023182669355236904, "projected_primal_l2": 1.9094281069940147e-05, "dual_residual_l2": 0.031603061257163834, "mu": 0.002962962962962963, "cg_status": 100, "cg_iterations": 100}
{"iteration": 85, "seconds": 233.80453016699175, "b": -9.2576932012019, "selected_row_l1": 0.0019897989852099324, "projected_primal_l2": 1.6228255046832213e-05, "dual_residual_l2": 0.031031404192242453, "mu": 0.002962962962962963, "cg_status": 100, "cg_iterations": 100}
{"iteration": 90, "seconds": 246.36488720800844, "b": -9.25775949725061, "selected_row_l1": 0.0017284775828650275, "projected_primal_l2": 1.3246466805128643e-05, "dual_residual_l2": 0.02975715649766913, "mu": 0.002962962962962963, "cg_status": 100, "cg_iterations": 100}
{"iteration": 94, "seconds": 256.51157712499844, "b": -9.257782855418684, "selected_row_l1": 0.0015291141321828751, "projected_primal_l2": 1.1156042764575113e-05, "dual_residual_l2": 0.028750944925686927, "mu": 0.002962962962962963, "cg_status": 100, "cg_iterations": 100}
{"iteration": 98, "seconds": 267.5355395829829, "b": -9.257785787641392, "selected_row_l1": 0.0013205601861532668, "projected_primal_l2": 9.209511616228176e-06, "dual_residual_l2": 0.027820974650168556, "mu": 0.002962962962962963, "cg_status": 100, "cg_iterations": 100}
{"iteration": 102, "seconds": 278.8218093329924, "b": -9.25777976777137, "selected_row_l1": 0.0010956238392912875, "projected_primal_l2": 7.56184903088331e-06, "dual_residual_l2": 0.029082088264668165, "mu": 0.0019753086419753087, "cg_status": 100, "cg_iterations": 100}
{"iteration": 106, "seconds": 289.6373081250058, "b": -9.257778535139389, "selected_row_l1": 0.0008832692593356074, "projected_primal_l2": 6.131260926127007e-06, "dual_residual_l2": 0.028720956195589183, "mu": 0.0019753086419753087, "cg_status": 100, "cg_iterations": 100}
{"iteration": 110, "seconds": 300.1074252499966, "b": -9.257783398456368, "selected_row_l1": 0.0007504927149639996, "projected_primal_l2": 4.98091631847699e-06, "dual_residual_l2": 0.028201886352992565, "mu": 0.0019753086419753087, "cg_status": 100, "cg_iterations": 100}
{"iteration": 114, "seconds": 310.7236212499847, "b": -9.257797410871103, "selected_row_l1": 0.0006926357281037183, "projected_primal_l2": 4.200769397139994e-06, "dual_residual_l2": 0.027351921576384455, "mu": 0.0019753086419753087, "cg_status": 100, "cg_iterations": 100}
{"iteration": "final", "seconds": 313.3815200829995, "b": -9.257802595015619, "selected_row_l1": 0.0006796686646514173, "projected_primal_l2": 4.024596487455277e-06, "dual_residual_l2": 0.027109391325280188, "mu": 0.0019753086419753087, "cg_status": 100, "cg_iterations": 100}
