/home/ubuntu/spectra-venv/lib/python3.10/site-packages/cvxpy/problems/problem.py:1504: UserWarning: Solution may be inaccurate. Try another solver, adjusting the solver settings, or solve with verbose=True for more information.
  warnings.warn(
{"modes": 12, "particles": 6, "spin_parity_masks": [819, 3276], "Gram_entries": 56996, "coefficient_rows": 9419, "gram_map_nonzeros": 391588, "polynomial_word_pair_products": 246590, "ideal_variables": 499, "basis_seconds": 0.5037927550001768, "construction_seconds": 17.321355608000886, "solver": "SCS", "solver_seconds_budget": 180.0, "source_factors_used": false, "source_upper_used": false, "scope": "Invariant SOS in full chosen mixed-cubic word span. Original H retained; full exact residual is charged. No fixed-accuracy scaling theorem.", "status": "optimal_inaccurate", "numeric_lower": -6.333075977241428, "raw_b": -6.333075638478577, "negative_eigenvalue_mass": 6.944733250483772e-07, "solve_seconds": 180.5819293309978, "export_seconds": 11.448241561000032, "wall_seconds": 209.35152678599843, "exact": {"lower": "-791640842137087907/125000000000000000", "lower_float": -6.333126737096703, "residual_l1": "6387327212907/125000000000000000", "residual_l1_float": 5.1098617703256e-05, "multiplier_terms": 919, "square_polynomial_terms": 9419, "residual_terms": 9419, "residual_max_degree": 6, "mode_count": 12, "particle_number": 6, "factor_rows": 1581, "factor_nonzeros": 135804}, "certificate_bytes": 1034974}
	Command being timed: "/home/ubuntu/spectra-venv/bin/python -m research.certificate_scaling.spin_invariant_discovery --fixture results/certificate_scaling/active_space_ladder/h6/fixture.json --out results/h6_scs --solver SCS --seconds 180"
	User time (seconds): 209.95
	System time (seconds): 0.24
	Percent of CPU this job got: 99%
	Elapsed (wall clock) time (h:mm:ss or m:ss): 3:30.20
	Average shared text size (kbytes): 0
	Average unshared data size (kbytes): 0
	Average stack size (kbytes): 0
	Average total size (kbytes): 0
	Maximum resident set size (kbytes): 444436
	Average resident set size (kbytes): 0
	Major (requiring I/O) page faults: 0
	Minor (reclaiming a frame) page faults: 137153
	Voluntary context switches: 1
	Involuntary context switches: 400
	Swaps: 0
	File system inputs: 0
	File system outputs: 2232
	Socket messages sent: 0
	Socket messages received: 0
	Signals delivered: 0
	Page size (bytes): 4096
	Exit status: 0
