Running HiGHS 1.15.1 (git hash: 04024d7): Copyright (c) 2026 under MIT licence terms
Includes third-party software components, see THIRD_PARTY_NOTICES.md for full details
LP has 801 rows; 192885 cols; 11327245 nonzeros
Coefficient ranges:
  Matrix  [6e-04, 2e+02]
  Cost    [0e+00, 0e+00]
  Bound   [1e-04, 1e-04]
  RHS     [9e-04, 1e+00]
Presolving model
801 rows, 189324 cols, 11322724 nonzeros 4s
800 rows, 133759 cols, 8911748 nonzeros 6s
Dependent equations search running on 800 equations with time limit of 3.60s
Dependent equations search removed 0 rows and 0 nonzeros in 0.08s (limit = 3.60s)
800 rows, 133759 cols, 8911748 nonzeros 8s
Presolve reductions: rows 800(-1); columns 133759(-59126); nonzeros 8911748(-2415497) 
Solving the presolved LP
IPX model has 800 rows, 133759 columns and 8911748 nonzeros
Input
    Number of variables:                                133759
    Number of free variables:                           47
    Number of constraints:                              800
    Number of equality constraints:                     800
    Number of matrix entries:                           8911748
    Matrix range:                                       [1e-03, 2e+02]
    RHS range:                                          [2e-03, 3e+01]
    Objective range:                                    [0e+00, 0e+00]
    Bounds range:                                       [0e+00, 0e+00]
Preprocessing
    Dualized model:                                     no
    Number of dense columns:                            0
    Range of scaling factors:                           [1.25e-01, 4.00e+00]
    Scaled cost norm:                                   0
    Scaled bounds norm:                                 3.18273
IPX version 1.0
Interior point solve
 Iter       primal obj         dual obj       pinf       dinf       gap      time
   0    0.00000000e+00  -1.08140059e-02   5.27e-01   1.50e+00  1.08e-02       9.3
 Constructing starting basis...
 Iter       primal obj         dual obj       pinf       dinf       gap      time
   1    0.00000000e+00  -3.51415872e+01   4.92e-01   8.15e-01  1.89e+00      27.7
   2    0.00000000e+00  -5.42573958e+01   2.22e-01   3.09e-01  1.93e+00      40.6
   3    0.00000000e+00  -6.19169458e+01   1.49e-02   1.17e-01  1.94e+00      64.2
   4    0.00000000e+00  -6.61784591e+01   3.89e-03   2.73e-02  1.94e+00      78.6
   5    0.00000000e+00  -6.54795451e+01   3.43e-04   1.90e-02  1.94e+00      85.8
   6    0.00000000e+00  -4.90474478e+01   1.25e-04   5.51e-03  1.92e+00      92.3
   7    0.00000000e+00  -3.18345167e+01   6.46e-05   1.95e-03  1.88e+00      99.8
   8    0.00000000e+00  -2.17216148e+01   2.53e-05   1.02e-03  1.83e+00     106.3
   9    0.00000000e+00  -1.38510084e+01   1.86e-05   5.17e-04  1.75e+00     112.1
  10    0.00000000e+00  -1.12680736e+01   1.12e-05   3.71e-04  1.70e+00     117.4
  11    0.00000000e+00  -8.41724329e+00   6.82e-06   2.27e-04  1.62e+00     122.3
  12    0.00000000e+00  -6.09726231e+00   4.91e-06   9.90e-05  1.51e+00     127.5
  13    0.00000000e+00  -4.98974600e+00   4.24e-06   4.64e-05  1.43e+00     132.5
  14    0.00000000e+00  -4.41189121e+00   2.29e-06   9.89e-06  1.38e+00     136.8
  15    0.00000000e+00  -2.74149751e+00   1.41e-06   7.30e-07  1.16e+00     140.4
  16    0.00000000e+00  -1.62915292e+00   6.06e-07   2.37e-07  8.98e-01     144.0
  17    0.00000000e+00  -4.22358811e-01   6.06e-13   1.93e-12  3.49e-01     147.5
  18    0.00000000e+00  -6.33390764e-02   1.33e-14   1.01e-12  6.14e-02     150.9
  19    0.00000000e+00  -1.26331616e-02   1.25e-14   1.78e-13  1.26e-02     154.1
  20    0.00000000e+00  -2.81687271e-03   1.03e-14   5.34e-14  2.81e-03     157.3
  21    0.00000000e+00  -4.13283794e-04   1.55e-14   1.17e-14  4.13e-04     160.4
  22    0.00000000e+00  -1.01553862e-04   1.37e-14   2.15e-15  1.02e-04     163.6
  23    0.00000000e+00  -2.48181420e-05   1.15e-14   5.23e-16  2.48e-05     166.7
  24    0.00000000e+00  -6.71215726e-06   1.71e-14   1.30e-16  6.71e-06     169.6
  25    0.00000000e+00  -1.40349672e-06   2.02e-14   2.67e-17  1.40e-06     172.5
  26    0.00000000e+00  -3.33169261e-07   1.15e-14   6.43e-18  3.33e-07     175.5
  27    0.00000000e+00  -6.77554977e-08   1.24e-14   1.69e-18  6.78e-08     178.7
  28*   0.00000000e+00  -8.40210020e-09   1.23e-14   2.90e-19  8.40e-09     182.1
  29*   0.00000000e+00  -5.21999739e-10   7.94e-15   3.29e-20  5.22e-10     186.5
  30*   0.00000000e+00  -2.35499592e-11   7.07e-15   3.36e-21  2.35e-11     189.1
  31*   0.00000000e+00  -3.07201575e-13   2.49e-15   6.94e-22  3.07e-13     190.8
Running crossover as requested
    Primal residual before push phase:                  2.71e-14
    Dual residual before push phase:                    1.91e-09
    Number of dual pushes required:                     0
    Number of primal pushes required:                   132959
Summary
    Runtime:                                            203.07s
    Status interior point solve:                        optimal
    Status crossover:                                   optimal
    objective value:                                    0.00000000e+00
    interior solution primal residual (abs/rel):        1.89e-13 / 7.15e-15
    interior solution dual residual (abs/rel):          2.58e-10 / 2.58e-10
    interior solution objective gap (abs/rel):          1.18e-11 / 1.18e-11
    basic solution primal infeasibility:                0.00e+00
    basic solution dual infeasibility:                  0.00e+00
Ipx: IPM       optimal
Ipx: Crossover optimal

Performed postsolve
Solving the original LP from the solution after postsolve

Model status        : Optimal
IPM       iterations: 31
Crossover iterations: 22379
Objective value     :  0.0000000000e+00
P-D objective error :  0.0000000000e+00
HiGHS run time      :        203.63
{"solver_version": "1.15.1", "method": "native IPM feasibility with fixed numerator floor", "floor": "1/10000", "metric_floor": "9/10000", "status": "Optimal", "seconds": 203.6561914999038, "iterations": 31, "source_sha256": "9b7255212be2f6d31ff451bed7ad65c08e3d8af6db86214bb36edd40a9b87e9e", "prepared_source": "results/marginal_h6/polynomial_metric/bare_joint/search", "shape": [801, 192885], "nonzeros": 11327245, "value_valid": true, "scope": "Same bare-H model, no imported metric or atom weights; fixed positive numerator floor rather than bound optimization. Exact export is the acceptance gate.", "numerical_floor": 0.0001, "minimum_atom": 0.0, "max_equation_residual": 6.416544379161948e-12, "exact_receipt": {"complement_lower": "-783/125", "weight_positivity": {"lower": "895411979/1000000000000", "residual_l1": "4588021/1000000000000", "positive_indicators": 348, "charge_indicators": 52, "number_multiplier_terms": 1364}, "numerator_positivity": {"lower": "8403492086759778913/100000000000000000000000", "residual_l1": "1596507913240221087/100000000000000000000000", "positive_indicators": 327, "charge_indicators": 26, "number_multiplier_terms": 1364}, "compilation": {"polynomial_products": 1120337, "coefficient_products": 9896237, "peak_terms": 1764, "occupation_endpoint_evaluations": 0, "metric_scale": 2000000000, "numerator_scale": 600000000000000000000000, "weight_terms": 1578, "numerator_terms": 1764, "numerator_degree": 6, "transition_groups": 1140, "determinant_actions": 0, "target_valence_exclusion": true, "projector_free_zero_metric": true}, "verification_coefficient_products": 9931318, "scope": "Exact joint weighted-Q-row certificate: positive rational charge polynomial metric, exact target-valence exclusion, coherent signed CAR amplitudes, and global Boolean/localizer positivity decompositions on fixed spin populations and D>=1. No charge-pattern or occupation endpoint iteration in replay. Polynomial/atom counts may still scale combinatorially; no general representability claim."}, "exact_accepted": true}
