3 xxz 0 1/5 bfs certified 0.018 
3 xxz 0 1/5 integer certified 0.009 
3 xxz 0 1/5 reference certified 0.098 
3 xxz 0 1/2 integer certified 0.006 
3 xxz 0 1/2 reference certified 0.201 
3 xxz 0 1/2 bfs certified 0.009 
3 xxz 1/5 1/5 bfs certified 0.01 
3 xxz 1/5 1/5 integer certified 0.006 
3 xxz 1/5 1/5 reference certified 0.096 
3 xxz 1/5 1/2 reference certified 0.252 
3 xxz 1/5 1/2 bfs certified 0.017 
3 xxz 1/5 1/2 integer certified 0.011 
3 xxz 2 1/5 integer certified 0.007 
3 xxz 2 1/5 reference certified 0.099 
3 xxz 2 1/5 bfs certified 0.013 
3 xxz 2 1/2 bfs certified 0.022 
3 xxz 2 1/2 integer certified 0.015 
3 xxz 2 1/2 reference certified 0.241 
3 mixed 0 1/5 reference certified 0.491 
3 mixed 0 1/5 bfs certified 0.018 
3 mixed 0 1/5 integer certified 0.013 
3 mixed 0 1/2 reference certified 2.485 
3 mixed 0 1/2 integer certified 0.017 
3 mixed 0 1/2 bfs certified 0.03 
3 mixed 1/5 1/5 reference certified 0.541 
3 mixed 1/5 1/5 bfs certified 0.027 
3 mixed 1/5 1/5 integer certified 0.017 
3 mixed 1/5 1/2 reference certified 3.105 
3 mixed 1/5 1/2 bfs certified 0.053 
3 mixed 1/5 1/2 integer certified 0.029 
3 mixed 2 1/5 reference certified 0.529 
3 mixed 2 1/5 bfs certified 0.034 
3 mixed 2 1/5 integer certified 0.022 
3 mixed 2 1/2 integer certified 0.039 
3 mixed 2 1/2 reference certified 2.951 
3 mixed 2 1/2 bfs certified 0.074 
4 xxz 0 1/5 integer certified 0.016 
4 xxz 0 1/5 reference certified 0.648 
4 xxz 0 1/5 bfs certified 0.016 
4 xxz 0 1/2 reference certified 1.942 
4 xxz 0 1/2 integer certified 0.03 
4 xxz 0 1/2 bfs certified 0.046 
4 xxz 1/5 1/5 integer certified 0.019 
4 xxz 1/5 1/5 bfs certified 0.023 
4 xxz 1/5 1/5 reference certified 0.74 
4 xxz 1/5 1/2 integer certified 0.055 
4 xxz 1/5 1/2 bfs certified 0.099 
4 xxz 1/5 1/2 reference certified 2.73 
4 xxz 2 1/5 reference certified 0.74 
4 xxz 2 1/5 bfs certified 0.031 
4 xxz 2 1/5 integer certified 0.032 
4 xxz 2 1/2 reference certified 2.586 
4 xxz 2 1/2 bfs certified 0.137 
4 xxz 2 1/2 integer certified 0.083 
4 mixed 0 1/5 integer certified 0.059 
4 mixed 0 1/5 bfs certified 0.06 
4 mixed 0 1/5 reference certified 5.215 
4 mixed 0 1/2 bfs certified 0.16 
4 mixed 0 1/2 reference refused 8.098 expansion total entry budget
4 mixed 0 1/2 integer certified 0.101 
4 mixed 1/5 1/5 bfs certified 0.092 
4 mixed 1/5 1/5 reference certified 6.514 
4 mixed 1/5 1/5 integer certified 0.081 
4 mixed 1/5 1/2 reference refused 8.599 expansion total entry budget
4 mixed 1/5 1/2 bfs certified 0.306 
4 mixed 1/5 1/2 integer certified 0.23 
4 mixed 2 1/5 integer certified 0.189 
4 mixed 2 1/5 bfs certified 0.158 
4 mixed 2 1/5 reference certified 6.238 
4 mixed 2 1/2 reference refused 8.14 expansion total entry budget
4 mixed 2 1/2 bfs certified 0.532 
4 mixed 2 1/2 integer certified 0.296 
6 xxz 0 1/5 integer certified 0.068 
6 xxz 0 1/5 bfs certified 0.084 
6 xxz 0 1/5 reference refused 1.107 mode support budget
6 xxz 0 1/2 integer refused 0.119 cached column budget
6 xxz 0 1/2 reference refused 1.012 mode support budget
6 xxz 0 1/2 bfs refused 0.28 basis term budget
6 xxz 1/5 1/5 reference refused 1.277 mode support budget
6 xxz 1/5 1/5 bfs certified 0.115 
6 xxz 1/5 1/5 integer certified 0.112 
6 xxz 1/5 1/2 bfs refused 0.313 output term budget
6 xxz 1/5 1/2 integer refused 0.086 output term budget
6 xxz 1/5 1/2 reference refused 1.155 mode support budget
6 xxz 2 1/5 reference refused 1.279 mode support budget
6 xxz 2 1/5 bfs certified 0.147 
6 xxz 2 1/5 integer refused 0.085 output term budget
6 xxz 2 1/2 bfs refused 0.416 output term budget
6 xxz 2 1/2 reference refused 1.1 mode support budget
6 xxz 2 1/2 integer refused 0.093 output term budget
6 mixed 0 1/5 reference refused 2.058 reference cached column budget
6 mixed 0 1/5 bfs refused 0.1 output term budget
6 mixed 0 1/5 integer refused 0.066 output term budget
6 mixed 0 1/2 reference refused 1.98 reference cached column budget
6 mixed 0 1/2 integer refused 0.065 output term budget
6 mixed 0 1/2 bfs refused 0.139 output term budget
6 mixed 1/5 1/5 bfs refused 0.143 output term budget
6 mixed 1/5 1/5 integer refused 0.066 output term budget
6 mixed 1/5 1/5 reference refused 2.067 reference cached column budget
6 mixed 1/5 1/2 reference refused 2.21 reference cached column budget
6 mixed 1/5 1/2 bfs refused 0.228 output term budget
6 mixed 1/5 1/2 integer refused 0.067 output term budget
6 mixed 2 1/5 integer refused 0.066 output term budget
6 mixed 2 1/5 bfs refused 0.181 output term budget
6 mixed 2 1/5 reference refused 2.087 reference cached column budget
6 mixed 2 1/2 bfs refused 0.371 output term budget
6 mixed 2 1/2 integer refused 0.068 output term budget
6 mixed 2 1/2 reference refused 2.023 reference cached column budget
complete 108 accepted 74
