{"stage": "solve", "path": "results/trace_pricing_20260913/campaign/continue/round_1_batch_1", "directions": 72, "seconds_limit": 40.0}
/Users/aidenlippert/Documents/Spectra/research/spin_completion_20260913/discovery.py:94: UserWarning: Solution may be inaccurate. Try another solver, adjusting the solver settings, or solve with verbose=True for more information.
  problem.solve(solver='CLARABEL', tol_gap_abs=1e-8, tol_gap_rel=1e-8, tol_feas=1e-8, max_iter=1000, time_limit=solver_seconds)
{"stage": "accepted", "directions": 72, "lower_Ha": -6.340011171097262, "wall_seconds": 7.207281458002399}
{"case": "round_1_batch_1", "accepted": true, "directions": 72, "lower_Ha": "-19020033513291787093437028058254668238548942481097584660380931/3000000000000000000000000000000000000000000000000000000000000", "width_mHa": 6.952544864261877, "certificate_bytes": 100907, "trial_wall_seconds": 7.212334584000928, "complete_at_seconds": 18.054039041002397}
{"stage": "solve", "path": "results/trace_pricing_20260913/campaign/continue/round_1_batch_2", "directions": 80, "seconds_limit": 40.0}
{"stage": "accepted", "directions": 80, "lower_Ha": -6.339781182585983, "wall_seconds": 7.806575750000775}
{"case": "round_1_batch_2", "accepted": true, "directions": 80, "lower_Ha": "-76077374191031796101965430429298220415814513696120258149940899/12000000000000000000000000000000000000000000000000000000000000", "width_mHa": 6.7225563529825205, "certificate_bytes": 108342, "trial_wall_seconds": 7.812494416997652, "complete_at_seconds": 25.86773754099704}
{"stage": "solve", "path": "results/trace_pricing_20260913/campaign/continue/round_2_batch_1", "directions": 88, "seconds_limit": 40.0}
{"stage": "accepted", "directions": 88, "lower_Ha": -6.33947310549596, "wall_seconds": 8.452240874998097}
{"case": "round_2_batch_1", "accepted": true, "directions": 88, "lower_Ha": "-45644206359570915536833697548529061147861973057821680354175481/7200000000000000000000000000000000000000000000000000000000000", "width_mHa": 6.414479262960003, "certificate_bytes": 115056, "trial_wall_seconds": 8.459214291004173, "complete_at_seconds": 34.3376387909957}
{"stage": "solve", "path": "results/trace_pricing_20260913/campaign/continue/round_2_batch_2", "directions": 96, "seconds_limit": 40.0}
{"stage": "accepted", "directions": 96, "lower_Ha": -6.33906505183553, "wall_seconds": 8.645838333002757}
{"case": "round_2_batch_2", "accepted": true, "directions": 96, "lower_Ha": "-57051585466519770148062692968993547270333535580362151607626177/9000000000000000000000000000000000000000000000000000000000000", "width_mHa": 6.006425602529529, "certificate_bytes": 122967, "trial_wall_seconds": 8.6557848750017, "complete_at_seconds": 42.99488058299903}
{"stage": "solve", "path": "results/trace_pricing_20260913/campaign/continue/round_3_batch_1", "directions": 104, "seconds_limit": 40.0}
{"stage": "accepted", "directions": 104, "lower_Ha": -6.338688873995712, "wall_seconds": 9.097152582995477}
{"case": "round_3_batch_1", "accepted": true, "directions": 104, "lower_Ha": "-228192799463845633923955424745996113347803194347911943528261571/36000000000000000000000000000000000000000000000000000000000000", "width_mHa": 5.630247762711566, "certificate_bytes": 130695, "trial_wall_seconds": 9.105373375001363, "complete_at_seconds": 52.11117883300176}
{"stage": "solve", "path": "results/trace_pricing_20260913/campaign/continue/round_3_batch_2", "directions": 112, "seconds_limit": 40.0}
{"stage": "accepted", "directions": 112, "lower_Ha": -6.338448467405799, "wall_seconds": 9.220030084004975}
{"case": "round_3_batch_2", "accepted": true, "directions": 112, "lower_Ha": "-15212276321773918642340579594843193149381176050818421317211071/2400000000000000000000000000000000000000000000000000000000000", "width_mHa": 5.389841172798946, "certificate_bytes": 137271, "trial_wall_seconds": 9.227459999994608, "complete_at_seconds": 61.3404407909984}
{"stage": "solve", "path": "results/trace_pricing_20260913/campaign/continue/round_4_batch_1", "directions": 120, "seconds_limit": 40.0}
{"stage": "accepted", "directions": 120, "lower_Ha": -6.3380737720557665, "wall_seconds": 9.571872250002343}
{"case": "round_4_batch_1", "accepted": true, "directions": 120, "lower_Ha": "-7605688526466919461365794730602754831390722067038221036046591/1200000000000000000000000000000000000000000000000000000000000", "width_mHa": 5.01514582276573, "certificate_bytes": 146402, "trial_wall_seconds": 9.580208875006065, "complete_at_seconds": 70.93407883300097}
{"stage": "solve", "path": "results/trace_pricing_20260913/campaign/continue/round_4_batch_2", "directions": 128, "seconds_limit": 40.0}
{"stage": "accepted", "directions": 128, "lower_Ha": -6.3378511866951515, "wall_seconds": 9.472325791000912}
{"case": "round_4_batch_2", "accepted": true, "directions": 128, "lower_Ha": "-228162642721025442947843040384144479361803141984468801445602197/36000000000000000000000000000000000000000000000000000000000000", "width_mHa": 4.792560462150705, "certificate_bytes": 154406, "trial_wall_seconds": 9.482617583998945, "complete_at_seconds": 80.41879633299686}
{"stage": "solve", "path": "results/trace_pricing_20260913/campaign/continue/round_5_batch_1", "directions": 136, "seconds_limit": 40.0}
{"stage": "accepted", "directions": 136, "lower_Ha": -6.337683498568949, "wall_seconds": 9.89833183400333}
{"case": "round_5_batch_1", "accepted": true, "directions": 136, "lower_Ha": "-114078302974241079323056262375627838354742298737066081077770359/18000000000000000000000000000000000000000000000000000000000000", "width_mHa": 4.624872335948363, "certificate_bytes": 164515, "trial_wall_seconds": 9.907588624999335, "complete_at_seconds": 90.33941004100052}
{"stage": "solve", "path": "results/trace_pricing_20260913/campaign/continue/round_5_batch_2", "directions": 144, "seconds_limit": 40.0}
{"stage": "accepted", "directions": 144, "lower_Ha": -6.337437087049596, "wall_seconds": 11.525592624995625}
{"case": "round_5_batch_2", "accepted": true, "directions": 144, "lower_Ha": "-114073867566892741903990171185678483511643195002947537532433473/18000000000000000000000000000000000000000000000000000000000000", "width_mHa": 4.378460816596284, "certificate_bytes": 171455, "trial_wall_seconds": 11.53750429199863, "complete_at_seconds": 101.87965974999679}
{"stage": "solve", "path": "results/trace_pricing_20260913/campaign/continue/round_6_batch_1", "directions": 152, "seconds_limit": 40.0}
{"stage": "accepted", "directions": 152, "lower_Ha": -6.337281608858745, "wall_seconds": 11.28866233399458}
{"case": "round_6_batch_1", "accepted": true, "directions": 152, "lower_Ha": "-22814213791891481290404416516111006426920318558896861222447731/3600000000000000000000000000000000000000000000000000000000000", "width_mHa": 4.222982625744315, "certificate_bytes": 179772, "trial_wall_seconds": 11.30205308299628, "complete_at_seconds": 113.19532125000114}
{"stage": "solve", "path": "results/trace_pricing_20260913/campaign/continue/round_6_batch_2", "directions": 160, "seconds_limit": 40.0}
{"stage": "accepted", "directions": 160, "lower_Ha": -6.3371269069859615, "wall_seconds": 12.290761124997516}
{"case": "round_6_batch_2", "accepted": true, "directions": 160, "lower_Ha": "-4562731373029892241451399743539939388121924278033475442655583/720000000000000000000000000000000000000000000000000000000000", "width_mHa": 4.068280752960958, "certificate_bytes": 188773, "trial_wall_seconds": 12.304488209003466, "complete_at_seconds": 125.5028055829971}
{"stage": "solve", "path": "results/trace_pricing_20260913/campaign/continue/round_7_batch_1", "directions": 168, "seconds_limit": 40.0}
{"stage": "accepted", "directions": 168, "lower_Ha": -6.3369979859069465, "wall_seconds": 14.976602832997742}
{"case": "round_7_batch_1", "accepted": true, "directions": 168, "lower_Ha": "-111392542721020537720803691468475768274429140625108142212727/17578125000000000000000000000000000000000000000000000000000", "width_mHa": 3.939359673945658, "certificate_bytes": 196855, "trial_wall_seconds": 14.99169395800709, "complete_at_seconds": 140.51238141599606}
{"stage": "solve", "path": "results/trace_pricing_20260913/campaign/continue/round_7_batch_2", "directions": 176, "seconds_limit": 40.0}
{"stage": "accepted", "directions": 176, "lower_Ha": -6.336909538126605, "wall_seconds": 15.680146917002276}
{"case": "round_7_batch_2", "accepted": true, "directions": 176, "lower_Ha": "-76042914457519259034426757423665656298031580055389439151852003/12000000000000000000000000000000000000000000000000000000000000", "width_mHa": 3.8509118936044313, "certificate_bytes": 206218, "trial_wall_seconds": 15.693683874997078, "complete_at_seconds": 156.20858045799832}
{"stage": "solve", "path": "results/trace_pricing_20260913/campaign/continue/round_8_batch_1", "directions": 184, "seconds_limit": 40.0}
{"stage": "accepted", "directions": 184, "lower_Ha": -6.336865748735861, "wall_seconds": 16.79262454200216}
{"case": "round_8_batch_1", "accepted": true, "directions": 184, "lower_Ha": "-228127166954491003606279875039897023443155115800726715337218247/36000000000000000000000000000000000000000000000000000000000000", "width_mHa": 3.8071225028607234, "certificate_bytes": 216904, "trial_wall_seconds": 16.809732790999988, "complete_at_seconds": 173.03333429100167}
{"stage": "solve", "path": "results/trace_pricing_20260913/campaign/continue/round_8_batch_2", "directions": 192, "seconds_limit": 40.0}
{"stage": "accepted", "directions": 192, "lower_Ha": -6.336708018555026, "wall_seconds": 19.814638042000297}
{"case": "round_8_batch_2", "accepted": true, "directions": 192, "lower_Ha": "-76040496222660309620952126477796808828781006320856648918678817/12000000000000000000000000000000000000000000000000000000000000", "width_mHa": 3.6493923220253137, "certificate_bytes": 226697, "trial_wall_seconds": 19.833513583995227, "complete_at_seconds": 192.86962970800232}
{"stage": "solve", "path": "results/trace_pricing_20260913/campaign/continue/round_9_batch_1", "directions": 200, "seconds_limit": 40.0}
{"stage": "accepted", "directions": 200, "lower_Ha": -6.3365948379787245, "wall_seconds": 37.915743707999354}
{"case": "round_9_batch_1", "accepted": true, "directions": 200, "lower_Ha": "-114058707083617046434077899198633517515071710832575591080021903/18000000000000000000000000000000000000000000000000000000000000", "width_mHa": 3.5362117457243136, "certificate_bytes": 232332, "trial_wall_seconds": 37.933171707998554, "complete_at_seconds": 230.81981058300153}
{"stage": "solve", "path": "results/trace_pricing_20260913/campaign/continue/round_9_batch_2", "directions": 208, "seconds_limit": 40.0}
{"stage": "accepted", "directions": 208, "lower_Ha": -6.336494189573769, "wall_seconds": 42.74172387499857}
{"case": "round_9_batch_2", "accepted": true, "directions": 208, "lower_Ha": "-228113790824655701505807957070068817656366574616672895642210577/36000000000000000000000000000000000000000000000000000000000000", "width_mHa": 3.435563340768998, "certificate_bytes": 240940, "trial_wall_seconds": 42.76266208299785, "complete_at_seconds": 273.5862950829978}
{"stage": "solve", "path": "results/trace_pricing_20260913/campaign/continue/round_10_batch_1", "directions": 216, "seconds_limit": 40.0}
{"stage": "accepted", "directions": 216, "lower_Ha": -6.336474047298517, "wall_seconds": 44.99121654099872}
{"case": "round_10_batch_1", "accepted": true, "directions": 216, "lower_Ha": "-38018844283791101479197911569716360339043929309775185012654761/6000000000000000000000000000000000000000000000000000000000000", "width_mHa": 3.415421065516425, "certificate_bytes": 252023, "trial_wall_seconds": 45.01563850000093, "complete_at_seconds": 318.6196335409986}
