{"name": "exact_L1", "physical_modes": 6, "retained_modes": 6, "width": 8.163873582326077e-12, "seconds": 0.13094275000003108}
{"name": "exact_L2", "physical_modes": 12, "retained_modes": 6, "width": 8.163873575274183e-12, "seconds": 0.05168583300019236}
{"name": "exact_L4", "physical_modes": 36, "retained_modes": 6, "width": 8.163873573490148e-12, "seconds": 0.05274874999940948}
{"name": "exact_L8", "physical_modes": 132, "retained_modes": 6, "width": 8.163873573554323e-12, "seconds": 0.05411333400024887}
{"name": "exact_L16", "physical_modes": 516, "retained_modes": 6, "width": 8.163873573481314e-12, "seconds": 0.05310391700004402}
{"name": "exact_L32", "physical_modes": 2052, "retained_modes": 6, "width": 8.163873573462995e-12, "seconds": 0.05279374999918218}
{"name": "exact_L64", "physical_modes": 8196, "retained_modes": 6, "width": 8.163873573414329e-12, "seconds": 0.05449429199961742}
{"name": "dispersed_L2", "physical_modes": 12, "retained_modes": 6, "width": 0.015088505649890767, "seconds": 0.053494958000555926}
{"name": "dispersed_L4", "physical_modes": 36, "retained_modes": 6, "width": 0.015088505649890767, "seconds": 0.05303245800041623}
{"name": "dispersed_L8", "physical_modes": 132, "retained_modes": 6, "width": 0.015088505649890767, "seconds": 0.05448137500025041}
{"name": "dispersed_L16", "physical_modes": 516, "retained_modes": 6, "width": 0.015088505649890767, "seconds": 0.05438645899994299}
{"name": "dispersed_L32", "physical_modes": 2052, "retained_modes": 6, "width": 0.015088505649890767, "seconds": 0.05737349999981234}
{"name": "dispersed_L64", "physical_modes": 8196, "retained_modes": 6, "width": 0.015088505649890767, "seconds": 0.05231716700018296}
{"name": "refined_L2", "physical_modes": 12, "retained_modes": 8, "width": 0.005034324959155881, "seconds": 3.9783363750002536}
{"name": "refined_L4", "physical_modes": 36, "retained_modes": 8, "width": 0.007042389825421214, "seconds": 4.025512250000247}
{"name": "refined_L8", "physical_modes": 132, "retained_modes": 8, "width": 0.007424769523366999, "seconds": 4.121245499999532}
{"name": "refined_L16", "physical_modes": 516, "retained_modes": 8, "width": 0.007514740199126874, "seconds": 4.3133792079997875}
{"name": "gap_1", "physical_modes": 132, "retained_modes": 6, "width": 0.07728238161939689, "seconds": 0.05237616700014769}
{"name": "gap_1_4", "physical_modes": 132, "retained_modes": 6, "width": 0.16822061884925574, "seconds": 0.05266908399971726}
{"name": "gap_1_20", "physical_modes": 132, "retained_modes": 6, "width": 0.22205465201840155, "seconds": 0.05315137500019773}
{"name": "coupling_0", "physical_modes": 516, "retained_modes": 6, "width": 9.261300069389123e-11, "seconds": 0.03443645799961814}
{"name": "coupling_6_5", "physical_modes": 516, "retained_modes": 6, "width": 0.05920306029472753, "seconds": 0.05217745800018747}
