{
  "lower": "-3347561160417/250000000000",
  "lower_float": -13.390244641668,
  "residual_l1": "26662917/250000000000",
  "residual_l1_float": 0.000106651668,
  "multiplier_terms": 37,
  "square_polynomial_terms": 898,
  "residual_terms": 918,
  "residual_max_degree": 4,
  "mode_count": 12,
  "particle_number": 6,
  "factor_rows": 473,
  "factor_nonzeros": 946,
  "word_pair_candidates_scanned": 14718,
  "nonzero_H_overlap_pairs": 2562,
  "monomial_candidates": 300,
  "retained_atoms": 5424,
  "method": "direct_H_ranked_two_word_LP",
  "atom_budget": 8192,
  "ideal_body": 2,
  "ideal_columns": 2290,
  "coefficient_rows": 34421,
  "maximum_coefficient_degree": 6,
  "LP_variables": 76557,
  "LP_nonzeros": 142794,
  "numeric_proposed_b": -13.390137990464995,
  "numeric_physical_residual_l1": 2.9739740130176745e-14,
  "numeric_lower": -13.390137990464995,
  "LP_iterations": 5666,
  "build_seconds": 3.163294184999984,
  "solve_seconds": 1.510407108000038,
  "export_replay_seconds": 0.0958333389999666,
  "wall_seconds": 4.7695346319999885,
  "source_factors_used": false,
  "source_upper_used": false,
  "full_Gram_constructed": false,
  "full_Fock_space_constructed": false,
  "omitted_family_optimality_proved": false,
  "certificate_bytes": 113591,
  "process_maxrss_native": 275304,
  "maxrss_unit": "KiB",
  "H_sha256": "14e7229dd5001f634e352dd92346c9f2f4a67792003789cb4abe9e36a79d2a88"
}
