{
  "lower": "-12297410319039/500000000000",
  "lower_float": -24.594820638078,
  "residual_l1": "7291339718039/500000000000",
  "residual_l1_float": 14.582679436078,
  "multiplier_terms": 37,
  "square_polynomial_terms": 445,
  "residual_terms": 919,
  "residual_max_degree": 4,
  "mode_count": 12,
  "particle_number": 6,
  "factor_rows": 237,
  "factor_nonzeros": 474,
  "word_pair_candidates_scanned": 14718,
  "nonzero_H_overlap_pairs": 2562,
  "monomial_candidates": 300,
  "retained_atoms": 2048,
  "method": "direct_H_ranked_two_word_LP",
  "atom_budget": 2048,
  "ideal_body": 1,
  "ideal_columns": 79,
  "coefficient_rows": 2107,
  "maximum_coefficient_degree": 4,
  "LP_variables": 6342,
  "LP_nonzeros": 17598,
  "numeric_proposed_b": -10.012141201609293,
  "numeric_physical_residual_l1": 14.582614366804014,
  "numeric_lower": -24.594755568413294,
  "LP_iterations": 1408,
  "build_seconds": 0.9520048999999631,
  "solve_seconds": 0.1186628660000224,
  "export_replay_seconds": 0.09444563699997843,
  "wall_seconds": 1.165113402999964,
  "source_factors_used": false,
  "source_upper_used": false,
  "full_Gram_constructed": false,
  "full_Fock_space_constructed": false,
  "omitted_family_optimality_proved": false,
  "certificate_bytes": 92968,
  "process_maxrss_native": 136496,
  "maxrss_unit": "KiB",
  "H_sha256": "14e7229dd5001f634e352dd92346c9f2f4a67792003789cb4abe9e36a79d2a88"
}
