{
  "lower": "-4201831002869/100000000000",
  "lower_float": -42.01831002869,
  "residual_l1": "3573802621269/100000000000",
  "residual_l1_float": 35.73802621269,
  "multiplier_terms": 37,
  "square_polynomial_terms": 63,
  "residual_terms": 919,
  "residual_max_degree": 4,
  "mode_count": 12,
  "particle_number": 6,
  "factor_rows": 53,
  "factor_nonzeros": 61,
  "word_pair_candidates_scanned": 14718,
  "nonzero_H_overlap_pairs": 2562,
  "monomial_candidates": 300,
  "retained_atoms": 128,
  "method": "direct_H_ranked_two_word_LP",
  "atom_budget": 128,
  "ideal_body": 2,
  "ideal_columns": 2290,
  "coefficient_rows": 34421,
  "maximum_coefficient_degree": 6,
  "LP_variables": 71261,
  "LP_nonzeros": 111556,
  "numeric_proposed_b": -6.280283815825136,
  "numeric_physical_residual_l1": 35.73801250774761,
  "numeric_lower": -42.018296323572635,
  "LP_iterations": 6102,
  "build_seconds": 2.9250018479999653,
  "solve_seconds": 0.291065279999998,
  "export_replay_seconds": 0.0643927830000166,
  "wall_seconds": 3.28045991099998,
  "source_factors_used": false,
  "source_upper_used": false,
  "full_Gram_constructed": false,
  "full_Fock_space_constructed": false,
  "omitted_family_optimality_proved": false,
  "certificate_bytes": 76091,
  "process_maxrss_native": 260684,
  "maxrss_unit": "KiB",
  "H_sha256": "14e7229dd5001f634e352dd92346c9f2f4a67792003789cb4abe9e36a79d2a88"
}
