{
  "lower": "-22095638273837/500000000000",
  "lower_float": -44.191276547674,
  "residual_l1": "19873014985837/500000000000",
  "residual_l1_float": 39.746029971674,
  "multiplier_terms": 103,
  "square_polynomial_terms": 0,
  "residual_terms": 971,
  "residual_max_degree": 6,
  "mode_count": 12,
  "particle_number": 6,
  "factor_rows": 0,
  "factor_nonzeros": 0,
  "word_pair_candidates_scanned": 14718,
  "nonzero_H_overlap_pairs": 2562,
  "monomial_candidates": 300,
  "retained_atoms": 0,
  "method": "direct_H_ranked_two_word_LP",
  "atom_budget": 0,
  "ideal_body": 2,
  "ideal_columns": 2290,
  "coefficient_rows": 34421,
  "maximum_coefficient_degree": 6,
  "LP_variables": 71133,
  "LP_nonzeros": 111108,
  "numeric_proposed_b": -4.445246576255001,
  "numeric_physical_residual_l1": 39.746029927635796,
  "numeric_lower": -44.191276503890776,
  "LP_iterations": 6165,
  "build_seconds": 2.9183336230000236,
  "solve_seconds": 0.29252106899997443,
  "export_replay_seconds": 0.07185756199999105,
  "wall_seconds": 3.282712253999989,
  "source_factors_used": false,
  "source_upper_used": false,
  "full_Gram_constructed": false,
  "full_Fock_space_constructed": false,
  "omitted_family_optimality_proved": false,
  "certificate_bytes": 77126,
  "process_maxrss_native": 260500,
  "maxrss_unit": "KiB",
  "H_sha256": "14e7229dd5001f634e352dd92346c9f2f4a67792003789cb4abe9e36a79d2a88"
}
