{
  "lower": "-11065907542899/250000000000",
  "lower_float": -44.263630171596,
  "residual_l1": "9996951627399/250000000000",
  "residual_l1_float": 39.987806509596,
  "multiplier_terms": 37,
  "square_polynomial_terms": 0,
  "residual_terms": 918,
  "residual_max_degree": 4,
  "mode_count": 12,
  "particle_number": 6,
  "factor_rows": 0,
  "factor_nonzeros": 0,
  "word_pair_candidates_scanned": 14718,
  "nonzero_H_overlap_pairs": 2562,
  "monomial_candidates": 300,
  "retained_atoms": 0,
  "method": "direct_H_ranked_two_word_LP",
  "atom_budget": 0,
  "ideal_body": 1,
  "ideal_columns": 79,
  "coefficient_rows": 2107,
  "maximum_coefficient_degree": 4,
  "LP_variables": 4294,
  "LP_nonzeros": 5824,
  "numeric_proposed_b": -4.275823662408001,
  "numeric_physical_residual_l1": 39.9878064841132,
  "numeric_lower": -44.26363014652114,
  "LP_iterations": 404,
  "build_seconds": 0.8527291149999883,
  "solve_seconds": 0.014424993000034192,
  "export_replay_seconds": 0.07716095400002132,
  "wall_seconds": 0.9443150620000438,
  "source_factors_used": false,
  "source_upper_used": false,
  "full_Gram_constructed": false,
  "full_Fock_space_constructed": false,
  "omitted_family_optimality_proved": false,
  "certificate_bytes": 72568,
  "process_maxrss_native": 130520,
  "maxrss_unit": "KiB",
  "H_sha256": "14e7229dd5001f634e352dd92346c9f2f4a67792003789cb4abe9e36a79d2a88"
}
