{
  "lower": "-20137791146309/500000000000",
  "lower_float": -40.275582292618,
  "residual_l1": "17058303458309/500000000000",
  "residual_l1_float": 34.116606916618,
  "multiplier_terms": 37,
  "square_polynomial_terms": 128,
  "residual_terms": 919,
  "residual_max_degree": 4,
  "mode_count": 12,
  "particle_number": 6,
  "factor_rows": 82,
  "factor_nonzeros": 121,
  "word_pair_candidates_scanned": 14718,
  "nonzero_H_overlap_pairs": 2562,
  "monomial_candidates": 300,
  "retained_atoms": 512,
  "method": "direct_H_ranked_two_word_LP",
  "atom_budget": 512,
  "ideal_body": 2,
  "ideal_columns": 2290,
  "coefficient_rows": 34421,
  "maximum_coefficient_degree": 6,
  "LP_variables": 71645,
  "LP_nonzeros": 113242,
  "numeric_proposed_b": -6.158975375694999,
  "numeric_physical_residual_l1": 34.116592888936005,
  "numeric_lower": -40.27556826463092,
  "LP_iterations": 6222,
  "build_seconds": 2.9634654409999825,
  "solve_seconds": 0.3469106439999905,
  "export_replay_seconds": 0.06779673900001626,
  "wall_seconds": 3.3781728239999893,
  "source_factors_used": false,
  "source_upper_used": false,
  "full_Gram_constructed": false,
  "full_Fock_space_constructed": false,
  "omitted_family_optimality_proved": false,
  "certificate_bytes": 78617,
  "process_maxrss_native": 262024,
  "maxrss_unit": "KiB",
  "H_sha256": "14e7229dd5001f634e352dd92346c9f2f4a67792003789cb4abe9e36a79d2a88"
}
