{
  "lower": "-6148704124757/250000000000",
  "lower_float": -24.594816499028,
  "residual_l1": "3645668824257/250000000000",
  "residual_l1_float": 14.582675297028,
  "multiplier_terms": 37,
  "square_polynomial_terms": 443,
  "residual_terms": 919,
  "residual_max_degree": 4,
  "mode_count": 12,
  "particle_number": 6,
  "factor_rows": 237,
  "factor_nonzeros": 474,
  "word_pair_candidates_scanned": 14718,
  "nonzero_H_overlap_pairs": 2562,
  "monomial_candidates": 300,
  "retained_atoms": 2048,
  "method": "direct_H_ranked_two_word_LP",
  "atom_budget": 2048,
  "ideal_body": 2,
  "ideal_columns": 2290,
  "coefficient_rows": 34421,
  "maximum_coefficient_degree": 6,
  "LP_variables": 73181,
  "LP_nonzeros": 122882,
  "numeric_proposed_b": -10.012141201609294,
  "numeric_physical_residual_l1": 14.582614366804023,
  "numeric_lower": -24.59475556841329,
  "LP_iterations": 6148,
  "build_seconds": 3.009654485999988,
  "solve_seconds": 0.6812817020000352,
  "export_replay_seconds": 0.07939363499997398,
  "wall_seconds": 3.7703298229999973,
  "source_factors_used": false,
  "source_upper_used": false,
  "full_Gram_constructed": false,
  "full_Fock_space_constructed": false,
  "omitted_family_optimality_proved": false,
  "certificate_bytes": 92963,
  "process_maxrss_native": 267448,
  "maxrss_unit": "KiB",
  "H_sha256": "14e7229dd5001f634e352dd92346c9f2f4a67792003789cb4abe9e36a79d2a88"
}
