{
  "lower": "-65911945767/12500000000",
  "lower_float": -5.27295566136,
  "residual_l1": "544159/25000000000",
  "residual_l1_float": 2.176636e-05,
  "multiplier_terms": 9,
  "square_polynomial_terms": 96,
  "residual_terms": 97,
  "residual_max_degree": 4,
  "mode_count": 8,
  "particle_number": 4,
  "factor_rows": 55,
  "factor_nonzeros": 109,
  "word_pair_candidates_scanned": 2828,
  "nonzero_H_overlap_pairs": 208,
  "monomial_candidates": 136,
  "retained_atoms": 552,
  "method": "direct_H_ranked_two_word_LP",
  "atom_budget": 8192,
  "ideal_body": 1,
  "ideal_columns": 37,
  "coefficient_rows": 489,
  "maximum_coefficient_degree": 4,
  "LP_variables": 1568,
  "LP_nonzeros": 4116,
  "numeric_proposed_b": -5.272933894721003,
  "numeric_physical_residual_l1": 1.1934897514720433e-14,
  "numeric_lower": -5.272933894721003,
  "LP_iterations": 269,
  "build_seconds": 0.19509184099996446,
  "solve_seconds": 0.011646023000025707,
  "export_replay_seconds": 0.009897856999998567,
  "wall_seconds": 0.21663572099998873,
  "source_factors_used": false,
  "source_upper_used": false,
  "full_Gram_constructed": false,
  "full_Fock_space_constructed": false,
  "omitted_family_optimality_proved": false,
  "certificate_bytes": 12631,
  "process_maxrss_native": 111884,
  "maxrss_unit": "KiB",
  "H_sha256": "30f6a7b8ef35d7be3e3a47c6852a323cd3c19bb31922f6114157b66ba572ba41"
}
