{
  "lower": "-10243821088943/1000000000000",
  "lower_float": -10.243821088943,
  "residual_l1": "5847215939943/1000000000000",
  "residual_l1_float": 5.847215939943,
  "multiplier_terms": 9,
  "square_polynomial_terms": 35,
  "residual_terms": 97,
  "residual_max_degree": 4,
  "mode_count": 8,
  "particle_number": 4,
  "factor_rows": 27,
  "factor_nonzeros": 37,
  "word_pair_candidates_scanned": 2828,
  "nonzero_H_overlap_pairs": 208,
  "monomial_candidates": 136,
  "retained_atoms": 128,
  "method": "direct_H_ranked_two_word_LP",
  "atom_budget": 128,
  "ideal_body": 1,
  "ideal_columns": 37,
  "coefficient_rows": 489,
  "maximum_coefficient_degree": 4,
  "LP_variables": 1144,
  "LP_nonzeros": 1832,
  "numeric_proposed_b": -4.3966051493929985,
  "numeric_physical_residual_l1": 5.847204098356004,
  "numeric_lower": -10.243809247748992,
  "LP_iterations": 97,
  "build_seconds": 0.176730249000002,
  "solve_seconds": 0.005225194999979976,
  "export_replay_seconds": 0.006953685999974368,
  "wall_seconds": 0.18890912999995635,
  "source_factors_used": false,
  "source_upper_used": false,
  "full_Gram_constructed": false,
  "full_Fock_space_constructed": false,
  "omitted_family_optimality_proved": false,
  "certificate_bytes": 9876,
  "process_maxrss_native": 111084,
  "maxrss_unit": "KiB",
  "H_sha256": "30f6a7b8ef35d7be3e3a47c6852a323cd3c19bb31922f6114157b66ba572ba41"
}
