{
  "lower": "-10243818944237/1000000000000",
  "lower_float": -10.243818944237,
  "residual_l1": "5847213795237/1000000000000",
  "residual_l1_float": 5.847213795237,
  "multiplier_terms": 9,
  "square_polynomial_terms": 35,
  "residual_terms": 97,
  "residual_max_degree": 4,
  "mode_count": 8,
  "particle_number": 4,
  "factor_rows": 27,
  "factor_nonzeros": 37,
  "word_pair_candidates_scanned": 2828,
  "nonzero_H_overlap_pairs": 208,
  "monomial_candidates": 136,
  "retained_atoms": 128,
  "method": "direct_H_ranked_two_word_LP",
  "atom_budget": 128,
  "ideal_body": 2,
  "ideal_columns": 443,
  "coefficient_rows": 3425,
  "maximum_coefficient_degree": 6,
  "LP_variables": 7422,
  "LP_nonzeros": 12016,
  "numeric_proposed_b": -4.396605149393,
  "numeric_physical_residual_l1": 5.847204098356002,
  "numeric_lower": -10.243809247748993,
  "LP_iterations": 694,
  "build_seconds": 0.4143944869999814,
  "solve_seconds": 0.027423291999980393,
  "export_replay_seconds": 0.009220523000010417,
  "wall_seconds": 0.4510383019999722,
  "source_factors_used": false,
  "source_upper_used": false,
  "full_Gram_constructed": false,
  "full_Fock_space_constructed": false,
  "omitted_family_optimality_proved": false,
  "certificate_bytes": 9884,
  "process_maxrss_native": 123996,
  "maxrss_unit": "KiB",
  "H_sha256": "30f6a7b8ef35d7be3e3a47c6852a323cd3c19bb31922f6114157b66ba572ba41"
}
