{
  "lower": "-12403893526389/1000000000000",
  "lower_float": -12.403893526389,
  "residual_l1": "9806944782389/1000000000000",
  "residual_l1_float": 9.806944782389,
  "multiplier_terms": 9,
  "square_polynomial_terms": 0,
  "residual_terms": 96,
  "residual_max_degree": 4,
  "mode_count": 8,
  "particle_number": 4,
  "factor_rows": 0,
  "factor_nonzeros": 0,
  "word_pair_candidates_scanned": 2828,
  "nonzero_H_overlap_pairs": 208,
  "monomial_candidates": 136,
  "retained_atoms": 0,
  "method": "direct_H_ranked_two_word_LP",
  "atom_budget": 0,
  "ideal_body": 1,
  "ideal_columns": 37,
  "coefficient_rows": 489,
  "maximum_coefficient_degree": 4,
  "LP_variables": 1016,
  "LP_nonzeros": 1444,
  "numeric_proposed_b": -2.5969487437859993,
  "numeric_physical_residual_l1": 9.806944777239,
  "numeric_lower": -12.40389352102499,
  "LP_iterations": 71,
  "build_seconds": 0.17294074900001988,
  "solve_seconds": 0.0047707519999562464,
  "export_replay_seconds": 0.0057419290000098044,
  "wall_seconds": 0.18345342999998593,
  "source_factors_used": false,
  "source_upper_used": false,
  "full_Gram_constructed": false,
  "full_Fock_space_constructed": false,
  "omitted_family_optimality_proved": false,
  "certificate_bytes": 7973,
  "process_maxrss_native": 110368,
  "maxrss_unit": "KiB",
  "H_sha256": "30f6a7b8ef35d7be3e3a47c6852a323cd3c19bb31922f6114157b66ba572ba41"
}
