{
  "lower": "-5336034059769/1000000000000",
  "lower_float": -5.336034059769,
  "residual_l1": "126176778769/1000000000000",
  "residual_l1_float": 0.126176778769,
  "multiplier_terms": 9,
  "square_polynomial_terms": 92,
  "residual_terms": 97,
  "residual_max_degree": 4,
  "mode_count": 8,
  "particle_number": 4,
  "factor_rows": 52,
  "factor_nonzeros": 104,
  "word_pair_candidates_scanned": 2828,
  "nonzero_H_overlap_pairs": 208,
  "monomial_candidates": 136,
  "retained_atoms": 512,
  "method": "direct_H_ranked_two_word_LP",
  "atom_budget": 512,
  "ideal_body": 1,
  "ideal_columns": 37,
  "coefficient_rows": 489,
  "maximum_coefficient_degree": 4,
  "LP_variables": 1528,
  "LP_nonzeros": 3860,
  "numeric_proposed_b": -5.2098572809649975,
  "numeric_physical_residual_l1": 0.1261532275120114,
  "numeric_lower": -5.336010508476996,
  "LP_iterations": 199,
  "build_seconds": 0.19022669499997846,
  "solve_seconds": 0.009717268000031254,
  "export_replay_seconds": 0.009643535000009251,
  "wall_seconds": 0.20958749800001897,
  "source_factors_used": false,
  "source_upper_used": false,
  "full_Gram_constructed": false,
  "full_Fock_space_constructed": false,
  "omitted_family_optimality_proved": false,
  "certificate_bytes": 12417,
  "process_maxrss_native": 112024,
  "maxrss_unit": "KiB",
  "H_sha256": "30f6a7b8ef35d7be3e3a47c6852a323cd3c19bb31922f6114157b66ba572ba41"
}
