{
  "lower": "-9065580430003350507647802715002056947752712301692388260764477574082033067461812912741205983842293665752543314582035878134072018055489265211203942046341608280886675823060665590166978620275331586589696486922375272120868541202407503773989751984964809613467379591137720246348489820764625135054532347324329223664843511303511125711838702126116339091750884386361093721439756652865755092200417297/999057514877230879487760017233792821952584331418977405170288593067130199716754775187131702970969723809233482926043776082941581370164852783431311658756277522159583161528287507094995043047218009982680731565637389408635536698312259703314228374760113614844866793206372747298270099656591887326238375897765994898094012634471708990213850353871993498796066083741685114530844805969469750000000000",
  "lower_float": -9.074132665042185,
  "residual_l1": "5616794857468158288000055307702650836554423146069418381507376157979545671396932894619670334325134509317899552387621808417513670803979223802330511105831053984141559018870062528538728544409993247416268598186974197560729251946685853614786946555018752286904194661733444536104369987933816556272503412244371435354734300952429182736893661029844592462864853300575037085925225891614265899956224297/999057514877230879487760017233792821952584331418977405170288593067130199716754775187131702970969723809233482926043776082941581370164852783431311658756277522159583161528287507094995043047218009982680731565637389408635536698312259703314228374760113614844866793206372747298270099656591887326238375897765994898094012634471708990213850353871993498796066083741685114530844805969469750000000000",
  "residual_l1_float": 5.622093597042186,
  "multiplier_terms": 65,
  "square_polynomial_terms": 35,
  "residual_terms": 365,
  "residual_max_degree": 6,
  "mode_count": 8,
  "particle_number": 4,
  "factor_rows": 22,
  "factor_nonzeros": 36,
  "word_pair_candidates_scanned": 2828,
  "nonzero_H_overlap_pairs": 420,
  "monomial_candidates": 136,
  "retained_atoms": 128,
  "method": "direct_H_ranked_two_word_LP",
  "atom_budget": 128,
  "ideal_body": 2,
  "ideal_columns": 443,
  "coefficient_rows": 3425,
  "maximum_coefficient_degree": 6,
  "LP_variables": 7422,
  "LP_nonzeros": 12012,
  "numeric_proposed_b": -3.4520390675624193,
  "numeric_physical_residual_l1": 5.6220847671246155,
  "numeric_lower": -9.07412375753048,
  "LP_iterations": 655,
  "build_seconds": 0.41649820700001783,
  "solve_seconds": 0.027665436000006594,
  "export_replay_seconds": 0.029512350000004517,
  "wall_seconds": 0.47367599300002894,
  "source_factors_used": false,
  "source_upper_used": false,
  "full_Gram_constructed": false,
  "full_Fock_space_constructed": false,
  "omitted_family_optimality_proved": false,
  "certificate_bytes": 19129,
  "process_maxrss_native": 124632,
  "maxrss_unit": "KiB",
  "H_sha256": "05fc9cc057b2b665574332948527d16ddd3fad7494c2c7d12b2a71df82e59749"
}
