{
  "lower": "-182123319130396489468100443186802168249028396514130558092391153882381434570711499382601351210315988397297055871332380460173115899681054115976267688495220863930581318656143422530049564129634173080441720888211347715624604882505774651789964336243892275350854893094041803134155617108220546058123764024794646473824740469731021261291506202109737827851997948817473/40843766898068408970523396409327551024413080248897250242653073914900483849031038716542688666690265241439281453891370468671629242878694023838454477033815169649650951703866863275945966893694180745454764045559255826595989481570402230376386879499819409920804168865771676632359648313349326009591960902210338379545235624963756172430017937440062634559500000000000",
  "lower_float": -4.459023566188492,
  "residual_l1": "664331567331071082724806293433730720442444398822061577075685747524399449515969923832967374140180092772120236864679470529334119855206335531130845302198578234112907002689250637720069147530275245305443830329356706297806864146161034971262553590298332477272330329008031452852421203565617924014330932200601752025758252334628042241307503537290453892529907973/40843766898068408970523396409327551024413080248897250242653073914900483849031038716542688666690265241439281453891370468671629242878694023838454477033815169649650951703866863275945966893694180745454764045559255826595989481570402230376386879499819409920804168865771676632359648313349326009591960902210338379545235624963756172430017937440062634559500000000000",
  "residual_l1_float": 1.6265188492261443e-05,
  "multiplier_terms": 57,
  "square_polynomial_terms": 90,
  "residual_terms": 333,
  "residual_max_degree": 6,
  "mode_count": 8,
  "particle_number": 4,
  "factor_rows": 51,
  "factor_nonzeros": 102,
  "word_pair_candidates_scanned": 2828,
  "nonzero_H_overlap_pairs": 420,
  "monomial_candidates": 136,
  "retained_atoms": 512,
  "method": "direct_H_ranked_two_word_LP",
  "atom_budget": 512,
  "ideal_body": 2,
  "ideal_columns": 443,
  "coefficient_rows": 3425,
  "maximum_coefficient_degree": 6,
  "LP_variables": 7806,
  "LP_nonzeros": 14056,
  "numeric_proposed_b": -4.459007300502542,
  "numeric_physical_residual_l1": 9.284414949235138e-08,
  "numeric_lower": -4.459007300502542,
  "LP_iterations": 683,
  "build_seconds": 0.43620674300001383,
  "solve_seconds": 0.035559588000012354,
  "export_replay_seconds": 0.02895986499999026,
  "wall_seconds": 0.5007261960000164,
  "source_factors_used": false,
  "source_upper_used": false,
  "full_Gram_constructed": false,
  "full_Fock_space_constructed": false,
  "omitted_family_optimality_proved": false,
  "certificate_bytes": 21259,
  "process_maxrss_native": 124572,
  "maxrss_unit": "KiB",
  "H_sha256": "05fc9cc057b2b665574332948527d16ddd3fad7494c2c7d12b2a71df82e59749"
}
