{"stage": "forecast", "rows": 435, "full_word_pairs": 19248, "retained_Gram_entries": 6368, "largest_Gram_block": 34, "number_ideal_columns": 111, "stats": {"spatial_parity_masks": [51, 204], "mixed_linear_words_retained": true, "operator_dictionary_dimensions": [2, 2, 2, 2, 2, 2, 2, 2, 2, 4, 8, 8, 2, 4, 2, 4, 8, 8, 2, 4, 8, 8, 16, 16, 8, 8, 2, 2, 2, 2, 2, 2, 2, 2, 12, 12, 46, 46, 46, 46, 12, 12, 12, 12, 46, 46, 46, 46, 12, 12]}}
{"stage": "spin_projection", "seconds": 0.996808374999091, "original_rows": 435, "independent_invariant_rows": 167, "integer_denominator": 12, "projector_nonzeros": 2989, "exact_integer_idempotence_checked": true, "modular_prime": 65521, "rank_equals_exact_trace": true}
{"stage": "maps", "block": 0, "seconds": 1.028815499972552}
{"stage": "maps", "block": 8, "seconds": 1.0319984999950975}
{"stage": "maps", "block": 16, "seconds": 1.0382326249964535}
{"stage": "maps", "block": 24, "seconds": 1.0492186669725925}
{"stage": "maps", "block": 32, "seconds": 1.0536666669941042}
{"stage": "maps", "block": 40, "seconds": 1.234711499972036}
{
  "kind": "input_derived_highest_weight_preparation_v1",
  "fixture": "/Users/aidenlippert/Documents/Spectra/results/transfer_solver_20260915/cases/h4_control/fixture.json",
  "fixture_sha256": "652a1a61b049a0260787004a2bbbcc89dd4bd90c0387940527d7eade0ca9376d",
  "state": "/Users/aidenlippert/Documents/Spectra/results/transfer_solver_20260915/cases/h4_control/mps/state.json",
  "state_sha256": "2e1eb619442d376064d408c5a4c8480f650cc7dba3cf86e5cc2e85fbea09ae5e",
  "modes": 8,
  "particles": 4,
  "spin_projection": {
    "original_rows": 435,
    "independent_invariant_rows": 167,
    "integer_denominator": 12,
    "projector_nonzeros": 2989,
    "exact_integer_idempotence_checked": true,
    "modular_prime": 65521,
    "rank_equals_exact_trace": true
  },
  "upper_Ha": "-28648437185059001569651346770617483322808408400624284789720348553076873413947812907592761959934817896131373189728550783/7812500007932562714846797228068846359965899772841003815005567215576059532456770451447165035837817715429681000000000000",
  "original_H_spin_defect_Ha": "3/500000000000",
  "forecast": {
    "rows": 435,
    "full_word_pairs": 19248,
    "retained_Gram_entries": 6368,
    "largest_Gram_block": 34,
    "number_ideal_columns": 111,
    "stats": {
      "spatial_parity_masks": [
        51,
        204
      ],
      "mixed_linear_words_retained": true,
      "operator_dictionary_dimensions": [
        2,
        2,
        2,
        2,
        2,
        2,
        2,
        2,
        2,
        4,
        8,
        8,
        2,
        4,
        2,
        4,
        8,
        8,
        2,
        4,
        8,
        8,
        16,
        16,
        8,
        8,
        2,
        2,
        2,
        2,
        2,
        2,
        2,
        2,
        12,
        12,
        46,
        46,
        46,
        46,
        12,
        12,
        12,
        12,
        46,
        46,
        46,
        46,
        12,
        12
      ]
    }
  },
  "map_build_seconds": 1.281485707993852,
  "physical_word_pairs_constructed": 10208,
  "coefficient_nonzeros": 14338,
  "normal_nonzeros": 2395,
  "moment_seconds": 0.14539762499043718,
  "moment_count": 435,
  "moment_transfer_steps": 1762,
  "moment_pullback_residual": 2.672521244654538e-16,
  "initial_primal": "zero Gram matrices and zero ideal coordinates; no previous solution",
  "teacher_certificate_used": false,
  "old_checkpoint_used": false,
  "many_body_determinants_enumerated": 0,
  "total_seconds": 1.4268839579890482
}
