Traceback (most recent call last):
  File "<frozen runpy>", line 198, in _run_module_as_main
  File "<frozen runpy>", line 88, in _run_code
  File "/Users/aidenlippert/Documents/Spectra/research/transfer_followup_20260915/repair_comparisons.py", line 53, in <module>
    run() if a.action == 'run' else run_case(a.case.resolve())
                                    ~~~~~~~~^^^^^^^^^^^^^^^^^^
  File "/Users/aidenlippert/Documents/Spectra/research/transfer_followup_20260915/repair_comparisons.py", line 35, in run_case
    benchmark.run(case)
    ~~~~~~~~~~~~~^^^^^^
  File "/Users/aidenlippert/Documents/Spectra/research/transfer_solver_20260915/benchmark.py", line 51, in run
    print(json.dumps(record, indent=2), flush=True)
          ~~~~~~~~~~^^^^^^^^^^^^^^^^^^
  File "/Library/Frameworks/Python.framework/Versions/3.13/lib/python3.13/json/__init__.py", line 238, in dumps
    **kw).encode(obj)
          ~~~~~~^^^^^
  File "/Library/Frameworks/Python.framework/Versions/3.13/lib/python3.13/json/encoder.py", line 200, in encode
    chunks = self.iterencode(o, _one_shot=True)
  File "/Library/Frameworks/Python.framework/Versions/3.13/lib/python3.13/json/encoder.py", line 261, in iterencode
    return _iterencode(o, 0)
  File "/Library/Frameworks/Python.framework/Versions/3.13/lib/python3.13/json/encoder.py", line 180, in default
    raise TypeError(f'Object of type {o.__class__.__name__} '
                    f'is not JSON serializable')
TypeError: Object of type bool is not JSON serializable
