Traceback (most recent call last):
  File "<frozen runpy>", line 198, in _run_module_as_main
  File "<frozen runpy>", line 88, in _run_code
  File "/Users/aidenlippert/Documents/Spectra/research/transfer_solver_20260915/benchmark.py", line 57, in <module>
    run(p.parse_args().case.resolve())
    ~~~^^^^^^^^^^^^^^^^^^^^^^^^^^^^^^^
  File "/Users/aidenlippert/Documents/Spectra/research/transfer_solver_20260915/benchmark.py", line 50, in run
    dump(case/'fci_reference.json', record)
    ~~~~^^^^^^^^^^^^^^^^^^^^^^^^^^^^^^^^^^^
  File "/Users/aidenlippert/Documents/Spectra/research/transfer_solver_20260915/budget.py", line 16, in dump
    json.dump(value, stream, indent=2)
    ~~~~~~~~~^^^^^^^^^^^^^^^^^^^^^^^^^
  File "/Library/Frameworks/Python.framework/Versions/3.13/lib/python3.13/json/__init__.py", line 179, in dump
    for chunk in iterable:
                 ^^^^^^^^
  File "/Library/Frameworks/Python.framework/Versions/3.13/lib/python3.13/json/encoder.py", line 432, in _iterencode
    yield from _iterencode_dict(o, _current_indent_level)
  File "/Library/Frameworks/Python.framework/Versions/3.13/lib/python3.13/json/encoder.py", line 406, in _iterencode_dict
    yield from chunks
  File "/Library/Frameworks/Python.framework/Versions/3.13/lib/python3.13/json/encoder.py", line 439, in _iterencode
    o = _default(o)
  File "/Library/Frameworks/Python.framework/Versions/3.13/lib/python3.13/json/encoder.py", line 180, in default
    raise TypeError(f'Object of type {o.__class__.__name__} '
                    f'is not JSON serializable')
TypeError: Object of type bool is not JSON serializable
