{"phase": "exact_spinflip_features", "completed": 8, "total": 48}
{"phase": "exact_spinflip_features", "completed": 16, "total": 48}
{"phase": "exact_spinflip_features", "completed": 24, "total": 48}
{"phase": "exact_spinflip_features", "completed": 32, "total": 48}
{"phase": "exact_spinflip_features", "completed": 40, "total": 48}
{"phase": "exact_spinflip_features", "completed": 48, "total": 48}
{"source_sha256": "9b7255212be2f6d31ff451bed7ad65c08e3d8af6db86214bb36edd40a9b87e9e", "gamma": "-783/125", "original_shape": [801, 192885], "reduced_shape": [421, 67573], "nonzeros": 3633098, "exact_feature_symmetries": 48, "symmetry_atom_orbits_before_dedup": 48342, "verification_seconds": 63.86683070799336, "scope": "Generated coefficient proposal reduced by verified spin exchange; orbit weights are averaged. Full rational export required. H6 quotient remains the full fixed-spin function space."}
Running HiGHS 1.15.1 (git hash: 04024d7): Copyright (c) 2026 under MIT licence terms
Includes third-party software components, see THIRD_PARTY_NOTICES.md for full details
LP has 421 rows; 67573 cols; 3633098 nonzeros
Coefficient ranges:
  Matrix  [6e-04, 2e+02]
  Cost    [0e+00, 0e+00]
  Bound   [1e-04, 1e-04]
  RHS     [9e-04, 1e+00]
Presolving model
421 rows, 67212 cols, 3632257 nonzeros 0s
Dependent equations search running on 420 equations with time limit of 3.00s
Dependent equations search removed 0 rows and 0 nonzeros in 0.02s (limit = 3.00s)
420 rows, 67169 cols, 3631904 nonzeros 1s
Presolve reductions: rows 420(-1); columns 67169(-404); nonzeros 3631904(-1194) 
Solving the presolved LP
IPX model has 420 rows, 67169 columns and 3631904 nonzeros
Input
    Number of variables:                                67169
    Number of free variables:                           47
    Number of constraints:                              420
    Number of equality constraints:                     420
    Number of matrix entries:                           3631904
    Matrix range:                                       [1e-03, 2e+02]
    RHS range:                                          [2e-03, 3e+01]
    Objective range:                                    [0e+00, 0e+00]
    Bounds range:                                       [0e+00, 0e+00]
Preprocessing
    Dualized model:                                     no
    Number of dense columns:                            0
    Range of scaling factors:                           [1.25e-01, 8.00e+00]
    Scaled cost norm:                                   0
    Scaled bounds norm:                                 3.18273
IPX version 1.0
Interior point solve
 Iter       primal obj         dual obj       pinf       dinf       gap      time
   0    0.00000000e+00  -1.50602787e-02   5.08e-01   1.50e+00  1.49e-02       1.8
 Constructing starting basis...
 Iter       primal obj         dual obj       pinf       dinf       gap      time
   1    0.00000000e+00  -2.96720322e+01   4.59e-01   5.07e-01  1.87e+00       5.4
   2    0.00000000e+00  -3.71246936e+01   1.30e-01   2.35e-01  1.90e+00       7.7
   3    0.00000000e+00  -4.45279626e+01   1.37e-02   2.35e-07  1.91e+00      11.3
   4    0.00000000e+00  -4.36346944e+01   3.47e-03   5.79e-13  1.91e+00      12.5
   5    0.00000000e+00  -3.95554986e+01   5.16e-04   8.34e-13  1.90e+00      13.5
   6    0.00000000e+00  -3.19884894e+01   1.59e-04   5.31e-13  1.88e+00      15.0
   7    0.00000000e+00  -2.15540069e+01   7.65e-05   5.81e-13  1.83e+00      16.9
   8    0.00000000e+00  -1.37344365e+01   3.03e-05   6.92e-13  1.75e+00      18.6
   9    0.00000000e+00  -9.02541347e+00   2.42e-05   5.32e-13  1.64e+00      20.2
  10    0.00000000e+00  -7.43495695e+00   1.70e-05   6.11e-13  1.58e+00      21.6
  11    0.00000000e+00  -5.36728331e+00   1.02e-05   9.22e-13  1.46e+00      22.9
  12    0.00000000e+00  -4.31335634e+00   7.44e-06   1.78e-12  1.37e+00      24.2
  13    0.00000000e+00  -3.59138106e+00   5.68e-06   7.69e-13  1.28e+00      25.5
  14    0.00000000e+00  -2.95258108e+00   2.88e-06   1.03e-12  1.19e+00      26.7
  15    0.00000000e+00  -1.74906635e+00   1.70e-06   1.11e-12  9.33e-01      27.9
  16    0.00000000e+00  -1.09462535e+00   4.44e-07   9.17e-13  7.07e-01      28.9
  17    0.00000000e+00  -3.12410643e-01   4.44e-13   1.52e-12  2.70e-01      30.0
  18    0.00000000e+00  -2.40874943e-02   1.04e-14   3.43e-13  2.38e-02      31.1
  19    0.00000000e+00  -4.63683357e-03   1.26e-14   8.30e-14  4.63e-03      32.2
  20    0.00000000e+00  -9.06186189e-04   9.34e-15   1.38e-14  9.06e-04      33.1
  21    0.00000000e+00  -1.64729392e-04   1.20e-14   3.72e-15  1.65e-04      34.1
  22    0.00000000e+00  -3.90390675e-05   1.08e-14   7.76e-16  3.90e-05      35.1
  23    0.00000000e+00  -6.56587741e-06   1.01e-14   1.07e-16  6.57e-06      36.1
  24    0.00000000e+00  -1.53733578e-06   8.74e-15   2.68e-17  1.54e-06      37.0
  25    0.00000000e+00  -2.29226033e-07   1.39e-14   3.92e-18  2.29e-07      37.9
  26    0.00000000e+00  -5.96367882e-08   1.12e-14   1.46e-18  5.96e-08      38.9
  27*   0.00000000e+00  -6.67031910e-09   9.22e-15   2.42e-19  6.67e-09      39.9
  28*   0.00000000e+00  -3.43553954e-10   7.62e-15   2.75e-20  3.44e-10      40.8
  29*   0.00000000e+00  -2.15147869e-11   4.06e-15   5.26e-21  2.15e-11      41.6
  30*   0.00000000e+00  -3.61223301e-13   2.26e-15   4.74e-22  3.61e-13      42.0
Running crossover as requested
    Primal residual before push phase:                  1.80e-14
    Dual residual before push phase:                    1.72e-09
    Number of dual pushes required:                     0
    Number of primal pushes required:                   66749
Summary
    Runtime:                                            44.52s
    Status interior point solve:                        optimal
    Status crossover:                                   imprecise
    objective value:                                    0.00000000e+00
    interior solution primal residual (abs/rel):        1.17e-13 / 4.43e-15
    interior solution dual residual (abs/rel):          1.86e-10 / 1.86e-10
    interior solution objective gap (abs/rel):          8.86e-12 / 8.86e-12
    basic solution primal infeasibility:                1.53e-06
    basic solution dual infeasibility:                  0.00e+00
Ipx: IPM       optimal
WARNING: Ipx: Crossover imprecise
WARNING: Unwelcome IPX status of Unknown: basis is valid; solution is valid; run_crossover is "on"
WARNING: IPM solution is imprecise, so clean up with simplex
Using dual simplex solver
  Iteration        Objective     Infeasibilities num(sum)
          0     0.0000000000e+00 Pr: 1(3.83079e-07) 44.7s
          1     0.0000000000e+00 Pr: 0(0) 44.7s

Performed postsolve
Solving the original LP from the solution after postsolve

Model status        : Optimal
Simplex   iterations: 1
IPM       iterations: 30
Crossover iterations: 7985
Objective value     :  0.0000000000e+00
P-D objective error :  0.0000000000e+00
HiGHS run time      :         44.86
{"source_sha256": "9b7255212be2f6d31ff451bed7ad65c08e3d8af6db86214bb36edd40a9b87e9e", "solver_version": "1.15.1", "status": "Optimal", "solve_seconds": 44.870109917013906, "shape": [421, 67573], "nonzeros": 3633098, "metric_floor": "9/10000", "numerator_floor": "1/10000", "value_valid": true, "exact_accepted": true, "max_equation_residual": 5.542233338928781e-13, "minimum_atom": 0.0, "exact_receipt": {"complement_lower": "-783/125", "weight_positivity": {"lower": "28028933/31250000000", "residual_l1": "96067/31250000000", "positive_indicators": 368, "charge_indicators": 52, "number_multiplier_terms": 1364}, "numerator_positivity": {"lower": "6566314416193798609/75000000000000000000000", "residual_l1": "933685583806201391/75000000000000000000000", "positive_indicators": 308, "charge_indicators": 18, "number_multiplier_terms": 1364}, "compilation": {"polynomial_products": 1120337, "coefficient_products": 9896237, "peak_terms": 1764, "occupation_endpoint_evaluations": 0, "metric_scale": 2000000000, "numerator_scale": 600000000000000000000000, "weight_terms": 1578, "numerator_terms": 1764, "numerator_degree": 6, "transition_groups": 1140, "determinant_actions": 0, "target_valence_exclusion": true, "projector_free_zero_metric": true}, "verification_coefficient_products": 9930456, "scope": "Exact joint weighted-Q-row certificate: positive rational charge polynomial metric, exact target-valence exclusion, coherent signed CAR amplitudes, and global Boolean/localizer positivity decompositions on fixed spin populations and D>=1. No charge-pattern or occupation endpoint iteration in replay. Polynomial/atom counts may still scale combinatorially; no general representability claim."}}
