SEARCH repulsive energy 0 43 7.5791348746041685 294
SEARCH repulsive energy 0 17 7.5791348746041685 354
SEARCH repulsive width 0 43 7.466877212730671 396
SEARCH repulsive width 0 17 7.466877212730671 420
SEARCH repulsive energy 1 17 5.827277691325309 585
SEARCH repulsive width 1 17 1.728254767622007 718
SEARCH repulsive energy 1 43 5.825865226031446 585
SEARCH repulsive width 1 43 1.7282800157869 849
SEARCH repulsive energy 2 17 5.615657273628229 819
SEARCH repulsive width 2 17 1.153044241974601 975
SEARCH repulsive energy 2 43 5.621748256140787 837
SEARCH repulsive width 2 43 1.1549031834239165 1215
SEARCH repulsive width 3 17 0.7105437267239141 1268
SEARCH repulsive energy 3 17 2.938165671130884 1141
SEARCH repulsive energy 3 43 2.938165671130884 1144
SEARCH repulsive width 3 43 0.7057370584743504 1531
SEARCH bond_disorder width 0 17 0.6223135931133604 665
SEARCH bond_disorder width 0 43 0.6226344378896644 812
SEARCH bond_disorder energy 0 17 0.6345655581664288 640
SEARCH bond_disorder energy 0 43 0.6345909466566229 613
SEARCH bond_disorder energy 1 17 0.6884442900552656 856
SEARCH bond_disorder energy 1 43 0.6884153823280629 856
SEARCH bond_disorder width 1 17 0.22867341172571484 1281
SEARCH bond_disorder width 1 43 0.22866088995058825 1345
SEARCH bond_disorder width 2 43 0.22787587823093058 1144
SEARCH bond_disorder energy 2 17 0.5140988263564594 1142
SEARCH bond_disorder width 2 17 0.21766080761959195 1531
SEARCH bond_disorder energy 2 43 0.5132009044972855 1214
SEARCH bond_disorder width 3 17 0.24913187231516756 1717
SEARCH bond_disorder width 3 43 0.2293813987280952 1717
SEARCH bond_disorder energy 3 17 0.364040040414165 1576
SEARCH bond_disorder energy 3 43 0.3639703185874402 1572
SEARCH site_disorder width 0 17 6.219868975126831 658
SEARCH site_disorder width 0 43 6.220075521924885 690
SEARCH site_disorder energy 0 17 6.581427398031605 590
SEARCH site_disorder energy 0 43 6.581227791788619 590
SEARCH site_disorder energy 1 17 4.76309091458503 823
SEARCH site_disorder energy 1 43 4.7634442561981984 823
SEARCH site_disorder width 1 17 1.5335139490341088 1345
SEARCH site_disorder width 1 43 1.531402310577401 1345
SEARCH site_disorder energy 2 17 4.298305206955554 1075
SEARCH site_disorder width 2 17 1.0481472499439368 1531
SEARCH site_disorder width 2 43 1.1001630859979559 1531
SEARCH site_disorder energy 2 43 4.297819669215784 1170
SEARCH site_disorder energy 3 17 3.2225172985371744 1461
SEARCH site_disorder energy 3 43 3.2218645884717847 1463
SEARCH site_disorder width 3 17 0.7985586221167542 1717
SEARCH site_disorder width 3 43 0.6985504773753959 1717
EXACT repulsive width 0 8 4.4711190628678805 0.0016398689986090176
EXACT repulsive width 0 12 7.466877212730671 0.0031561899995722342
EXACT repulsive width 0 16 10.46490082242156 0.0052166030000080355
EXACT repulsive width 1 8 0.9777599517356291 0.004149324999161763
EXACT repulsive width 1 12 1.728254767622007 0.01030557799822418
EXACT repulsive width 0 32 22.462099045913746 0.01867033599774004
EXACT repulsive width 1 16 2.4938256366948734 0.019382698999834247
EXACT repulsive width 2 8 0.6636526300513225 0.010061976001452422
EXACT repulsive width 2 12 1.153044241974601 0.03409996700065676
EXACT repulsive width 0 64 46.46076627590532 0.07155570500253816
EXACT repulsive width 1 32 5.575114306861032 0.09032744399883086
EXACT repulsive width 2 16 1.7648894972034337 0.08481992299857666
EXACT repulsive width 3 8 0.43387493817606654 0.021147099996596808
EXACT repulsive width 3 12 0.7057370584743504 0.09617307000007713
EXACT repulsive width 1 64 11.753695155001951 0.44558356999914395
EXACT repulsive width 2 32 4.186409476565539 0.41225137299989
EXACT repulsive width 3 16 0.9928497755043043 0.24264675800077384
EXACT repulsive energy 0 8 4.592917849619057 0.001436656999430852
EXACT repulsive energy 0 12 7.5791348746041685 0.0028869089983345475
EXACT repulsive energy 0 16 10.572777851624233 0.004995336999854771
EXACT repulsive energy 0 32 22.56383558022928 0.01834835999761708
EXACT repulsive energy 0 64 46.55961021592726 0.0702853699986008
EXACT repulsive energy 1 8 3.620438605696703 0.004064697997819167
EXACT repulsive energy 1 12 5.827277691325309 0.01020482800231548
EXACT repulsive energy 1 16 8.04504211924094 0.019502322997141164
EXACT repulsive energy 1 32 16.944943717510796 0.0907231170021987
EXACT repulsive energy 1 64 34.77035301152821 0.4308231369977875
EXACT repulsive energy 2 8 2.612568275477673 0.010032540998508921
EXACT repulsive energy 2 12 5.615657273628229 0.03323648600053275
EXACT repulsive energy 2 16 7.35703910937873 0.07129213799998979
EXACT repulsive energy 2 32 17.050719121347488 0.393696438997722
EXACT repulsive width 3 32 2.290288153345864 1.6408826970000518
EXACT repulsive energy 3 8 2.065222643177416 0.0211459999991348
EXACT repulsive energy 3 12 2.938165671130884 0.095951610001066
EXACT repulsive width 2 64 9.15622320335236 2.245627496002271
EXACT repulsive energy 3 16 4.195220767185816 0.2508070530020632
EXACT repulsive energy 2 64 36.252024188671555 2.1955112209980143
EXACT bond_disorder width 0 8 0.38732945679315994 0.0018207440007245168
EXACT bond_disorder width 0 12 0.6223135931133604 0.0037813849994563498
EXACT bond_disorder width 0 16 0.881611026759268 0.0066025449996232055
EXACT bond_disorder width 0 32 1.9415920807837928 0.028042746002029162
EXACT repulsive energy 3 32 8.728717203663582 1.6977023090003058
EXACT bond_disorder width 1 8 0.1585716291652415 0.004811576000065543
EXACT bond_disorder width 0 64 3.974931520551601 0.1351111010008026
EXACT bond_disorder width 1 12 0.22866088995058825 0.012608172997715883
EXACT bond_disorder width 1 16 0.3262087258029267 0.024326889997610124
EXACT bond_disorder width 1 32 0.6519828860829159 0.12354915200194228
EXACT bond_disorder width 2 8 0.13783120120553036 0.011107173002528725
EXACT bond_disorder width 2 12 0.21766080761959195 0.037989417996868724
EXACT bond_disorder width 2 16 0.3351795856063878 0.0839423360012006
EXACT bond_disorder width 1 64 1.314431138030786 0.687627049999719
EXACT bond_disorder width 2 32 0.6577015359080105 0.4998159230017336
EXACT bond_disorder width 3 8 0.13783120120553036 0.022480552001070464
EXACT bond_disorder width 3 12 0.21766080761959195 0.10342056699664681
EXACT bond_disorder width 3 16 0.3351795856063878 0.2747084239999822
EXACT bond_disorder width 3 32 0.6577015359080105 1.8794795770008932
EXACT bond_disorder width 2 64 1.387108457365152 3.054561738001212
EXACT bond_disorder energy 0 8 0.4205131304239109 0.0018217119977634866
EXACT bond_disorder energy 0 12 0.6345655581664288 0.0038279140026133973
EXACT bond_disorder energy 0 16 0.9675436129248499 0.0067383220011834055
EXACT bond_disorder energy 0 32 2.0662273467107175 0.028510104999440955
EXACT bond_disorder energy 0 64 4.262967829738266 0.1382948350001243
EXACT bond_disorder energy 1 8 0.43130477380742854 0.004801588002010249
EXACT bond_disorder energy 1 12 0.6884153823280629 0.012436444998456864
EXACT bond_disorder energy 1 16 0.9153375735199597 0.02420396099842037
EXACT bond_disorder energy 1 32 1.745083274164515 0.12063920099899406
EXACT bond_disorder energy 1 64 3.54730965472074 0.6653251930001716
EXACT bond_disorder energy 2 8 0.24184854568708933 0.011308601999189705
EXACT bond_disorder energy 2 12 0.5132009044972855 0.0383946920010203
EXACT bond_disorder energy 2 16 0.9741463456297594 0.08391814400238218
EXACT bond_disorder energy 2 32 2.055800089459627 0.5045043530008115
EXACT repulsive width 3 64 4.927694742487711 10.460402876000444
EXACT bond_disorder energy 3 8 0.3064107047654005 0.022998647000349592
EXACT bond_disorder energy 3 12 0.364040040414165 0.10667653199925553
EXACT bond_disorder energy 3 16 0.6944295255802371 0.2751977080006327
EXACT bond_disorder energy 2 64 4.429194052712198 3.118613531001756
EXACT bond_disorder energy 3 32 1.2950113598807003 2.036114925998845
EXACT site_disorder width 0 8 3.7360284123488534 0.0018838949981727637
EXACT site_disorder width 0 12 6.219868975126831 0.004044703997351462
EXACT site_disorder width 0 16 8.883034121966167 0.007252862000314053
EXACT site_disorder width 0 32 18.87462403695307 0.03355883100084611
EXACT repulsive energy 3 64 17.61453340570902 10.982856957998592
EXACT site_disorder width 1 8 0.9155509257701645 0.004840443998546107
EXACT site_disorder width 1 12 1.531402310577401 0.012886291999166133
EXACT site_disorder width 1 16 2.2591847123151716 0.025544257998262765
EXACT site_disorder width 0 64 39.21737656997391 0.19143875000008848
EXACT site_disorder width 1 32 4.869750834518887 0.13635162300124648
EXACT site_disorder width 2 8 0.6095512955872608 0.011262748997978633
EXACT site_disorder width 2 12 1.0481472499439368 0.03876682099871687
EXACT site_disorder width 2 16 1.5927903652402529 0.08650959100123146
EXACT site_disorder width 2 32 3.57827986330171 0.5369038249991718
EXACT site_disorder width 1 64 10.295454945641008 0.8469257049982843
EXACT site_disorder width 3 8 0.46333200652241663 0.022925451001356123
EXACT site_disorder width 3 12 0.6985504773753959 0.10860942900035297
EXACT site_disorder width 3 16 1.0807115306247141 0.287342677002016
EXACT site_disorder width 3 32 2.169374971344425 2.2089755439992587
EXACT site_disorder width 2 64 7.649319553630642 3.539022876000672
EXACT site_disorder energy 0 8 3.9077899493634134 0.0018777169971144758
EXACT site_disorder energy 0 12 6.581427398031605 0.004024719000881305
EXACT site_disorder energy 0 16 9.051063755974054 0.0073464950000925455
EXACT site_disorder energy 0 32 19.646726663160436 0.03384216999984346
EXACT site_disorder energy 0 64 40.49986271254065 0.19125865800015163
EXACT site_disorder energy 1 8 3.00006650878311 0.004831224996451056
EXACT site_disorder energy 1 12 4.76309091458503 0.012814679001166951
EXACT site_disorder energy 1 16 6.402618158734326 0.0255552729977353
EXACT site_disorder energy 1 32 14.071339798376494 0.1381622900007642
EXACT site_disorder energy 1 64 29.135198629596896 0.857456194000406
EXACT site_disorder energy 2 8 2.1514742360293706 0.011215171001822455
EXACT site_disorder energy 2 12 4.297819669215784 0.03839261399843963
EXACT bond_disorder width 3 64 1.387108457365152 12.09177152799748
EXACT site_disorder energy 2 16 5.371365499501871 0.08570146800047951
EXACT site_disorder energy 2 32 13.022058922368787 0.5303463060008653
EXACT site_disorder energy 3 8 2.4725913484030353 0.02286054999785847
EXACT site_disorder energy 3 12 3.2225172985371744 0.1087178399975528
EXACT site_disorder energy 3 16 4.355783196320828 0.28616952899756143
EXACT site_disorder energy 3 32 10.145907791603834 2.198153139997885
EXACT site_disorder energy 2 64 27.4899669441974 3.464230759000202
EXACT bond_disorder energy 3 64 2.6777608153517916 14.33975374199872
EXACT site_disorder width 3 64 4.426992748279884 16.17100321199905
EXACT site_disorder energy 3 64 20.901346467212964 16.09962535700106
DONE 42.81210501099849 50341
