{
  "lower": "-1159880436335006831/125000000000000000",
  "lower_float": -9.279043490680055,
  "residual_l1": "392242256831/125000000000000000",
  "residual_l1_float": 3.137938054648e-06,
  "multiplier_terms": 116,
  "square_polynomial_terms": 23739,
  "residual_terms": 23739,
  "residual_max_degree": 6,
  "mode_count": 16,
  "particle_number": 8,
  "factor_rows": 392,
  "factor_nonzeros": 13747,
  "replay_seconds": 3.085467124998104,
  "acceptance": "Exact CAR expansion, integer square factors, exact sector multiplier, coefficient L1 residual",
  "certificate_sha256": "3245b72e3786f002e11c3c3b35a2dd04c65beb2e47b6fa502089003c2450bee4",
  "upper_Ha": "-96404980911024525006405292665415310181984785342197138743660616188707848777834027376804741614844212591234754769059203115061173136863499536151492878657828048232619820481156991641543265044980626316403255536154728946984394146630657922055077269284099303387662389638721/10416666681366128139025077588426157777196472916600533534511978270474724715766654315271523831102045082704716582998560034624027721405606900471966456548039163183196819459817932009693131265884064116310586385813423340702869292372988380208030951789665275378000000000000",
  "width_Ha": "15732640830603325115683681807682668049553545419385293526234706149177752503374025992093207689545970156666872094219811086370901117365112974669841462466050227690898295308461220670527213898509555489354719789810758778534811795031275523413679828047548442503224279142991059/651041667585383008689067349276634861074779557287533345906998641904670294735415894704470239443877817669044786437410002164001732587850431279497903534252447698949801216238620750605820704117754007269411649113338958793929330773311773763001934486854079711125000000000000000",
  "width_mHa": 24.165336281705834,
  "target_1p6mHa_met": false
}
