{
  "lower": "-793019472278947663/125000000000000000",
  "lower_float": -6.344155778231581,
  "residual_l1": "94287072663/125000000000000000",
  "residual_l1_float": 7.54296581304e-07,
  "multiplier_terms": 37,
  "square_polynomial_terms": 919,
  "residual_terms": 919,
  "residual_max_degree": 4,
  "mode_count": 12,
  "particle_number": 6,
  "factor_rows": 274,
  "factor_nonzeros": 12197,
  "replay_seconds": 4.298683458997402,
  "acceptance": "Exact CAR expansion, integer square factors, exact sector multiplier, coefficient L1 residual",
  "certificate_sha256": "2d50b417b4a7bc8dc11ab6c2aabf36746af34efdafa6f20d58a7644d61ec1f9d",
  "upper_Ha": "-6332951156335762430738513632159156621419304728236732118241602111018907326811594497745798702342741418269384810978540898870210670209171933574961760525172391592126849688016426047811086232806733943/999999383519423276074251305321623806426591727772533977981782828869816843563395515958935372387327253599973269768958211998077216507324994374844782691678987383444664761016382623898324000000000000",
  "width_Ha": "350022213968933832195659222571634892949827964003315014563332359439217713666384531185859105325796738216867110474017843630592163811064878233872287203639634721199113953634700170352784678582921635453/31249980734981977377320353291300743950830991492891686811930713402181776361356109873716730387103976674999164680279944124939913015853906074213899459114968355732645773781761956996822625000000000000000",
  "width_mHa": 11.200717752030823,
  "target_1p6mHa_met": false
}
