{
  "status": "certified_upper",
  "fixture_sha256": "7d5b0b86618307aee839eacfc32a973eae30928d7469f2a9990022b0b6df0b6d",
  "state_sha256": "cb89ba0d044b1e1617b0ab1784f19eec9e7130437ab7e7db5e9dd5d0f6cbd745",
  "upper_Ha": "-31632367993489767141440146186285116618878256195096081710280412957747030331361318785457324680822638533817182368240773360596922554074665069114599397891446385788052747498125734946532295872097463/6250000000715985447811695708145928556765102758309746829799481655373688983504098286156553388774729812814498787248255295613297827712463297157569949774344829790676696687061811215863187500000000",
  "upper_float_Ha": -5.061178878378566,
  "norm_squared": "100000000011455767164987131330334856908241644132955949276791706485979023736065572578504854220395677005031980595972084729812765243399412754521119196389517276650827146992988979453811/100000000000000000000000000000000000000000000000000000000000000000000000000000000000000000000000000000000000000000000000000000000000000000000000000000000000000000000000000000000000",
  "particles": 6,
  "spin_counts": [
    3,
    3
  ],
  "total_spin_certified": false,
  "denominator": 1000000000,
  "stats": {
    "bond_dimensions": [
      1,
      2,
      4,
      8,
      16,
      32,
      48,
      32,
      16,
      8,
      4,
      2,
      1
    ],
    "tensor_nonzero_entries": 976,
    "maximum_transfer_entries": 258,
    "transfer_steps": 5319,
    "integer_multiplications": 1897719,
    "enumerated_determinants": 0,
    "many_body_matrix_entries": 0
  },
  "replay_seconds": 0.49251058300433215
}
