{
  "lower": "-792686650190836981/125000000000000000",
  "lower_float": -6.341493201526696,
  "residual_l1": "1363792336981/125000000000000000",
  "residual_l1_float": 1.0910338695848e-05,
  "multiplier_terms": 37,
  "square_polynomial_terms": 919,
  "residual_terms": 919,
  "residual_max_degree": 4,
  "mode_count": 12,
  "particle_number": 6,
  "factor_rows": 331,
  "factor_nonzeros": 15340,
  "replay_seconds": 4.251533375005238,
  "acceptance": "Exact CAR expansion, integer square factors, exact sector multiplier, coefficient L1 residual",
  "certificate_sha256": "806ab4e963f985bf721d3c24b6477861a4541464ca4942115c323cd10af7b343",
  "upper_Ha": "-6332951156335762430738513632159156621419304728236732118241602111018907326811594497745798702342741418269384810978540898870210670209171933574961760525172391592126849688016426047811086232806733943/999999383519423276074251305321623806426591727772533977981782828869816843563395515958935372387327253599973269768958211998077216507324994374844782691678987383444664761016382623898324000000000000",
  "width_Ha": "266816743235851538429276830192555235504574453077392421259291711234723011387057600218215621477703066674611416606106795843963527810173089633900327133952776960058083043685721207309891139843215061211/31249980734981977377320353291300743950830991492891686811930713402181776361356109873716730387103976674999164680279944124939913015853906074213899459114968355732645773781761956996822625000000000000000",
  "width_mHa": 8.538141047145366,
  "target_1p6mHa_met": false
}
