{
  "lower": "-4639521849643620583/500000000000000000",
  "lower_float": -9.279043699287241,
  "residual_l1": "1722179120583/500000000000000000",
  "residual_l1_float": 3.444358241166e-06,
  "multiplier_terms": 104,
  "square_polynomial_terms": 56223,
  "residual_terms": 56223,
  "residual_max_degree": 6,
  "mode_count": 16,
  "particle_number": 8,
  "factor_rows": 413,
  "factor_nonzeros": 25966,
  "replay_seconds": 26.72595158299373,
  "acceptance": "Exact CAR expansion, integer square factors, exact sector multiplier, coefficient L1 residual",
  "certificate_sha256": "2e3728885075fbda2ac3702ba8d4e61356ce72a85d3ff7544743d3ae90fca5fb",
  "upper_Ha": "-96404980911024525006405292665415310181984785342197138743660616188707848777834027376804741614844212591234754769059203115061173136863499536151492878657828048232619820481156991641543265044980626316403255536154728946984394146630657922055077269284099303387662389638721/10416666681366128139025077588426157777196472916600533534511978270474724715766654315271523831102045082704716582998560034624027721405606900471966456548039163183196819459817932009693131265884064116310586385813423340702869292372988380208030951789665275378000000000000",
  "width_Ha": "62931106570295624357726663503879464257497556107769385360678207660221303534483900628120858427270792823229503133766281322543821528232672814174320285706408749850628512678225022334946122368442703391022197927578085947217242704654025050320183088043294145955398508141702687/2604166670341532034756269397106539444299118229150133383627994567618681178941663578817880957775511270676179145749640008656006930351401725117991614137009790795799204864954483002423282816471016029077646596453355835175717323093247095052007737947416318844500000000000000000",
  "width_mHa": 24.165544888892352,
  "target_1p6mHa_met": false
}
