parent 4 0.0
parent 8 0.0
parent 16 0.0
parent 32 0.0
parent 64 0.0
near_parent 4 5e-05
near_parent 8 0.00015
near_parent 16 0.00035
near_parent 32 0.00075
near_parent 64 0.00155
repulsive 4 0.4411764705882353
repulsive 8 1.1223000396226213
repulsive 16 2.6419376258337275
repulsive 32 5.8549836057522135
repulsive 64 12.299279573855385
bond_disorder 4 0.11924493554327809
bond_disorder 8 0.36882827626839004
bond_disorder 16 0.7611911947837634
bond_disorder 32 1.6569521531375537
bond_disorder 64 3.3393858793831375
site_disorder 4 0.3384615384615385
site_disorder 8 1.3143571230213829
site_disorder 16 2.781182314105692
site_disorder 32 6.093427312846399
site_disorder 64 12.327430483983992
DONE 1.541349541003001
