SEARCH repulsive lower 0 17 7.5 393
SEARCH repulsive lower 0 43 7.5 393
SEARCH repulsive lower 1 17 1.7282930762044122 780
SEARCH repulsive lower 1 43 1.7282800157869 955
SEARCH repulsive lower 2 43 1.2029199866989162 954
SEARCH repulsive lower 2 17 1.1516572343200289 1041
SEARCH bond_disorder lower 0 17 0.625 621
SEARCH bond_disorder lower 0 43 0.625 621
SEARCH bond_disorder lower 1 43 0.22864523971960887 932
SEARCH repulsive lower 3 17 0.7400816803340433 1531
SEARCH bond_disorder lower 1 17 0.22889311615691402 1087
SEARCH repulsive lower 3 43 0.7535290766672296 1531
SEARCH bond_disorder lower 2 17 0.23030822229121534 1531
SEARCH bond_disorder lower 2 43 0.20652051019868284 1531
SEARCH site_disorder lower 0 17 6.250521574721894 644
SEARCH site_disorder lower 0 43 6.251154580324972 647
SEARCH bond_disorder lower 3 43 0.19369213779301914 1676
SEARCH bond_disorder lower 3 17 0.18582232863709972 1717
SEARCH site_disorder lower 1 17 1.5462189867639566 1095
SEARCH site_disorder lower 1 43 1.538209669139695 1023
SEARCH site_disorder lower 2 17 1.3012523180194928 1531
SEARCH site_disorder lower 2 43 1.85724430411452 1531
SEARCH site_disorder lower 3 17 0.7545311953245855 1717
SEARCH site_disorder lower 3 43 0.9373847499675909 1717
EXACT repulsive lower 0 8 4.5 0.0018941259986604564
EXACT repulsive lower 0 12 7.5 0.003357525998580968
EXACT repulsive lower 0 16 10.5 0.0052974310019635595
EXACT repulsive lower 1 8 0.9777622155868927 0.004259410001395736
EXACT repulsive lower 1 12 1.7282800157869 0.01067306299955817
EXACT repulsive lower 0 32 22.5 0.0179867139995622
EXACT repulsive lower 1 16 2.493850609110491 0.019928879002691247
EXACT repulsive lower 2 8 0.6552399041239302 0.010184498998569325
EXACT repulsive lower 0 64 46.5 0.06747773000097368
EXACT repulsive lower 2 12 1.1516572343200289 0.03358296400256222
EXACT repulsive lower 1 32 5.575138884377667 0.09146077900004457
EXACT repulsive lower 2 16 1.7013908660422705 0.08469206900190329
EXACT repulsive lower 3 8 0.45229714168850643 0.02133068200055277
EXACT repulsive lower 3 12 0.7400816803340433 0.09875031000046874
EXACT repulsive lower 1 64 11.753719543643594 0.45188840400078334
EXACT repulsive lower 2 32 3.961648737263866 0.41095658599806484
EXACT repulsive lower 3 16 1.0346040477618208 0.24499515699790209
EXACT bond_disorder lower 0 8 0.375 0.0013906920030422043
EXACT bond_disorder lower 0 12 0.625 0.002871136999601731
EXACT bond_disorder lower 0 16 0.875 0.004754295998282032
EXACT bond_disorder lower 0 32 1.875 0.017467562996898778
EXACT bond_disorder lower 0 64 3.875 0.06796539300194127
EXACT bond_disorder lower 1 8 0.15942871650660614 0.0049023739993572235
EXACT bond_disorder lower 1 12 0.22864523971960887 0.012754634997691028
EXACT bond_disorder lower 1 16 0.3264945552970373 0.024876147999748355
EXACT bond_disorder lower 1 32 0.6539231764971577 0.1232111690005695
EXACT bond_disorder lower 1 64 1.317258611462915 0.6791519020007399
EXACT bond_disorder lower 2 8 0.147031538140994 0.01152061700122431
EXACT bond_disorder lower 2 12 0.20652051019868284 0.03859323400320136
EXACT bond_disorder lower 2 16 0.3063979592529109 0.08514693499819259
EXACT bond_disorder lower 2 32 0.6176490175993778 0.5146285779992468
EXACT repulsive lower 3 32 2.2070031619673736 1.674881153001479
EXACT bond_disorder lower 3 8 0.14320313245468566 0.022452680001151748
EXACT bond_disorder lower 3 12 0.18582232863709972 0.1071168669986946
EXACT repulsive lower 2 64 8.638383798457745 2.202967715998966
EXACT bond_disorder lower 3 16 0.27300564036178293 0.2887652179997531
EXACT bond_disorder lower 3 32 0.5473327191543931 2.0942835389978427
EXACT site_disorder lower 0 8 3.8985960099004537 0.0018236249998153653
EXACT site_disorder lower 0 12 6.250521574721894 0.0039045060002536047
EXACT site_disorder lower 0 16 9.10981605619162 0.007036012000753544
EXACT site_disorder lower 0 32 19.0271416414844 0.0318884079970303
EXACT site_disorder lower 0 64 39.672235303083106 0.17318888199952198
EXACT site_disorder lower 1 8 0.9061134085835565 0.004699970999354264
EXACT site_disorder lower 1 12 1.538209669139695 0.012680285999522312
EXACT site_disorder lower 1 16 2.2932111987864983 0.02505366100012907
EXACT site_disorder lower 1 32 4.918982942910368 0.12745133399948827
EXACT bond_disorder lower 2 64 1.2747240955506962 3.1987473469998804
EXACT site_disorder lower 2 8 0.7819571822805301 0.01126461799867684
EXACT site_disorder lower 2 12 1.3012523180194928 0.03962952599977143
EXACT site_disorder lower 2 16 1.9857391266292388 0.0875847880015499
EXACT site_disorder lower 1 64 10.383741789067432 0.747090629000013
EXACT site_disorder lower 2 32 4.167748146125084 0.5407267080008751
EXACT site_disorder lower 3 8 0.4937593907770456 0.022749973002646584
EXACT site_disorder lower 3 12 0.7545311953245855 0.10917594799684593
EXACT site_disorder lower 3 16 1.129888487236123 0.2857065069983946
EXACT site_disorder lower 3 32 2.241105102576584 2.1911133600005996
EXACT site_disorder lower 2 64 8.853448212422737 3.583913067002868
EXACT repulsive lower 3 64 4.551994431550037 10.64439963300174
EXACT bond_disorder lower 3 64 1.1185654735075852 14.719636388999788
EXACT site_disorder lower 3 64 4.5968624174112565 16.026728319997346
DONE 27.211279245002515 27199
