/Users/aidenlippert/Documents/Spectra/.venv-molecule/lib/python3.13/site-packages/pyscf/lib/misc.py:203: UserWarning: OpenMP is not available. Setting omp_threads to 1 has no effects.
  warnings.warn('OpenMP is not available. '
{"basis": "sto-3g", "difference_from_nist_angstrom": -0.006574773842926485, "numerical_checks_passed": true}
{"basis": "cc-pvdz", "difference_from_nist_angstrom": 0.01945335791882352, "numerical_checks_passed": true}
Traceback (most recent call last):
  File "<frozen runpy>", line 198, in _run_module_as_main
  File "<frozen runpy>", line 88, in _run_code
  File "/Users/aidenlippert/Documents/Spectra/research/side_routes_20260913/nist_h2_geometry.py", line 102, in <module>
    run(args.reference, args.out)
    ~~~^^^^^^^^^^^^^^^^^^^^^^^^^^
  File "/Users/aidenlippert/Documents/Spectra/research/side_routes_20260913/nist_h2_geometry.py", line 67, in run
    optimum = minimize_scalar(objective, bounds=(.60, .95), method='bounded',
                              options={'xatol': 1e-7, 'maxiter': 30})
  File "/Users/aidenlippert/Documents/Spectra/.venv-molecule/lib/python3.13/site-packages/scipy/optimize/_minimize.py", line 1027, in minimize_scalar
    res = _minimize_scalar_bounded(fun, bounds, args, **options)
  File "/Users/aidenlippert/Documents/Spectra/.venv-molecule/lib/python3.13/site-packages/scipy/optimize/_optimize.py", line 2336, in _minimize_scalar_bounded
    fx = func(x, *args)
  File "/Users/aidenlippert/Documents/Spectra/research/side_routes_20260913/nist_h2_geometry.py", line 63, in objective
    record = point(basis, distance)
  File "/Users/aidenlippert/Documents/Spectra/research/side_routes_20260913/nist_h2_geometry.py", line 34, in point
    raise RuntimeError('Singlet FCI did not converge')
RuntimeError: Singlet FCI did not converge
