[
  {
    "fixture": "results/certificate_scaling/active_space_ladder/h10/fixture.json",
    "entries": [
      233000,
      44300
    ],
    "graph_at_accuracy_budget": {
      "coefficient_l1_budget": "1/625",
      "used_bound": "758867/500000000",
      "retained_terms": 7110,
      "vertices": 10,
      "edges": 45,
      "complete": true,
      "minimum_edge_deletion_l1": "330234458747/25000000000",
      "treewidth_exact": 9,
      "treewidth_minfill_upper": 9
    }
  },
  {
    "fixture": "results/certificate_scaling/active_space_ladder/h4/fixture.json",
    "entries": [
      5792,
      1136
    ],
    "graph_at_accuracy_budget": {
      "coefficient_l1_budget": "1/625",
      "used_bound": "0",
      "retained_terms": 184,
      "vertices": 4,
      "edges": 6,
      "complete": true,
      "minimum_edge_deletion_l1": "1707765065373/250000000000",
      "treewidth_exact": 3,
      "treewidth_minfill_upper": 3
    }
  },
  {
    "fixture": "results/certificate_scaling/active_space_ladder/h6/fixture.json",
    "entries": [
      29736,
      5724
    ],
    "graph_at_accuracy_budget": {
      "coefficient_l1_budget": "1/625",
      "used_bound": "4785133/4000000000",
      "retained_terms": 908,
      "vertices": 6,
      "edges": 15,
      "complete": true,
      "minimum_edge_deletion_l1": "2398170393153/250000000000",
      "treewidth_exact": 5,
      "treewidth_minfill_upper": 5
    }
  },
  {
    "fixture": "results/certificate_scaling/active_space_ladder/h8/fixture.json",
    "entries": [
      94848,
      18112
    ],
    "graph_at_accuracy_budget": {
      "coefficient_l1_budget": "1/625",
      "used_bound": "346543941/250000000000",
      "retained_terms": 2894,
      "vertices": 8,
      "edges": 28,
      "complete": true,
      "minimum_edge_deletion_l1": "2907694725613/250000000000",
      "treewidth_exact": 7,
      "treewidth_minfill_upper": 7
    }
  },
  {
    "fixture": "results/certificate_scaling/active_space_ladder_boys/h4/fixture.json",
    "entries": [
      5792,
      2256
    ],
    "graph_at_accuracy_budget": {
      "coefficient_l1_budget": "1/625",
      "used_bound": "0",
      "retained_terms": 360,
      "vertices": 4,
      "edges": 6,
      "complete": true,
      "minimum_edge_deletion_l1": "569545469679/125000000000",
      "treewidth_exact": 3,
      "treewidth_minfill_upper": 3
    }
  },
  {
    "fixture": "results/certificate_scaling/active_space_ladder_boys/h6/fixture.json",
    "entries": [
      29736,
      11412
    ],
    "graph_at_accuracy_budget": {
      "coefficient_l1_budget": "1/625",
      "used_bound": "738201053/500000000000",
      "retained_terms": 1768,
      "vertices": 6,
      "edges": 15,
      "complete": true,
      "minimum_edge_deletion_l1": "151144706893/50000000000",
      "treewidth_exact": 5,
      "treewidth_minfill_upper": 5
    }
  },
  {
    "fixture": "results/certificate_scaling/active_space_ladder_boys_large/h10/fixture.json",
    "entries": [
      233000,
      88500
    ],
    "graph_at_accuracy_budget": {
      "coefficient_l1_budget": "1/625",
      "used_bound": "790729367/500000000000",
      "retained_terms": 14004,
      "vertices": 10,
      "edges": 45,
      "complete": true,
      "minimum_edge_deletion_l1": "717265817709/500000000000",
      "treewidth_exact": 9,
      "treewidth_minfill_upper": 9
    }
  },
  {
    "fixture": "results/certificate_scaling/active_space_ladder_boys_large/h8/fixture.json",
    "entries": [
      94848,
      36160
    ],
    "graph_at_accuracy_budget": {
      "coefficient_l1_budget": "1/625",
      "used_bound": "774103001/500000000000",
      "retained_terms": 5714,
      "vertices": 8,
      "edges": 28,
      "complete": true,
      "minimum_edge_deletion_l1": "512477311433/250000000000",
      "treewidth_exact": 7,
      "treewidth_minfill_upper": 7
    }
  }
]
