/home/ubuntu/spectra-venv/lib/python3.10/site-packages/cvxpy/problems/problem.py:1504: UserWarning: Solution may be inaccurate. Try another solver, adjusting the solver settings, or solve with verbose=True for more information.
  warnings.warn(
{"method": "H_only_cubic_commutator_plus_quadratic", "modes": 12, "particles": 6, "polynomial_Gram_entries": 43740, "symbolic_word_pair_products": 12763212, "coefficient_rows": 9419, "coefficient_max_degree": 6, "gram_map_nonzeros": 12551184, "ideal_variables": 499, "construction_seconds": 466.4280652629968, "solve_seconds": 171.67794812000284, "export_seconds": 18.271973742997943, "wall_seconds": 656.3779876949993, "status": "user_limit", "numeric_lower": -7.667045683643512, "raw_b": -6.825529963535853, "negative_eigenvalue_mass": 0.12353777022736544, "exact": {"lower": "-202567326501430870188432631420069004363579899607027801869203558357/15625000000000000000000000000000000000000000000000000000000000000", "lower_float": -12.964308896091575, "residual_l1": "95918420821180870188432631420069004363579899607027801869203558357/15625000000000000000000000000000000000000000000000000000000000000", "residual_l1_float": 6.138778932555575, "multiplier_terms": 919, "square_polynomial_terms": 9419, "residual_terms": 9419, "residual_max_degree": 6, "mode_count": 12, "particle_number": 6, "factor_rows": 695, "factor_nonzeros": 75546}, "certificate_bytes": 2600996, "factor_denominator_bits": 109, "creator_channels": true, "one_body_steps": 1, "source_factors_used": false, "source_upper_used": false, "scope": "Fixed H-only polynomial span; no omitted-cone optimality or generic accuracy guarantee."}
	Command being timed: "/home/ubuntu/spectra-venv/bin/python /home/ubuntu/spectra-krylov-refinement/research/certificate_scaling/commutator_dictionary.py --fixture /home/ubuntu/spectra-krylov-refinement/results/certificate_scaling/active_space_ladder/h6/fixture.json --out /home/ubuntu/spectra-krylov-refinement/results/h6_one_step --creator-channels --one-body-steps 1 --solver-seconds 120"
	User time (seconds): 994.31
	System time (seconds): 63.29
	Percent of CPU this job got: 160%
	Elapsed (wall clock) time (h:mm:ss or m:ss): 10:58.72
	Average shared text size (kbytes): 0
	Average unshared data size (kbytes): 0
	Average stack size (kbytes): 0
	Average total size (kbytes): 0
	Maximum resident set size (kbytes): 11335708
	Average resident set size (kbytes): 0
	Major (requiring I/O) page faults: 0
	Minor (reclaiming a frame) page faults: 6395599
	Voluntary context switches: 4407117
	Involuntary context switches: 1771530
	Swaps: 0
	File system inputs: 0
	File system outputs: 6576
	Socket messages sent: 0
	Socket messages received: 0
	Signals delivered: 0
	Page size (bytes): 4096
	Exit status: 0
