Using Python 3.12.14 environment at: state_venv
Resolved 31 packages in 390ms
Downloading h5py (5.2MiB)
Downloading nvidia-cuda-runtime-cu12 (3.3MiB)
Downloading highspy (4.8MiB)
Downloading nvidia-cublas-cu12 (554.3MiB)
Downloading scs (11.5MiB)
Downloading qdldl (1.4MiB)
Downloading pyscf (50.4MiB)
Downloading gmpy2 (1.7MiB)
Downloading nvidia-cuda-nvrtc-cu12 (85.4MiB)
Downloading cupy-cuda12x (129.8MiB)
Downloading nvidia-curand-cu12 (65.1MiB)
Downloading nvidia-nvjitlink-cu12 (37.9MiB)
Downloading clarabel (1.1MiB)
Downloading sparsediffpy (11.5MiB)
Downloading nvidia-cufft-cu12 (191.6MiB)
Downloading nvidia-cusparse-cu12 (349.5MiB)
Downloading cvxpy (4.2MiB)
Downloading nvidia-cusolver-cu12 (322.5MiB)
 Downloaded clarabel
 Downloaded qdldl
 Downloaded gmpy2
 Downloaded nvidia-cuda-runtime-cu12
 Downloaded cvxpy
 Downloaded highspy
 Downloaded h5py
 Downloaded sparsediffpy
 Downloaded scs
 Downloaded nvidia-nvjitlink-cu12
 Downloaded pyscf
 Downloaded nvidia-curand-cu12
 Downloaded nvidia-cuda-nvrtc-cu12
 Downloaded cupy-cuda12x
 Downloaded nvidia-cufft-cu12
 Downloaded nvidia-cusolver-cu12
 Downloaded nvidia-cusparse-cu12
 Downloaded nvidia-cublas-cu12
Prepared 29 packages in 9.07s
Installed 29 packages in 73ms
 + cffi==2.1.1
 + clarabel==0.11.1
 + cloudpickle==3.1.2
 + cuda-pathfinder==1.8.1
 + cuda-toolkit==12.9.2.0
 + cupy-cuda12x==14.2.0
 + cvxpy==1.9.2
 + gmpy2==2.3.1
 + h5py==3.16.0
 + highspy==1.15.1
 + jinja2==3.1.6
 + joblib==1.6.0
 + markupsafe==3.0.3
 + nvidia-cublas-cu12==12.9.2.10
 + nvidia-cuda-nvrtc-cu12==12.9.86
 + nvidia-cuda-runtime-cu12==12.9.79
 + nvidia-cufft-cu12==11.4.1.4
 + nvidia-curand-cu12==10.3.10.19
 + nvidia-cusolver-cu12==11.7.5.82
 + nvidia-cusparse-cu12==12.5.10.65
 + nvidia-nvjitlink-cu12==12.9.86
 + osqp==1.1.3
 + pycparser==3.0
 + pyscf==2.14.0
 + qdldl==0.1.9.post1
 + scs==3.2.11
 + setuptools==84.0.0
 + sparsediffpy==0.3.0
 + threadpoolctl==3.6.0
