Using Python 3.12.14 environment at: state_venv
Resolved 11 packages in 333ms
Downloading numba (3.7MiB)
Downloading numpy (15.8MiB)
Downloading cytoolz (2.7MiB)
Downloading scipy (33.7MiB)
Downloading llvmlite (57.1MiB)
Downloading quimb (2.0MiB)
 Downloaded quimb
 Downloaded cytoolz
 Downloaded numba
 Downloaded numpy
 Downloaded scipy
 Downloaded llvmlite
Prepared 11 packages in 687ms
Installed 11 packages in 34ms
 + autoray==0.11.0
 + cotengra==0.8.2
 + cytoolz==1.1.0
 + llvmlite==0.49.0
 + numba==0.67.0
 + numpy==2.2.6
 + psutil==7.2.2
 + quimb==1.15.0
 + scipy==1.18.1
 + toolz==1.1.0
 + tqdm==4.70.1
