Collecting cvxpy
  Downloading cvxpy-1.7.5-cp310-cp310-manylinux_2_24_x86_64.manylinux_2_28_x86_64.whl (1.2 MB)
     ━━━━━━━━━━━━━━━━━━━━━━━━━━━━━━━━━━━━━━━━ 1.2/1.2 MB 7.3 MB/s eta 0:00:00
Collecting osqp>=1.0.0
  Downloading osqp-1.1.3-cp310-cp310-manylinux_2_24_x86_64.manylinux_2_28_x86_64.whl (350 kB)
     ━━━━━━━━━━━━━━━━━━━━━━━━━━━━━━━━━━━━━━ 350.0/350.0 KB 11.2 MB/s eta 0:00:00
Collecting clarabel>=0.5.0
  Downloading clarabel-0.11.1-cp39-abi3-manylinux_2_17_x86_64.manylinux2014_x86_64.whl (1.2 MB)
     ━━━━━━━━━━━━━━━━━━━━━━━━━━━━━━━━━━━━━━━━ 1.2/1.2 MB 13.4 MB/s eta 0:00:00
Collecting scs>=3.2.4.post1
  Downloading scs-3.3.1-cp310-cp310-manylinux_2_27_x86_64.manylinux_2_28_x86_64.whl (43.2 MB)
     ━━━━━━━━━━━━━━━━━━━━━━━━━━━━━━━━━━━━━━━━ 43.2/43.2 MB 32.2 MB/s eta 0:00:00
Requirement already satisfied: numpy>=1.22.4 in ./spectra-gpu-acceleration-20260915/venv/lib/python3.10/site-packages (from cvxpy) (2.2.6)
Requirement already satisfied: scipy>=1.13.0 in ./spectra-gpu-acceleration-20260915/venv/lib/python3.10/site-packages (from cvxpy) (1.15.3)
Collecting cffi
  Downloading cffi-2.1.1-cp310-cp310-manylinux2014_x86_64.manylinux_2_17_x86_64.whl (218 kB)
     ━━━━━━━━━━━━━━━━━━━━━━━━━━━━━━━━━━━━━━ 218.7/218.7 KB 51.1 MB/s eta 0:00:00
Collecting joblib
  Downloading joblib-1.6.0-py3-none-any.whl (306 kB)
     ━━━━━━━━━━━━━━━━━━━━━━━━━━━━━━━━━━━━━━ 306.1/306.1 KB 66.9 MB/s eta 0:00:00
Requirement already satisfied: setuptools in ./spectra-gpu-acceleration-20260915/venv/lib/python3.10/site-packages (from osqp>=1.0.0->cvxpy) (59.6.0)
Collecting jinja2
  Downloading jinja2-3.1.6-py3-none-any.whl (134 kB)
     ━━━━━━━━━━━━━━━━━━━━━━━━━━━━━━━━━━━━━━ 134.9/134.9 KB 40.4 MB/s eta 0:00:00
Collecting pycparser
  Downloading pycparser-3.0-py3-none-any.whl (48 kB)
     ━━━━━━━━━━━━━━━━━━━━━━━━━━━━━━━━━━━━━━━━ 48.2/48.2 KB 17.3 MB/s eta 0:00:00
Collecting MarkupSafe>=2.0
  Downloading markupsafe-3.0.3-cp310-cp310-manylinux2014_x86_64.manylinux_2_17_x86_64.manylinux_2_28_x86_64.whl (20 kB)
Collecting cloudpickle>=3.0
  Downloading cloudpickle-3.1.2-py3-none-any.whl (22 kB)
Installing collected packages: pycparser, MarkupSafe, cloudpickle, scs, joblib, jinja2, cffi, osqp, clarabel, cvxpy
Successfully installed MarkupSafe-3.0.3 cffi-2.1.1 clarabel-0.11.1 cloudpickle-3.1.2 cvxpy-1.7.5 jinja2-3.1.6 joblib-1.6.0 osqp-1.1.3 pycparser-3.0 scs-3.3.1
