Collecting pyscf
  Downloading pyscf-2.14.0-py3-none-manylinux_2_17_x86_64.manylinux2014_x86_64.whl (52.8 MB)
     ━━━━━━━━━━━━━━━━━━━━━━━━━━━━━━━━━━━━━━━━ 52.8/52.8 MB 35.5 MB/s eta 0:00:00
Collecting quimb
  Downloading quimb-1.12.0-py3-none-any.whl (2.0 MB)
     ━━━━━━━━━━━━━━━━━━━━━━━━━━━━━━━━━━━━━━━━ 2.0/2.0 MB 22.5 MB/s eta 0:00:00
Collecting gmpy2
  Downloading gmpy2-2.3.1-cp310-cp310-manylinux2014_x86_64.manylinux_2_17_x86_64.manylinux_2_28_x86_64.whl (1.8 MB)
     ━━━━━━━━━━━━━━━━━━━━━━━━━━━━━━━━━━━━━━━━ 1.8/1.8 MB 88.2 MB/s eta 0:00:00
Requirement already satisfied: numpy!=1.16,!=1.17,>=1.13 in ./spectra-gpu-acceleration-20260915/venv/lib/python3.10/site-packages (from pyscf) (2.2.6)
Collecting h5py>=2.7
  Downloading h5py-3.16.0-cp310-cp310-manylinux_2_28_x86_64.whl (5.1 MB)
     ━━━━━━━━━━━━━━━━━━━━━━━━━━━━━━━━━━━━━━━━ 5.1/5.1 MB 91.7 MB/s eta 0:00:00
Requirement already satisfied: setuptools in ./spectra-gpu-acceleration-20260915/venv/lib/python3.10/site-packages (from pyscf) (59.6.0)
Requirement already satisfied: scipy>=1.6.0 in ./spectra-gpu-acceleration-20260915/venv/lib/python3.10/site-packages (from pyscf) (1.15.3)
Collecting numba>=0.39
  Downloading numba-0.67.0-cp310-cp310-manylinux2014_x86_64.manylinux_2_17_x86_64.whl (3.8 MB)
     ━━━━━━━━━━━━━━━━━━━━━━━━━━━━━━━━━━━━━━━━ 3.8/3.8 MB 109.8 MB/s eta 0:00:00
Collecting tqdm>=4
  Downloading tqdm-4.70.1-py3-none-any.whl (80 kB)
     ━━━━━━━━━━━━━━━━━━━━━━━━━━━━━━━━━━━━━━━━ 80.2/80.2 KB 23.6 MB/s eta 0:00:00
Collecting autoray>=0.8
  Downloading autoray-0.8.11-py3-none-any.whl (941 kB)
     ━━━━━━━━━━━━━━━━━━━━━━━━━━━━━━━━━━━━━━ 941.6/941.6 KB 97.7 MB/s eta 0:00:00
Collecting quimb
  Downloading quimb-1.11.2-py3-none-any.whl (2.1 MB)
     ━━━━━━━━━━━━━━━━━━━━━━━━━━━━━━━━━━━━━━━━ 2.1/2.1 MB 104.8 MB/s eta 0:00:00
Collecting cotengra>=0.7.1
  Downloading cotengra-0.8.2-py3-none-any.whl (254 kB)
     ━━━━━━━━━━━━━━━━━━━━━━━━━━━━━━━━━━━━━━ 254.4/254.4 KB 47.2 MB/s eta 0:00:00
Collecting psutil>=4.3.1
  Downloading psutil-7.2.2-cp36-abi3-manylinux2010_x86_64.manylinux_2_12_x86_64.manylinux_2_28_x86_64.whl (155 kB)
     ━━━━━━━━━━━━━━━━━━━━━━━━━━━━━━━━━━━━━━ 155.6/155.6 KB 35.4 MB/s eta 0:00:00
Collecting cytoolz>=0.8.0
  Downloading cytoolz-1.1.0-cp310-cp310-manylinux2014_x86_64.manylinux_2_17_x86_64.manylinux_2_28_x86_64.whl (2.7 MB)
     ━━━━━━━━━━━━━━━━━━━━━━━━━━━━━━━━━━━━━━━━ 2.7/2.7 MB 105.8 MB/s eta 0:00:00
Collecting toolz>=0.8.0
  Downloading toolz-1.1.0-py3-none-any.whl (58 kB)
     ━━━━━━━━━━━━━━━━━━━━━━━━━━━━━━━━━━━━━━━━ 58.1/58.1 KB 14.0 MB/s eta 0:00:00
Collecting llvmlite<0.50,>=0.49.0dev0
  Downloading llvmlite-0.49.0-cp310-cp310-manylinux2014_x86_64.manylinux_2_17_x86_64.whl (59.9 MB)
     ━━━━━━━━━━━━━━━━━━━━━━━━━━━━━━━━━━━━━━━━ 59.9/59.9 MB 32.9 MB/s eta 0:00:00
Installing collected packages: tqdm, toolz, psutil, llvmlite, h5py, gmpy2, autoray, pyscf, numba, cytoolz, cotengra, quimb
Successfully installed autoray-0.8.11 cotengra-0.8.2 cytoolz-1.1.0 gmpy2-2.3.1 h5py-3.16.0 llvmlite-0.49.0 numba-0.67.0 psutil-7.2.2 pyscf-2.14.0 quimb-1.11.2 toolz-1.1.0 tqdm-4.70.1
