{"conic_atoms": 7, "extra_sampled_vectors": 175, "sampled_states": 1512}
{"round": 0, "sampled_upper": 0.0, "minimum_reduced_eigenvalue": -0.2564483030233746, "added": 20, "trust_dual_objective": -0.6605200933407788, "candidate_dual_violation": 4.884981308350689e-15}
{"round": 1, "sampled_upper": 0.0, "minimum_reduced_eigenvalue": -0.10295956759445124, "added": 10, "trust_dual_objective": -0.6605003233903317, "candidate_dual_violation": 4.884981308350689e-15}
{"round": 2, "sampled_upper": 0.0, "minimum_reduced_eigenvalue": -0.04848595072045958, "added": 10, "trust_dual_objective": -0.6604804656493564, "candidate_dual_violation": 3.1942892775305154e-11}
{"round": 3, "sampled_upper": 0.0, "minimum_reduced_eigenvalue": -0.07352513395448579, "added": 14, "trust_dual_objective": -0.6604592711694155, "candidate_dual_violation": 1.7763568394002505e-15}
{"round": 4, "sampled_upper": 0.0, "minimum_reduced_eigenvalue": -0.08454200694803715, "added": 14, "trust_dual_objective": -0.6604387540399056, "candidate_dual_violation": 2.6645352591003757e-15}
{"round": 5, "sampled_upper": 0.0, "minimum_reduced_eigenvalue": -0.3265183453131808, "added": 14, "trust_dual_objective": -0.660422575063105, "candidate_dual_violation": 1.3322676295501878e-15}
{"round": 6, "sampled_upper": 0.0, "minimum_reduced_eigenvalue": -0.08257993007630038, "added": 14, "trust_dual_objective": -0.6604108344800821, "candidate_dual_violation": 1.7763568394002505e-15}
{"round": 7, "sampled_upper": 0.0, "minimum_reduced_eigenvalue": -0.057968144459750626, "added": 14, "trust_dual_objective": -0.6604075248585095, "candidate_dual_violation": 1.7763568394002505e-15}
{"round": 8, "sampled_upper": 0.0, "minimum_reduced_eigenvalue": -0.05699414139555703, "added": 14, "trust_dual_objective": -0.6604033167378411, "candidate_dual_violation": 5.329070518200751e-15}
{"round": 9, "sampled_upper": 0.0, "minimum_reduced_eigenvalue": -0.06756027639689899, "added": 14, "trust_dual_objective": -0.6603913922436663, "candidate_dual_violation": 1.7763568394002505e-15}
{"round": 10, "sampled_upper": 0.0, "minimum_reduced_eigenvalue": -0.06621601545026712, "added": 14, "trust_dual_objective": -0.6603855021617877, "candidate_dual_violation": 2.6645352591003757e-15}
{"round": 11, "sampled_upper": 0.0, "minimum_reduced_eigenvalue": -0.06320712869383271, "added": 16, "trust_dual_objective": -0.6603793724411094, "candidate_dual_violation": 1.7763568394002505e-15}
{"round": 12, "sampled_upper": 0.0, "minimum_reduced_eigenvalue": -0.03960419870905074, "added": 14, "trust_dual_objective": -0.6603733770887024, "candidate_dual_violation": 7.105427357601002e-15}
{"round": 13, "sampled_upper": 0.0, "minimum_reduced_eigenvalue": -0.03451268909818683, "added": 16, "trust_dual_objective": -0.6603786515197569, "candidate_dual_violation": 1.7763568394002505e-15}
{"round": 14, "sampled_upper": 0.0, "minimum_reduced_eigenvalue": -0.04719709022158769, "added": 16, "trust_dual_objective": -0.6603719406734055, "candidate_dual_violation": 7.105427357601002e-15}
{"round": 15, "sampled_upper": 0.0, "minimum_reduced_eigenvalue": -0.05786066187415173, "added": 14, "trust_dual_objective": -0.6603686991059262, "candidate_dual_violation": 7.105427357601002e-15}
{"round": 16, "sampled_upper": 0.0, "minimum_reduced_eigenvalue": -0.048142488087033364, "added": 16, "trust_dual_objective": -0.6603590511190862, "candidate_dual_violation": 2.220446049250313e-15}
{"round": 17, "sampled_upper": 0.0, "minimum_reduced_eigenvalue": -0.03214864589367039, "added": 16, "trust_dual_objective": -0.6603645671082249, "candidate_dual_violation": 5.329070518200751e-15}
{"round": 18, "sampled_upper": 0.0, "minimum_reduced_eigenvalue": -0.04098173881940781, "added": 16, "trust_dual_objective": -0.6603586517059237, "candidate_dual_violation": 1.7763568394002505e-15}
{"round": 19, "sampled_upper": 0.0, "minimum_reduced_eigenvalue": -0.03979186372742882, "added": 16, "trust_dual_objective": -0.660359440470699, "candidate_dual_violation": 3.552713678800501e-15}
{"round": 20, "sampled_upper": 0.0, "minimum_reduced_eigenvalue": -0.04116997914186449, "added": 16, "trust_dual_objective": -0.6603585177021236, "candidate_dual_violation": 7.105427357601002e-15}
{"round": 21, "sampled_upper": 0.0, "minimum_reduced_eigenvalue": -0.029979510172005508, "added": 16, "trust_dual_objective": -0.6603598867332688, "candidate_dual_violation": 2.6645352591003757e-15}
{"round": 22, "sampled_upper": 0.0, "minimum_reduced_eigenvalue": -0.036201498885652494, "added": 16, "trust_dual_objective": -0.6603548826492103, "candidate_dual_violation": 7.105427357601002e-15}
{"round": 23, "sampled_upper": 0.0, "minimum_reduced_eigenvalue": -0.02663703159148234, "added": 12, "trust_dual_objective": -0.6603579152080856, "candidate_dual_violation": 2.220446049250313e-15}
{"round": 24, "sampled_upper": 0.0, "minimum_reduced_eigenvalue": -0.03870575780227892, "added": 16, "trust_dual_objective": -0.6603628280257586, "candidate_dual_violation": 3.552713678800501e-15}
{"round": 25, "sampled_upper": 0.0, "minimum_reduced_eigenvalue": -0.029962777297814824, "added": 12, "trust_dual_objective": -0.6603573179947755, "candidate_dual_violation": 1.7763568394002505e-15}
{"round": 26, "sampled_upper": 0.0, "minimum_reduced_eigenvalue": -0.0256742652796782, "added": 16, "trust_dual_objective": -0.6603587351258614, "candidate_dual_violation": 4.440892098500626e-15}
{"round": 27, "sampled_upper": 0.0, "minimum_reduced_eigenvalue": -0.01907175196337363, "added": 16, "trust_dual_objective": -0.6603589945729648, "candidate_dual_violation": 1.0658141036401503e-14}
{"round": 28, "sampled_upper": 0.0, "minimum_reduced_eigenvalue": -0.027123858405618595, "added": 12, "trust_dual_objective": -0.6603683209467464, "candidate_dual_violation": 3.552713678800501e-15}
{"round": 29, "sampled_upper": 0.0, "minimum_reduced_eigenvalue": -0.04686997892143552, "added": 12, "trust_dual_objective": -0.6603684151129194, "candidate_dual_violation": 2.6645352591003757e-15}
{"round": 30, "sampled_upper": 0.0, "minimum_reduced_eigenvalue": -0.05194105743057742, "added": 16, "trust_dual_objective": -0.6603690177360189, "candidate_dual_violation": 5.329070518200751e-15}
{"round": 31, "sampled_upper": 0.0, "minimum_reduced_eigenvalue": -0.03868045612953175, "added": 12, "trust_dual_objective": -0.6603721376825951, "candidate_dual_violation": 8.881784197001252e-16}
{"round": 32, "sampled_upper": 0.0, "minimum_reduced_eigenvalue": -0.021918446946194603, "added": 12, "trust_dual_objective": -0.6603717783736163, "candidate_dual_violation": 6.41962039082955e-11}
{"round": 33, "sampled_upper": 0.0, "minimum_reduced_eigenvalue": -0.02188879319256687, "added": 11, "trust_dual_objective": -0.6603705375753227, "candidate_dual_violation": 1.7763568394002505e-15}
{"round": 34, "sampled_upper": 0.0, "minimum_reduced_eigenvalue": -0.05212745528947016, "added": 16, "trust_dual_objective": -0.6603688174032227, "candidate_dual_violation": 2.6645352591003757e-15}
{"round": 35, "sampled_upper": 0.0, "minimum_reduced_eigenvalue": -0.03915237462132204, "added": 16, "trust_dual_objective": -0.6603695424015027, "candidate_dual_violation": 1.3322676295501878e-15}
{"round": 36, "sampled_upper": 0.0, "minimum_reduced_eigenvalue": -0.0308581465090918, "added": 12, "trust_dual_objective": -0.6603677438491161, "candidate_dual_violation": 1.3322676295501878e-15}
{"round": 37, "sampled_upper": -0.6597280752995276, "minimum_reduced_eigenvalue": -0.03504432750186881, "added": 15, "trust_dual_objective": -0.6603706272320816, "candidate_dual_violation": 1.7763568394002505e-15}
{"round": 38, "sampled_upper": -0.6599037247215459, "minimum_reduced_eigenvalue": -0.023438014433487808, "added": 12, "trust_dual_objective": -0.6603682044374162, "candidate_dual_violation": 3.1086244689504383e-15}
{"round": 39, "sampled_upper": -0.6599306958187092, "minimum_reduced_eigenvalue": -0.020219078511861888, "added": 12, "trust_dual_objective": -0.6603691398498588, "candidate_dual_violation": 1.9095836023552692e-14}
Traceback (most recent call last):
  File "/Users/aidenlippert/Documents/Spectra/results/marginal_graded_hubbard8/discovery/three_spectator_family_numeric.py", line 162, in <module>
    if __name__=='__main__':main()
                            ^^^^^^
  File "/Users/aidenlippert/Documents/Spectra/results/marginal_graded_hubbard8/discovery/three_spectator_family_numeric.py", line 136, in main
    diagnostic={'source_sha256':{str(p.resolve().relative_to(ROOT)):hashlib.sha256(p.read_bytes()).hexdigest() for p in [Path(__file__),args.extra_atoms,out/'profile_joint_r1_2_certificate.json']},'accepted':False,'proposal_written':False,'lp_tolerance':1e-10,'support_threshold':1e-14,'scale':args.scale,'extra_atom_file':str(args.extra_atoms),'extra_sampled_vectors':added_atoms,'pricing':pricing,'pricing_eigenvectors':args.pricing_eigenvectors,'pricing_radius':args.pricing_radius,'determinant_anchors':args.determinant_anchors,'states':len(states),'active_sectors':list(exact),'status':result.message,'seconds':time.monotonic()-started}
                                                                    ^^^^^^^
NameError: name 'hashlib' is not defined. Did you forget to import 'hashlib'?
