{
  "status": "certified_upper",
  "fixture_sha256": "22905765c6591d88acb76653755c364a78d7ed8024df4893f0400f1ec91b0edf",
  "state_sha256": "d31649efdac448d092846ad8e1188755c32164761a0871a9b4f3ebdc90827d53",
  "upper_Ha": "-72301677421490113560166223486537939066255173950895622731711684604400912409223646855392392827937151630950807301958296958255192637725943531705084751795834204469630248143801982054327155906148196877511404948299581931440071885458913910626793421056410714526218115924393/7812500009494906654828544895034791770555528023425741613160799973666546379979094210402425056699278069105601397824400699654478044581096134610302104662080660434016646819218583246238691260008726257969882406267102047645526156384022659621952132908394911445000000000000",
  "upper_float_Ha": -9.254614698703156,
  "norm_squared": "1562500001898981330965708979006958354111105604685148322632159994733309275995818842080485011339855613821120279564880139930895608916219226922060420932416132086803329363843716649247738252001745251593976481253420409529105231276804531924390426581678982289/1562500000000000000000000000000000000000000000000000000000000000000000000000000000000000000000000000000000000000000000000000000000000000000000000000000000000000000000000000000000000000000000000000000000000000000000000000000000000000000000000000000000",
  "particles": 8,
  "spin_counts": [
    4,
    4
  ],
  "total_spin_certified": false,
  "denominator": 1000000000,
  "stats": {
    "bond_dimensions": [
      1,
      2,
      4,
      8,
      16,
      32,
      64,
      126,
      128,
      124,
      64,
      32,
      16,
      8,
      4,
      2,
      1
    ],
    "tensor_nonzero_entries": 9465,
    "maximum_transfer_entries": 1734,
    "transfer_steps": 19828,
    "integer_multiplications": 129303972,
    "enumerated_determinants": 0,
    "many_body_matrix_entries": 0
  },
  "replay_seconds": 45.204240416991524
}
