{
  "status": "certified_upper",
  "fixture_sha256": "99b91888d68ba7ea1d43c0b6c68594190521406c5b454b98933cbeba7d8f89df",
  "state_sha256": "2b98c78b0b4ed101b1910dd3079f79183c46dc1d8fc62130640c2092e40c4d6b",
  "upper_Ha": "-1582777906449869344801992071129704043794454328070693186044063572104941836161598035598344348518610645947226639656668336192053771136777673212473816266455217075573203222908306109739458991960599063/249999999864955462504152225253797730483488012040475535367711251425727760295900142952526045340798519574622684448396690766686860360875292013826611422528868012775157022630639807474024000000000000",
  "upper_float_Ha": -6.331111629219405,
  "norm_squared": "31249999983119432813019028156724716310436001505059441920963906428215970036987517869065755667599814946827835556049586345835857545109411501728326427816108501596894627828829975934253/31250000000000000000000000000000000000000000000000000000000000000000000000000000000000000000000000000000000000000000000000000000000000000000000000000000000000000000000000000000000",
  "particles": 6,
  "spin_counts": [
    3,
    3
  ],
  "total_spin_certified": false,
  "denominator": 1000000000,
  "stats": {
    "bond_dimensions": [
      1,
      2,
      4,
      8,
      16,
      31,
      32,
      31,
      16,
      8,
      4,
      2,
      1
    ],
    "tensor_nonzero_entries": 810,
    "maximum_transfer_entries": 162,
    "transfer_steps": 5319,
    "integer_multiplications": 1371138,
    "enumerated_determinants": 0,
    "many_body_matrix_entries": 0
  },
  "replay_seconds": 0.5082353329926264
}
