{
  "best": {
    "status": "certified_lower",
    "lower_Ha": "-664288988854971023587679739/100000000000000000000000000",
    "lower_float_Ha": -6.6428898885497105,
    "base_Ha": "-132569462712098589126207029/25000000000000000000000000",
    "residual_norm_bound_Ha": "134011138006576667082851623/100000000000000000000000000",
    "positive_factor_count": 24,
    "tau_coefficients": 1584,
    "residual_terms": 918,
    "residual_max_degree": 4,
    "no_fixed_N_enumeration": true,
    "no_full_cubic_Gram_solve": true,
    "replay_seconds": 16.256186208003783
  },
  "history": [
    {
      "iteration": "guide_only",
      "status": "certified_lower",
      "lower_Ha": "-54268505502751/1000000000000",
      "lower_float_Ha": -54.268505502751,
      "base_Ha": "-2419096706871/500000000000",
      "residual_norm_bound_Ha": "49430312089009/1000000000000",
      "positive_factor_count": 12,
      "tau_coefficients": 0,
      "residual_terms": 906,
      "residual_max_degree": 4,
      "no_fixed_N_enumeration": true,
      "no_full_cubic_Gram_solve": true,
      "replay_seconds": 0.06984016600472387
    },
    {
      "iteration": 0,
      "status": "certified_lower",
      "lower_Ha": "-1000541162339153200856627111/25000000000000000000000000",
      "lower_float_Ha": -40.02164649356613,
      "base_Ha": "-25291128726082963198893769/5000000000000000000000000",
      "residual_norm_bound_Ha": "437042759354369192431079133/12500000000000000000000000",
      "positive_factor_count": 24,
      "tau_coefficients": 1548,
      "residual_terms": 918,
      "residual_max_degree": 4,
      "no_fixed_N_enumeration": true,
      "no_full_cubic_Gram_solve": true,
      "replay_seconds": 14.952953790998436
    },
    {
      "iteration": 1,
      "status": "certified_lower",
      "lower_Ha": "-1836008609912142670077397249/100000000000000000000000000",
      "lower_float_Ha": -18.36008609912143,
      "base_Ha": "-107412271220685165795253161/20000000000000000000000000",
      "residual_norm_bound_Ha": "324736813452179210275282861/25000000000000000000000000",
      "positive_factor_count": 24,
      "tau_coefficients": 1584,
      "residual_terms": 918,
      "residual_max_degree": 4,
      "no_fixed_N_enumeration": true,
      "no_full_cubic_Gram_solve": true,
      "replay_seconds": 11.391155165998498
    },
    {
      "iteration": 2,
      "status": "certified_lower",
      "lower_Ha": "-233828755566390702287798993/25000000000000000000000000",
      "lower_float_Ha": -9.353150222655628,
      "base_Ha": "-262538370407816863551079639/50000000000000000000000000",
      "residual_norm_bound_Ha": "205119140724964541024518347/50000000000000000000000000",
      "positive_factor_count": 24,
      "tau_coefficients": 1584,
      "residual_terms": 918,
      "residual_max_degree": 4,
      "no_fixed_N_enumeration": true,
      "no_full_cubic_Gram_solve": true,
      "replay_seconds": 10.871354750008322
    },
    {
      "iteration": 3,
      "status": "certified_lower",
      "lower_Ha": "-720325253492667854292519617/100000000000000000000000000",
      "lower_float_Ha": -7.203252534926679,
      "base_Ha": "-529881516726002088591251113/100000000000000000000000000",
      "residual_norm_bound_Ha": "23805467095833220712658563/12500000000000000000000000",
      "positive_factor_count": 24,
      "tau_coefficients": 1584,
      "residual_terms": 918,
      "residual_max_degree": 4,
      "no_fixed_N_enumeration": true,
      "no_full_cubic_Gram_solve": true,
      "replay_seconds": 12.472859417001018
    },
    {
      "iteration": 4,
      "status": "certified_lower",
      "lower_Ha": "-664288988854971023587679739/100000000000000000000000000",
      "lower_float_Ha": -6.6428898885497105,
      "base_Ha": "-132569462712098589126207029/25000000000000000000000000",
      "residual_norm_bound_Ha": "134011138006576667082851623/100000000000000000000000000",
      "positive_factor_count": 24,
      "tau_coefficients": 1584,
      "residual_terms": 918,
      "residual_max_degree": 4,
      "no_fixed_N_enumeration": true,
      "no_full_cubic_Gram_solve": true,
      "replay_seconds": 16.256186208003783
    }
  ],
  "guide": {
    "minimum_weight_Ha": "272342372553/2000000000000",
    "chemical_interval_Ha": [
      "-45736334943/1000000000000",
      "22660603761/100000000000"
    ]
  },
  "wall_seconds": 131.96103579099872,
  "method": "Fixed PH guide adaptation; no rotated-overlap Hastings generalized solve; exact L1 residual.",
  "discovery_uses_correlated_moments": false,
  "teacher_assisted": false
}
