1, R, max_bond=(1/8), cutoff:1e-12
  0%|                                                     | 0/7 [00:00<?, ?it/s]100%|############################################| 7/7 [00:00<00:00, 144.92it/s]
Energy: -9.00802035247836 ... not converged.
2, L, max_bond=(2/16), cutoff:1e-12
  0%|                                                     | 0/7 [00:00<?, ?it/s]100%|############################################| 7/7 [00:00<00:00, 190.69it/s]
Energy: -9.023842386011166 ... not converged.
3, R, max_bond=(2/64), cutoff:1e-12
  0%|                                                     | 0/7 [00:00<?, ?it/s]100%|############################################| 7/7 [00:00<00:00, 174.47it/s]
Energy: -9.029409566896803 ... not converged.
4, L, max_bond=(4/64), cutoff:1e-12
  0%|                                                     | 0/7 [00:00<?, ?it/s]100%|############################################| 7/7 [00:00<00:00, 152.70it/s]
Energy: -9.029972954523442 ... not converged.
5, R, max_bond=(5/64), cutoff:1e-12
  0%|                                                     | 0/7 [00:00<?, ?it/s]100%|#############################################| 7/7 [00:00<00:00, 81.77it/s]
Energy: -9.03077991329929 ... not converged.
6, L, max_bond=(10/64), cutoff:1e-12
  0%|                                                     | 0/7 [00:00<?, ?it/s] 57%|#########################7                   | 4/7 [00:00<00:00, 32.79it/s]100%|#############################################| 7/7 [00:00<00:00, 43.75it/s]
Energy: -9.030790513714205 ... not converged.
7, R, max_bond=(10/64), cutoff:1e-12
  0%|                                                     | 0/7 [00:00<?, ?it/s] 71%|################################1            | 5/7 [00:00<00:00, 26.58it/s]100%|#############################################| 7/7 [00:00<00:00, 33.99it/s]
Energy: -9.03079458198856 ... not converged.
8, L, max_bond=(16/64), cutoff:1e-12
  0%|                                                     | 0/7 [00:00<?, ?it/s] 43%|###################2                         | 3/7 [00:00<00:00, 24.09it/s] 86%|######################################5      | 6/7 [00:00<00:00, 24.39it/s]100%|#############################################| 7/7 [00:00<00:00, 28.06it/s]
Energy: -9.030794581995124 ... converged!
{
  "fixture_sha256": "22905765c6591d88acb76653755c364a78d7ed8024df4893f0400f1ec91b0edf",
  "physical_energy_float_Ha": -9.030794581995117,
  "penalized_energy_float_Ha": -9.030794581995124,
  "requested_spatial_bond": 64,
  "spatial_bonds": [
    2,
    4,
    8,
    16,
    8,
    4,
    2
  ],
  "export_spin_bonds": [
    1,
    2,
    2,
    4,
    4,
    8,
    8,
    16,
    16,
    16,
    8,
    8,
    4,
    4,
    2,
    2,
    1
  ],
  "export_nonzero_entries": 312,
  "MPO_bond": 359,
  "sweeps_cap": 9,
  "sweep_energies": [
    -9.00802035247836,
    -9.023842386011166,
    -9.029409566896803,
    -9.029972954523442,
    -9.03077991329929,
    -9.030790513714205,
    -9.03079458198856,
    -9.030794581995124
  ],
  "converged": true,
  "rounding": {
    "charge_eigenvalue_max_distance_to_integer": 2.510628149821059e-09,
    "discarded_local_tensor_squared_entries": 1.8707237919788232e-10,
    "input_norm_before_normalization": 1.0000000000000016,
    "postround_bond_dimensions": [
      1,
      2,
      2,
      4,
      4,
      8,
      8,
      16,
      16,
      16,
      8,
      8,
      4,
      4,
      2,
      2,
      1
    ],
    "warning": "Discarded local tensor entries are a proposal diagnostic, not a state norm or energy error guarantee."
  },
  "seconds": 22.65901237500657,
  "initializer": "HF product, paired spin sites; no FCI or Gram teacher",
  "full_state_or_H_expansion": false
}
