{
  "best": {
    "status": "certified_lower",
    "lower_Ha": "-349210076750781168854846949/50000000000000000000000000",
    "lower_float_Ha": -6.9842015350156235,
    "base_Ha": "-319631939812918932424935499/50000000000000000000000000",
    "residual_norm_bound_Ha": "591562738757244728598229/1000000000000000000000000",
    "positive_factor_count": 24,
    "tau_coefficients": 1584,
    "residual_terms": 918,
    "residual_max_degree": 4,
    "no_fixed_N_enumeration": true,
    "no_full_cubic_Gram_solve": true,
    "replay_seconds": 9.188604540991946
  },
  "history": [
    {
      "iteration": "guide_only",
      "status": "certified_lower",
      "lower_Ha": "-60151593211379/1000000000000",
      "lower_float_Ha": -60.151593211379,
      "base_Ha": "-6125774106371/1000000000000",
      "residual_norm_bound_Ha": "3376613694063/62500000000",
      "positive_factor_count": 12,
      "tau_coefficients": 0,
      "residual_terms": 906,
      "residual_max_degree": 4,
      "no_fixed_N_enumeration": true,
      "no_full_cubic_Gram_solve": true,
      "replay_seconds": 0.08427975000813603
    },
    {
      "iteration": 0,
      "status": "certified_lower",
      "lower_Ha": "-374499154308784763012672607/10000000000000000000000000",
      "lower_float_Ha": -37.44991543087848,
      "base_Ha": "-19487466958429431934382687/3125000000000000000000000",
      "residual_norm_bound_Ha": "1560696300209052904113240043/50000000000000000000000000",
      "positive_factor_count": 24,
      "tau_coefficients": 1548,
      "residual_terms": 918,
      "residual_max_degree": 4,
      "no_fixed_N_enumeration": true,
      "no_full_cubic_Gram_solve": true,
      "replay_seconds": 8.245761874990421
    },
    {
      "iteration": 1,
      "status": "certified_lower",
      "lower_Ha": "-760573966055049515309401587/50000000000000000000000000",
      "lower_float_Ha": -15.21147932110099,
      "base_Ha": "-40039903482029029949804599/6250000000000000000000000",
      "residual_norm_bound_Ha": "88050947639763455142192959/10000000000000000000000000",
      "positive_factor_count": 24,
      "tau_coefficients": 1584,
      "residual_terms": 918,
      "residual_max_degree": 4,
      "no_fixed_N_enumeration": true,
      "no_full_cubic_Gram_solve": true,
      "replay_seconds": 8.848787375012762
    },
    {
      "iteration": 2,
      "status": "certified_lower",
      "lower_Ha": "-41251112486799596973843129/5000000000000000000000000",
      "lower_float_Ha": -8.25022249735992,
      "base_Ha": "-318408850581843619214531091/50000000000000000000000000",
      "residual_norm_bound_Ha": "94102274286152350523900199/50000000000000000000000000",
      "positive_factor_count": 24,
      "tau_coefficients": 1584,
      "residual_terms": 918,
      "residual_max_degree": 4,
      "no_fixed_N_enumeration": true,
      "no_full_cubic_Gram_solve": true,
      "replay_seconds": 9.054145292000612
    },
    {
      "iteration": 3,
      "status": "certified_lower",
      "lower_Ha": "-364195445462159374082063013/50000000000000000000000000",
      "lower_float_Ha": -7.283908909243188,
      "base_Ha": "-319324153375359158046174587/50000000000000000000000000",
      "residual_norm_bound_Ha": "22435646043400108017944213/25000000000000000000000000",
      "positive_factor_count": 24,
      "tau_coefficients": 1584,
      "residual_terms": 918,
      "residual_max_degree": 4,
      "no_fixed_N_enumeration": true,
      "no_full_cubic_Gram_solve": true,
      "replay_seconds": 9.183904792007525
    },
    {
      "iteration": 4,
      "status": "certified_lower",
      "lower_Ha": "-349210076750781168854846949/50000000000000000000000000",
      "lower_float_Ha": -6.9842015350156235,
      "base_Ha": "-319631939812918932424935499/50000000000000000000000000",
      "residual_norm_bound_Ha": "591562738757244728598229/1000000000000000000000000",
      "positive_factor_count": 24,
      "tau_coefficients": 1584,
      "residual_terms": 918,
      "residual_max_degree": 4,
      "no_fixed_N_enumeration": true,
      "no_full_cubic_Gram_solve": true,
      "replay_seconds": 9.188604540991946
    }
  ],
  "guide": {
    "minimum_weight_Ha": "96355134839/500000000000",
    "chemical_interval_Ha": [
      "-106077345429/1000000000000",
      "279343193927/1000000000000"
    ]
  },
  "wall_seconds": 90.11061808299564,
  "method": "Fixed PH guide adaptation; no rotated-overlap Hastings generalized solve; exact L1 residual.",
  "discovery_uses_correlated_moments": false,
  "teacher_assisted": false
}
