{"stage": "solve", "path": "results/spin_enrichment_20260913/campaign/continue/round_1_batch_1", "directions": 72, "seconds_limit": 40.0}
/Users/aidenlippert/Documents/Spectra/research/spin_completion_20260913/discovery.py:94: UserWarning: Solution may be inaccurate. Try another solver, adjusting the solver settings, or solve with verbose=True for more information.
  problem.solve(solver='CLARABEL', tol_gap_abs=1e-8, tol_gap_rel=1e-8, tol_feas=1e-8, max_iter=1000, time_limit=solver_seconds)
{"stage": "accepted", "directions": 72, "lower_Ha": -6.340136680856198, "wall_seconds": 7.30464983300044}
{"case": "round_1_batch_1", "accepted": true, "directions": 72, "lower_Ha": "-14265307531926446905337853013481387734785002345620896068085481/2250000000000000000000000000000000000000000000000000000000000", "width_mHa": 7.0780546231981365, "certificate_bytes": 100494, "trial_wall_seconds": 7.310347457998432, "complete_at_seconds": 17.888659791002283}
{"stage": "solve", "path": "results/spin_enrichment_20260913/campaign/continue/round_1_batch_2", "directions": 80, "seconds_limit": 40.0}
{"stage": "accepted", "directions": 80, "lower_Ha": -6.339783240918945, "wall_seconds": 7.898656666999159}
{"case": "round_1_batch_2", "accepted": true, "directions": 80, "lower_Ha": "-228232196673082024027263373009751557979408456731944824529149137/36000000000000000000000000000000000000000000000000000000000000", "width_mHa": 6.724614685944624, "certificate_bytes": 107783, "trial_wall_seconds": 7.9058910829990054, "complete_at_seconds": 25.796053041005507}
{"stage": "solve", "path": "results/spin_enrichment_20260913/campaign/continue/round_2_batch_1", "directions": 88, "seconds_limit": 40.0}
{"stage": "accepted", "directions": 88, "lower_Ha": -6.339442162525356, "wall_seconds": 8.218626750000112}
{"case": "round_2_batch_1", "accepted": true, "directions": 88, "lower_Ha": "-114109958925456401945646924121310111443185166863850857043265237/18000000000000000000000000000000000000000000000000000000000000", "width_mHa": 6.383536292355176, "certificate_bytes": 114141, "trial_wall_seconds": 8.225395500005106, "complete_at_seconds": 34.02930475000176}
{"stage": "solve", "path": "results/spin_enrichment_20260913/campaign/continue/round_2_batch_2", "directions": 96, "seconds_limit": 40.0}
{"stage": "accepted", "directions": 96, "lower_Ha": -6.339252011474435, "wall_seconds": 8.718662833001872}
{"case": "round_2_batch_2", "accepted": true, "directions": 96, "lower_Ha": "-76071024137693215185148426812584650030096780468462012721585107/12000000000000000000000000000000000000000000000000000000000000", "width_mHa": 6.193385241434111, "certificate_bytes": 121425, "trial_wall_seconds": 8.725825415996951, "complete_at_seconds": 42.75646658300684}
{"stage": "solve", "path": "results/spin_enrichment_20260913/campaign/continue/round_3_batch_1", "directions": 104, "seconds_limit": 40.0}
{"stage": "accepted", "directions": 104, "lower_Ha": -6.338863609977237, "wall_seconds": 9.08588504200452}
{"case": "round_3_batch_1", "accepted": true, "directions": 104, "lower_Ha": "-114099544979590255211369625867201124799267382474157285175234867/18000000000000000000000000000000000000000000000000000000000000", "width_mHa": 5.804983744235913, "certificate_bytes": 128182, "trial_wall_seconds": 9.093768457998522, "complete_at_seconds": 51.8588677910011}
{"stage": "solve", "path": "results/spin_enrichment_20260913/campaign/continue/round_3_batch_2", "directions": 112, "seconds_limit": 40.0}
{"stage": "accepted", "directions": 112, "lower_Ha": -6.338738107434967, "wall_seconds": 9.316419749993656}
{"case": "round_3_batch_2", "accepted": true, "directions": 112, "lower_Ha": "-57048642966914705000908660369883485844540824361864729375954933/9000000000000000000000000000000000000000000000000000000000000", "width_mHa": 5.679481201966734, "certificate_bytes": 135145, "trial_wall_seconds": 9.322978125004738, "complete_at_seconds": 61.18350729100348}
{"stage": "solve", "path": "results/spin_enrichment_20260913/campaign/continue/round_4_batch_1", "directions": 120, "seconds_limit": 40.0}
{"stage": "accepted", "directions": 120, "lower_Ha": -6.338414333889411, "wall_seconds": 9.622809291999147}
{"case": "round_4_batch_1", "accepted": true, "directions": 120, "lower_Ha": "-7130716125625587270438272460437607147528218688547060565837857/1125000000000000000000000000000000000000000000000000000000000", "width_mHa": 5.355707656410419, "certificate_bytes": 143752, "trial_wall_seconds": 9.631498791000922, "complete_at_seconds": 70.82506437500706}
{"stage": "solve", "path": "results/spin_enrichment_20260913/campaign/continue/round_4_batch_2", "directions": 128, "seconds_limit": 40.0}
{"stage": "accepted", "directions": 128, "lower_Ha": -6.338298976598434, "wall_seconds": 9.963782124999852}
{"case": "round_4_batch_2", "accepted": true, "directions": 128, "lower_Ha": "-228178763157543632480015235373202191266971940925473730008184943/36000000000000000000000000000000000000000000000000000000000000", "width_mHa": 5.2403503654337475, "certificate_bytes": 148726, "trial_wall_seconds": 9.971621082993806, "complete_at_seconds": 80.79850483300106}
{"stage": "solve", "path": "results/spin_enrichment_20260913/campaign/continue/round_5_batch_1", "directions": 136, "seconds_limit": 40.0}
{"stage": "accepted", "directions": 136, "lower_Ha": -6.3381652303921845, "wall_seconds": 10.392222084003151}
{"case": "round_5_batch_1", "accepted": true, "directions": 136, "lower_Ha": "-228173948294118637871775131565936182378580913345687623343656793/36000000000000000000000000000000000000000000000000000000000000", "width_mHa": 5.106604159183897, "certificate_bytes": 156880, "trial_wall_seconds": 10.401906915998552, "complete_at_seconds": 91.2102742910065}
{"stage": "solve", "path": "results/spin_enrichment_20260913/campaign/continue/round_5_batch_2", "directions": 144, "seconds_limit": 40.0}
{"stage": "accepted", "directions": 144, "lower_Ha": -6.338041528861554, "wall_seconds": 10.749260500000673}
{"case": "round_5_batch_2", "accepted": true, "directions": 144, "lower_Ha": "-57042373759753987833385049070557105292010824784783774753291313/9000000000000000000000000000000000000000000000000000000000000", "width_mHa": 4.982902628553716, "certificate_bytes": 165523, "trial_wall_seconds": 10.760898083994107, "complete_at_seconds": 101.97307400000136}
{"stage": "solve", "path": "results/spin_enrichment_20260913/campaign/continue/round_6_batch_1", "directions": 152, "seconds_limit": 40.0}
/opt/homebrew/Caskroom/miniconda/base/lib/python3.12/site-packages/numpy/_core/fromnumeric.py:86: RuntimeWarning: invalid value encountered in reduce
  return ufunc.reduce(obj, axis, dtype, out, **passkwargs)
{"stage": "accepted", "directions": 152, "lower_Ha": -6.337731222151013, "wall_seconds": 11.413670125002682}
{"case": "round_6_batch_1", "accepted": true, "directions": 152, "lower_Ha": "-28519790499679556372544980482449394911985934208039255662040307/4500000000000000000000000000000000000000000000000000000000000", "width_mHa": 4.672595918012039, "certificate_bytes": 172012, "trial_wall_seconds": 11.424696708992997, "complete_at_seconds": 113.40704800000094}
{"stage": "solve", "path": "results/spin_enrichment_20260913/campaign/continue/round_6_batch_2", "directions": 160, "seconds_limit": 40.0}
{"stage": "accepted", "directions": 160, "lower_Ha": -6.33764465116482, "wall_seconds": 11.91088391700032}
{"case": "round_6_batch_2", "accepted": true, "directions": 160, "lower_Ha": "-228155207441933517787610538456436626862552352784731119200117091/36000000000000000000000000000000000000000000000000000000000000", "width_mHa": 4.58602493181945, "certificate_bytes": 181055, "trial_wall_seconds": 11.921944708003139, "complete_at_seconds": 125.3310994160056}
{"stage": "solve", "path": "results/spin_enrichment_20260913/campaign/continue/round_7_batch_1", "directions": 168, "seconds_limit": 40.0}
{"stage": "accepted", "directions": 168, "lower_Ha": -6.337647096427966, "wall_seconds": 15.376952124999661}
{"case": "round_7_batch_1", "accepted": true, "directions": 168, "lower_Ha": "-5703882386785168889201456253449482813299071263939815670361473/900000000000000000000000000000000000000000000000000000000000", "width_mHa": 4.588470194964945, "certificate_bytes": 191954, "trial_wall_seconds": 15.389531959001033, "complete_at_seconds": 140.73107137500483}
{"stage": "solve", "path": "results/spin_enrichment_20260913/campaign/continue/round_7_batch_2", "directions": 176, "seconds_limit": 40.0}
{"stage": "accepted", "directions": 176, "lower_Ha": -6.337512377442792, "wall_seconds": 17.15437933299836}
{"case": "round_7_batch_2", "accepted": true, "directions": 176, "lower_Ha": "-228150445587940500878503870505501695833736534081335823768420199/36000000000000000000000000000000000000000000000000000000000000", "width_mHa": 4.453751209791203, "certificate_bytes": 196272, "trial_wall_seconds": 17.16968595799699, "complete_at_seconds": 157.90381229100603}
{"stage": "solve", "path": "results/spin_enrichment_20260913/campaign/continue/round_8_batch_1", "directions": 184, "seconds_limit": 40.0}
{"stage": "accepted", "directions": 184, "lower_Ha": -6.337371513916612, "wall_seconds": 18.89577724999981}
{"case": "round_8_batch_1", "accepted": true, "directions": 184, "lower_Ha": "-76048458166999334882705951627951015851576904102204270281435691/12000000000000000000000000000000000000000000000000000000000000", "width_mHa": 4.312887683610752, "certificate_bytes": 204401, "trial_wall_seconds": 18.91012083300302, "complete_at_seconds": 176.82544616600353}
{"stage": "solve", "path": "results/spin_enrichment_20260913/campaign/continue/round_8_batch_2", "directions": 192, "seconds_limit": 40.0}
{"stage": "accepted", "directions": 192, "lower_Ha": -6.337244661272178, "wall_seconds": 22.000770917002228}
{"case": "round_8_batch_2", "accepted": true, "directions": 192, "lower_Ha": "-506979572901774180025967926221147616509564284419487312069351/80000000000000000000000000000000000000000000000000000000000", "width_mHa": 4.186035039176763, "certificate_bytes": 211908, "trial_wall_seconds": 22.015729041995655, "complete_at_seconds": 198.84398004100512}
{"stage": "solve", "path": "results/spin_enrichment_20260913/campaign/continue/round_9_batch_1", "directions": 200, "seconds_limit": 40.0}
{"stage": "accepted", "directions": 200, "lower_Ha": -6.337170364638248, "wall_seconds": 40.53437204199872}
{"case": "round_9_batch_1", "accepted": true, "directions": 200, "lower_Ha": "-228138133126976931627360213043364450690887319448176067773012857/36000000000000000000000000000000000000000000000000000000000000", "width_mHa": 4.111738405247612, "certificate_bytes": 221001, "trial_wall_seconds": 40.55642812500446, "complete_at_seconds": 239.412253625007}
{"stage": "solve", "path": "results/spin_enrichment_20260913/campaign/continue/round_9_batch_2", "directions": 206, "seconds_limit": 40.0}
{"stage": "accepted", "directions": 206, "lower_Ha": -6.33714585193476, "wall_seconds": 43.55562149999605}
{"case": "round_9_batch_2", "accepted": true, "directions": 206, "lower_Ha": "-114068625334825678365800892350997737917877439373438343008083659/18000000000000000000000000000000000000000000000000000000000000", "width_mHa": 4.087225701759421, "certificate_bytes": 229089, "trial_wall_seconds": 43.57458958400093, "complete_at_seconds": 282.98977233300684}
{"stage": "solve", "path": "results/spin_enrichment_20260913/campaign/continue/round_10_batch_1", "directions": 214, "seconds_limit": 40.0}
{"stage": "accepted", "directions": 214, "lower_Ha": -6.3370011047979675, "wall_seconds": 48.412869958003284}
{"case": "round_10_batch_1", "accepted": true, "directions": 214, "lower_Ha": "-76044013257575609747894428866396408286192543456087039456401431/12000000000000000000000000000000000000000000000000000000000000", "width_mHa": 3.942478564966991, "certificate_bytes": 237366, "trial_wall_seconds": 48.43270608299645, "complete_at_seconds": 331.43634900000325}
