{"stage": "forecast", "retained_Gram_entries": 702332, "largest_Gram_block": 422, "declared_word_pairs": 1078820, "number_ideal_columns": 1099, "blocks": 277, "global_cubic_map_constructed": false, "full_fixed_N_determinants_enumerated": 0, "design": {"clusters": [[0, 1], [1, 2], [2, 3], [3, 4], [4, 5], [5, 6], [6, 7], [7, 8], [8, 9], [0, 1, 2], [1, 2, 3], [2, 3, 4], [3, 4, 5], [4, 5, 6], [5, 6, 7], [6, 7, 8], [7, 8, 9], [0, 1, 2, 3], [1, 2, 3, 4], [2, 3, 4, 5], [3, 4, 5, 6], [4, 5, 6, 7], [5, 6, 7, 8], [6, 7, 8, 9]], "collective_pairs": true, "complete": false, "collective_clusters": [[0, 1, 2], [1, 2, 3], [2, 3, 4], [3, 4, 5], [4, 5, 6], [5, 6, 7], [6, 7, 8], [7, 8, 9], [0, 1, 2, 3], [1, 2, 3, 4], [2, 3, 4, 5], [3, 4, 5, 6], [4, 5, 6, 7], [5, 6, 7, 8], [6, 7, 8, 9]], "max_Gram_entries": 2000000, "max_coefficient_rows": 180000, "global_particle_number_only": true, "all_declared_Gram_cross_terms_retained": true}}
{"stage": "spin_projection", "seconds": 83.03432620799867, "original_rows": 143085, "independent_invariant_rows": 42354, "integer_denominator": 12, "projector_nonzeros": 1982005, "exact_integer_idempotence_checked": true, "modular_prime": 65521, "rank_equals_exact_trace": true}
{"stage": "map", "block": 0, "seconds": 83.11467879099655}
{"stage": "map", "block": 8, "seconds": 83.47466420798446}
{"stage": "map", "block": 16, "seconds": 85.27904062499874}
{"stage": "map", "block": 24, "seconds": 101.33901441597845}
{"stage": "map", "block": 32, "seconds": 101.3505769999756}
{"stage": "map", "block": 40, "seconds": 101.3626512909832}
{"stage": "map", "block": 48, "seconds": 101.37419270799728}
{"stage": "map", "block": 56, "seconds": 101.38581045798492}
{"stage": "map", "block": 64, "seconds": 101.39662162499735}
{"stage": "map", "block": 72, "seconds": 101.4076215410023}
{"stage": "map", "block": 80, "seconds": 101.41732204100117}
{"stage": "map", "block": 88, "seconds": 101.42579391598701}
{"stage": "map", "block": 96, "seconds": 101.43357408299926}
{"stage": "map", "block": 104, "seconds": 101.44839837498148}
{"stage": "map", "block": 112, "seconds": 101.50146720799967}
{"stage": "map", "block": 120, "seconds": 101.562446832977}
{"stage": "map", "block": 128, "seconds": 101.57880229098373}
{"stage": "map", "block": 136, "seconds": 101.63158912499784}
{"stage": "map", "block": 144, "seconds": 101.7060237499827}
{"stage": "map", "block": 152, "seconds": 101.7223791659926}
{"stage": "map", "block": 160, "seconds": 101.774973957974}
{"stage": "map", "block": 168, "seconds": 101.8358891249809}
{"stage": "map", "block": 176, "seconds": 101.85232391598402}
{"stage": "map", "block": 184, "seconds": 101.89712283297558}
{"stage": "map", "block": 192, "seconds": 101.94213158299681}
{"stage": "map", "block": 200, "seconds": 102.00011241598986}
{"stage": "map", "block": 208, "seconds": 102.22489899999346}
{"stage": "map", "block": 216, "seconds": 102.50247812498128}
{"stage": "map", "block": 224, "seconds": 102.63291495799785}
{"stage": "map", "block": 232, "seconds": 102.85825895797461}
{"stage": "map", "block": 240, "seconds": 103.13695374998497}
{"stage": "map", "block": 248, "seconds": 103.21474579098867}
{"stage": "map", "block": 256, "seconds": 103.4520319159783}
{"stage": "map", "block": 264, "seconds": 103.79656537499977}
{"stage": "map", "block": 272, "seconds": 103.93502441598685}
{"kind": "direct_local_collective_preparation_v1", "fixture": "/Users/aidenlippert/Documents/Spectra/results/interacting_scaling_20260915/cases/h10_matched_direct_level1/fixture.json", "fixture_sha256": "2cc4d45f0e2213aa46bf0e54bb78653daa65da7e233705428f809e5c7d793323", "state": "/Users/aidenlippert/Documents/Spectra/results/interacting_scaling_20260915/cases/h10_matched_direct_level1/mps/state.json", "state_sha256": "ebeab5421daa0a8cb7a50a5c204aba3f0805211beb67c09197825fea34191664", "modes": 20, "particles": 10, "magnetization": 0, "moment_seed": "MPS", "spin_projection": {"original_rows": 143085, "independent_invariant_rows": 42354, "integer_denominator": 12, "projector_nonzeros": 1982005, "exact_integer_idempotence_checked": true, "modular_prime": 65521, "rank_equals_exact_trace": true}, "upper_Ha": "-12368280185289271252653554821378912742580676797431314274774012517235387215219716222023903087816338810997779673379472672091837309148668259841102500946879648656372019103718609360080165754567847376389928129672183787857662319702546305016965573700206129701104082648616840499943615345980858402701898211311269114972630288009733263291127305220611/999999999052841122620467693800475014262420432611352675819794447075012176911565016063169636658215214627746713258148733616325041776663948622261919886479578949227943451298982053508597635330321727435392480581078631835614641545830757312536934100986660452383492496545520283797346125110021198756909060827798024233323555027675963901000000000000", "original_H_spin_defect_Ha": "741/500000000000", "forecast": {"retained_Gram_entries": 702332, "largest_Gram_block": 422, "declared_word_pairs": 1078820, "number_ideal_columns": 1099, "blocks": 277, "global_cubic_map_constructed": false, "full_fixed_N_determinants_enumerated": 0, "design": {"clusters": [[0, 1], [1, 2], [2, 3], [3, 4], [4, 5], [5, 6], [6, 7], [7, 8], [8, 9], [0, 1, 2], [1, 2, 3], [2, 3, 4], [3, 4, 5], [4, 5, 6], [5, 6, 7], [6, 7, 8], [7, 8, 9], [0, 1, 2, 3], [1, 2, 3, 4], [2, 3, 4, 5], [3, 4, 5, 6], [4, 5, 6, 7], [5, 6, 7, 8], [6, 7, 8, 9]], "collective_pairs": true, "complete": false, "collective_clusters": [[0, 1, 2], [1, 2, 3], [2, 3, 4], [3, 4, 5], [4, 5, 6], [5, 6, 7], [6, 7, 8], [7, 8, 9], [0, 1, 2, 3], [1, 2, 3, 4], [2, 3, 4, 5], [3, 4, 5, 6], [4, 5, 6, 7], [5, 6, 7, 8], [6, 7, 8, 9]], "max_Gram_entries": 2000000, "max_coefficient_rows": 180000, "global_particle_number_only": true, "all_declared_Gram_cross_terms_retained": true}}, "map_build_seconds": 105.68684129099711, "coefficient_rows": 143085, "physical_word_pairs_constructed": 1078820, "coefficient_nonzeros": 1891122, "normal_nonzeros": 354828, "moment_seconds": 8.212029249989428, "moment_count": 143085, "moment_transfer_steps": 834431, "moment_pullback_residual": 4.599041270434407e-15, "teacher_certificate_used": false, "old_checkpoint_used": false, "many_body_determinants_enumerated": 0, "total_seconds": 113.89887245799764, "constructor_sha256": "6d93fe6090123435090d191029c02447a6e808d5eb0ba477d6bdab01c659b877"}
