{"stage": "forecast", "retained_Gram_entries": 702332, "largest_Gram_block": 422, "declared_word_pairs": 1078820, "number_ideal_columns": 1099, "blocks": 277, "global_cubic_map_constructed": false, "full_fixed_N_determinants_enumerated": 0, "design": {"clusters": [[0, 1], [1, 2], [2, 3], [3, 4], [4, 5], [5, 6], [6, 7], [7, 8], [8, 9], [0, 1, 2], [1, 2, 3], [2, 3, 4], [3, 4, 5], [4, 5, 6], [5, 6, 7], [6, 7, 8], [7, 8, 9], [0, 1, 2, 3], [1, 2, 3, 4], [2, 3, 4, 5], [3, 4, 5, 6], [4, 5, 6, 7], [5, 6, 7, 8], [6, 7, 8, 9]], "collective_pairs": true, "complete": false, "collective_clusters": [[0, 1, 2], [1, 2, 3], [2, 3, 4], [3, 4, 5], [4, 5, 6], [5, 6, 7], [6, 7, 8], [7, 8, 9], [0, 1, 2, 3], [1, 2, 3, 4], [2, 3, 4, 5], [3, 4, 5, 6], [4, 5, 6, 7], [5, 6, 7, 8], [6, 7, 8, 9]], "max_Gram_entries": 2000000, "max_coefficient_rows": 180000, "global_particle_number_only": true, "all_declared_Gram_cross_terms_retained": true}}
{"stage": "spin_projection", "seconds": 83.90052204200765, "original_rows": 143085, "independent_invariant_rows": 42354, "integer_denominator": 12, "projector_nonzeros": 1982005, "exact_integer_idempotence_checked": true, "modular_prime": 65521, "rank_equals_exact_trace": true}
{"stage": "map", "block": 0, "seconds": 83.98007845898974}
{"stage": "map", "block": 8, "seconds": 84.33904091699515}
{"stage": "map", "block": 16, "seconds": 86.14284575000056}
{"stage": "map", "block": 24, "seconds": 102.32648041698849}
{"stage": "map", "block": 32, "seconds": 102.3384310840047}
{"stage": "map", "block": 40, "seconds": 102.34950350000872}
{"stage": "map", "block": 48, "seconds": 102.36029962499742}
{"stage": "map", "block": 56, "seconds": 102.37117599998601}
{"stage": "map", "block": 64, "seconds": 102.38181849999819}
{"stage": "map", "block": 72, "seconds": 102.39303666699561}
{"stage": "map", "block": 80, "seconds": 102.40263312499155}
{"stage": "map", "block": 88, "seconds": 102.41099362500245}
{"stage": "map", "block": 96, "seconds": 102.41875354200602}
{"stage": "map", "block": 104, "seconds": 102.43370562500786}
{"stage": "map", "block": 112, "seconds": 102.48704954198911}
{"stage": "map", "block": 120, "seconds": 102.54885083399131}
{"stage": "map", "block": 128, "seconds": 102.56537154200487}
{"stage": "map", "block": 136, "seconds": 102.61887291699531}
{"stage": "map", "block": 144, "seconds": 102.69300495900097}
{"stage": "map", "block": 152, "seconds": 102.70943108398933}
{"stage": "map", "block": 160, "seconds": 102.76263137499336}
{"stage": "map", "block": 168, "seconds": 102.82453633399564}
{"stage": "map", "block": 176, "seconds": 102.84122329199454}
{"stage": "map", "block": 184, "seconds": 102.88657174998662}
{"stage": "map", "block": 192, "seconds": 102.93193695900845}
{"stage": "map", "block": 200, "seconds": 102.99042587500298}
{"stage": "map", "block": 208, "seconds": 103.21948487500777}
{"stage": "map", "block": 216, "seconds": 103.5009490000084}
{"stage": "map", "block": 224, "seconds": 103.63406049998594}
{"stage": "map", "block": 232, "seconds": 103.86192233400652}
{"stage": "map", "block": 240, "seconds": 104.14297316700686}
{"stage": "map", "block": 248, "seconds": 104.22565891698468}
{"stage": "map", "block": 256, "seconds": 104.46681283399812}
{"stage": "map", "block": 264, "seconds": 104.82738991698716}
{"stage": "map", "block": 272, "seconds": 104.96884795898222}
{"kind": "direct_local_collective_preparation_v1", "fixture": "/Users/aidenlippert/Documents/Spectra/results/interacting_scaling_20260915/cases/h10_collective4/fixture.json", "fixture_sha256": "2cc4d45f0e2213aa46bf0e54bb78653daa65da7e233705428f809e5c7d793323", "state": "/Users/aidenlippert/Documents/Spectra/results/interacting_scaling_20260915/cases/h10_collective4/mps/state.json", "state_sha256": "ebeab5421daa0a8cb7a50a5c204aba3f0805211beb67c09197825fea34191664", "modes": 20, "particles": 10, "magnetization": 0, "moment_seed": "MPS", "spin_projection": {"original_rows": 143085, "independent_invariant_rows": 42354, "integer_denominator": 12, "projector_nonzeros": 1982005, "exact_integer_idempotence_checked": true, "modular_prime": 65521, "rank_equals_exact_trace": true}, "upper_Ha": "-12368280185289271252653554821378912742580676797431314274774012517235387215219716222023903087816338810997779673379472672091837309148668259841102500946879648656372019103718609360080165754567847376389928129672183787857662319702546305016965573700206129701104082648616840499943615345980858402701898211311269114972630288009733263291127305220611/999999999052841122620467693800475014262420432611352675819794447075012176911565016063169636658215214627746713258148733616325041776663948622261919886479578949227943451298982053508597635330321727435392480581078631835614641545830757312536934100986660452383492496545520283797346125110021198756909060827798024233323555027675963901000000000000", "original_H_spin_defect_Ha": "741/500000000000", "forecast": {"retained_Gram_entries": 702332, "largest_Gram_block": 422, "declared_word_pairs": 1078820, "number_ideal_columns": 1099, "blocks": 277, "global_cubic_map_constructed": false, "full_fixed_N_determinants_enumerated": 0, "design": {"clusters": [[0, 1], [1, 2], [2, 3], [3, 4], [4, 5], [5, 6], [6, 7], [7, 8], [8, 9], [0, 1, 2], [1, 2, 3], [2, 3, 4], [3, 4, 5], [4, 5, 6], [5, 6, 7], [6, 7, 8], [7, 8, 9], [0, 1, 2, 3], [1, 2, 3, 4], [2, 3, 4, 5], [3, 4, 5, 6], [4, 5, 6, 7], [5, 6, 7, 8], [6, 7, 8, 9]], "collective_pairs": true, "complete": false, "collective_clusters": [[0, 1, 2], [1, 2, 3], [2, 3, 4], [3, 4, 5], [4, 5, 6], [5, 6, 7], [6, 7, 8], [7, 8, 9], [0, 1, 2, 3], [1, 2, 3, 4], [2, 3, 4, 5], [3, 4, 5, 6], [4, 5, 6, 7], [5, 6, 7, 8], [6, 7, 8, 9]], "max_Gram_entries": 2000000, "max_coefficient_rows": 180000, "global_particle_number_only": true, "all_declared_Gram_cross_terms_retained": true}}, "map_build_seconds": 106.73104449998937, "coefficient_rows": 143085, "physical_word_pairs_constructed": 1078820, "coefficient_nonzeros": 1891122, "normal_nonzeros": 354828, "moment_seconds": 8.133310542005347, "moment_count": 143085, "moment_transfer_steps": 834431, "moment_pullback_residual": 4.599041270434407e-15, "teacher_certificate_used": false, "old_checkpoint_used": false, "many_body_determinants_enumerated": 0, "total_seconds": 114.8643562090001, "constructor_sha256": "6d93fe6090123435090d191029c02447a6e808d5eb0ba477d6bdab01c659b877"}
