{"stage": "forecast", "retained_Gram_entries": 1298724, "largest_Gram_block": 588, "declared_word_pairs": 1982576, "number_ideal_columns": 1447, "blocks": 341, "global_cubic_map_constructed": false, "full_fixed_N_determinants_enumerated": 0, "design": {"clusters": [[0, 1], [1, 2], [2, 3], [3, 4], [4, 5], [5, 6], [6, 7], [7, 8], [8, 9], [9, 10], [10, 11], [0, 1, 2], [1, 2, 3], [2, 3, 4], [3, 4, 5], [4, 5, 6], [5, 6, 7], [6, 7, 8], [7, 8, 9], [8, 9, 10], [9, 10, 11], [0, 1, 2, 3], [1, 2, 3, 4], [2, 3, 4, 5], [3, 4, 5, 6], [4, 5, 6, 7], [5, 6, 7, 8], [6, 7, 8, 9], [7, 8, 9, 10], [8, 9, 10, 11]], "collective_pairs": true, "complete": false, "collective_clusters": [[0, 1, 2], [1, 2, 3], [2, 3, 4], [3, 4, 5], [4, 5, 6], [5, 6, 7], [6, 7, 8], [7, 8, 9], [8, 9, 10], [9, 10, 11], [0, 1, 2, 3], [1, 2, 3, 4], [2, 3, 4, 5], [3, 4, 5, 6], [4, 5, 6, 7], [5, 6, 7, 8], [6, 7, 8, 9], [7, 8, 9, 10], [8, 9, 10, 11]], "max_Gram_entries": 4000000, "max_coefficient_rows": 400000, "global_particle_number_only": true, "all_declared_Gram_cross_terms_retained": true}}
{"stage": "spin_projection", "seconds": 182.9076094579941, "original_rows": 320543, "independent_invariant_rows": 94225, "integer_denominator": 12, "projector_nonzeros": 4513509, "exact_integer_idempotence_checked": true, "modular_prime": 65521, "rank_equals_exact_trace": true}
{"stage": "map", "block": 0, "seconds": 183.10173454100732}
{"stage": "map", "block": 8, "seconds": 183.86815770799876}
{"stage": "map", "block": 16, "seconds": 186.9860846659867}
{"stage": "map", "block": 24, "seconds": 217.43796766598825}
{"stage": "map", "block": 32, "seconds": 217.4510016250133}
{"stage": "map", "block": 40, "seconds": 217.4641252910078}
{"stage": "map", "block": 48, "seconds": 217.4767974159913}
{"stage": "map", "block": 56, "seconds": 217.49708183298935}
{"stage": "map", "block": 64, "seconds": 217.50979283300694}
{"stage": "map", "block": 72, "seconds": 217.7770462500048}
{"stage": "map", "block": 80, "seconds": 217.78989041599561}
{"stage": "map", "block": 88, "seconds": 217.8026818750077}
{"stage": "map", "block": 96, "seconds": 217.81544341600966}
{"stage": "map", "block": 104, "seconds": 217.82769495798857}
{"stage": "map", "block": 112, "seconds": 217.83800320798764}
{"stage": "map", "block": 120, "seconds": 217.85493054101244}
{"stage": "map", "block": 128, "seconds": 217.9127069580136}
{"stage": "map", "block": 136, "seconds": 217.97566470800666}
{"stage": "map", "block": 144, "seconds": 217.995175707998}
{"stage": "map", "block": 152, "seconds": 218.05016541600344}
{"stage": "map", "block": 160, "seconds": 218.11446641600924}
{"stage": "map", "block": 168, "seconds": 218.14788237499306}
{"stage": "map", "block": 176, "seconds": 218.20337487501092}
{"stage": "map", "block": 184, "seconds": 218.2675704160065}
{"stage": "map", "block": 192, "seconds": 218.28675137500977}
{"stage": "map", "block": 200, "seconds": 218.34173666601419}
{"stage": "map", "block": 208, "seconds": 218.40547699999297}
{"stage": "map", "block": 216, "seconds": 218.42474795799353}
{"stage": "map", "block": 224, "seconds": 218.47980166599154}
{"stage": "map", "block": 232, "seconds": 218.5385841660027}
{"stage": "map", "block": 240, "seconds": 218.60026375000598}
{"stage": "map", "block": 248, "seconds": 218.82885508300387}
{"stage": "map", "block": 256, "seconds": 219.1655815000122}
{"stage": "map", "block": 264, "seconds": 219.254768874991}
{"stage": "map", "block": 272, "seconds": 219.49481416601338}
{"stage": "map", "block": 280, "seconds": 219.79726745799417}
{"stage": "map", "block": 288, "seconds": 219.8893937499961}
{"stage": "map", "block": 296, "seconds": 220.1671610409976}
{"stage": "map", "block": 304, "seconds": 220.66739691598923}
{"stage": "map", "block": 312, "seconds": 220.7403642910067}
{"stage": "map", "block": 320, "seconds": 221.11599637501058}
{"stage": "map", "block": 328, "seconds": 221.5388898329984}
{"stage": "map", "block": 336, "seconds": 221.6132672500098}
{"kind": "direct_local_collective_preparation_v1", "fixture": "/Users/aidenlippert/Documents/Spectra/results/interacting_scaling_20260915/cases/h12_posthoc_main_fixed/fixture.json", "fixture_sha256": "775286928d98fea1652925727c42ccdfa52c3f440995e5c572a4bc3239af35ef", "state": "/Users/aidenlippert/Documents/Spectra/results/interacting_scaling_20260915/cases/h12_posthoc_main_fixed/mps/state.json", "state_sha256": "927bd0c5c754e898ce620a7b756e5b1b2ba52bfea9a308ca7c7bea4b8c960fda", "modes": 24, "particles": 12, "magnetization": 0, "moment_seed": "MPS", "spin_projection": {"original_rows": 320543, "independent_invariant_rows": 94225, "integer_denominator": 12, "projector_nonzeros": 4513509, "exact_integer_idempotence_checked": true, "modular_prime": 65521, "rank_equals_exact_trace": true}, "upper_Ha": "-15633349748004449918880108478856049651037411452163893476007782594401104549616941368052785430325364102108617558273707236890580753549254079114893217200580960614153613782541822389431094228110025243023791925054095888717142315919293453319391394623628591911751580227688092442491432278773442303509782251504153777434655680806062901495145809837174695439901055953073503428511732594797102357383726885692867612339313755993/999999998825407413317688113569493595834146913921832124425488359949573007168988089094931422625404782123528582295917611193052781274959992213874142012553454802145515200531262394806552266116159903579042949156174553146344802397594810431211062514205367124224778174472565490197820955381783934484004355153775726534570048453786243929253688154055233923942763967672215829499941479364145747539144201045672355000000000000", "original_H_spin_defect_Ha": "1481/500000000000", "forecast": {"retained_Gram_entries": 1298724, "largest_Gram_block": 588, "declared_word_pairs": 1982576, "number_ideal_columns": 1447, "blocks": 341, "global_cubic_map_constructed": false, "full_fixed_N_determinants_enumerated": 0, "design": {"clusters": [[0, 1], [1, 2], [2, 3], [3, 4], [4, 5], [5, 6], [6, 7], [7, 8], [8, 9], [9, 10], [10, 11], [0, 1, 2], [1, 2, 3], [2, 3, 4], [3, 4, 5], [4, 5, 6], [5, 6, 7], [6, 7, 8], [7, 8, 9], [8, 9, 10], [9, 10, 11], [0, 1, 2, 3], [1, 2, 3, 4], [2, 3, 4, 5], [3, 4, 5, 6], [4, 5, 6, 7], [5, 6, 7, 8], [6, 7, 8, 9], [7, 8, 9, 10], [8, 9, 10, 11]], "collective_pairs": true, "complete": false, "collective_clusters": [[0, 1, 2], [1, 2, 3], [2, 3, 4], [3, 4, 5], [4, 5, 6], [5, 6, 7], [6, 7, 8], [7, 8, 9], [8, 9, 10], [9, 10, 11], [0, 1, 2, 3], [1, 2, 3, 4], [2, 3, 4, 5], [3, 4, 5, 6], [4, 5, 6, 7], [5, 6, 7, 8], [6, 7, 8, 9], [7, 8, 9, 10], [8, 9, 10, 11]], "max_Gram_entries": 4000000, "max_coefficient_rows": 400000, "global_particle_number_only": true, "all_declared_Gram_cross_terms_retained": true}}, "map_build_seconds": 224.98268583300523, "coefficient_rows": 320543, "physical_word_pairs_constructed": 1982576, "coefficient_nonzeros": 3497673, "normal_nonzeros": 744829, "moment_seconds": 22.948144708003383, "moment_count": 320543, "moment_transfer_steps": 2168976, "moment_pullback_residual": 8.046445427976659e-15, "teacher_certificate_used": false, "old_checkpoint_used": false, "many_body_determinants_enumerated": 0, "total_seconds": 247.930831708014, "constructor_sha256": "6d93fe6090123435090d191029c02447a6e808d5eb0ba477d6bdab01c659b877"}
