1, R, max_bond=(4/32), cutoff:1e-12
  0%|                                                     | 0/7 [00:00<?, ?it/s]100%|############################################| 7/7 [00:00<00:00, 318.95it/s]
Energy: -11.790039390727156 ... not converged.
2, L, max_bond=(16/32), cutoff:1e-12
  0%|                                                     | 0/7 [00:00<?, ?it/s]100%|############################################| 7/7 [00:00<00:00, 136.35it/s]
Energy: -11.790043278159072 ... not converged.
3, R, max_bond=(32/32), cutoff:1e-12
  0%|                                                     | 0/7 [00:00<?, ?it/s] 71%|################################1            | 5/7 [00:00<00:00, 47.97it/s]100%|#############################################| 7/7 [00:00<00:00, 62.66it/s]
Energy: -11.790043299991716 ... not converged.
4, L, max_bond=(32/32), cutoff:1e-12
  0%|                                                     | 0/7 [00:00<?, ?it/s] 71%|################################1            | 5/7 [00:00<00:00, 43.80it/s]100%|#############################################| 7/7 [00:00<00:00, 56.91it/s]
Energy: -11.790043300005625 ... converged!
{
  "fixture_sha256": "8106d7a2bb32d2fc4625d4c8de756931995f44b9770ec27ff0829bb63e454513",
  "physical_energy_float_Ha": -11.790039582775451,
  "penalized_energy_float_Ha": -11.790043300005625,
  "initial_MPS_path": "/Users/aidenlippert/Documents/Spectra/results/interacting_scaling_20260915/cases/h8_adaptive_coupling_l025_base/continuation_seed.json",
  "requested_spatial_bond": 32,
  "spatial_bonds": [
    4,
    16,
    32,
    32,
    32,
    16,
    4
  ],
  "export_spin_bonds": [
    1,
    2,
    4,
    8,
    16,
    32,
    32,
    58,
    32,
    64,
    32,
    32,
    16,
    8,
    4,
    2,
    1
  ],
  "export_nonzero_entries": 2449,
  "MPO_bond": 26,
  "MPO_bond_before_compression": 785,
  "MPO_compression_cutoff_proposal_only": 1e-12,
  "sweeps_cap": 6,
  "sweep_energies": [
    -11.790039390727156,
    -11.790043278159072,
    -11.790043299991716,
    -11.790043300005625
  ],
  "converged": true,
  "rounding": {
    "charge_eigenvalue_max_distance_to_integer": 0.07373865917971045,
    "discarded_local_tensor_squared_entries": 1.0054542895634755,
    "input_norm_before_normalization": 1.000000000000004,
    "postround_bond_dimensions": [
      1,
      2,
      4,
      8,
      16,
      32,
      32,
      58,
      32,
      64,
      32,
      32,
      16,
      8,
      4,
      2,
      1
    ],
    "warning": "Discarded local tensor entries are a proposal diagnostic, not a state norm or energy error guarantee."
  },
  "seconds": 124.30068945800303,
  "initializer": "Random MPS bond4, seed20260913, paired spin sites; no FCI or Gram teacher",
  "full_state_or_H_expansion": false
}
