1, R, max_bond=(32/32), cutoff:1e-12
  0%|                                                     | 0/7 [00:00<?, ?it/s] 57%|#########################7                   | 4/7 [00:00<00:00, 14.90it/s]100%|#############################################| 7/7 [00:00<00:00, 20.24it/s]
Energy: -10.908579154528267 ... not converged.
2, L, max_bond=(32/32), cutoff:1e-12
  0%|                                                     | 0/7 [00:00<?, ?it/s] 71%|################################1            | 5/7 [00:00<00:00, 47.55it/s]100%|#############################################| 7/7 [00:00<00:00, 61.29it/s]
Energy: -10.908579143089966 ... not converged.
3, R, max_bond=(32/32), cutoff:1e-12
  0%|                                                     | 0/7 [00:00<?, ?it/s] 71%|################################1            | 5/7 [00:00<00:00, 43.73it/s]100%|#############################################| 7/7 [00:00<00:00, 57.28it/s]
Energy: -10.908579154174177 ... not converged.
4, L, max_bond=(32/32), cutoff:1e-12
  0%|                                                     | 0/7 [00:00<?, ?it/s] 71%|################################1            | 5/7 [00:00<00:00, 47.45it/s]100%|#############################################| 7/7 [00:00<00:00, 61.85it/s]
Energy: -10.90857914495462 ... not converged.
5, R, max_bond=(32/32), cutoff:1e-12
  0%|                                                     | 0/7 [00:00<?, ?it/s] 71%|################################1            | 5/7 [00:00<00:00, 46.30it/s]100%|#############################################| 7/7 [00:00<00:00, 61.09it/s]
Energy: -10.908579151826052 ... not converged.
6, L, max_bond=(32/32), cutoff:1e-12
  0%|                                                     | 0/7 [00:00<?, ?it/s] 71%|################################1            | 5/7 [00:00<00:00, 45.96it/s]100%|#############################################| 7/7 [00:00<00:00, 59.25it/s]
Energy: -10.908579153176326 ... not converged.
{
  "fixture_sha256": "7f0551aa090b5461682e56ec29c457d11c6e7669b037b61400f29348add6c7ff",
  "physical_energy_float_Ha": -10.908579359700811,
  "penalized_energy_float_Ha": -10.908579153176326,
  "initial_MPS_path": "/Users/aidenlippert/Documents/Spectra/results/interacting_scaling_20260915/cases/h8_adaptive_coupling_l05_base/continuation_seed.json",
  "requested_spatial_bond": 32,
  "spatial_bonds": [
    4,
    16,
    32,
    32,
    32,
    16,
    4
  ],
  "export_spin_bonds": [
    1,
    2,
    4,
    8,
    16,
    32,
    32,
    57,
    32,
    64,
    32,
    32,
    16,
    8,
    4,
    2,
    1
  ],
  "export_nonzero_entries": 2569,
  "MPO_bond": 28,
  "MPO_bond_before_compression": 785,
  "MPO_compression_cutoff_proposal_only": 1e-12,
  "sweeps_cap": 6,
  "sweep_energies": [
    -10.908579154528267,
    -10.908579143089966,
    -10.908579154174177,
    -10.90857914495462,
    -10.908579151826052,
    -10.908579153176326
  ],
  "converged": false,
  "rounding": {
    "charge_eigenvalue_max_distance_to_integer": 0.09976105377815969,
    "discarded_local_tensor_squared_entries": 0.008886234899080036,
    "input_norm_before_normalization": 0.9999999999999981,
    "postround_bond_dimensions": [
      1,
      2,
      4,
      8,
      16,
      32,
      32,
      57,
      32,
      64,
      32,
      32,
      16,
      8,
      4,
      2,
      1
    ],
    "warning": "Discarded local tensor entries are a proposal diagnostic, not a state norm or energy error guarantee."
  },
  "seconds": 123.72289816700504,
  "initializer": "Random MPS bond4, seed20260913, paired spin sites; no FCI or Gram teacher",
  "full_state_or_H_expansion": false
}
