Collecting sparseqr==1.6.0
  Using cached sparseqr-1.6.0.tar.gz (23 kB)
  Installing build dependencies: started
  Installing build dependencies: finished with status 'done'
  Getting requirements to build wheel: started
  Getting requirements to build wheel: finished with status 'done'
  Installing backend dependencies: started
  Installing backend dependencies: finished with status 'done'
  Preparing metadata (pyproject.toml): started
  Preparing metadata (pyproject.toml): finished with status 'done'
Collecting python-flint==0.9.0
  Using cached python_flint-0.9.0-cp310-abi3-macosx_11_0_arm64.whl.metadata (23 kB)
Using cached python_flint-0.9.0-cp310-abi3-macosx_11_0_arm64.whl (7.9 MB)
Building wheels for collected packages: sparseqr
  Building wheel for sparseqr (pyproject.toml): started
  Building wheel for sparseqr (pyproject.toml): finished with status 'done'
  Created wheel for sparseqr: filename=sparseqr-1.6.0-cp312-cp312-macosx_11_0_arm64.whl size=32197 sha256=f7037c8d6e582de745322cc34a1a593ed2dd4e7abc7fc9bbfb942ebdafad8fa1
  Stored in directory: /Users/aidenlippert/Library/Caches/pip/wheels/b4/33/b0/f67d6d6e137b90a89ed9a931aa6a5a09051320490dda9d76b5
Successfully built sparseqr
Installing collected packages: sparseqr, python-flint
Successfully installed python-flint-0.9.0 sparseqr-1.6.0

[notice] A new release of pip is available: 24.0 -> 26.2.1
[notice] To update, run: python -m pip install --upgrade pip
