{"stage": "solve", "path": "results/spin_completion_20260913/campaign/adaptive/baseline", "directions": 0, "seconds_limit": 40.0}
{"stage": "accepted", "directions": 0, "lower_Ha": -6.346069195526957, "wall_seconds": 2.001111290999688}
{"case": "baseline", "accepted": true, "directions": 0, "lower_Ha": "-380764151731617449436918498428423/60000000000000000000000000000000", "trial_wall_seconds": 2.0036291249998612, "complete_at_seconds": 7.372032957995543, "certificate_bytes": 40629}
{"stage": "solve", "path": "results/spin_completion_20260913/campaign/adaptive/round_1_batch_1", "directions": 8, "seconds_limit": 40.0}
{"stage": "accepted", "directions": 8, "lower_Ha": -6.3456496130005435, "wall_seconds": 6.631264042000112}
{"case": "round_1_batch_1", "accepted": true, "directions": 8, "lower_Ha": "-253825984520021758054134584868537163707571392969498579866609/40000000000000000000000000000000000000000000000000000000000", "trial_wall_seconds": 6.635395541001344, "complete_at_seconds": 21.131890624994412, "certificate_bytes": 51829}
{"stage": "solve", "path": "results/spin_completion_20260913/campaign/adaptive/round_1_batch_2", "directions": 16, "seconds_limit": 40.0}
{"stage": "accepted", "directions": 16, "lower_Ha": -6.345338763264427, "wall_seconds": 7.057962124999904}
{"case": "round_1_batch_2", "accepted": true, "directions": 16, "lower_Ha": "-228432195477519346982631160745082142981335838189992920330613919/36000000000000000000000000000000000000000000000000000000000000", "trial_wall_seconds": 7.06173687500268, "complete_at_seconds": 28.19438133299991, "certificate_bytes": 57959}
{"stage": "solve", "path": "results/spin_completion_20260913/campaign/adaptive/round_2_batch_1", "directions": 24, "seconds_limit": 40.0}
{"stage": "accepted", "directions": 24, "lower_Ha": -6.344481270709062, "wall_seconds": 7.2187780829990515}
{"case": "round_2_batch_1", "accepted": true, "directions": 24, "lower_Ha": "-57100331436381563304881531160895514941631815477887289659917831/9000000000000000000000000000000000000000000000000000000000000", "trial_wall_seconds": 7.222519332994125, "complete_at_seconds": 35.42391058299836, "certificate_bytes": 62659}
{"stage": "solve", "path": "results/spin_completion_20260913/campaign/adaptive/round_2_batch_2", "directions": 32, "seconds_limit": 40.0}
{"stage": "accepted", "directions": 32, "lower_Ha": -6.3435238912357494, "wall_seconds": 7.80830316599895}
{"case": "round_2_batch_2", "accepted": true, "directions": 32, "lower_Ha": "-114183430042243487450657390158460468598991693422881508218197099/18000000000000000000000000000000000000000000000000000000000000", "trial_wall_seconds": 7.8133009590019356, "complete_at_seconds": 43.23805670799629, "certificate_bytes": 68579}
{"stage": "solve", "path": "results/spin_completion_20260913/campaign/adaptive/round_3_batch_1", "directions": 40, "seconds_limit": 40.0}
{"stage": "accepted", "directions": 40, "lower_Ha": -6.342415765471127, "wall_seconds": 7.8597342089997255}
{"case": "round_3_batch_1", "accepted": true, "directions": 40, "lower_Ha": "-114163483778480296157202910135520921046694267769178548721279989/18000000000000000000000000000000000000000000000000000000000000", "trial_wall_seconds": 7.866298707995156, "complete_at_seconds": 51.11139629099489, "certificate_bytes": 73322}
{"stage": "solve", "path": "results/spin_completion_20260913/campaign/adaptive/round_3_batch_2", "directions": 48, "seconds_limit": 40.0}
/Users/aidenlippert/Documents/Spectra/research/spin_completion_20260913/discovery.py:94: UserWarning: Solution may be inaccurate. Try another solver, adjusting the solver settings, or solve with verbose=True for more information.
  problem.solve(solver='CLARABEL', tol_gap_abs=1e-8, tol_gap_rel=1e-8, tol_feas=1e-8, max_iter=1000, time_limit=solver_seconds)
{"stage": "accepted", "directions": 48, "lower_Ha": -6.341909401195661, "wall_seconds": 8.459481166995829}
{"case": "round_3_batch_2", "accepted": true, "directions": 48, "lower_Ha": "-228308738443043793758064607372991692656063268419439523641422767/36000000000000000000000000000000000000000000000000000000000000", "trial_wall_seconds": 8.465810875000898, "complete_at_seconds": 59.57842141600122, "certificate_bytes": 83015}
{"stage": "solve", "path": "results/spin_completion_20260913/campaign/adaptive/round_4_batch_1", "directions": 56, "seconds_limit": 40.0}
{"stage": "accepted", "directions": 56, "lower_Ha": -6.340981851600169, "wall_seconds": 7.776574333998724}
{"case": "round_4_batch_1", "accepted": true, "directions": 56, "lower_Ha": "-57068836664401523162072929702278820321074302531732494520086601/9000000000000000000000000000000000000000000000000000000000000", "trial_wall_seconds": 7.7807049169932725, "complete_at_seconds": 67.36699816599867, "certificate_bytes": 88521}
{"stage": "solve", "path": "results/spin_completion_20260913/campaign/adaptive/round_4_batch_2", "directions": 64, "seconds_limit": 40.0}
{"stage": "accepted", "directions": 64, "lower_Ha": -6.340472845570542, "wall_seconds": 8.195774041996629}
{"case": "round_4_batch_2", "accepted": true, "directions": 64, "lower_Ha": "-114128511220269749332359608196431416918960668290827033056517529/18000000000000000000000000000000000000000000000000000000000000", "trial_wall_seconds": 8.200187624999671, "complete_at_seconds": 75.56832316600048, "certificate_bytes": 94565}
