Collecting numpy==2.2.6
  Downloading numpy-2.2.6-cp310-cp310-manylinux_2_17_x86_64.manylinux2014_x86_64.whl (16.8 MB)
     ━━━━━━━━━━━━━━━━━━━━━━━━━━━━━━━━━━━━━━━━ 16.8/16.8 MB 38.9 MB/s eta 0:00:00
Collecting scipy==1.14.1
  Downloading scipy-1.14.1-cp310-cp310-manylinux_2_17_x86_64.manylinux2014_x86_64.whl (41.2 MB)
     ━━━━━━━━━━━━━━━━━━━━━━━━━━━━━━━━━━━━━━━━ 41.2/41.2 MB 41.1 MB/s eta 0:00:00
Collecting cupy-cuda12x==14.2.0
  Downloading cupy_cuda12x-14.2.0-cp310-cp310-manylinux2014_x86_64.whl (135.3 MB)
     ━━━━━━━━━━━━━━━━━━━━━━━━━━━━━━━━━━━━━━ 135.3/135.3 MB 16.5 MB/s eta 0:00:00
Collecting cvxpy==1.6.5
  Downloading cvxpy-1.6.5-cp310-cp310-manylinux_2_17_x86_64.manylinux2014_x86_64.whl (1.2 MB)
     ━━━━━━━━━━━━━━━━━━━━━━━━━━━━━━━━━━━━━━━━ 1.2/1.2 MB 17.0 MB/s eta 0:00:00
Collecting scs==3.2.8
  Downloading scs-3.2.8-cp310-cp310-manylinux_2_27_x86_64.manylinux_2_28_x86_64.whl (12.1 MB)
     ━━━━━━━━━━━━━━━━━━━━━━━━━━━━━━━━━━━━━━━━ 12.1/12.1 MB 15.4 MB/s eta 0:00:00
Collecting cuda-pathfinder==1.*,>=1.3.4
  Downloading cuda_pathfinder-1.8.1-py3-none-any.whl (62 kB)
     ━━━━━━━━━━━━━━━━━━━━━━━━━━━━━━━━━━━━━━━━ 62.6/62.6 KB 22.1 MB/s eta 0:00:00
Collecting clarabel>=0.5.0
  Downloading clarabel-0.11.1-cp39-abi3-manylinux_2_17_x86_64.manylinux2014_x86_64.whl (1.2 MB)
     ━━━━━━━━━━━━━━━━━━━━━━━━━━━━━━━━━━━━━━━━ 1.2/1.2 MB 86.9 MB/s eta 0:00:00
Collecting osqp>=0.6.2
  Downloading osqp-1.1.3-cp310-cp310-manylinux_2_24_x86_64.manylinux_2_28_x86_64.whl (350 kB)
     ━━━━━━━━━━━━━━━━━━━━━━━━━━━━━━━━━━━━━━ 350.0/350.0 KB 62.2 MB/s eta 0:00:00
Collecting cffi
  Downloading cffi-2.1.1-cp310-cp310-manylinux2014_x86_64.manylinux_2_17_x86_64.whl (218 kB)
     ━━━━━━━━━━━━━━━━━━━━━━━━━━━━━━━━━━━━━━ 218.7/218.7 KB 47.0 MB/s eta 0:00:00
Requirement already satisfied: setuptools in ./spectra-scaling-venv/lib/python3.10/site-packages (from osqp>=0.6.2->cvxpy==1.6.5) (59.6.0)
Collecting jinja2
  Downloading jinja2-3.1.6-py3-none-any.whl (134 kB)
     ━━━━━━━━━━━━━━━━━━━━━━━━━━━━━━━━━━━━━━ 134.9/134.9 KB 36.6 MB/s eta 0:00:00
Collecting joblib
  Downloading joblib-1.6.0-py3-none-any.whl (306 kB)
     ━━━━━━━━━━━━━━━━━━━━━━━━━━━━━━━━━━━━━━ 306.1/306.1 KB 67.7 MB/s eta 0:00:00
Collecting pycparser
  Downloading pycparser-3.0-py3-none-any.whl (48 kB)
     ━━━━━━━━━━━━━━━━━━━━━━━━━━━━━━━━━━━━━━━━ 48.2/48.2 KB 14.8 MB/s eta 0:00:00
Collecting MarkupSafe>=2.0
  Downloading markupsafe-3.0.3-cp310-cp310-manylinux2014_x86_64.manylinux_2_17_x86_64.manylinux_2_28_x86_64.whl (20 kB)
Collecting cloudpickle>=3.0
  Downloading cloudpickle-3.1.2-py3-none-any.whl (22 kB)
Installing collected packages: pycparser, numpy, MarkupSafe, cuda-pathfinder, cloudpickle, scipy, joblib, jinja2, cupy-cuda12x, cffi, scs, osqp, clarabel, cvxpy
Successfully installed MarkupSafe-3.0.3 cffi-2.1.1 clarabel-0.11.1 cloudpickle-3.1.2 cuda-pathfinder-1.8.1 cupy-cuda12x-14.2.0 cvxpy-1.6.5 jinja2-3.1.6 joblib-1.6.0 numpy-2.2.6 osqp-1.1.3 pycparser-3.0 scipy-1.14.1 scs-3.2.8
