{
  "status": "certified_upper",
  "fixture_sha256": "372daf1ba21e63657ed49a1e2e44faab2e2e17786dc3ddb045647a0997b90ef4",
  "state_sha256": "aa48c577f49cf2999d58c98e7fb5554983f4f4f268ca5218ddbb1dd54f731cc3",
  "upper_Ha": "-5428918476034178728040947991299470155708836721224567220609737983555132011435997794575900827252602220717760873607845505864819113221467082159535624610593875714164885901037798820404057562941199/1111111111094810552522086843410348282759344592098363430470882044992565526214370244110861755431733746638954473907408226414223918538605233367897459610992516455856733438650395938891000000000000",
  "upper_float_Ha": -4.886026628502441,
  "norm_squared": "9999999999853294972698781590693134544834101328885270874237938404933089735929332196997755798885603719750590265166674037728015266847447100311077136498932648102710600947853563450019/10000000000000000000000000000000000000000000000000000000000000000000000000000000000000000000000000000000000000000000000000000000000000000000000000000000000000000000000000000000000",
  "particles": 6,
  "spin_counts": [
    3,
    3
  ],
  "total_spin_certified": false,
  "denominator": 1000000000,
  "stats": {
    "bond_dimensions": [
      1,
      2,
      4,
      8,
      16,
      32,
      48,
      32,
      16,
      8,
      4,
      2,
      1
    ],
    "tensor_nonzero_entries": 976,
    "maximum_transfer_entries": 258,
    "transfer_steps": 5319,
    "integer_multiplications": 1897719,
    "enumerated_determinants": 0,
    "many_body_matrix_entries": 0
  },
  "replay_seconds": 0.5186653749988182
}
