{
  "lower": "-9501005960888331467/1500000000000000000",
  "lower_float": -6.3340039739255545,
  "residual_l1": "21382376331467/1500000000000000000",
  "residual_l1_float": 1.4254917554311333e-05,
  "multiplier_terms": 37,
  "square_polynomial_terms": 919,
  "residual_terms": 919,
  "residual_max_degree": 4,
  "mode_count": 12,
  "particle_number": 6,
  "factor_rows": 1004,
  "factor_nonzeros": 69656,
  "kind": "balanced_spin_sos_v1",
  "original_H_spin_defect_Ha": "27/500000000000",
  "balanced_spin_counts": [
    3,
    3
  ],
  "valid_on": "Entire fixed-N sector",
  "lifting": "Exact SU(2) projection, every even-N multiplet meets M_S=0, original-H coefficient-norm perturbation",
  "many_body_states_enumerated": 0,
  "replay_seconds": 6.401887333006016,
  "certificate_sha256": "dbccf2220c4579c9ca5be6cda0b36dff0b876f4fe81047ecc7c952e6f6f56ff3",
  "upper_Ha": "-6332951156335762430738513632159156621419304728236732118241602111018907326811594497745798702342741418269384810978540898870210670209171933574961760525172391592126849688016426047811086232806733943/999999383519423276074251305321623806426591727772533977981782828869816843563395515958935372387327253599973269768958211998077216507324994374844782691678987383444664761016382623898324000000000000",
  "width_Ha": "43704699973710972147819666354950905305561068986192474646222582148104006448639916900074471825736350853499634647048132611237133013783049143131726098914662624380395777885512668296472114495736201703/41666640979975969836427137721734325267774655323855582415907617869575701815141479831622307182805302233332219573706592166586550687805208098951865945486624474310194365042349275995763500000000000000000",
  "width_mHa": 1.0489134460038294,
  "target_1p6mHa_met": true
}
