{
  "lower": "-296938290911175631/46875000000000000",
  "lower_float": -6.334683539438413,
  "residual_l1": "254538548753/23437500000000000",
  "residual_l1_float": 1.0860311413461334e-05,
  "multiplier_terms": 37,
  "square_polynomial_terms": 919,
  "residual_terms": 919,
  "residual_max_degree": 4,
  "mode_count": 12,
  "particle_number": 6,
  "factor_rows": 892,
  "factor_nonzeros": 57510,
  "kind": "balanced_spin_sos_v1",
  "original_H_spin_defect_Ha": "27/500000000000",
  "balanced_spin_counts": [
    3,
    3
  ],
  "valid_on": "Entire fixed-N sector",
  "lifting": "Exact SU(2) projection, every even-N multiplet meets M_S=0, original-H coefficient-norm perturbation",
  "many_body_states_enumerated": 0,
  "replay_seconds": 6.376947541997652,
  "certificate_sha256": "2987adb42923c1615cf8ef3ce0df7fd054b04e7b7c11af1fb9816e6a802e4d31",
  "upper_Ha": "-6332951156335762430738513632159156621419304728236732118241602111018907326811594497745798702342741418269384810978540898870210670209171933574961760525172391592126849688016426047811086232806733943/999999383519423276074251305321623806426591727772533977981782828869816843563395515958935372387327253599973269768958211998077216507324994374844782691678987383444664761016382623898324000000000000",
  "width_Ha": "9002489027548302304419273117060272619719866910722564305779695382871199671006478776095920149297377359764495415189731387681091285522272820573792760216142537685195909436079393055937103459488551591/5208330122496996229553392215216790658471831915481947801988452233696962726892684978952788397850662779166527446713324020823318835975651012368983243185828059288774295630293659499470437500000000000000",
  "width_mHa": 1.7284789588629794,
  "target_1p6mHa_met": false
}
