{
  "lower": "-19004020684325919031/3000000000000000000",
  "lower_float": -6.334673561441973,
  "residual_l1": "2820407919031/3000000000000000000",
  "residual_l1_float": 9.401359730103333e-07,
  "multiplier_terms": 37,
  "square_polynomial_terms": 919,
  "residual_terms": 919,
  "residual_max_degree": 4,
  "mode_count": 12,
  "particle_number": 6,
  "factor_rows": 507,
  "factor_nonzeros": 33610,
  "kind": "balanced_spin_sos_v1",
  "original_H_spin_defect_Ha": "27/500000000000",
  "balanced_spin_counts": [
    3,
    3
  ],
  "valid_on": "Entire fixed-N sector",
  "lifting": "Exact SU(2) projection, every even-N multiplet meets M_S=0, original-H coefficient-norm perturbation",
  "many_body_states_enumerated": 0,
  "replay_seconds": 4.988776041005622,
  "certificate_sha256": "027dcb4ec79fac19e1510477874c5f0f834b1dacea3dd7352fc7f0493feb30f2",
  "upper_Ha": "-6332951156335762430738513632159156621419304728236732118241602111018907326811594497745798702342741418269384810978540898870210670209171933574961760525172391592126849688016426047811086232806733943/999999383519423276074251305321623806426591727772533977981782828869816843563395515958935372387327253599973269768958211998077216507324994374844782691678987383444664761016382623898324000000000000",
  "width_Ha": "143208325250005336883917596823158195020997551095082180056532902769657032590741336686784946412960678965358410387933751152356512242792504224810682093482180473735737634041241250527480844988704766779/83333281959951939672854275443468650535549310647711164831815235739151403630282959663244614365610604466664439147413184333173101375610416197903731890973248948620388730084698551991527000000000000000000",
  "width_mHa": 1.7185009624225285,
  "target_1p6mHa_met": false
}
