{"stage": "solve", "case": "h8", "round": 0, "spin_lifting": true, "rank_cap_initial": 32, "gram_entries": 18710, "gram_dimensions": [4, 4, 4, 4, 4, 4, 4, 4, 12, 16, 32, 32, 12, 16, 12, 16, 32, 32, 12, 16, 32, 32, 64, 64, 32, 32, 1, 1, 1, 1, 1, 1, 1, 1, 1, 1, 1, 1, 1, 1, 1, 1, 1, 1, 1, 1, 1, 1, 1, 1, 1, 1, 1, 1, 1, 1, 1, 1, 1, 1, 1, 1, 1, 1, 1, 1, 1, 1, 1, 1, 1, 1, 1, 1, 1, 1, 1, 1, 1, 1, 1, 1, 1, 1, 1, 1, 1, 1, 1, 1, 1, 1, 1, 1, 1, 1, 1, 1, 1, 1, 1, 1, 1, 1, 1, 1, 1, 1, 1, 1, 1, 1, 1, 1, 1, 1, 1, 1, 1, 1, 1, 1, 1, 1, 1, 1, 1, 1, 1, 1, 1, 1, 1, 1, 1, 1, 1, 1, 1, 1, 1, 1, 1, 1, 1, 1, 1, 1, 1, 1, 1, 1, 1, 1, 1, 1, 1, 1, 1, 1, 1, 1, 1, 1, 1, 1, 1, 1, 1, 1, 1, 1, 1, 1, 1, 1, 1, 1, 1, 1, 1, 1, 1, 1, 1, 1, 1, 1, 1, 1, 1, 1, 1, 1, 1, 1, 1, 1, 1, 1, 1, 1, 1, 1, 1, 1, 1, 1, 1, 1, 1, 1, 1, 1, 1, 1, 1, 1, 1, 1, 1, 1, 1, 1, 1, 1, 1, 1, 1, 1, 1, 1, 1, 1, 1, 1, 1, 1, 1, 1, 1, 1, 1, 1, 1, 1, 1, 1, 1, 1, 1, 1, 1, 1, 1, 1, 1, 1, 1, 1, 1, 1, 1, 1, 1, 1, 1, 1, 1, 1, 1, 1, 1, 1, 1, 1, 1, 1, 1, 1, 1, 1, 1, 1, 1, 1, 1, 1, 1, 1, 1, 1, 1, 1, 1, 1, 1, 1, 1, 1, 1, 1, 1, 1, 1, 1, 1, 1, 1, 1, 1, 1, 1, 1, 1, 1, 1, 1, 1, 1, 1, 1, 1, 1, 1, 1, 1, 1, 1, 1, 1, 1, 1, 1, 1, 1, 1, 1, 1, 1, 1, 1, 1, 1, 1, 1, 1, 1, 1, 1, 1, 1, 1, 1, 1, 1, 1, 1, 1, 1, 1, 1, 1, 1, 1, 1, 1, 1, 1, 1, 1, 1, 1, 1, 1, 1, 1, 1, 1, 1, 1, 1, 1, 1, 1, 1, 1, 1, 1, 1, 1, 1, 1, 1, 1, 1, 1, 1, 1, 1, 1, 1, 1, 1, 1, 1, 1, 1, 1, 1, 1, 1, 1, 1, 1, 1, 1, 1, 1, 1, 1, 1, 1, 1, 1, 1, 1, 1, 1, 1, 1, 1, 1, 1, 1, 1, 1, 1, 1, 1, 1, 1, 1, 1, 1, 1, 1, 1, 1, 1, 1, 1, 1, 1, 1, 1, 1, 1, 1, 1, 1, 1, 1, 1, 1, 1, 1, 1, 1, 1, 1, 1, 1, 1, 1, 1, 1, 1, 1, 1, 1, 1, 1, 1, 1, 1, 1, 1, 1, 1, 1, 1, 1, 1, 1, 1, 1, 1, 1, 1, 1, 1, 1, 1, 1, 1, 1, 1, 1, 1, 1, 1, 1, 1, 1, 1, 1, 1, 1, 1, 1, 1, 1, 1, 1, 1, 1, 1, 1, 1, 1, 1, 1, 1, 1, 1, 1, 1, 1, 1, 1, 1, 1, 1, 1, 1, 1, 1, 1, 1, 1, 1, 1, 1, 1, 1, 1, 1, 1, 1, 1, 1, 1, 1, 1, 1, 1, 1, 1, 1, 1, 1, 1, 1, 1, 1, 1, 1, 1, 1, 1, 1, 1, 1, 1, 1, 1, 1, 1, 1, 1, 1, 1, 1, 1, 1, 1, 1, 1, 1, 1, 1, 1, 1, 1, 1, 1, 1, 1, 1, 1, 1, 1, 1, 1, 1, 1, 1, 1, 1, 1, 1, 1, 1], "full_gram_entries": 1308480, "coefficient_equations": 581, "free_variables": 116, "projected_map_nonzeros": 358820, "build_seconds": 0.5869771249999758, "prepared_dependency": "results/collective_completion_20260914/prepared/h8_global_triples", "fixture": "results/certificate_scaling/active_space_ladder/h8/fixture.json", "state": "results/correlated_pair_20260913/mps/h8_spatial_warm144/state.json", "full_Gram_teacher_used": false, "many_body_states_enumerated": 0, "magnetization": 0, "singlet": true, "ladder_ideal_dimension": 32, "spin_row_projection": {"original_rows": 1525, "independent_invariant_rows": 581, "integer_denominator": 6, "projector_nonzeros": 7897, "exact_integer_idempotence_checked": true, "modular_prime": 65521, "rank_equals_exact_trace": true}, "shared_spin_orbits": false, "map_ids": [0, 1, 2, 3, 4, 5, 6, 7, 8, 9, 10, 11, 12, 13, 14, 15, 16, 17, 18, 19, 20, 21, 22, 23, 24, 25, 26, 27, 28, 29, 30, 31, 32, 33, 34, 34, 34, 34, 34, 34, 34, 34, 34, 34, 34, 34, 34, 34, 34, 34, 34, 34, 34, 34, 34, 34, 34, 34, 34, 34, 34, 34, 34, 34, 34, 34, 34, 34, 34, 34, 34, 34, 34, 34, 34, 34, 34, 34, 34, 34, 34, 34, 34, 35, 35, 35, 35, 35, 35, 35, 35, 35, 35, 35, 35, 35, 35, 35, 35, 35, 35, 35, 35, 35, 35, 35, 35, 35, 35, 35, 35, 35, 35, 35, 35, 35, 35, 35, 35, 35, 35, 35, 35, 35, 35, 35, 35, 35, 35, 35, 35, 35, 35, 36, 36, 36, 36, 36, 36, 36, 36, 36, 36, 36, 36, 36, 36, 36, 36, 36, 36, 36, 36, 36, 36, 36, 36, 36, 36, 36, 36, 36, 36, 36, 36, 36, 36, 36, 36, 36, 36, 36, 36, 36, 36, 36, 36, 36, 36, 36, 36, 36, 36, 36, 36, 36, 36, 36, 36, 36, 36, 36, 36, 36, 36, 36, 36, 36, 36, 36, 36, 36, 36, 36, 36, 36, 36, 36, 36, 36, 36, 37, 37, 37, 37, 37, 37, 37, 37, 37, 37, 37, 37, 37, 37, 37, 37, 37, 37, 37, 37, 37, 37, 37, 37, 37, 37, 37, 37, 37, 37, 37, 37, 37, 37, 37, 37, 37, 37, 37, 37, 37, 37, 37, 37, 37, 37, 37, 37, 37, 37, 37, 37, 37, 37, 37, 37, 37, 37, 37, 37, 37, 37, 37, 37, 37, 37, 37, 37, 37, 37, 37, 37, 37, 37, 37, 37, 37, 37, 37, 38, 38, 38, 38, 38, 38, 38, 38, 38, 38, 38, 38, 38, 38, 38, 38, 38, 38, 38, 38, 38, 38, 38, 38, 38, 38, 38, 38, 38, 38, 38, 38, 38, 38, 38, 38, 38, 38, 38, 38, 38, 38, 38, 38, 38, 38, 38, 38, 38, 38, 38, 38, 38, 38, 38, 38, 38, 38, 38, 38, 38, 38, 38, 38, 38, 38, 38, 38, 38, 38, 38, 38, 38, 38, 38, 38, 38, 38, 39, 39, 39, 39, 39, 39, 39, 39, 39, 39, 39, 39, 39, 39, 39, 39, 39, 39, 39, 39, 39, 39, 39, 39, 39, 39, 39, 39, 39, 39, 39, 39, 39, 39, 39, 39, 39, 39, 39, 39, 39, 39, 39, 39, 39, 39, 39, 39, 39, 39, 39, 39, 39, 39, 39, 39, 39, 39, 39, 39, 39, 39, 39, 39, 39, 39, 39, 39, 39, 39, 39, 39, 39, 39, 39, 39, 39, 39, 39, 40, 40, 40, 40, 40, 40, 40, 40, 40, 40, 40, 40, 40, 40, 40, 40, 40, 40, 40, 40, 40, 40, 40, 40, 40, 40, 40, 40, 40, 40, 40, 40, 40, 40, 40, 40, 40, 40, 40, 40, 40, 40, 40, 40, 40, 40, 40, 40, 40, 41, 41, 41, 41, 41, 41, 41, 41, 41, 41, 41, 41, 41, 41, 41, 41, 41, 41, 41, 41, 41, 41, 41, 41, 41, 41, 41, 41, 41, 41, 41, 41, 41, 41, 41, 41, 41, 41, 41, 41, 41, 41, 41, 41, 41, 41, 41, 41, 41, 41, 26, 27, 28, 28, 28, 28, 28, 28, 29, 29, 29, 29, 29, 29, 30, 30, 30, 30, 30, 30, 31, 31, 31, 31, 31, 31, 32, 33, 34, 34, 34, 34, 35, 35, 35, 35, 35, 36, 36, 36, 36, 36, 36, 36, 36, 37, 37, 37, 37, 37, 37, 37, 37, 38, 38, 38, 38, 38, 38, 38, 38, 39, 39, 39, 39, 39, 39, 39, 39, 40, 40, 40, 40, 41, 41, 41, 41, 41], "moment_dual_formulation": false, "factor_response": false, "coherent_atoms": true}
(CVXPY) Sep 14 01:25:37 PM: Your problem has 18826 variables, 581 constraints, and 0 parameters.
(CVXPY) Sep 14 01:25:37 PM: It is compliant with the following grammars: DCP, DQCP
(CVXPY) Sep 14 01:25:37 PM: DCP verification time: 0.0154 seconds.
(CVXPY) Sep 14 01:25:37 PM: Expression tree has 6 nodes.
(CVXPY) Sep 14 01:25:37 PM: (If you need to solve this problem multiple times, but with different data, consider using parameters.)
(CVXPY) Sep 14 01:25:37 PM: CVXPY will first compile your problem; then, it will invoke a numerical solver to obtain a solution.
(CVXPY) Sep 14 01:25:37 PM: Your problem is compiled with the CPP canonicalization backend.
(CVXPY) Sep 14 01:25:37 PM: Compiling problem (target solver=CLARABEL).
(CVXPY) Sep 14 01:25:37 PM: Reduction chain: FlipObjective -> Dcp2Cone -> CvxAttr2Constr -> ExactCone2Cone -> EliminateZeroSized -> ConeMatrixStuffing -> CLARABEL
(CVXPY) Sep 14 01:25:37 PM: Applying reduction FlipObjective
(CVXPY) Sep 14 01:25:37 PM: Applying reduction Dcp2Cone
(CVXPY) Sep 14 01:25:37 PM: Applying reduction CvxAttr2Constr
(CVXPY) Sep 14 01:25:37 PM: Applying reduction ExactCone2Cone
(CVXPY) Sep 14 01:25:37 PM: Applying reduction EliminateZeroSized
(CVXPY) Sep 14 01:25:37 PM: Applying reduction ConeMatrixStuffing
(CVXPY) Sep 14 01:25:38 PM: Applying reduction CLARABEL
(CVXPY) Sep 14 01:25:38 PM: Finished problem compilation (took 1.294e+00 seconds).
(CVXPY) Sep 14 01:25:38 PM: Invoking solver CLARABEL  to obtain a solution.
===============================================================================
                                     CVXPY                                     
                                     v1.9.2                                    
===============================================================================
-------------------------------------------------------------------------------
                                  Compilation                                  
-------------------------------------------------------------------------------
-------------------------------------------------------------------------------
                                Numerical solver                               
-------------------------------------------------------------------------------
-------------------------------------------------------------
           Clarabel.rs v0.11.1  -  Clever Acronym                

                   (c) Paul Goulart                          
                University of Oxford, 2022                   
-------------------------------------------------------------

problem:
  variables     = 10034
  constraints   = 10499
  nnz(P)        = 0
  nnz(A)        = 370461
  cones (total) = 28
    :        Zero = 1,  numel = 581
    : Nonnegative = 1,  numel = 598
    : PSDTriangle = 26,  numel = (10,10,10,10,...,528)

settings:
  linear algebra: direct / faer, precision: 64 bit (1 thread)
  max iter = 300, time limit = 75.0,  max step = 0.990
  tol_feas = 1.0e-9, tol_gap_abs = 1.0e-9, tol_gap_rel = 1.0e-9,
  static reg : on, ϵ1 = 1.0e-8, ϵ2 = 4.9e-32
  dynamic reg: on, ϵ = 1.0e-13, δ = 2.0e-7
  iter refine: on, reltol = 1.0e-13, abstol = 1.0e-12,
               max iter = 10, stop ratio = 5.0
  equilibrate: on, min_scale = 1.0e-4, max_scale = 1.0e4
               max iter = 10

iter    pcost        dcost       gap       pres      dres      k/t        μ       step      
---------------------------------------------------------------------------------------------
/Users/aidenlippert/Documents/Spectra/research/collective_completion_20260914/search.py:196: UserWarning: Solution may be inaccurate. Try another solver, adjusting the solver settings, or solve with verbose=True for more information.
  problem.solve(solver=solver,verbose=verbose,**options)
(CVXPY) Sep 14 01:26:05 PM: Problem status: optimal_inaccurate
(CVXPY) Sep 14 01:26:05 PM: Optimal value: -9.258e+00
(CVXPY) Sep 14 01:26:05 PM: Compilation took 1.294e+00 seconds
(CVXPY) Sep 14 01:26:05 PM: Solver (including time spent in interface) took 2.722e+01 seconds
  0  +7.9011e+00  +7.9011e+00  3.19e-14  8.22e-01  6.04e-01  1.00e+00  1.48e+00   ------   
  1  +7.2117e+00  +7.7282e+00  7.16e-02  3.89e-01  1.38e-01  6.72e-01  6.22e-01  9.90e-01  
  2  +8.0649e+00  +8.2253e+00  1.99e-02  7.77e-02  1.89e-02  1.81e-01  1.25e-01  8.39e-01  
  3  +8.6330e+00  +8.7045e+00  8.29e-03  4.32e-02  1.05e-02  8.35e-02  7.35e-02  5.57e-01  
  4  +8.8362e+00  +8.8654e+00  3.31e-03  2.85e-02  6.88e-03  3.72e-02  5.19e-02  5.39e-01  
  5  +9.0343e+00  +9.0439e+00  1.07e-03  1.31e-02  3.10e-03  1.34e-02  2.64e-02  5.85e-01  
  6  +9.1672e+00  +9.1680e+00  8.76e-05  5.33e-03  1.23e-03  2.34e-03  1.26e-02  7.97e-01  
  7  +9.2223e+00  +9.2222e+00  7.02e-06  2.37e-03  5.38e-04  6.22e-04  6.37e-03  7.42e-01  
  8  +9.2370e+00  +9.2368e+00  2.68e-05  1.29e-03  2.93e-04  1.31e-04  3.73e-03  9.90e-01  
  9  +9.2507e+00  +9.2506e+00  1.25e-05  5.48e-04  1.28e-04  5.20e-05  1.72e-03  7.23e-01  
 10  +9.2544e+00  +9.2543e+00  6.28e-06  2.49e-04  6.07e-05  2.18e-05  8.28e-04  7.62e-01  
 11  +9.2565e+00  +9.2565e+00  2.79e-06  1.05e-04  2.63e-05  8.93e-06  3.63e-04  7.04e-01  
 12  +9.2573e+00  +9.2573e+00  1.23e-06  4.26e-05  1.09e-05  3.20e-06  1.52e-04  9.26e-01  
 13  +9.2576e+00  +9.2576e+00  4.57e-07  1.55e-05  4.04e-06  1.16e-06  5.63e-05  8.50e-01  
 14  +9.2577e+00  +9.2577e+00  2.79e-07  9.37e-06  2.46e-06  6.98e-07  3.44e-05  5.59e-01  
 15  +9.2577e+00  +9.2577e+00  8.95e-08  2.96e-06  7.83e-07  2.17e-07  1.10e-05  9.82e-01  
 16  +9.2577e+00  +9.2577e+00  4.00e-08  1.32e-06  3.50e-07  9.72e-08  4.92e-06  7.54e-01  
 17  +9.2578e+00  +9.2578e+00  2.53e-08  8.32e-07  2.21e-07  6.13e-08  3.11e-06  5.64e-01  
 18  +9.2578e+00  +9.2578e+00  1.19e-08  3.92e-07  1.04e-07  2.89e-08  1.47e-06  7.79e-01  
 19  +9.2578e+00  +9.2578e+00  3.13e-09  1.03e-07  2.73e-08  7.57e-09  3.86e-07  8.52e-01  
 20  +9.2578e+00  +9.2578e+00  1.82e-09  6.01e-08  1.59e-08  4.43e-09  2.24e-07  5.97e-01  
 21  +9.2578e+00  +9.2578e+00  8.65e-10  2.83e-08  7.55e-09  2.10e-09  1.07e-07  6.36e-01  
 22  +9.2578e+00  +9.2578e+00  3.94e-10  1.36e-08  3.45e-09  9.58e-10  4.85e-08  7.04e-01  
 23  +9.2578e+00  +9.2578e+00  3.18e-10  1.65e-08  2.78e-09  7.77e-10  3.80e-08  2.47e-01  
 24  +9.2578e+00  +9.2578e+00  3.05e-10  1.59e-08  2.67e-09  7.44e-10  3.64e-08  1.47e-01  
 25  +9.2578e+00  +9.2578e+00  2.07e-10  1.36e-08  1.81e-09  5.04e-10  2.45e-08  3.84e-01  
 26  +9.2578e+00  +9.2578e+00  1.41e-10  9.72e-09  1.23e-09  3.40e-10  1.66e-08  5.21e-01  
 27  +9.2578e+00  +9.2578e+00  1.35e-10  1.21e-08  1.18e-09  3.28e-10  1.61e-08  9.52e-02  
 28  +9.2578e+00  +9.2578e+00  1.35e-10  1.21e-08  1.18e-09  3.28e-10  1.61e-08  0.00e+00  
---------------------------------------------------------------------------------------------
Terminated with status = AlmostSolved
solve time = 27.184391004s
-------------------------------------------------------------------------------
                                    Summary                                    
-------------------------------------------------------------------------------
{"case": "h8", "round": 0, "spin_lifting": true, "rank_cap_initial": 32, "gram_entries": 18710, "gram_dimensions": [4, 4, 4, 4, 4, 4, 4, 4, 12, 16, 32, 32, 12, 16, 12, 16, 32, 32, 12, 16, 32, 32, 64, 64, 32, 32, 1, 1, 1, 1, 1, 1, 1, 1, 1, 1, 1, 1, 1, 1, 1, 1, 1, 1, 1, 1, 1, 1, 1, 1, 1, 1, 1, 1, 1, 1, 1, 1, 1, 1, 1, 1, 1, 1, 1, 1, 1, 1, 1, 1, 1, 1, 1, 1, 1, 1, 1, 1, 1, 1, 1, 1, 1, 1, 1, 1, 1, 1, 1, 1, 1, 1, 1, 1, 1, 1, 1, 1, 1, 1, 1, 1, 1, 1, 1, 1, 1, 1, 1, 1, 1, 1, 1, 1, 1, 1, 1, 1, 1, 1, 1, 1, 1, 1, 1, 1, 1, 1, 1, 1, 1, 1, 1, 1, 1, 1, 1, 1, 1, 1, 1, 1, 1, 1, 1, 1, 1, 1, 1, 1, 1, 1, 1, 1, 1, 1, 1, 1, 1, 1, 1, 1, 1, 1, 1, 1, 1, 1, 1, 1, 1, 1, 1, 1, 1, 1, 1, 1, 1, 1, 1, 1, 1, 1, 1, 1, 1, 1, 1, 1, 1, 1, 1, 1, 1, 1, 1, 1, 1, 1, 1, 1, 1, 1, 1, 1, 1, 1, 1, 1, 1, 1, 1, 1, 1, 1, 1, 1, 1, 1, 1, 1, 1, 1, 1, 1, 1, 1, 1, 1, 1, 1, 1, 1, 1, 1, 1, 1, 1, 1, 1, 1, 1, 1, 1, 1, 1, 1, 1, 1, 1, 1, 1, 1, 1, 1, 1, 1, 1, 1, 1, 1, 1, 1, 1, 1, 1, 1, 1, 1, 1, 1, 1, 1, 1, 1, 1, 1, 1, 1, 1, 1, 1, 1, 1, 1, 1, 1, 1, 1, 1, 1, 1, 1, 1, 1, 1, 1, 1, 1, 1, 1, 1, 1, 1, 1, 1, 1, 1, 1, 1, 1, 1, 1, 1, 1, 1, 1, 1, 1, 1, 1, 1, 1, 1, 1, 1, 1, 1, 1, 1, 1, 1, 1, 1, 1, 1, 1, 1, 1, 1, 1, 1, 1, 1, 1, 1, 1, 1, 1, 1, 1, 1, 1, 1, 1, 1, 1, 1, 1, 1, 1, 1, 1, 1, 1, 1, 1, 1, 1, 1, 1, 1, 1, 1, 1, 1, 1, 1, 1, 1, 1, 1, 1, 1, 1, 1, 1, 1, 1, 1, 1, 1, 1, 1, 1, 1, 1, 1, 1, 1, 1, 1, 1, 1, 1, 1, 1, 1, 1, 1, 1, 1, 1, 1, 1, 1, 1, 1, 1, 1, 1, 1, 1, 1, 1, 1, 1, 1, 1, 1, 1, 1, 1, 1, 1, 1, 1, 1, 1, 1, 1, 1, 1, 1, 1, 1, 1, 1, 1, 1, 1, 1, 1, 1, 1, 1, 1, 1, 1, 1, 1, 1, 1, 1, 1, 1, 1, 1, 1, 1, 1, 1, 1, 1, 1, 1, 1, 1, 1, 1, 1, 1, 1, 1, 1, 1, 1, 1, 1, 1, 1, 1, 1, 1, 1, 1, 1, 1, 1, 1, 1, 1, 1, 1, 1, 1, 1, 1, 1, 1, 1, 1, 1, 1, 1, 1, 1, 1, 1, 1, 1, 1, 1, 1, 1, 1, 1, 1, 1, 1, 1, 1, 1, 1, 1, 1, 1, 1, 1, 1, 1, 1, 1, 1, 1, 1, 1, 1, 1, 1, 1, 1, 1, 1, 1, 1, 1, 1, 1, 1, 1, 1, 1, 1, 1, 1, 1, 1, 1, 1, 1, 1, 1, 1, 1, 1, 1, 1, 1, 1, 1, 1, 1, 1, 1, 1, 1, 1, 1, 1, 1, 1, 1, 1, 1, 1, 1, 1, 1, 1, 1, 1, 1, 1, 1, 1, 1, 1, 1, 1, 1, 1, 1, 1, 1, 1, 1, 1, 1, 1, 1, 1, 1], "full_gram_entries": 1308480, "coefficient_equations": 581, "free_variables": 116, "projected_map_nonzeros": 358820, "build_seconds": 0.5869771249999758, "prepared_dependency": "results/collective_completion_20260914/prepared/h8_global_triples", "fixture": "results/certificate_scaling/active_space_ladder/h8/fixture.json", "state": "results/correlated_pair_20260913/mps/h8_spatial_warm144/state.json", "full_Gram_teacher_used": false, "many_body_states_enumerated": 0, "magnetization": 0, "singlet": true, "ladder_ideal_dimension": 32, "spin_row_projection": {"original_rows": 1525, "independent_invariant_rows": 581, "integer_denominator": 6, "projector_nonzeros": 7897, "exact_integer_idempotence_checked": true, "modular_prime": 65521, "rank_equals_exact_trace": true}, "shared_spin_orbits": false, "map_ids": [0, 1, 2, 3, 4, 5, 6, 7, 8, 9, 10, 11, 12, 13, 14, 15, 16, 17, 18, 19, 20, 21, 22, 23, 24, 25, 26, 27, 28, 29, 30, 31, 32, 33, 34, 34, 34, 34, 34, 34, 34, 34, 34, 34, 34, 34, 34, 34, 34, 34, 34, 34, 34, 34, 34, 34, 34, 34, 34, 34, 34, 34, 34, 34, 34, 34, 34, 34, 34, 34, 34, 34, 34, 34, 34, 34, 34, 34, 34, 34, 34, 34, 34, 35, 35, 35, 35, 35, 35, 35, 35, 35, 35, 35, 35, 35, 35, 35, 35, 35, 35, 35, 35, 35, 35, 35, 35, 35, 35, 35, 35, 35, 35, 35, 35, 35, 35, 35, 35, 35, 35, 35, 35, 35, 35, 35, 35, 35, 35, 35, 35, 35, 35, 36, 36, 36, 36, 36, 36, 36, 36, 36, 36, 36, 36, 36, 36, 36, 36, 36, 36, 36, 36, 36, 36, 36, 36, 36, 36, 36, 36, 36, 36, 36, 36, 36, 36, 36, 36, 36, 36, 36, 36, 36, 36, 36, 36, 36, 36, 36, 36, 36, 36, 36, 36, 36, 36, 36, 36, 36, 36, 36, 36, 36, 36, 36, 36, 36, 36, 36, 36, 36, 36, 36, 36, 36, 36, 36, 36, 36, 36, 37, 37, 37, 37, 37, 37, 37, 37, 37, 37, 37, 37, 37, 37, 37, 37, 37, 37, 37, 37, 37, 37, 37, 37, 37, 37, 37, 37, 37, 37, 37, 37, 37, 37, 37, 37, 37, 37, 37, 37, 37, 37, 37, 37, 37, 37, 37, 37, 37, 37, 37, 37, 37, 37, 37, 37, 37, 37, 37, 37, 37, 37, 37, 37, 37, 37, 37, 37, 37, 37, 37, 37, 37, 37, 37, 37, 37, 37, 37, 38, 38, 38, 38, 38, 38, 38, 38, 38, 38, 38, 38, 38, 38, 38, 38, 38, 38, 38, 38, 38, 38, 38, 38, 38, 38, 38, 38, 38, 38, 38, 38, 38, 38, 38, 38, 38, 38, 38, 38, 38, 38, 38, 38, 38, 38, 38, 38, 38, 38, 38, 38, 38, 38, 38, 38, 38, 38, 38, 38, 38, 38, 38, 38, 38, 38, 38, 38, 38, 38, 38, 38, 38, 38, 38, 38, 38, 38, 39, 39, 39, 39, 39, 39, 39, 39, 39, 39, 39, 39, 39, 39, 39, 39, 39, 39, 39, 39, 39, 39, 39, 39, 39, 39, 39, 39, 39, 39, 39, 39, 39, 39, 39, 39, 39, 39, 39, 39, 39, 39, 39, 39, 39, 39, 39, 39, 39, 39, 39, 39, 39, 39, 39, 39, 39, 39, 39, 39, 39, 39, 39, 39, 39, 39, 39, 39, 39, 39, 39, 39, 39, 39, 39, 39, 39, 39, 39, 40, 40, 40, 40, 40, 40, 40, 40, 40, 40, 40, 40, 40, 40, 40, 40, 40, 40, 40, 40, 40, 40, 40, 40, 40, 40, 40, 40, 40, 40, 40, 40, 40, 40, 40, 40, 40, 40, 40, 40, 40, 40, 40, 40, 40, 40, 40, 40, 40, 41, 41, 41, 41, 41, 41, 41, 41, 41, 41, 41, 41, 41, 41, 41, 41, 41, 41, 41, 41, 41, 41, 41, 41, 41, 41, 41, 41, 41, 41, 41, 41, 41, 41, 41, 41, 41, 41, 41, 41, 41, 41, 41, 41, 41, 41, 41, 41, 41, 41, 26, 27, 28, 28, 28, 28, 28, 28, 29, 29, 29, 29, 29, 29, 30, 30, 30, 30, 30, 30, 31, 31, 31, 31, 31, 31, 32, 33, 34, 34, 34, 34, 35, 35, 35, 35, 35, 36, 36, 36, 36, 36, 36, 36, 36, 37, 37, 37, 37, 37, 37, 37, 37, 38, 38, 38, 38, 38, 38, 38, 38, 39, 39, 39, 39, 39, 39, 39, 39, 40, 40, 40, 40, 41, 41, 41, 41, 41], "moment_dual_formulation": false, "factor_response": false, "coherent_atoms": true, "solve_seconds": 28.578522791998694, "solver": "CLARABEL", "solver_status": "optimal_inaccurate", "solver_iterations": 28, "solver_max_threads": 1, "status": "requires_independent_exact_replay", "proposed_b": -9.257752507657854, "numeric_coefficient_l1": 1.2001636390205047e-05, "minimum_PSD_eigenvalue": -3.3423015454330994e-09, "total_state_action_Ha": 0.0028743143275602803, "factor_rows": 1484, "certificate_bytes": 2465091, "round_seconds": 30.13607000000775, "total_seconds": 32.98829479099368}
{"stage": "solve", "case": "h8", "round": 1, "spin_lifting": true, "rank_cap_initial": 32, "gram_entries": 18800, "gram_dimensions": [4, 4, 4, 4, 4, 4, 4, 4, 12, 16, 32, 32, 12, 16, 12, 16, 32, 32, 12, 16, 32, 32, 64, 64, 32, 32, 1, 1, 1, 1, 1, 1, 1, 1, 1, 1, 1, 1, 1, 1, 1, 1, 1, 1, 1, 1, 1, 1, 1, 1, 1, 1, 1, 1, 1, 1, 1, 1, 1, 1, 1, 1, 1, 1, 1, 1, 1, 1, 1, 1, 1, 1, 1, 1, 1, 1, 1, 1, 1, 1, 1, 1, 1, 1, 1, 1, 1, 1, 1, 1, 1, 1, 1, 1, 1, 1, 1, 1, 1, 1, 1, 1, 1, 1, 1, 1, 1, 1, 1, 1, 1, 1, 1, 1, 1, 1, 1, 1, 1, 1, 1, 1, 1, 1, 1, 1, 1, 1, 1, 1, 1, 1, 1, 1, 1, 1, 1, 1, 1, 1, 1, 1, 1, 1, 1, 1, 1, 1, 1, 1, 1, 1, 1, 1, 1, 1, 1, 1, 1, 1, 1, 1, 1, 1, 1, 1, 1, 1, 1, 1, 1, 1, 1, 1, 1, 1, 1, 1, 1, 1, 1, 1, 1, 1, 1, 1, 1, 1, 1, 1, 1, 1, 1, 1, 1, 1, 1, 1, 1, 1, 1, 1, 1, 1, 1, 1, 1, 1, 1, 1, 1, 1, 1, 1, 1, 1, 1, 1, 1, 1, 1, 1, 1, 1, 1, 1, 1, 1, 1, 1, 1, 1, 1, 1, 1, 1, 1, 1, 1, 1, 1, 1, 1, 1, 1, 1, 1, 1, 1, 1, 1, 1, 1, 1, 1, 1, 1, 1, 1, 1, 1, 1, 1, 1, 1, 1, 1, 1, 1, 1, 1, 1, 1, 1, 1, 1, 1, 1, 1, 1, 1, 1, 1, 1, 1, 1, 1, 1, 1, 1, 1, 1, 1, 1, 1, 1, 1, 1, 1, 1, 1, 1, 1, 1, 1, 1, 1, 1, 1, 1, 1, 1, 1, 1, 1, 1, 1, 1, 1, 1, 1, 1, 1, 1, 1, 1, 1, 1, 1, 1, 1, 1, 1, 1, 1, 1, 1, 1, 1, 1, 1, 1, 1, 1, 1, 1, 1, 1, 1, 1, 1, 1, 1, 1, 1, 1, 1, 1, 1, 1, 1, 1, 1, 1, 1, 1, 1, 1, 1, 1, 1, 1, 1, 1, 1, 1, 1, 1, 1, 1, 1, 1, 1, 1, 1, 1, 1, 1, 1, 1, 1, 1, 1, 1, 1, 1, 1, 1, 1, 1, 1, 1, 1, 1, 1, 1, 1, 1, 1, 1, 1, 1, 1, 1, 1, 1, 1, 1, 1, 1, 1, 1, 1, 1, 1, 1, 1, 1, 1, 1, 1, 1, 1, 1, 1, 1, 1, 1, 1, 1, 1, 1, 1, 1, 1, 1, 1, 1, 1, 1, 1, 1, 1, 1, 1, 1, 1, 1, 1, 1, 1, 1, 1, 1, 1, 1, 1, 1, 1, 1, 1, 1, 1, 1, 1, 1, 1, 1, 1, 1, 1, 1, 1, 1, 1, 1, 1, 1, 1, 1, 1, 1, 1, 1, 1, 1, 1, 1, 1, 1, 1, 1, 1, 1, 1, 1, 1, 1, 1, 1, 1, 1, 1, 1, 1, 1, 1, 1, 1, 1, 1, 1, 1, 1, 1, 1, 1, 1, 1, 1, 1, 1, 1, 1, 1, 1, 1, 1, 1, 1, 1, 1, 1, 1, 1, 1, 1, 1, 1, 1, 1, 1, 1, 1, 1, 1, 1, 1, 1, 1, 1, 1, 1, 1, 1, 1, 1, 1, 1, 1, 1, 1, 1, 1, 1, 1, 1, 1, 1, 1, 1, 1, 1, 1, 1, 1, 1, 1, 1, 1, 1, 1, 1, 1, 1, 1, 1, 1, 1, 1, 1, 1, 1, 1, 1, 1, 1, 1, 1, 1, 1, 1, 1, 1, 1, 1, 1, 1, 1, 1, 1, 1, 1, 1, 1, 1, 1, 1, 1, 1, 1, 1, 1, 1, 1, 1, 1, 1, 1, 1, 1, 1, 1, 1, 1, 1, 1, 1, 1, 1, 1, 1, 1, 1, 1, 1, 1, 1, 1, 1, 1, 1, 1, 1, 1, 1, 1, 1, 1, 1, 1, 1, 1, 1, 1, 1, 1, 1, 1, 1, 1, 1, 1, 1, 1, 1, 1, 1, 1, 1, 1, 1, 1, 1, 1, 1, 1, 1, 1, 1, 1, 1, 1, 1, 1, 1, 1, 1, 1, 1, 1, 1, 1, 1], "full_gram_entries": 1308480, "coefficient_equations": 581, "free_variables": 116, "projected_map_nonzeros": 409678, "build_seconds": 0.5765329580026446, "prepared_dependency": "results/collective_completion_20260914/prepared/h8_global_triples", "fixture": "results/certificate_scaling/active_space_ladder/h8/fixture.json", "state": "results/correlated_pair_20260913/mps/h8_spatial_warm144/state.json", "full_Gram_teacher_used": false, "many_body_states_enumerated": 0, "magnetization": 0, "singlet": true, "ladder_ideal_dimension": 32, "spin_row_projection": {"original_rows": 1525, "independent_invariant_rows": 581, "integer_denominator": 6, "projector_nonzeros": 7897, "exact_integer_idempotence_checked": true, "modular_prime": 65521, "rank_equals_exact_trace": true}, "shared_spin_orbits": false, "map_ids": [0, 1, 2, 3, 4, 5, 6, 7, 8, 9, 10, 11, 12, 13, 14, 15, 16, 17, 18, 19, 20, 21, 22, 23, 24, 25, 26, 27, 28, 29, 30, 31, 32, 33, 34, 34, 34, 34, 34, 34, 34, 34, 34, 34, 34, 34, 34, 34, 34, 34, 34, 34, 34, 34, 34, 34, 34, 34, 34, 34, 34, 34, 34, 34, 34, 34, 34, 34, 34, 34, 34, 34, 34, 34, 34, 34, 34, 34, 34, 34, 34, 34, 34, 35, 35, 35, 35, 35, 35, 35, 35, 35, 35, 35, 35, 35, 35, 35, 35, 35, 35, 35, 35, 35, 35, 35, 35, 35, 35, 35, 35, 35, 35, 35, 35, 35, 35, 35, 35, 35, 35, 35, 35, 35, 35, 35, 35, 35, 35, 35, 35, 35, 35, 36, 36, 36, 36, 36, 36, 36, 36, 36, 36, 36, 36, 36, 36, 36, 36, 36, 36, 36, 36, 36, 36, 36, 36, 36, 36, 36, 36, 36, 36, 36, 36, 36, 36, 36, 36, 36, 36, 36, 36, 36, 36, 36, 36, 36, 36, 36, 36, 36, 36, 36, 36, 36, 36, 36, 36, 36, 36, 36, 36, 36, 36, 36, 36, 36, 36, 36, 36, 36, 36, 36, 36, 36, 36, 36, 36, 36, 36, 37, 37, 37, 37, 37, 37, 37, 37, 37, 37, 37, 37, 37, 37, 37, 37, 37, 37, 37, 37, 37, 37, 37, 37, 37, 37, 37, 37, 37, 37, 37, 37, 37, 37, 37, 37, 37, 37, 37, 37, 37, 37, 37, 37, 37, 37, 37, 37, 37, 37, 37, 37, 37, 37, 37, 37, 37, 37, 37, 37, 37, 37, 37, 37, 37, 37, 37, 37, 37, 37, 37, 37, 37, 37, 37, 37, 37, 37, 37, 38, 38, 38, 38, 38, 38, 38, 38, 38, 38, 38, 38, 38, 38, 38, 38, 38, 38, 38, 38, 38, 38, 38, 38, 38, 38, 38, 38, 38, 38, 38, 38, 38, 38, 38, 38, 38, 38, 38, 38, 38, 38, 38, 38, 38, 38, 38, 38, 38, 38, 38, 38, 38, 38, 38, 38, 38, 38, 38, 38, 38, 38, 38, 38, 38, 38, 38, 38, 38, 38, 38, 38, 38, 38, 38, 38, 38, 38, 39, 39, 39, 39, 39, 39, 39, 39, 39, 39, 39, 39, 39, 39, 39, 39, 39, 39, 39, 39, 39, 39, 39, 39, 39, 39, 39, 39, 39, 39, 39, 39, 39, 39, 39, 39, 39, 39, 39, 39, 39, 39, 39, 39, 39, 39, 39, 39, 39, 39, 39, 39, 39, 39, 39, 39, 39, 39, 39, 39, 39, 39, 39, 39, 39, 39, 39, 39, 39, 39, 39, 39, 39, 39, 39, 39, 39, 39, 39, 40, 40, 40, 40, 40, 40, 40, 40, 40, 40, 40, 40, 40, 40, 40, 40, 40, 40, 40, 40, 40, 40, 40, 40, 40, 40, 40, 40, 40, 40, 40, 40, 40, 40, 40, 40, 40, 40, 40, 40, 40, 40, 40, 40, 40, 40, 40, 40, 40, 41, 41, 41, 41, 41, 41, 41, 41, 41, 41, 41, 41, 41, 41, 41, 41, 41, 41, 41, 41, 41, 41, 41, 41, 41, 41, 41, 41, 41, 41, 41, 41, 41, 41, 41, 41, 41, 41, 41, 41, 41, 41, 41, 41, 41, 41, 41, 41, 41, 41, 26, 27, 28, 28, 28, 28, 28, 28, 29, 29, 29, 29, 29, 29, 30, 30, 30, 30, 30, 30, 31, 31, 31, 31, 31, 31, 32, 33, 34, 34, 34, 34, 35, 35, 35, 35, 35, 36, 36, 36, 36, 36, 36, 36, 36, 37, 37, 37, 37, 37, 37, 37, 37, 38, 38, 38, 38, 38, 38, 38, 38, 39, 39, 39, 39, 39, 39, 39, 39, 40, 40, 40, 40, 41, 41, 41, 41, 41, 26, 27, 27, 28, 28, 28, 28, 28, 28, 28, 28, 29, 29, 29, 29, 29, 29, 29, 29, 30, 30, 30, 30, 30, 30, 30, 30, 31, 31, 31, 31, 31, 31, 31, 31, 32, 33, 33, 34, 34, 34, 34, 34, 35, 35, 35, 35, 35, 36, 36, 36, 36, 36, 36, 36, 36, 37, 37, 37, 37, 37, 37, 37, 37, 38, 38, 38, 38, 38, 38, 38, 38, 39, 39, 39, 39, 39, 39, 39, 39, 40, 40, 40, 40, 40, 41, 41, 41, 41, 41], "moment_dual_formulation": false, "factor_response": false, "coherent_atoms": true}
(CVXPY) Sep 14 01:26:07 PM: Your problem has 18916 variables, 581 constraints, and 0 parameters.
(CVXPY) Sep 14 01:26:07 PM: It is compliant with the following grammars: DCP, DQCP
(CVXPY) Sep 14 01:26:07 PM: DCP verification time: 0.0092 seconds.
(CVXPY) Sep 14 01:26:07 PM: Expression tree has 6 nodes.
(CVXPY) Sep 14 01:26:07 PM: (If you need to solve this problem multiple times, but with different data, consider using parameters.)
(CVXPY) Sep 14 01:26:07 PM: CVXPY will first compile your problem; then, it will invoke a numerical solver to obtain a solution.
(CVXPY) Sep 14 01:26:07 PM: Your problem is compiled with the CPP canonicalization backend.
(CVXPY) Sep 14 01:26:07 PM: Compiling problem (target solver=CLARABEL).
(CVXPY) Sep 14 01:26:07 PM: Reduction chain: FlipObjective -> Dcp2Cone -> CvxAttr2Constr -> ExactCone2Cone -> EliminateZeroSized -> ConeMatrixStuffing -> CLARABEL
(CVXPY) Sep 14 01:26:07 PM: Applying reduction FlipObjective
(CVXPY) Sep 14 01:26:07 PM: Applying reduction Dcp2Cone
(CVXPY) Sep 14 01:26:07 PM: Applying reduction CvxAttr2Constr
(CVXPY) Sep 14 01:26:07 PM: Applying reduction ExactCone2Cone
(CVXPY) Sep 14 01:26:07 PM: Applying reduction EliminateZeroSized
(CVXPY) Sep 14 01:26:07 PM: Applying reduction ConeMatrixStuffing
(CVXPY) Sep 14 01:26:08 PM: Applying reduction CLARABEL
(CVXPY) Sep 14 01:26:09 PM: Finished problem compilation (took 1.550e+00 seconds).
(CVXPY) Sep 14 01:26:09 PM: Invoking solver CLARABEL  to obtain a solution.
===============================================================================
                                     CVXPY                                     
                                     v1.9.2                                    
===============================================================================
-------------------------------------------------------------------------------
                                  Compilation                                  
-------------------------------------------------------------------------------
-------------------------------------------------------------------------------
                                Numerical solver                               
-------------------------------------------------------------------------------
-------------------------------------------------------------
           Clarabel.rs v0.11.1  -  Clever Acronym                

                   (c) Paul Goulart                          
                University of Oxford, 2022                   
-------------------------------------------------------------

problem:
  variables     = 10124
  constraints   = 10589
  nnz(P)        = 0
  nnz(A)        = 421409
  cones (total) = 28
    :        Zero = 1,  numel = 581
    : Nonnegative = 1,  numel = 688
    : PSDTriangle = 26,  numel = (10,10,10,10,...,528)

settings:
  linear algebra: direct / faer, precision: 64 bit (1 thread)
  max iter = 300, time limit = 75.0,  max step = 0.990
  tol_feas = 1.0e-9, tol_gap_abs = 1.0e-9, tol_gap_rel = 1.0e-9,
  static reg : on, ϵ1 = 1.0e-8, ϵ2 = 4.9e-32
  dynamic reg: on, ϵ = 1.0e-13, δ = 2.0e-7
  iter refine: on, reltol = 1.0e-13, abstol = 1.0e-12,
               max iter = 10, stop ratio = 5.0
  equilibrate: on, min_scale = 1.0e-4, max_scale = 1.0e4
               max iter = 10

iter    pcost        dcost       gap       pres      dres      k/t        μ       step      
---------------------------------------------------------------------------------------------
(CVXPY) Sep 14 01:26:38 PM: Problem status: optimal_inaccurate
(CVXPY) Sep 14 01:26:38 PM: Optimal value: -9.258e+00
(CVXPY) Sep 14 01:26:38 PM: Compilation took 1.550e+00 seconds
(CVXPY) Sep 14 01:26:38 PM: Solver (including time spent in interface) took 2.988e+01 seconds
  0  +7.9057e+00  +7.9057e+00  1.66e-13  8.27e-01  6.15e-01  1.00e+00  1.46e+00   ------   
  1  +7.1688e+00  +7.6914e+00  7.29e-02  3.97e-01  1.41e-01  6.79e-01  6.19e-01  9.90e-01  
  2  +8.0211e+00  +8.1874e+00  2.07e-02  8.37e-02  2.01e-02  1.88e-01  1.28e-01  8.32e-01  
  3  +8.6154e+00  +8.6904e+00  8.71e-03  4.50e-02  1.08e-02  8.70e-02  7.36e-02  5.50e-01  
  4  +8.7646e+00  +8.8031e+00  4.39e-03  3.44e-02  8.22e-03  4.78e-02  5.93e-02  4.38e-01  
  5  +9.0010e+00  +9.0138e+00  1.43e-03  1.48e-02  3.48e-03  1.69e-02  2.85e-02  5.84e-01  
  6  +9.1336e+00  +9.1354e+00  1.94e-04  7.24e-03  1.67e-03  3.78e-03  1.63e-02  7.49e-01  
  7  +9.2165e+00  +9.2163e+00  2.43e-05  2.63e-03  5.94e-04  5.12e-04  6.95e-03  8.81e-01  
  8  +9.2248e+00  +9.2246e+00  2.78e-05  1.87e-03  4.26e-04  2.74e-04  5.25e-03  6.01e-01  
  9  +9.2468e+00  +9.2467e+00  1.65e-05  7.65e-04  1.75e-04  6.85e-05  2.35e-03  9.40e-01  
 10  +9.2485e+00  +9.2484e+00  1.32e-05  5.72e-04  1.35e-04  4.87e-05  1.82e-03  4.85e-01  
 11  +9.2521e+00  +9.2520e+00  9.03e-06  3.69e-04  8.82e-05  2.88e-05  1.21e-03  6.27e-01  
 12  +9.2541e+00  +9.2541e+00  6.33e-06  2.52e-04  6.11e-05  1.95e-05  8.51e-04  4.09e-01  
 13  +9.2560e+00  +9.2560e+00  3.62e-06  1.37e-04  3.38e-05  9.81e-06  4.75e-04  7.48e-01  
 14  +9.2571e+00  +9.2571e+00  1.49e-06  5.40e-05  1.38e-05  3.93e-06  1.95e-04  6.82e-01  
 15  +9.2575e+00  +9.2575e+00  7.81e-07  2.79e-05  7.12e-06  1.97e-06  1.02e-04  6.11e-01  
 16  +9.2576e+00  +9.2576e+00  5.42e-07  1.83e-05  4.82e-06  1.23e-06  6.87e-05  9.44e-01  
 17  +9.2577e+00  +9.2577e+00  2.81e-07  9.43e-06  2.50e-06  6.37e-07  3.57e-05  5.36e-01  
 18  +9.2577e+00  +9.2577e+00  1.12e-07  3.75e-06  9.88e-07  2.48e-07  1.42e-05  9.47e-01  
 19  +9.2577e+00  +9.2577e+00  3.87e-08  1.30e-06  3.42e-07  8.57e-08  4.95e-06  8.85e-01  
 20  +9.2578e+00  +9.2578e+00  2.29e-08  7.64e-07  2.02e-07  5.05e-08  2.93e-06  6.58e-01  
 21  +9.2578e+00  +9.2578e+00  1.19e-08  3.96e-07  1.05e-07  2.62e-08  1.52e-06  6.75e-01  
 22  +9.2578e+00  +9.2578e+00  7.03e-09  2.34e-07  6.20e-08  1.55e-08  9.01e-07  6.52e-01  
 23  +9.2578e+00  +9.2578e+00  2.13e-09  7.08e-08  1.87e-08  4.58e-09  2.71e-07  7.48e-01  
 24  +9.2578e+00  +9.2578e+00  1.49e-09  4.94e-08  1.30e-08  3.17e-09  1.87e-07  4.65e-01  
 25  +9.2578e+00  +9.2578e+00  7.92e-10  2.62e-08  6.93e-09  1.68e-09  9.93e-08  6.71e-01  
 26  +9.2578e+00  +9.2578e+00  3.90e-10  1.40e-08  3.42e-09  8.25e-10  4.87e-08  6.49e-01  
 27  +9.2578e+00  +9.2578e+00  3.50e-10  1.35e-08  3.07e-09  7.40e-10  4.33e-08  1.33e-01  
 28  +9.2578e+00  +9.2578e+00  2.39e-10  9.33e-09  2.09e-09  5.00e-10  2.95e-08  4.72e-01  
 29  +9.2578e+00  +9.2578e+00  2.31e-10  1.36e-08  2.02e-09  4.85e-10  2.79e-08  5.08e-02  
 30  +9.2578e+00  +9.2578e+00  1.31e-10  7.36e-09  1.14e-09  2.71e-10  1.58e-08  5.94e-01  
 31  +9.2578e+00  +9.2578e+00  1.31e-10  7.36e-09  1.14e-09  2.71e-10  1.58e-08  0.00e+00  
---------------------------------------------------------------------------------------------
Terminated with status = AlmostSolved
solve time = 29.846440168s
-------------------------------------------------------------------------------
                                    Summary                                    
-------------------------------------------------------------------------------
{"case": "h8", "round": 1, "spin_lifting": true, "rank_cap_initial": 32, "gram_entries": 18800, "gram_dimensions": [4, 4, 4, 4, 4, 4, 4, 4, 12, 16, 32, 32, 12, 16, 12, 16, 32, 32, 12, 16, 32, 32, 64, 64, 32, 32, 1, 1, 1, 1, 1, 1, 1, 1, 1, 1, 1, 1, 1, 1, 1, 1, 1, 1, 1, 1, 1, 1, 1, 1, 1, 1, 1, 1, 1, 1, 1, 1, 1, 1, 1, 1, 1, 1, 1, 1, 1, 1, 1, 1, 1, 1, 1, 1, 1, 1, 1, 1, 1, 1, 1, 1, 1, 1, 1, 1, 1, 1, 1, 1, 1, 1, 1, 1, 1, 1, 1, 1, 1, 1, 1, 1, 1, 1, 1, 1, 1, 1, 1, 1, 1, 1, 1, 1, 1, 1, 1, 1, 1, 1, 1, 1, 1, 1, 1, 1, 1, 1, 1, 1, 1, 1, 1, 1, 1, 1, 1, 1, 1, 1, 1, 1, 1, 1, 1, 1, 1, 1, 1, 1, 1, 1, 1, 1, 1, 1, 1, 1, 1, 1, 1, 1, 1, 1, 1, 1, 1, 1, 1, 1, 1, 1, 1, 1, 1, 1, 1, 1, 1, 1, 1, 1, 1, 1, 1, 1, 1, 1, 1, 1, 1, 1, 1, 1, 1, 1, 1, 1, 1, 1, 1, 1, 1, 1, 1, 1, 1, 1, 1, 1, 1, 1, 1, 1, 1, 1, 1, 1, 1, 1, 1, 1, 1, 1, 1, 1, 1, 1, 1, 1, 1, 1, 1, 1, 1, 1, 1, 1, 1, 1, 1, 1, 1, 1, 1, 1, 1, 1, 1, 1, 1, 1, 1, 1, 1, 1, 1, 1, 1, 1, 1, 1, 1, 1, 1, 1, 1, 1, 1, 1, 1, 1, 1, 1, 1, 1, 1, 1, 1, 1, 1, 1, 1, 1, 1, 1, 1, 1, 1, 1, 1, 1, 1, 1, 1, 1, 1, 1, 1, 1, 1, 1, 1, 1, 1, 1, 1, 1, 1, 1, 1, 1, 1, 1, 1, 1, 1, 1, 1, 1, 1, 1, 1, 1, 1, 1, 1, 1, 1, 1, 1, 1, 1, 1, 1, 1, 1, 1, 1, 1, 1, 1, 1, 1, 1, 1, 1, 1, 1, 1, 1, 1, 1, 1, 1, 1, 1, 1, 1, 1, 1, 1, 1, 1, 1, 1, 1, 1, 1, 1, 1, 1, 1, 1, 1, 1, 1, 1, 1, 1, 1, 1, 1, 1, 1, 1, 1, 1, 1, 1, 1, 1, 1, 1, 1, 1, 1, 1, 1, 1, 1, 1, 1, 1, 1, 1, 1, 1, 1, 1, 1, 1, 1, 1, 1, 1, 1, 1, 1, 1, 1, 1, 1, 1, 1, 1, 1, 1, 1, 1, 1, 1, 1, 1, 1, 1, 1, 1, 1, 1, 1, 1, 1, 1, 1, 1, 1, 1, 1, 1, 1, 1, 1, 1, 1, 1, 1, 1, 1, 1, 1, 1, 1, 1, 1, 1, 1, 1, 1, 1, 1, 1, 1, 1, 1, 1, 1, 1, 1, 1, 1, 1, 1, 1, 1, 1, 1, 1, 1, 1, 1, 1, 1, 1, 1, 1, 1, 1, 1, 1, 1, 1, 1, 1, 1, 1, 1, 1, 1, 1, 1, 1, 1, 1, 1, 1, 1, 1, 1, 1, 1, 1, 1, 1, 1, 1, 1, 1, 1, 1, 1, 1, 1, 1, 1, 1, 1, 1, 1, 1, 1, 1, 1, 1, 1, 1, 1, 1, 1, 1, 1, 1, 1, 1, 1, 1, 1, 1, 1, 1, 1, 1, 1, 1, 1, 1, 1, 1, 1, 1, 1, 1, 1, 1, 1, 1, 1, 1, 1, 1, 1, 1, 1, 1, 1, 1, 1, 1, 1, 1, 1, 1, 1, 1, 1, 1, 1, 1, 1, 1, 1, 1, 1, 1, 1, 1, 1, 1, 1, 1, 1, 1, 1, 1, 1, 1, 1, 1, 1, 1, 1, 1, 1, 1, 1, 1, 1, 1, 1, 1, 1, 1, 1, 1, 1, 1, 1, 1, 1, 1, 1, 1, 1, 1, 1, 1, 1, 1, 1, 1, 1, 1, 1, 1, 1, 1, 1, 1, 1, 1, 1, 1, 1, 1, 1, 1, 1, 1, 1, 1, 1, 1, 1, 1, 1, 1, 1, 1, 1, 1, 1, 1, 1, 1, 1, 1, 1, 1, 1, 1, 1, 1, 1, 1, 1, 1, 1, 1, 1, 1, 1, 1, 1, 1, 1, 1, 1, 1, 1, 1, 1, 1, 1, 1], "full_gram_entries": 1308480, "coefficient_equations": 581, "free_variables": 116, "projected_map_nonzeros": 409678, "build_seconds": 0.5765329580026446, "prepared_dependency": "results/collective_completion_20260914/prepared/h8_global_triples", "fixture": "results/certificate_scaling/active_space_ladder/h8/fixture.json", "state": "results/correlated_pair_20260913/mps/h8_spatial_warm144/state.json", "full_Gram_teacher_used": false, "many_body_states_enumerated": 0, "magnetization": 0, "singlet": true, "ladder_ideal_dimension": 32, "spin_row_projection": {"original_rows": 1525, "independent_invariant_rows": 581, "integer_denominator": 6, "projector_nonzeros": 7897, "exact_integer_idempotence_checked": true, "modular_prime": 65521, "rank_equals_exact_trace": true}, "shared_spin_orbits": false, "map_ids": [0, 1, 2, 3, 4, 5, 6, 7, 8, 9, 10, 11, 12, 13, 14, 15, 16, 17, 18, 19, 20, 21, 22, 23, 24, 25, 26, 27, 28, 29, 30, 31, 32, 33, 34, 34, 34, 34, 34, 34, 34, 34, 34, 34, 34, 34, 34, 34, 34, 34, 34, 34, 34, 34, 34, 34, 34, 34, 34, 34, 34, 34, 34, 34, 34, 34, 34, 34, 34, 34, 34, 34, 34, 34, 34, 34, 34, 34, 34, 34, 34, 34, 34, 35, 35, 35, 35, 35, 35, 35, 35, 35, 35, 35, 35, 35, 35, 35, 35, 35, 35, 35, 35, 35, 35, 35, 35, 35, 35, 35, 35, 35, 35, 35, 35, 35, 35, 35, 35, 35, 35, 35, 35, 35, 35, 35, 35, 35, 35, 35, 35, 35, 35, 36, 36, 36, 36, 36, 36, 36, 36, 36, 36, 36, 36, 36, 36, 36, 36, 36, 36, 36, 36, 36, 36, 36, 36, 36, 36, 36, 36, 36, 36, 36, 36, 36, 36, 36, 36, 36, 36, 36, 36, 36, 36, 36, 36, 36, 36, 36, 36, 36, 36, 36, 36, 36, 36, 36, 36, 36, 36, 36, 36, 36, 36, 36, 36, 36, 36, 36, 36, 36, 36, 36, 36, 36, 36, 36, 36, 36, 36, 37, 37, 37, 37, 37, 37, 37, 37, 37, 37, 37, 37, 37, 37, 37, 37, 37, 37, 37, 37, 37, 37, 37, 37, 37, 37, 37, 37, 37, 37, 37, 37, 37, 37, 37, 37, 37, 37, 37, 37, 37, 37, 37, 37, 37, 37, 37, 37, 37, 37, 37, 37, 37, 37, 37, 37, 37, 37, 37, 37, 37, 37, 37, 37, 37, 37, 37, 37, 37, 37, 37, 37, 37, 37, 37, 37, 37, 37, 37, 38, 38, 38, 38, 38, 38, 38, 38, 38, 38, 38, 38, 38, 38, 38, 38, 38, 38, 38, 38, 38, 38, 38, 38, 38, 38, 38, 38, 38, 38, 38, 38, 38, 38, 38, 38, 38, 38, 38, 38, 38, 38, 38, 38, 38, 38, 38, 38, 38, 38, 38, 38, 38, 38, 38, 38, 38, 38, 38, 38, 38, 38, 38, 38, 38, 38, 38, 38, 38, 38, 38, 38, 38, 38, 38, 38, 38, 38, 39, 39, 39, 39, 39, 39, 39, 39, 39, 39, 39, 39, 39, 39, 39, 39, 39, 39, 39, 39, 39, 39, 39, 39, 39, 39, 39, 39, 39, 39, 39, 39, 39, 39, 39, 39, 39, 39, 39, 39, 39, 39, 39, 39, 39, 39, 39, 39, 39, 39, 39, 39, 39, 39, 39, 39, 39, 39, 39, 39, 39, 39, 39, 39, 39, 39, 39, 39, 39, 39, 39, 39, 39, 39, 39, 39, 39, 39, 39, 40, 40, 40, 40, 40, 40, 40, 40, 40, 40, 40, 40, 40, 40, 40, 40, 40, 40, 40, 40, 40, 40, 40, 40, 40, 40, 40, 40, 40, 40, 40, 40, 40, 40, 40, 40, 40, 40, 40, 40, 40, 40, 40, 40, 40, 40, 40, 40, 40, 41, 41, 41, 41, 41, 41, 41, 41, 41, 41, 41, 41, 41, 41, 41, 41, 41, 41, 41, 41, 41, 41, 41, 41, 41, 41, 41, 41, 41, 41, 41, 41, 41, 41, 41, 41, 41, 41, 41, 41, 41, 41, 41, 41, 41, 41, 41, 41, 41, 41, 26, 27, 28, 28, 28, 28, 28, 28, 29, 29, 29, 29, 29, 29, 30, 30, 30, 30, 30, 30, 31, 31, 31, 31, 31, 31, 32, 33, 34, 34, 34, 34, 35, 35, 35, 35, 35, 36, 36, 36, 36, 36, 36, 36, 36, 37, 37, 37, 37, 37, 37, 37, 37, 38, 38, 38, 38, 38, 38, 38, 38, 39, 39, 39, 39, 39, 39, 39, 39, 40, 40, 40, 40, 41, 41, 41, 41, 41, 26, 27, 27, 28, 28, 28, 28, 28, 28, 28, 28, 29, 29, 29, 29, 29, 29, 29, 29, 30, 30, 30, 30, 30, 30, 30, 30, 31, 31, 31, 31, 31, 31, 31, 31, 32, 33, 33, 34, 34, 34, 34, 34, 35, 35, 35, 35, 35, 36, 36, 36, 36, 36, 36, 36, 36, 37, 37, 37, 37, 37, 37, 37, 37, 38, 38, 38, 38, 38, 38, 38, 38, 39, 39, 39, 39, 39, 39, 39, 39, 40, 40, 40, 40, 40, 41, 41, 41, 41, 41], "moment_dual_formulation": false, "factor_response": false, "coherent_atoms": true, "solve_seconds": 31.496054709001328, "solver": "CLARABEL", "solver_status": "optimal_inaccurate", "solver_iterations": 31, "solver_max_threads": 1, "status": "requires_independent_exact_replay", "proposed_b": -9.257752516459622, "numeric_coefficient_l1": 8.04701693628699e-06, "minimum_PSD_eigenvalue": -3.3525066986257302e-09, "total_state_action_Ha": 0.0028742961181580456, "factor_rows": 1653, "certificate_bytes": 2663829, "round_seconds": 33.22737774999405, "total_seconds": 66.28854720799427}
{"stage": "solve", "case": "h8", "round": 2, "spin_lifting": true, "rank_cap_initial": 32, "gram_entries": 18888, "gram_dimensions": [4, 4, 4, 4, 4, 4, 4, 4, 12, 16, 32, 32, 12, 16, 12, 16, 32, 32, 12, 16, 32, 32, 64, 64, 32, 32, 1, 1, 1, 1, 1, 1, 1, 1, 1, 1, 1, 1, 1, 1, 1, 1, 1, 1, 1, 1, 1, 1, 1, 1, 1, 1, 1, 1, 1, 1, 1, 1, 1, 1, 1, 1, 1, 1, 1, 1, 1, 1, 1, 1, 1, 1, 1, 1, 1, 1, 1, 1, 1, 1, 1, 1, 1, 1, 1, 1, 1, 1, 1, 1, 1, 1, 1, 1, 1, 1, 1, 1, 1, 1, 1, 1, 1, 1, 1, 1, 1, 1, 1, 1, 1, 1, 1, 1, 1, 1, 1, 1, 1, 1, 1, 1, 1, 1, 1, 1, 1, 1, 1, 1, 1, 1, 1, 1, 1, 1, 1, 1, 1, 1, 1, 1, 1, 1, 1, 1, 1, 1, 1, 1, 1, 1, 1, 1, 1, 1, 1, 1, 1, 1, 1, 1, 1, 1, 1, 1, 1, 1, 1, 1, 1, 1, 1, 1, 1, 1, 1, 1, 1, 1, 1, 1, 1, 1, 1, 1, 1, 1, 1, 1, 1, 1, 1, 1, 1, 1, 1, 1, 1, 1, 1, 1, 1, 1, 1, 1, 1, 1, 1, 1, 1, 1, 1, 1, 1, 1, 1, 1, 1, 1, 1, 1, 1, 1, 1, 1, 1, 1, 1, 1, 1, 1, 1, 1, 1, 1, 1, 1, 1, 1, 1, 1, 1, 1, 1, 1, 1, 1, 1, 1, 1, 1, 1, 1, 1, 1, 1, 1, 1, 1, 1, 1, 1, 1, 1, 1, 1, 1, 1, 1, 1, 1, 1, 1, 1, 1, 1, 1, 1, 1, 1, 1, 1, 1, 1, 1, 1, 1, 1, 1, 1, 1, 1, 1, 1, 1, 1, 1, 1, 1, 1, 1, 1, 1, 1, 1, 1, 1, 1, 1, 1, 1, 1, 1, 1, 1, 1, 1, 1, 1, 1, 1, 1, 1, 1, 1, 1, 1, 1, 1, 1, 1, 1, 1, 1, 1, 1, 1, 1, 1, 1, 1, 1, 1, 1, 1, 1, 1, 1, 1, 1, 1, 1, 1, 1, 1, 1, 1, 1, 1, 1, 1, 1, 1, 1, 1, 1, 1, 1, 1, 1, 1, 1, 1, 1, 1, 1, 1, 1, 1, 1, 1, 1, 1, 1, 1, 1, 1, 1, 1, 1, 1, 1, 1, 1, 1, 1, 1, 1, 1, 1, 1, 1, 1, 1, 1, 1, 1, 1, 1, 1, 1, 1, 1, 1, 1, 1, 1, 1, 1, 1, 1, 1, 1, 1, 1, 1, 1, 1, 1, 1, 1, 1, 1, 1, 1, 1, 1, 1, 1, 1, 1, 1, 1, 1, 1, 1, 1, 1, 1, 1, 1, 1, 1, 1, 1, 1, 1, 1, 1, 1, 1, 1, 1, 1, 1, 1, 1, 1, 1, 1, 1, 1, 1, 1, 1, 1, 1, 1, 1, 1, 1, 1, 1, 1, 1, 1, 1, 1, 1, 1, 1, 1, 1, 1, 1, 1, 1, 1, 1, 1, 1, 1, 1, 1, 1, 1, 1, 1, 1, 1, 1, 1, 1, 1, 1, 1, 1, 1, 1, 1, 1, 1, 1, 1, 1, 1, 1, 1, 1, 1, 1, 1, 1, 1, 1, 1, 1, 1, 1, 1, 1, 1, 1, 1, 1, 1, 1, 1, 1, 1, 1, 1, 1, 1, 1, 1, 1, 1, 1, 1, 1, 1, 1, 1, 1, 1, 1, 1, 1, 1, 1, 1, 1, 1, 1, 1, 1, 1, 1, 1, 1, 1, 1, 1, 1, 1, 1, 1, 1, 1, 1, 1, 1, 1, 1, 1, 1, 1, 1, 1, 1, 1, 1, 1, 1, 1, 1, 1, 1, 1, 1, 1, 1, 1, 1, 1, 1, 1, 1, 1, 1, 1, 1, 1, 1, 1, 1, 1, 1, 1, 1, 1, 1, 1, 1, 1, 1, 1, 1, 1, 1, 1, 1, 1, 1, 1, 1, 1, 1, 1, 1, 1, 1, 1, 1, 1, 1, 1, 1, 1, 1, 1, 1, 1, 1, 1, 1, 1, 1, 1, 1, 1, 1, 1, 1, 1, 1, 1, 1, 1, 1, 1, 1, 1, 1, 1, 1, 1, 1, 1, 1, 1, 1, 1, 1, 1, 1, 1, 1, 1, 1, 1, 1, 1, 1, 1, 1, 1, 1, 1, 1, 1, 1, 1, 1, 1, 1, 1, 1, 1, 1, 1, 1, 1, 1, 1, 1, 1, 1, 1, 1, 1, 1, 1, 1, 1, 1, 1, 1, 1, 1, 1, 1, 1, 1, 1, 1, 1, 1, 1, 1, 1, 1, 1, 1, 1, 1, 1, 1, 1, 1, 1, 1, 1, 1, 1, 1, 1, 1, 1, 1, 1, 1, 1, 1, 1, 1, 1, 1, 1, 1, 1, 1, 1, 1, 1, 1, 1, 1, 1, 1, 1, 1, 1, 1, 1, 1, 1, 1, 1, 1], "full_gram_entries": 1308480, "coefficient_equations": 581, "free_variables": 116, "projected_map_nonzeros": 459926, "build_seconds": 0.6090008749888511, "prepared_dependency": "results/collective_completion_20260914/prepared/h8_global_triples", "fixture": "results/certificate_scaling/active_space_ladder/h8/fixture.json", "state": "results/correlated_pair_20260913/mps/h8_spatial_warm144/state.json", "full_Gram_teacher_used": false, "many_body_states_enumerated": 0, "magnetization": 0, "singlet": true, "ladder_ideal_dimension": 32, "spin_row_projection": {"original_rows": 1525, "independent_invariant_rows": 581, "integer_denominator": 6, "projector_nonzeros": 7897, "exact_integer_idempotence_checked": true, "modular_prime": 65521, "rank_equals_exact_trace": true}, "shared_spin_orbits": false, "map_ids": [0, 1, 2, 3, 4, 5, 6, 7, 8, 9, 10, 11, 12, 13, 14, 15, 16, 17, 18, 19, 20, 21, 22, 23, 24, 25, 26, 27, 28, 29, 30, 31, 32, 33, 34, 34, 34, 34, 34, 34, 34, 34, 34, 34, 34, 34, 34, 34, 34, 34, 34, 34, 34, 34, 34, 34, 34, 34, 34, 34, 34, 34, 34, 34, 34, 34, 34, 34, 34, 34, 34, 34, 34, 34, 34, 34, 34, 34, 34, 34, 34, 34, 34, 35, 35, 35, 35, 35, 35, 35, 35, 35, 35, 35, 35, 35, 35, 35, 35, 35, 35, 35, 35, 35, 35, 35, 35, 35, 35, 35, 35, 35, 35, 35, 35, 35, 35, 35, 35, 35, 35, 35, 35, 35, 35, 35, 35, 35, 35, 35, 35, 35, 35, 36, 36, 36, 36, 36, 36, 36, 36, 36, 36, 36, 36, 36, 36, 36, 36, 36, 36, 36, 36, 36, 36, 36, 36, 36, 36, 36, 36, 36, 36, 36, 36, 36, 36, 36, 36, 36, 36, 36, 36, 36, 36, 36, 36, 36, 36, 36, 36, 36, 36, 36, 36, 36, 36, 36, 36, 36, 36, 36, 36, 36, 36, 36, 36, 36, 36, 36, 36, 36, 36, 36, 36, 36, 36, 36, 36, 36, 36, 37, 37, 37, 37, 37, 37, 37, 37, 37, 37, 37, 37, 37, 37, 37, 37, 37, 37, 37, 37, 37, 37, 37, 37, 37, 37, 37, 37, 37, 37, 37, 37, 37, 37, 37, 37, 37, 37, 37, 37, 37, 37, 37, 37, 37, 37, 37, 37, 37, 37, 37, 37, 37, 37, 37, 37, 37, 37, 37, 37, 37, 37, 37, 37, 37, 37, 37, 37, 37, 37, 37, 37, 37, 37, 37, 37, 37, 37, 37, 38, 38, 38, 38, 38, 38, 38, 38, 38, 38, 38, 38, 38, 38, 38, 38, 38, 38, 38, 38, 38, 38, 38, 38, 38, 38, 38, 38, 38, 38, 38, 38, 38, 38, 38, 38, 38, 38, 38, 38, 38, 38, 38, 38, 38, 38, 38, 38, 38, 38, 38, 38, 38, 38, 38, 38, 38, 38, 38, 38, 38, 38, 38, 38, 38, 38, 38, 38, 38, 38, 38, 38, 38, 38, 38, 38, 38, 38, 39, 39, 39, 39, 39, 39, 39, 39, 39, 39, 39, 39, 39, 39, 39, 39, 39, 39, 39, 39, 39, 39, 39, 39, 39, 39, 39, 39, 39, 39, 39, 39, 39, 39, 39, 39, 39, 39, 39, 39, 39, 39, 39, 39, 39, 39, 39, 39, 39, 39, 39, 39, 39, 39, 39, 39, 39, 39, 39, 39, 39, 39, 39, 39, 39, 39, 39, 39, 39, 39, 39, 39, 39, 39, 39, 39, 39, 39, 39, 40, 40, 40, 40, 40, 40, 40, 40, 40, 40, 40, 40, 40, 40, 40, 40, 40, 40, 40, 40, 40, 40, 40, 40, 40, 40, 40, 40, 40, 40, 40, 40, 40, 40, 40, 40, 40, 40, 40, 40, 40, 40, 40, 40, 40, 40, 40, 40, 40, 41, 41, 41, 41, 41, 41, 41, 41, 41, 41, 41, 41, 41, 41, 41, 41, 41, 41, 41, 41, 41, 41, 41, 41, 41, 41, 41, 41, 41, 41, 41, 41, 41, 41, 41, 41, 41, 41, 41, 41, 41, 41, 41, 41, 41, 41, 41, 41, 41, 41, 26, 27, 28, 28, 28, 28, 28, 28, 29, 29, 29, 29, 29, 29, 30, 30, 30, 30, 30, 30, 31, 31, 31, 31, 31, 31, 32, 33, 34, 34, 34, 34, 35, 35, 35, 35, 35, 36, 36, 36, 36, 36, 36, 36, 36, 37, 37, 37, 37, 37, 37, 37, 37, 38, 38, 38, 38, 38, 38, 38, 38, 39, 39, 39, 39, 39, 39, 39, 39, 40, 40, 40, 40, 41, 41, 41, 41, 41, 26, 27, 27, 28, 28, 28, 28, 28, 28, 28, 28, 29, 29, 29, 29, 29, 29, 29, 29, 30, 30, 30, 30, 30, 30, 30, 30, 31, 31, 31, 31, 31, 31, 31, 31, 32, 33, 33, 34, 34, 34, 34, 34, 35, 35, 35, 35, 35, 36, 36, 36, 36, 36, 36, 36, 36, 37, 37, 37, 37, 37, 37, 37, 37, 38, 38, 38, 38, 38, 38, 38, 38, 39, 39, 39, 39, 39, 39, 39, 39, 40, 40, 40, 40, 40, 41, 41, 41, 41, 41, 26, 27, 28, 28, 28, 28, 28, 28, 28, 28, 29, 29, 29, 29, 29, 29, 29, 29, 30, 30, 30, 30, 30, 30, 30, 30, 31, 31, 31, 31, 31, 31, 31, 31, 32, 33, 34, 34, 34, 34, 34, 35, 35, 35, 35, 35, 36, 36, 36, 36, 36, 36, 36, 36, 37, 37, 37, 37, 37, 37, 37, 37, 38, 38, 38, 38, 38, 38, 38, 38, 39, 39, 39, 39, 39, 39, 39, 39, 40, 40, 40, 40, 40, 41, 41, 41, 41, 41], "moment_dual_formulation": false, "factor_response": false, "coherent_atoms": true}
(CVXPY) Sep 14 01:26:40 PM: Your problem has 19004 variables, 581 constraints, and 0 parameters.
(CVXPY) Sep 14 01:26:40 PM: It is compliant with the following grammars: DCP, DQCP
(CVXPY) Sep 14 01:26:40 PM: DCP verification time: 0.0096 seconds.
(CVXPY) Sep 14 01:26:40 PM: Expression tree has 6 nodes.
(CVXPY) Sep 14 01:26:40 PM: (If you need to solve this problem multiple times, but with different data, consider using parameters.)
(CVXPY) Sep 14 01:26:40 PM: CVXPY will first compile your problem; then, it will invoke a numerical solver to obtain a solution.
(CVXPY) Sep 14 01:26:40 PM: Your problem is compiled with the CPP canonicalization backend.
(CVXPY) Sep 14 01:26:40 PM: Compiling problem (target solver=CLARABEL).
(CVXPY) Sep 14 01:26:40 PM: Reduction chain: FlipObjective -> Dcp2Cone -> CvxAttr2Constr -> ExactCone2Cone -> EliminateZeroSized -> ConeMatrixStuffing -> CLARABEL
(CVXPY) Sep 14 01:26:40 PM: Applying reduction FlipObjective
(CVXPY) Sep 14 01:26:40 PM: Applying reduction Dcp2Cone
(CVXPY) Sep 14 01:26:40 PM: Applying reduction CvxAttr2Constr
(CVXPY) Sep 14 01:26:41 PM: Applying reduction ExactCone2Cone
(CVXPY) Sep 14 01:26:41 PM: Applying reduction EliminateZeroSized
(CVXPY) Sep 14 01:26:41 PM: Applying reduction ConeMatrixStuffing
(CVXPY) Sep 14 01:26:42 PM: Applying reduction CLARABEL
(CVXPY) Sep 14 01:26:42 PM: Finished problem compilation (took 2.138e+00 seconds).
(CVXPY) Sep 14 01:26:42 PM: Invoking solver CLARABEL  to obtain a solution.
===============================================================================
                                     CVXPY                                     
                                     v1.9.2                                    
===============================================================================
-------------------------------------------------------------------------------
                                  Compilation                                  
-------------------------------------------------------------------------------
-------------------------------------------------------------------------------
                                Numerical solver                               
-------------------------------------------------------------------------------
-------------------------------------------------------------
           Clarabel.rs v0.11.1  -  Clever Acronym                

                   (c) Paul Goulart                          
                University of Oxford, 2022                   
-------------------------------------------------------------

problem:
  variables     = 10212
  constraints   = 10677
  nnz(P)        = 0
  nnz(A)        = 471745
  cones (total) = 28
    :        Zero = 1,  numel = 581
    : Nonnegative = 1,  numel = 776
    : PSDTriangle = 26,  numel = (10,10,10,10,...,528)

settings:
  linear algebra: direct / faer, precision: 64 bit (1 thread)
  max iter = 300, time limit = 75.0,  max step = 0.990
  tol_feas = 1.0e-9, tol_gap_abs = 1.0e-9, tol_gap_rel = 1.0e-9,
  static reg : on, ϵ1 = 1.0e-8, ϵ2 = 4.9e-32
  dynamic reg: on, ϵ = 1.0e-13, δ = 2.0e-7
  iter refine: on, reltol = 1.0e-13, abstol = 1.0e-12,
               max iter = 10, stop ratio = 5.0
  equilibrate: on, min_scale = 1.0e-4, max_scale = 1.0e4
               max iter = 10

iter    pcost        dcost       gap       pres      dres      k/t        μ       step      
---------------------------------------------------------------------------------------------
(CVXPY) Sep 14 01:27:13 PM: Problem status: optimal_inaccurate
(CVXPY) Sep 14 01:27:13 PM: Optimal value: -9.258e+00
(CVXPY) Sep 14 01:27:13 PM: Compilation took 2.138e+00 seconds
(CVXPY) Sep 14 01:27:13 PM: Solver (including time spent in interface) took 3.047e+01 seconds
  0  +7.9086e+00  +7.9086e+00  1.64e-13  8.31e-01  6.25e-01  1.00e+00  1.45e+00   ------   
  1  +7.1398e+00  +7.6670e+00  7.38e-02  4.04e-01  1.45e-01  6.84e-01  6.17e-01  9.90e-01  
  2  +7.9843e+00  +8.1553e+00  2.14e-02  8.85e-02  2.10e-02  1.93e-01  1.31e-01  8.29e-01  
  3  +8.6076e+00  +8.6836e+00  8.83e-03  4.67e-02  1.11e-02  8.81e-02  7.39e-02  5.56e-01  
  4  +8.7158e+00  +8.7615e+00  5.24e-03  3.85e-02  9.13e-03  5.57e-02  6.38e-02  3.55e-01  
  5  +8.9657e+00  +8.9819e+00  1.80e-03  1.71e-02  4.01e-03  2.07e-02  3.16e-02  5.67e-01  
  6  +9.0930e+00  +9.0967e+00  4.00e-04  9.71e-03  2.25e-03  6.24e-03  2.06e-02  6.69e-01  
  7  +9.2037e+00  +9.2037e+00  8.17e-06  3.23e-03  7.30e-04  9.50e-04  8.19e-03  8.16e-01  
  8  +9.2181e+00  +9.2178e+00  2.64e-05  2.19e-03  4.95e-04  3.57e-04  6.07e-03  7.71e-01  
  9  +9.2476e+00  +9.2475e+00  1.43e-05  8.23e-04  1.85e-04  9.54e-05  2.54e-03  8.05e-01  
 10  +9.2470e+00  +9.2469e+00  1.36e-05  6.87e-04  1.59e-04  7.08e-05  2.17e-03  4.31e-01  
 11  +9.2546e+00  +9.2545e+00  5.62e-06  2.60e-04  6.27e-05  2.61e-05  8.96e-04  6.64e-01  
 12  +9.2564e+00  +9.2564e+00  2.96e-06  1.25e-04  3.08e-05  1.11e-05  4.46e-04  6.76e-01  
 13  +9.2568e+00  +9.2567e+00  2.19e-06  8.60e-05  2.17e-05  6.85e-06  3.13e-04  5.50e-01  
 14  +9.2574e+00  +9.2574e+00  9.47e-07  3.59e-05  9.16e-06  2.74e-06  1.34e-04  6.59e-01  
 15  +9.2576e+00  +9.2576e+00  5.62e-07  2.08e-05  5.32e-06  1.49e-06  7.80e-05  5.84e-01  
 16  +9.2577e+00  +9.2577e+00  3.14e-07  1.13e-05  2.94e-06  7.90e-07  4.31e-05  5.69e-01  
 17  +9.2577e+00  +9.2577e+00  2.84e-07  1.01e-05  2.64e-06  6.98e-07  3.88e-05  1.99e-01  
 18  +9.2577e+00  +9.2577e+00  1.57e-07  5.49e-06  1.44e-06  3.56e-07  2.12e-05  7.12e-01  
 19  +9.2577e+00  +9.2577e+00  5.00e-08  1.73e-06  4.54e-07  1.10e-07  6.72e-06  7.47e-01  
 20  +9.2577e+00  +9.2577e+00  3.68e-08  1.26e-06  3.31e-07  7.73e-08  4.91e-06  7.34e-01  
 21  +9.2578e+00  +9.2578e+00  1.61e-08  5.50e-07  1.45e-07  3.36e-08  2.15e-06  6.15e-01  
 22  +9.2578e+00  +9.2578e+00  1.22e-08  4.15e-07  1.09e-07  2.52e-08  1.63e-06  5.16e-01  
 23  +9.2578e+00  +9.2578e+00  3.27e-09  1.11e-07  2.93e-08  6.70e-09  4.37e-07  8.15e-01  
 24  +9.2578e+00  +9.2578e+00  1.91e-09  6.49e-08  1.71e-08  3.88e-09  2.55e-07  6.43e-01  
 25  +9.2578e+00  +9.2578e+00  1.36e-09  4.60e-08  1.21e-08  2.68e-09  1.88e-07  7.76e-01  
 26  +9.2578e+00  +9.2578e+00  7.85e-10  2.90e-08  6.98e-09  1.55e-09  1.07e-07  4.67e-01  
 27  +9.2578e+00  +9.2578e+00  7.10e-10  2.55e-08  6.31e-09  1.39e-09  9.69e-08  2.22e-01  
 28  +9.2578e+00  +9.2578e+00  3.14e-10  1.19e-08  2.79e-09  6.11e-10  4.27e-08  6.45e-01  
 29  +9.2578e+00  +9.2578e+00  3.14e-10  1.19e-08  2.79e-09  6.11e-10  4.27e-08  0.00e+00  
---------------------------------------------------------------------------------------------
Terminated with status = AlmostSolved
solve time = 30.430020374s
-------------------------------------------------------------------------------
                                    Summary                                    
-------------------------------------------------------------------------------
{"case": "h8", "round": 2, "spin_lifting": true, "rank_cap_initial": 32, "gram_entries": 18888, "gram_dimensions": [4, 4, 4, 4, 4, 4, 4, 4, 12, 16, 32, 32, 12, 16, 12, 16, 32, 32, 12, 16, 32, 32, 64, 64, 32, 32, 1, 1, 1, 1, 1, 1, 1, 1, 1, 1, 1, 1, 1, 1, 1, 1, 1, 1, 1, 1, 1, 1, 1, 1, 1, 1, 1, 1, 1, 1, 1, 1, 1, 1, 1, 1, 1, 1, 1, 1, 1, 1, 1, 1, 1, 1, 1, 1, 1, 1, 1, 1, 1, 1, 1, 1, 1, 1, 1, 1, 1, 1, 1, 1, 1, 1, 1, 1, 1, 1, 1, 1, 1, 1, 1, 1, 1, 1, 1, 1, 1, 1, 1, 1, 1, 1, 1, 1, 1, 1, 1, 1, 1, 1, 1, 1, 1, 1, 1, 1, 1, 1, 1, 1, 1, 1, 1, 1, 1, 1, 1, 1, 1, 1, 1, 1, 1, 1, 1, 1, 1, 1, 1, 1, 1, 1, 1, 1, 1, 1, 1, 1, 1, 1, 1, 1, 1, 1, 1, 1, 1, 1, 1, 1, 1, 1, 1, 1, 1, 1, 1, 1, 1, 1, 1, 1, 1, 1, 1, 1, 1, 1, 1, 1, 1, 1, 1, 1, 1, 1, 1, 1, 1, 1, 1, 1, 1, 1, 1, 1, 1, 1, 1, 1, 1, 1, 1, 1, 1, 1, 1, 1, 1, 1, 1, 1, 1, 1, 1, 1, 1, 1, 1, 1, 1, 1, 1, 1, 1, 1, 1, 1, 1, 1, 1, 1, 1, 1, 1, 1, 1, 1, 1, 1, 1, 1, 1, 1, 1, 1, 1, 1, 1, 1, 1, 1, 1, 1, 1, 1, 1, 1, 1, 1, 1, 1, 1, 1, 1, 1, 1, 1, 1, 1, 1, 1, 1, 1, 1, 1, 1, 1, 1, 1, 1, 1, 1, 1, 1, 1, 1, 1, 1, 1, 1, 1, 1, 1, 1, 1, 1, 1, 1, 1, 1, 1, 1, 1, 1, 1, 1, 1, 1, 1, 1, 1, 1, 1, 1, 1, 1, 1, 1, 1, 1, 1, 1, 1, 1, 1, 1, 1, 1, 1, 1, 1, 1, 1, 1, 1, 1, 1, 1, 1, 1, 1, 1, 1, 1, 1, 1, 1, 1, 1, 1, 1, 1, 1, 1, 1, 1, 1, 1, 1, 1, 1, 1, 1, 1, 1, 1, 1, 1, 1, 1, 1, 1, 1, 1, 1, 1, 1, 1, 1, 1, 1, 1, 1, 1, 1, 1, 1, 1, 1, 1, 1, 1, 1, 1, 1, 1, 1, 1, 1, 1, 1, 1, 1, 1, 1, 1, 1, 1, 1, 1, 1, 1, 1, 1, 1, 1, 1, 1, 1, 1, 1, 1, 1, 1, 1, 1, 1, 1, 1, 1, 1, 1, 1, 1, 1, 1, 1, 1, 1, 1, 1, 1, 1, 1, 1, 1, 1, 1, 1, 1, 1, 1, 1, 1, 1, 1, 1, 1, 1, 1, 1, 1, 1, 1, 1, 1, 1, 1, 1, 1, 1, 1, 1, 1, 1, 1, 1, 1, 1, 1, 1, 1, 1, 1, 1, 1, 1, 1, 1, 1, 1, 1, 1, 1, 1, 1, 1, 1, 1, 1, 1, 1, 1, 1, 1, 1, 1, 1, 1, 1, 1, 1, 1, 1, 1, 1, 1, 1, 1, 1, 1, 1, 1, 1, 1, 1, 1, 1, 1, 1, 1, 1, 1, 1, 1, 1, 1, 1, 1, 1, 1, 1, 1, 1, 1, 1, 1, 1, 1, 1, 1, 1, 1, 1, 1, 1, 1, 1, 1, 1, 1, 1, 1, 1, 1, 1, 1, 1, 1, 1, 1, 1, 1, 1, 1, 1, 1, 1, 1, 1, 1, 1, 1, 1, 1, 1, 1, 1, 1, 1, 1, 1, 1, 1, 1, 1, 1, 1, 1, 1, 1, 1, 1, 1, 1, 1, 1, 1, 1, 1, 1, 1, 1, 1, 1, 1, 1, 1, 1, 1, 1, 1, 1, 1, 1, 1, 1, 1, 1, 1, 1, 1, 1, 1, 1, 1, 1, 1, 1, 1, 1, 1, 1, 1, 1, 1, 1, 1, 1, 1, 1, 1, 1, 1, 1, 1, 1, 1, 1, 1, 1, 1, 1, 1, 1, 1, 1, 1, 1, 1, 1, 1, 1, 1, 1, 1, 1, 1, 1, 1, 1, 1, 1, 1, 1, 1, 1, 1, 1, 1, 1, 1, 1, 1, 1, 1, 1, 1, 1, 1, 1, 1, 1, 1, 1, 1, 1, 1, 1, 1, 1, 1, 1, 1, 1, 1, 1, 1, 1, 1, 1, 1, 1, 1, 1, 1, 1, 1, 1, 1, 1, 1, 1, 1, 1, 1, 1, 1, 1, 1, 1, 1, 1, 1, 1, 1, 1, 1, 1, 1, 1, 1, 1, 1, 1, 1, 1, 1, 1, 1, 1, 1, 1, 1, 1, 1, 1, 1, 1, 1, 1, 1, 1, 1, 1, 1, 1, 1, 1, 1, 1, 1, 1, 1, 1, 1, 1, 1, 1, 1, 1], "full_gram_entries": 1308480, "coefficient_equations": 581, "free_variables": 116, "projected_map_nonzeros": 459926, "build_seconds": 0.6090008749888511, "prepared_dependency": "results/collective_completion_20260914/prepared/h8_global_triples", "fixture": "results/certificate_scaling/active_space_ladder/h8/fixture.json", "state": "results/correlated_pair_20260913/mps/h8_spatial_warm144/state.json", "full_Gram_teacher_used": false, "many_body_states_enumerated": 0, "magnetization": 0, "singlet": true, "ladder_ideal_dimension": 32, "spin_row_projection": {"original_rows": 1525, "independent_invariant_rows": 581, "integer_denominator": 6, "projector_nonzeros": 7897, "exact_integer_idempotence_checked": true, "modular_prime": 65521, "rank_equals_exact_trace": true}, "shared_spin_orbits": false, "map_ids": [0, 1, 2, 3, 4, 5, 6, 7, 8, 9, 10, 11, 12, 13, 14, 15, 16, 17, 18, 19, 20, 21, 22, 23, 24, 25, 26, 27, 28, 29, 30, 31, 32, 33, 34, 34, 34, 34, 34, 34, 34, 34, 34, 34, 34, 34, 34, 34, 34, 34, 34, 34, 34, 34, 34, 34, 34, 34, 34, 34, 34, 34, 34, 34, 34, 34, 34, 34, 34, 34, 34, 34, 34, 34, 34, 34, 34, 34, 34, 34, 34, 34, 34, 35, 35, 35, 35, 35, 35, 35, 35, 35, 35, 35, 35, 35, 35, 35, 35, 35, 35, 35, 35, 35, 35, 35, 35, 35, 35, 35, 35, 35, 35, 35, 35, 35, 35, 35, 35, 35, 35, 35, 35, 35, 35, 35, 35, 35, 35, 35, 35, 35, 35, 36, 36, 36, 36, 36, 36, 36, 36, 36, 36, 36, 36, 36, 36, 36, 36, 36, 36, 36, 36, 36, 36, 36, 36, 36, 36, 36, 36, 36, 36, 36, 36, 36, 36, 36, 36, 36, 36, 36, 36, 36, 36, 36, 36, 36, 36, 36, 36, 36, 36, 36, 36, 36, 36, 36, 36, 36, 36, 36, 36, 36, 36, 36, 36, 36, 36, 36, 36, 36, 36, 36, 36, 36, 36, 36, 36, 36, 36, 37, 37, 37, 37, 37, 37, 37, 37, 37, 37, 37, 37, 37, 37, 37, 37, 37, 37, 37, 37, 37, 37, 37, 37, 37, 37, 37, 37, 37, 37, 37, 37, 37, 37, 37, 37, 37, 37, 37, 37, 37, 37, 37, 37, 37, 37, 37, 37, 37, 37, 37, 37, 37, 37, 37, 37, 37, 37, 37, 37, 37, 37, 37, 37, 37, 37, 37, 37, 37, 37, 37, 37, 37, 37, 37, 37, 37, 37, 37, 38, 38, 38, 38, 38, 38, 38, 38, 38, 38, 38, 38, 38, 38, 38, 38, 38, 38, 38, 38, 38, 38, 38, 38, 38, 38, 38, 38, 38, 38, 38, 38, 38, 38, 38, 38, 38, 38, 38, 38, 38, 38, 38, 38, 38, 38, 38, 38, 38, 38, 38, 38, 38, 38, 38, 38, 38, 38, 38, 38, 38, 38, 38, 38, 38, 38, 38, 38, 38, 38, 38, 38, 38, 38, 38, 38, 38, 38, 39, 39, 39, 39, 39, 39, 39, 39, 39, 39, 39, 39, 39, 39, 39, 39, 39, 39, 39, 39, 39, 39, 39, 39, 39, 39, 39, 39, 39, 39, 39, 39, 39, 39, 39, 39, 39, 39, 39, 39, 39, 39, 39, 39, 39, 39, 39, 39, 39, 39, 39, 39, 39, 39, 39, 39, 39, 39, 39, 39, 39, 39, 39, 39, 39, 39, 39, 39, 39, 39, 39, 39, 39, 39, 39, 39, 39, 39, 39, 40, 40, 40, 40, 40, 40, 40, 40, 40, 40, 40, 40, 40, 40, 40, 40, 40, 40, 40, 40, 40, 40, 40, 40, 40, 40, 40, 40, 40, 40, 40, 40, 40, 40, 40, 40, 40, 40, 40, 40, 40, 40, 40, 40, 40, 40, 40, 40, 40, 41, 41, 41, 41, 41, 41, 41, 41, 41, 41, 41, 41, 41, 41, 41, 41, 41, 41, 41, 41, 41, 41, 41, 41, 41, 41, 41, 41, 41, 41, 41, 41, 41, 41, 41, 41, 41, 41, 41, 41, 41, 41, 41, 41, 41, 41, 41, 41, 41, 41, 26, 27, 28, 28, 28, 28, 28, 28, 29, 29, 29, 29, 29, 29, 30, 30, 30, 30, 30, 30, 31, 31, 31, 31, 31, 31, 32, 33, 34, 34, 34, 34, 35, 35, 35, 35, 35, 36, 36, 36, 36, 36, 36, 36, 36, 37, 37, 37, 37, 37, 37, 37, 37, 38, 38, 38, 38, 38, 38, 38, 38, 39, 39, 39, 39, 39, 39, 39, 39, 40, 40, 40, 40, 41, 41, 41, 41, 41, 26, 27, 27, 28, 28, 28, 28, 28, 28, 28, 28, 29, 29, 29, 29, 29, 29, 29, 29, 30, 30, 30, 30, 30, 30, 30, 30, 31, 31, 31, 31, 31, 31, 31, 31, 32, 33, 33, 34, 34, 34, 34, 34, 35, 35, 35, 35, 35, 36, 36, 36, 36, 36, 36, 36, 36, 37, 37, 37, 37, 37, 37, 37, 37, 38, 38, 38, 38, 38, 38, 38, 38, 39, 39, 39, 39, 39, 39, 39, 39, 40, 40, 40, 40, 40, 41, 41, 41, 41, 41, 26, 27, 28, 28, 28, 28, 28, 28, 28, 28, 29, 29, 29, 29, 29, 29, 29, 29, 30, 30, 30, 30, 30, 30, 30, 30, 31, 31, 31, 31, 31, 31, 31, 31, 32, 33, 34, 34, 34, 34, 34, 35, 35, 35, 35, 35, 36, 36, 36, 36, 36, 36, 36, 36, 37, 37, 37, 37, 37, 37, 37, 37, 38, 38, 38, 38, 38, 38, 38, 38, 39, 39, 39, 39, 39, 39, 39, 39, 40, 40, 40, 40, 40, 41, 41, 41, 41, 41], "moment_dual_formulation": false, "factor_response": false, "coherent_atoms": true, "solve_seconds": 32.684485249992576, "solver": "CLARABEL", "solver_status": "optimal_inaccurate", "solver_iterations": 29, "solver_max_threads": 1, "status": "requires_independent_exact_replay", "proposed_b": -9.257752486682849, "numeric_coefficient_l1": 8.098979654561387e-06, "minimum_PSD_eigenvalue": -4.939596411304193e-09, "total_state_action_Ha": 0.002874247502419027, "factor_rows": 1825, "certificate_bytes": 2918850, "round_seconds": 34.61005750000186, "total_seconds": 100.97294349998992}
{"stage": "solve", "case": "h8", "round": 3, "spin_lifting": true, "rank_cap_initial": 32, "gram_entries": 18976, "gram_dimensions": [4, 4, 4, 4, 4, 4, 4, 4, 12, 16, 32, 32, 12, 16, 12, 16, 32, 32, 12, 16, 32, 32, 64, 64, 32, 32, 1, 1, 1, 1, 1, 1, 1, 1, 1, 1, 1, 1, 1, 1, 1, 1, 1, 1, 1, 1, 1, 1, 1, 1, 1, 1, 1, 1, 1, 1, 1, 1, 1, 1, 1, 1, 1, 1, 1, 1, 1, 1, 1, 1, 1, 1, 1, 1, 1, 1, 1, 1, 1, 1, 1, 1, 1, 1, 1, 1, 1, 1, 1, 1, 1, 1, 1, 1, 1, 1, 1, 1, 1, 1, 1, 1, 1, 1, 1, 1, 1, 1, 1, 1, 1, 1, 1, 1, 1, 1, 1, 1, 1, 1, 1, 1, 1, 1, 1, 1, 1, 1, 1, 1, 1, 1, 1, 1, 1, 1, 1, 1, 1, 1, 1, 1, 1, 1, 1, 1, 1, 1, 1, 1, 1, 1, 1, 1, 1, 1, 1, 1, 1, 1, 1, 1, 1, 1, 1, 1, 1, 1, 1, 1, 1, 1, 1, 1, 1, 1, 1, 1, 1, 1, 1, 1, 1, 1, 1, 1, 1, 1, 1, 1, 1, 1, 1, 1, 1, 1, 1, 1, 1, 1, 1, 1, 1, 1, 1, 1, 1, 1, 1, 1, 1, 1, 1, 1, 1, 1, 1, 1, 1, 1, 1, 1, 1, 1, 1, 1, 1, 1, 1, 1, 1, 1, 1, 1, 1, 1, 1, 1, 1, 1, 1, 1, 1, 1, 1, 1, 1, 1, 1, 1, 1, 1, 1, 1, 1, 1, 1, 1, 1, 1, 1, 1, 1, 1, 1, 1, 1, 1, 1, 1, 1, 1, 1, 1, 1, 1, 1, 1, 1, 1, 1, 1, 1, 1, 1, 1, 1, 1, 1, 1, 1, 1, 1, 1, 1, 1, 1, 1, 1, 1, 1, 1, 1, 1, 1, 1, 1, 1, 1, 1, 1, 1, 1, 1, 1, 1, 1, 1, 1, 1, 1, 1, 1, 1, 1, 1, 1, 1, 1, 1, 1, 1, 1, 1, 1, 1, 1, 1, 1, 1, 1, 1, 1, 1, 1, 1, 1, 1, 1, 1, 1, 1, 1, 1, 1, 1, 1, 1, 1, 1, 1, 1, 1, 1, 1, 1, 1, 1, 1, 1, 1, 1, 1, 1, 1, 1, 1, 1, 1, 1, 1, 1, 1, 1, 1, 1, 1, 1, 1, 1, 1, 1, 1, 1, 1, 1, 1, 1, 1, 1, 1, 1, 1, 1, 1, 1, 1, 1, 1, 1, 1, 1, 1, 1, 1, 1, 1, 1, 1, 1, 1, 1, 1, 1, 1, 1, 1, 1, 1, 1, 1, 1, 1, 1, 1, 1, 1, 1, 1, 1, 1, 1, 1, 1, 1, 1, 1, 1, 1, 1, 1, 1, 1, 1, 1, 1, 1, 1, 1, 1, 1, 1, 1, 1, 1, 1, 1, 1, 1, 1, 1, 1, 1, 1, 1, 1, 1, 1, 1, 1, 1, 1, 1, 1, 1, 1, 1, 1, 1, 1, 1, 1, 1, 1, 1, 1, 1, 1, 1, 1, 1, 1, 1, 1, 1, 1, 1, 1, 1, 1, 1, 1, 1, 1, 1, 1, 1, 1, 1, 1, 1, 1, 1, 1, 1, 1, 1, 1, 1, 1, 1, 1, 1, 1, 1, 1, 1, 1, 1, 1, 1, 1, 1, 1, 1, 1, 1, 1, 1, 1, 1, 1, 1, 1, 1, 1, 1, 1, 1, 1, 1, 1, 1, 1, 1, 1, 1, 1, 1, 1, 1, 1, 1, 1, 1, 1, 1, 1, 1, 1, 1, 1, 1, 1, 1, 1, 1, 1, 1, 1, 1, 1, 1, 1, 1, 1, 1, 1, 1, 1, 1, 1, 1, 1, 1, 1, 1, 1, 1, 1, 1, 1, 1, 1, 1, 1, 1, 1, 1, 1, 1, 1, 1, 1, 1, 1, 1, 1, 1, 1, 1, 1, 1, 1, 1, 1, 1, 1, 1, 1, 1, 1, 1, 1, 1, 1, 1, 1, 1, 1, 1, 1, 1, 1, 1, 1, 1, 1, 1, 1, 1, 1, 1, 1, 1, 1, 1, 1, 1, 1, 1, 1, 1, 1, 1, 1, 1, 1, 1, 1, 1, 1, 1, 1, 1, 1, 1, 1, 1, 1, 1, 1, 1, 1, 1, 1, 1, 1, 1, 1, 1, 1, 1, 1, 1, 1, 1, 1, 1, 1, 1, 1, 1, 1, 1, 1, 1, 1, 1, 1, 1, 1, 1, 1, 1, 1, 1, 1, 1, 1, 1, 1, 1, 1, 1, 1, 1, 1, 1, 1, 1, 1, 1, 1, 1, 1, 1, 1, 1, 1, 1, 1, 1, 1, 1, 1, 1, 1, 1, 1, 1, 1, 1, 1, 1, 1, 1, 1, 1, 1, 1, 1, 1, 1, 1, 1, 1, 1, 1, 1, 1, 1, 1, 1, 1, 1, 1, 1, 1, 1, 1, 1, 1, 1, 1, 1, 1, 1, 1, 1, 1, 1, 1, 1, 1, 1, 1, 1, 1, 1, 1, 1, 1, 1, 1, 1, 1, 1, 1, 1, 1, 1, 1, 1, 1, 1, 1, 1, 1, 1, 1, 1, 1, 1, 1, 1, 1, 1, 1, 1, 1, 1, 1, 1, 1, 1, 1, 1, 1, 1, 1, 1, 1, 1, 1, 1, 1, 1, 1, 1, 1, 1, 1, 1, 1, 1, 1, 1, 1, 1, 1, 1, 1, 1, 1, 1, 1, 1, 1, 1, 1, 1, 1, 1, 1, 1, 1, 1, 1, 1], "full_gram_entries": 1308480, "coefficient_equations": 581, "free_variables": 116, "projected_map_nonzeros": 509898, "build_seconds": 0.6859999590087682, "prepared_dependency": "results/collective_completion_20260914/prepared/h8_global_triples", "fixture": "results/certificate_scaling/active_space_ladder/h8/fixture.json", "state": "results/correlated_pair_20260913/mps/h8_spatial_warm144/state.json", "full_Gram_teacher_used": false, "many_body_states_enumerated": 0, "magnetization": 0, "singlet": true, "ladder_ideal_dimension": 32, "spin_row_projection": {"original_rows": 1525, "independent_invariant_rows": 581, "integer_denominator": 6, "projector_nonzeros": 7897, "exact_integer_idempotence_checked": true, "modular_prime": 65521, "rank_equals_exact_trace": true}, "shared_spin_orbits": false, "map_ids": [0, 1, 2, 3, 4, 5, 6, 7, 8, 9, 10, 11, 12, 13, 14, 15, 16, 17, 18, 19, 20, 21, 22, 23, 24, 25, 26, 27, 28, 29, 30, 31, 32, 33, 34, 34, 34, 34, 34, 34, 34, 34, 34, 34, 34, 34, 34, 34, 34, 34, 34, 34, 34, 34, 34, 34, 34, 34, 34, 34, 34, 34, 34, 34, 34, 34, 34, 34, 34, 34, 34, 34, 34, 34, 34, 34, 34, 34, 34, 34, 34, 34, 34, 35, 35, 35, 35, 35, 35, 35, 35, 35, 35, 35, 35, 35, 35, 35, 35, 35, 35, 35, 35, 35, 35, 35, 35, 35, 35, 35, 35, 35, 35, 35, 35, 35, 35, 35, 35, 35, 35, 35, 35, 35, 35, 35, 35, 35, 35, 35, 35, 35, 35, 36, 36, 36, 36, 36, 36, 36, 36, 36, 36, 36, 36, 36, 36, 36, 36, 36, 36, 36, 36, 36, 36, 36, 36, 36, 36, 36, 36, 36, 36, 36, 36, 36, 36, 36, 36, 36, 36, 36, 36, 36, 36, 36, 36, 36, 36, 36, 36, 36, 36, 36, 36, 36, 36, 36, 36, 36, 36, 36, 36, 36, 36, 36, 36, 36, 36, 36, 36, 36, 36, 36, 36, 36, 36, 36, 36, 36, 36, 37, 37, 37, 37, 37, 37, 37, 37, 37, 37, 37, 37, 37, 37, 37, 37, 37, 37, 37, 37, 37, 37, 37, 37, 37, 37, 37, 37, 37, 37, 37, 37, 37, 37, 37, 37, 37, 37, 37, 37, 37, 37, 37, 37, 37, 37, 37, 37, 37, 37, 37, 37, 37, 37, 37, 37, 37, 37, 37, 37, 37, 37, 37, 37, 37, 37, 37, 37, 37, 37, 37, 37, 37, 37, 37, 37, 37, 37, 37, 38, 38, 38, 38, 38, 38, 38, 38, 38, 38, 38, 38, 38, 38, 38, 38, 38, 38, 38, 38, 38, 38, 38, 38, 38, 38, 38, 38, 38, 38, 38, 38, 38, 38, 38, 38, 38, 38, 38, 38, 38, 38, 38, 38, 38, 38, 38, 38, 38, 38, 38, 38, 38, 38, 38, 38, 38, 38, 38, 38, 38, 38, 38, 38, 38, 38, 38, 38, 38, 38, 38, 38, 38, 38, 38, 38, 38, 38, 39, 39, 39, 39, 39, 39, 39, 39, 39, 39, 39, 39, 39, 39, 39, 39, 39, 39, 39, 39, 39, 39, 39, 39, 39, 39, 39, 39, 39, 39, 39, 39, 39, 39, 39, 39, 39, 39, 39, 39, 39, 39, 39, 39, 39, 39, 39, 39, 39, 39, 39, 39, 39, 39, 39, 39, 39, 39, 39, 39, 39, 39, 39, 39, 39, 39, 39, 39, 39, 39, 39, 39, 39, 39, 39, 39, 39, 39, 39, 40, 40, 40, 40, 40, 40, 40, 40, 40, 40, 40, 40, 40, 40, 40, 40, 40, 40, 40, 40, 40, 40, 40, 40, 40, 40, 40, 40, 40, 40, 40, 40, 40, 40, 40, 40, 40, 40, 40, 40, 40, 40, 40, 40, 40, 40, 40, 40, 40, 41, 41, 41, 41, 41, 41, 41, 41, 41, 41, 41, 41, 41, 41, 41, 41, 41, 41, 41, 41, 41, 41, 41, 41, 41, 41, 41, 41, 41, 41, 41, 41, 41, 41, 41, 41, 41, 41, 41, 41, 41, 41, 41, 41, 41, 41, 41, 41, 41, 41, 26, 27, 28, 28, 28, 28, 28, 28, 29, 29, 29, 29, 29, 29, 30, 30, 30, 30, 30, 30, 31, 31, 31, 31, 31, 31, 32, 33, 34, 34, 34, 34, 35, 35, 35, 35, 35, 36, 36, 36, 36, 36, 36, 36, 36, 37, 37, 37, 37, 37, 37, 37, 37, 38, 38, 38, 38, 38, 38, 38, 38, 39, 39, 39, 39, 39, 39, 39, 39, 40, 40, 40, 40, 41, 41, 41, 41, 41, 26, 27, 27, 28, 28, 28, 28, 28, 28, 28, 28, 29, 29, 29, 29, 29, 29, 29, 29, 30, 30, 30, 30, 30, 30, 30, 30, 31, 31, 31, 31, 31, 31, 31, 31, 32, 33, 33, 34, 34, 34, 34, 34, 35, 35, 35, 35, 35, 36, 36, 36, 36, 36, 36, 36, 36, 37, 37, 37, 37, 37, 37, 37, 37, 38, 38, 38, 38, 38, 38, 38, 38, 39, 39, 39, 39, 39, 39, 39, 39, 40, 40, 40, 40, 40, 41, 41, 41, 41, 41, 26, 27, 28, 28, 28, 28, 28, 28, 28, 28, 29, 29, 29, 29, 29, 29, 29, 29, 30, 30, 30, 30, 30, 30, 30, 30, 31, 31, 31, 31, 31, 31, 31, 31, 32, 33, 34, 34, 34, 34, 34, 35, 35, 35, 35, 35, 36, 36, 36, 36, 36, 36, 36, 36, 37, 37, 37, 37, 37, 37, 37, 37, 38, 38, 38, 38, 38, 38, 38, 38, 39, 39, 39, 39, 39, 39, 39, 39, 40, 40, 40, 40, 40, 41, 41, 41, 41, 41, 26, 27, 28, 28, 28, 28, 28, 28, 28, 28, 29, 29, 29, 29, 29, 29, 29, 29, 30, 30, 30, 30, 30, 30, 30, 30, 31, 31, 31, 31, 31, 31, 31, 31, 32, 33, 34, 34, 34, 34, 34, 35, 35, 35, 35, 35, 36, 36, 36, 36, 36, 36, 36, 36, 37, 37, 37, 37, 37, 37, 37, 37, 38, 38, 38, 38, 38, 38, 38, 38, 39, 39, 39, 39, 39, 39, 39, 39, 40, 40, 40, 40, 40, 41, 41, 41, 41, 41], "moment_dual_formulation": false, "factor_response": false, "coherent_atoms": true}
(CVXPY) Sep 14 01:27:15 PM: Your problem has 19092 variables, 581 constraints, and 0 parameters.
(CVXPY) Sep 14 01:27:15 PM: It is compliant with the following grammars: DCP, DQCP
(CVXPY) Sep 14 01:27:15 PM: DCP verification time: 0.0102 seconds.
(CVXPY) Sep 14 01:27:15 PM: Expression tree has 6 nodes.
(CVXPY) Sep 14 01:27:15 PM: (If you need to solve this problem multiple times, but with different data, consider using parameters.)
(CVXPY) Sep 14 01:27:15 PM: CVXPY will first compile your problem; then, it will invoke a numerical solver to obtain a solution.
(CVXPY) Sep 14 01:27:15 PM: Your problem is compiled with the CPP canonicalization backend.
(CVXPY) Sep 14 01:27:15 PM: Compiling problem (target solver=CLARABEL).
(CVXPY) Sep 14 01:27:15 PM: Reduction chain: FlipObjective -> Dcp2Cone -> CvxAttr2Constr -> ExactCone2Cone -> EliminateZeroSized -> ConeMatrixStuffing -> CLARABEL
(CVXPY) Sep 14 01:27:15 PM: Applying reduction FlipObjective
(CVXPY) Sep 14 01:27:15 PM: Applying reduction Dcp2Cone
(CVXPY) Sep 14 01:27:15 PM: Applying reduction CvxAttr2Constr
(CVXPY) Sep 14 01:27:15 PM: Applying reduction ExactCone2Cone
(CVXPY) Sep 14 01:27:16 PM: Applying reduction EliminateZeroSized
(CVXPY) Sep 14 01:27:16 PM: Applying reduction ConeMatrixStuffing
(CVXPY) Sep 14 01:27:17 PM: Applying reduction CLARABEL
(CVXPY) Sep 14 01:27:18 PM: Finished problem compilation (took 2.471e+00 seconds).
(CVXPY) Sep 14 01:27:18 PM: Invoking solver CLARABEL  to obtain a solution.
===============================================================================
                                     CVXPY                                     
                                     v1.9.2                                    
===============================================================================
-------------------------------------------------------------------------------
                                  Compilation                                  
-------------------------------------------------------------------------------
-------------------------------------------------------------------------------
                                Numerical solver                               
-------------------------------------------------------------------------------
-------------------------------------------------------------
           Clarabel.rs v0.11.1  -  Clever Acronym                

                   (c) Paul Goulart                          
                University of Oxford, 2022                   
-------------------------------------------------------------

problem:
  variables     = 10300
  constraints   = 10765
  nnz(P)        = 0
  nnz(A)        = 521805
  cones (total) = 28
    :        Zero = 1,  numel = 581
    : Nonnegative = 1,  numel = 864
    : PSDTriangle = 26,  numel = (10,10,10,10,...,528)

settings:
  linear algebra: direct / faer, precision: 64 bit (1 thread)
  max iter = 300, time limit = 75.0,  max step = 0.990
  tol_feas = 1.0e-9, tol_gap_abs = 1.0e-9, tol_gap_rel = 1.0e-9,
  static reg : on, ϵ1 = 1.0e-8, ϵ2 = 4.9e-32
  dynamic reg: on, ϵ = 1.0e-13, δ = 2.0e-7
  iter refine: on, reltol = 1.0e-13, abstol = 1.0e-12,
               max iter = 10, stop ratio = 5.0
  equilibrate: on, min_scale = 1.0e-4, max_scale = 1.0e4
               max iter = 10

iter    pcost        dcost       gap       pres      dres      k/t        μ       step      
---------------------------------------------------------------------------------------------
(CVXPY) Sep 14 01:27:47 PM: Problem status: optimal_inaccurate
(CVXPY) Sep 14 01:27:47 PM: Optimal value: -9.258e+00
(CVXPY) Sep 14 01:27:47 PM: Compilation took 2.471e+00 seconds
(CVXPY) Sep 14 01:27:47 PM: Solver (including time spent in interface) took 2.949e+01 seconds
  0  +7.9366e+00  +7.9366e+00  4.25e-15  8.34e-01  6.30e-01  1.00e+00  1.43e+00   ------   
  1  +7.1182e+00  +7.6439e+00  7.38e-02  4.10e-01  1.46e-01  6.83e-01  6.07e-01  9.90e-01  
  2  +7.9521e+00  +8.1234e+00  2.15e-02  9.21e-02  2.14e-02  1.94e-01  1.30e-01  8.27e-01  
  3  +8.6003e+00  +8.6766e+00  8.87e-03  4.81e-02  1.12e-02  8.84e-02  7.29e-02  5.54e-01  
  4  +8.6827e+00  +8.7339e+00  5.90e-03  4.14e-02  9.63e-03  6.17e-02  6.53e-02  2.88e-01  
  5  +8.9443e+00  +8.9627e+00  2.05e-03  1.84e-02  4.24e-03  2.31e-02  3.25e-02  5.60e-01  
  6  +9.0709e+00  +9.0759e+00  5.48e-04  1.11e-02  2.52e-03  7.85e-03  2.23e-02  6.26e-01  
  7  +9.1977e+00  +9.1975e+00  1.28e-05  3.45e-03  7.69e-04  7.89e-04  8.49e-03  8.75e-01  
  8  +9.2097e+00  +9.2095e+00  2.64e-05  2.66e-03  5.92e-04  4.61e-04  7.02e-03  5.15e-01  
  9  +9.2381e+00  +9.2380e+00  1.60e-05  1.33e-03  2.94e-04  2.08e-04  3.91e-03  5.23e-01  
 10  +9.2476e+00  +9.2475e+00  1.26e-05  6.72e-04  1.54e-04  7.04e-05  2.15e-03  8.09e-01  
 11  +9.2525e+00  +9.2524e+00  7.75e-06  3.34e-04  7.86e-05  2.45e-05  1.13e-03  8.68e-01  
 12  +9.2561e+00  +9.2560e+00  3.48e-06  1.41e-04  3.41e-05  9.72e-06  5.03e-04  7.10e-01  
 13  +9.2562e+00  +9.2561e+00  3.03e-06  1.18e-04  2.91e-05  7.92e-06  4.28e-04  3.48e-01  
 14  +9.2572e+00  +9.2572e+00  1.22e-06  4.56e-05  1.16e-05  2.98e-06  1.72e-04  7.11e-01  
 15  +9.2575e+00  +9.2575e+00  7.35e-07  2.68e-05  6.75e-06  1.56e-06  1.01e-04  7.69e-01  
 16  +9.2576e+00  +9.2576e+00  5.74e-07  2.05e-05  5.22e-06  1.16e-06  7.79e-05  6.03e-01  
 17  +9.2577e+00  +9.2577e+00  2.89e-07  1.02e-05  2.62e-06  5.80e-07  3.93e-05  5.58e-01  
 18  +9.2577e+00  +9.2577e+00  1.24e-07  4.30e-06  1.12e-06  2.38e-07  1.68e-05  9.25e-01  
 19  +9.2577e+00  +9.2577e+00  4.46e-08  1.54e-06  4.00e-07  8.47e-08  6.05e-06  7.93e-01  
 20  +9.2577e+00  +9.2577e+00  3.52e-08  1.22e-06  3.16e-07  6.67e-08  4.77e-06  4.75e-01  
 21  +9.2578e+00  +9.2578e+00  1.61e-08  5.55e-07  1.44e-07  3.03e-08  2.19e-06  8.40e-01  
 22  +9.2578e+00  +9.2578e+00  1.03e-08  3.54e-07  9.18e-08  1.93e-08  1.39e-06  6.29e-01  
 23  +9.2578e+00  +9.2578e+00  2.90e-09  9.97e-08  2.59e-08  5.42e-09  3.94e-07  7.73e-01  
 24  +9.2578e+00  +9.2578e+00  1.82e-09  6.25e-08  1.62e-08  3.39e-09  2.46e-07  6.34e-01  
 25  +9.2578e+00  +9.2578e+00  1.43e-09  4.94e-08  1.28e-08  2.66e-09  1.94e-07  6.45e-01  
 26  +9.2578e+00  +9.2578e+00  7.22e-10  2.48e-08  6.44e-09  1.34e-09  9.77e-08  7.27e-01  
 27  +9.2578e+00  +9.2578e+00  3.97e-10  1.39e-08  3.54e-09  7.36e-10  5.36e-08  5.55e-01  
 28  +9.2578e+00  +9.2578e+00  3.97e-10  1.39e-08  3.54e-09  7.36e-10  5.36e-08  0.00e+00  
---------------------------------------------------------------------------------------------
Terminated with status = AlmostSolved
solve time = 29.452328003s
-------------------------------------------------------------------------------
                                    Summary                                    
-------------------------------------------------------------------------------
{"case": "h8", "round": 3, "spin_lifting": true, "rank_cap_initial": 32, "gram_entries": 18976, "gram_dimensions": [4, 4, 4, 4, 4, 4, 4, 4, 12, 16, 32, 32, 12, 16, 12, 16, 32, 32, 12, 16, 32, 32, 64, 64, 32, 32, 1, 1, 1, 1, 1, 1, 1, 1, 1, 1, 1, 1, 1, 1, 1, 1, 1, 1, 1, 1, 1, 1, 1, 1, 1, 1, 1, 1, 1, 1, 1, 1, 1, 1, 1, 1, 1, 1, 1, 1, 1, 1, 1, 1, 1, 1, 1, 1, 1, 1, 1, 1, 1, 1, 1, 1, 1, 1, 1, 1, 1, 1, 1, 1, 1, 1, 1, 1, 1, 1, 1, 1, 1, 1, 1, 1, 1, 1, 1, 1, 1, 1, 1, 1, 1, 1, 1, 1, 1, 1, 1, 1, 1, 1, 1, 1, 1, 1, 1, 1, 1, 1, 1, 1, 1, 1, 1, 1, 1, 1, 1, 1, 1, 1, 1, 1, 1, 1, 1, 1, 1, 1, 1, 1, 1, 1, 1, 1, 1, 1, 1, 1, 1, 1, 1, 1, 1, 1, 1, 1, 1, 1, 1, 1, 1, 1, 1, 1, 1, 1, 1, 1, 1, 1, 1, 1, 1, 1, 1, 1, 1, 1, 1, 1, 1, 1, 1, 1, 1, 1, 1, 1, 1, 1, 1, 1, 1, 1, 1, 1, 1, 1, 1, 1, 1, 1, 1, 1, 1, 1, 1, 1, 1, 1, 1, 1, 1, 1, 1, 1, 1, 1, 1, 1, 1, 1, 1, 1, 1, 1, 1, 1, 1, 1, 1, 1, 1, 1, 1, 1, 1, 1, 1, 1, 1, 1, 1, 1, 1, 1, 1, 1, 1, 1, 1, 1, 1, 1, 1, 1, 1, 1, 1, 1, 1, 1, 1, 1, 1, 1, 1, 1, 1, 1, 1, 1, 1, 1, 1, 1, 1, 1, 1, 1, 1, 1, 1, 1, 1, 1, 1, 1, 1, 1, 1, 1, 1, 1, 1, 1, 1, 1, 1, 1, 1, 1, 1, 1, 1, 1, 1, 1, 1, 1, 1, 1, 1, 1, 1, 1, 1, 1, 1, 1, 1, 1, 1, 1, 1, 1, 1, 1, 1, 1, 1, 1, 1, 1, 1, 1, 1, 1, 1, 1, 1, 1, 1, 1, 1, 1, 1, 1, 1, 1, 1, 1, 1, 1, 1, 1, 1, 1, 1, 1, 1, 1, 1, 1, 1, 1, 1, 1, 1, 1, 1, 1, 1, 1, 1, 1, 1, 1, 1, 1, 1, 1, 1, 1, 1, 1, 1, 1, 1, 1, 1, 1, 1, 1, 1, 1, 1, 1, 1, 1, 1, 1, 1, 1, 1, 1, 1, 1, 1, 1, 1, 1, 1, 1, 1, 1, 1, 1, 1, 1, 1, 1, 1, 1, 1, 1, 1, 1, 1, 1, 1, 1, 1, 1, 1, 1, 1, 1, 1, 1, 1, 1, 1, 1, 1, 1, 1, 1, 1, 1, 1, 1, 1, 1, 1, 1, 1, 1, 1, 1, 1, 1, 1, 1, 1, 1, 1, 1, 1, 1, 1, 1, 1, 1, 1, 1, 1, 1, 1, 1, 1, 1, 1, 1, 1, 1, 1, 1, 1, 1, 1, 1, 1, 1, 1, 1, 1, 1, 1, 1, 1, 1, 1, 1, 1, 1, 1, 1, 1, 1, 1, 1, 1, 1, 1, 1, 1, 1, 1, 1, 1, 1, 1, 1, 1, 1, 1, 1, 1, 1, 1, 1, 1, 1, 1, 1, 1, 1, 1, 1, 1, 1, 1, 1, 1, 1, 1, 1, 1, 1, 1, 1, 1, 1, 1, 1, 1, 1, 1, 1, 1, 1, 1, 1, 1, 1, 1, 1, 1, 1, 1, 1, 1, 1, 1, 1, 1, 1, 1, 1, 1, 1, 1, 1, 1, 1, 1, 1, 1, 1, 1, 1, 1, 1, 1, 1, 1, 1, 1, 1, 1, 1, 1, 1, 1, 1, 1, 1, 1, 1, 1, 1, 1, 1, 1, 1, 1, 1, 1, 1, 1, 1, 1, 1, 1, 1, 1, 1, 1, 1, 1, 1, 1, 1, 1, 1, 1, 1, 1, 1, 1, 1, 1, 1, 1, 1, 1, 1, 1, 1, 1, 1, 1, 1, 1, 1, 1, 1, 1, 1, 1, 1, 1, 1, 1, 1, 1, 1, 1, 1, 1, 1, 1, 1, 1, 1, 1, 1, 1, 1, 1, 1, 1, 1, 1, 1, 1, 1, 1, 1, 1, 1, 1, 1, 1, 1, 1, 1, 1, 1, 1, 1, 1, 1, 1, 1, 1, 1, 1, 1, 1, 1, 1, 1, 1, 1, 1, 1, 1, 1, 1, 1, 1, 1, 1, 1, 1, 1, 1, 1, 1, 1, 1, 1, 1, 1, 1, 1, 1, 1, 1, 1, 1, 1, 1, 1, 1, 1, 1, 1, 1, 1, 1, 1, 1, 1, 1, 1, 1, 1, 1, 1, 1, 1, 1, 1, 1, 1, 1, 1, 1, 1, 1, 1, 1, 1, 1, 1, 1, 1, 1, 1, 1, 1, 1, 1, 1, 1, 1, 1, 1, 1, 1, 1, 1, 1, 1, 1, 1, 1, 1, 1, 1, 1, 1, 1, 1, 1, 1, 1, 1, 1, 1, 1, 1, 1, 1, 1, 1, 1, 1, 1, 1, 1, 1, 1, 1, 1, 1, 1, 1, 1, 1, 1, 1, 1, 1, 1, 1, 1, 1, 1, 1, 1, 1, 1, 1, 1, 1, 1, 1, 1, 1, 1, 1, 1, 1, 1, 1, 1, 1, 1, 1, 1, 1, 1, 1, 1, 1, 1, 1, 1, 1, 1, 1, 1, 1, 1, 1, 1], "full_gram_entries": 1308480, "coefficient_equations": 581, "free_variables": 116, "projected_map_nonzeros": 509898, "build_seconds": 0.6859999590087682, "prepared_dependency": "results/collective_completion_20260914/prepared/h8_global_triples", "fixture": "results/certificate_scaling/active_space_ladder/h8/fixture.json", "state": "results/correlated_pair_20260913/mps/h8_spatial_warm144/state.json", "full_Gram_teacher_used": false, "many_body_states_enumerated": 0, "magnetization": 0, "singlet": true, "ladder_ideal_dimension": 32, "spin_row_projection": {"original_rows": 1525, "independent_invariant_rows": 581, "integer_denominator": 6, "projector_nonzeros": 7897, "exact_integer_idempotence_checked": true, "modular_prime": 65521, "rank_equals_exact_trace": true}, "shared_spin_orbits": false, "map_ids": [0, 1, 2, 3, 4, 5, 6, 7, 8, 9, 10, 11, 12, 13, 14, 15, 16, 17, 18, 19, 20, 21, 22, 23, 24, 25, 26, 27, 28, 29, 30, 31, 32, 33, 34, 34, 34, 34, 34, 34, 34, 34, 34, 34, 34, 34, 34, 34, 34, 34, 34, 34, 34, 34, 34, 34, 34, 34, 34, 34, 34, 34, 34, 34, 34, 34, 34, 34, 34, 34, 34, 34, 34, 34, 34, 34, 34, 34, 34, 34, 34, 34, 34, 35, 35, 35, 35, 35, 35, 35, 35, 35, 35, 35, 35, 35, 35, 35, 35, 35, 35, 35, 35, 35, 35, 35, 35, 35, 35, 35, 35, 35, 35, 35, 35, 35, 35, 35, 35, 35, 35, 35, 35, 35, 35, 35, 35, 35, 35, 35, 35, 35, 35, 36, 36, 36, 36, 36, 36, 36, 36, 36, 36, 36, 36, 36, 36, 36, 36, 36, 36, 36, 36, 36, 36, 36, 36, 36, 36, 36, 36, 36, 36, 36, 36, 36, 36, 36, 36, 36, 36, 36, 36, 36, 36, 36, 36, 36, 36, 36, 36, 36, 36, 36, 36, 36, 36, 36, 36, 36, 36, 36, 36, 36, 36, 36, 36, 36, 36, 36, 36, 36, 36, 36, 36, 36, 36, 36, 36, 36, 36, 37, 37, 37, 37, 37, 37, 37, 37, 37, 37, 37, 37, 37, 37, 37, 37, 37, 37, 37, 37, 37, 37, 37, 37, 37, 37, 37, 37, 37, 37, 37, 37, 37, 37, 37, 37, 37, 37, 37, 37, 37, 37, 37, 37, 37, 37, 37, 37, 37, 37, 37, 37, 37, 37, 37, 37, 37, 37, 37, 37, 37, 37, 37, 37, 37, 37, 37, 37, 37, 37, 37, 37, 37, 37, 37, 37, 37, 37, 37, 38, 38, 38, 38, 38, 38, 38, 38, 38, 38, 38, 38, 38, 38, 38, 38, 38, 38, 38, 38, 38, 38, 38, 38, 38, 38, 38, 38, 38, 38, 38, 38, 38, 38, 38, 38, 38, 38, 38, 38, 38, 38, 38, 38, 38, 38, 38, 38, 38, 38, 38, 38, 38, 38, 38, 38, 38, 38, 38, 38, 38, 38, 38, 38, 38, 38, 38, 38, 38, 38, 38, 38, 38, 38, 38, 38, 38, 38, 39, 39, 39, 39, 39, 39, 39, 39, 39, 39, 39, 39, 39, 39, 39, 39, 39, 39, 39, 39, 39, 39, 39, 39, 39, 39, 39, 39, 39, 39, 39, 39, 39, 39, 39, 39, 39, 39, 39, 39, 39, 39, 39, 39, 39, 39, 39, 39, 39, 39, 39, 39, 39, 39, 39, 39, 39, 39, 39, 39, 39, 39, 39, 39, 39, 39, 39, 39, 39, 39, 39, 39, 39, 39, 39, 39, 39, 39, 39, 40, 40, 40, 40, 40, 40, 40, 40, 40, 40, 40, 40, 40, 40, 40, 40, 40, 40, 40, 40, 40, 40, 40, 40, 40, 40, 40, 40, 40, 40, 40, 40, 40, 40, 40, 40, 40, 40, 40, 40, 40, 40, 40, 40, 40, 40, 40, 40, 40, 41, 41, 41, 41, 41, 41, 41, 41, 41, 41, 41, 41, 41, 41, 41, 41, 41, 41, 41, 41, 41, 41, 41, 41, 41, 41, 41, 41, 41, 41, 41, 41, 41, 41, 41, 41, 41, 41, 41, 41, 41, 41, 41, 41, 41, 41, 41, 41, 41, 41, 26, 27, 28, 28, 28, 28, 28, 28, 29, 29, 29, 29, 29, 29, 30, 30, 30, 30, 30, 30, 31, 31, 31, 31, 31, 31, 32, 33, 34, 34, 34, 34, 35, 35, 35, 35, 35, 36, 36, 36, 36, 36, 36, 36, 36, 37, 37, 37, 37, 37, 37, 37, 37, 38, 38, 38, 38, 38, 38, 38, 38, 39, 39, 39, 39, 39, 39, 39, 39, 40, 40, 40, 40, 41, 41, 41, 41, 41, 26, 27, 27, 28, 28, 28, 28, 28, 28, 28, 28, 29, 29, 29, 29, 29, 29, 29, 29, 30, 30, 30, 30, 30, 30, 30, 30, 31, 31, 31, 31, 31, 31, 31, 31, 32, 33, 33, 34, 34, 34, 34, 34, 35, 35, 35, 35, 35, 36, 36, 36, 36, 36, 36, 36, 36, 37, 37, 37, 37, 37, 37, 37, 37, 38, 38, 38, 38, 38, 38, 38, 38, 39, 39, 39, 39, 39, 39, 39, 39, 40, 40, 40, 40, 40, 41, 41, 41, 41, 41, 26, 27, 28, 28, 28, 28, 28, 28, 28, 28, 29, 29, 29, 29, 29, 29, 29, 29, 30, 30, 30, 30, 30, 30, 30, 30, 31, 31, 31, 31, 31, 31, 31, 31, 32, 33, 34, 34, 34, 34, 34, 35, 35, 35, 35, 35, 36, 36, 36, 36, 36, 36, 36, 36, 37, 37, 37, 37, 37, 37, 37, 37, 38, 38, 38, 38, 38, 38, 38, 38, 39, 39, 39, 39, 39, 39, 39, 39, 40, 40, 40, 40, 40, 41, 41, 41, 41, 41, 26, 27, 28, 28, 28, 28, 28, 28, 28, 28, 29, 29, 29, 29, 29, 29, 29, 29, 30, 30, 30, 30, 30, 30, 30, 30, 31, 31, 31, 31, 31, 31, 31, 31, 32, 33, 34, 34, 34, 34, 34, 35, 35, 35, 35, 35, 36, 36, 36, 36, 36, 36, 36, 36, 37, 37, 37, 37, 37, 37, 37, 37, 38, 38, 38, 38, 38, 38, 38, 38, 39, 39, 39, 39, 39, 39, 39, 39, 40, 40, 40, 40, 40, 41, 41, 41, 41, 41], "moment_dual_formulation": false, "factor_response": false, "coherent_atoms": true, "solve_seconds": 32.049728541998775, "solver": "CLARABEL", "solver_status": "optimal_inaccurate", "solver_iterations": 28, "solver_max_threads": 1, "status": "requires_independent_exact_replay", "proposed_b": -9.257752481356329, "numeric_coefficient_l1": 5.061938748122525e-06, "minimum_PSD_eigenvalue": -5.520227356689092e-09, "total_state_action_Ha": 0.0028742639671916407, "factor_rows": 1998, "certificate_bytes": 3148507, "round_seconds": 34.25078095900244, "total_seconds": 135.30286933299794}
