{"stage": "solve", "case": "h8", "round": 0, "spin_lifting": true, "rank_cap_initial": 32, "gram_entries": 60212, "gram_dimensions": [4, 4, 4, 4, 4, 4, 4, 4, 12, 16, 32, 32, 12, 16, 12, 16, 32, 32, 12, 16, 32, 32, 64, 64, 32, 32, 4, 4, 24, 24, 24, 24, 4, 4, 49, 50, 86, 87, 86, 87, 49, 50], "full_gram_entries": 1230272, "coefficient_equations": 581, "free_variables": 116, "projected_map_nonzeros": 10774155, "build_seconds": 14.022784041997511, "prepared_dependency": "results/collective_completion_20260914/prepared/h8_response", "fixture": "results/certificate_scaling/active_space_ladder/h8/fixture.json", "state": "results/correlated_pair_20260913/mps/h8_spatial_warm144/state.json", "full_Gram_teacher_used": false, "many_body_states_enumerated": 0, "magnetization": 0, "singlet": true, "ladder_ideal_dimension": 32, "spin_row_projection": {"original_rows": 1525, "independent_invariant_rows": 581, "integer_denominator": 6, "projector_nonzeros": 7897, "exact_integer_idempotence_checked": true, "modular_prime": 65521, "rank_equals_exact_trace": true}, "shared_spin_orbits": false, "map_ids": [0, 1, 2, 3, 4, 5, 6, 7, 8, 9, 10, 11, 12, 13, 14, 15, 16, 17, 18, 19, 20, 21, 22, 23, 24, 25, 26, 27, 28, 29, 30, 31, 32, 33, 34, 35, 36, 37, 38, 39, 40, 41], "moment_dual_formulation": true}
(CVXPY) Sep 14 01:15:40 PM: Your problem has 581 variables, 60328 constraints, and 0 parameters.
(CVXPY) Sep 14 01:15:40 PM: It is compliant with the following grammars: DCP, DQCP
(CVXPY) Sep 14 01:15:40 PM: DCP verification time: 0.0022 seconds.
(CVXPY) Sep 14 01:15:40 PM: Expression tree has 6 nodes.
(CVXPY) Sep 14 01:15:40 PM: (If you need to solve this problem multiple times, but with different data, consider using parameters.)
(CVXPY) Sep 14 01:15:40 PM: CVXPY will first compile your problem; then, it will invoke a numerical solver to obtain a solution.
(CVXPY) Sep 14 01:15:40 PM: Your problem is compiled with the CPP canonicalization backend.
(CVXPY) Sep 14 01:15:40 PM: Compiling problem (target solver=SCS).
(CVXPY) Sep 14 01:15:40 PM: Reduction chain: Dcp2Cone -> CvxAttr2Constr -> ExactCone2Cone -> EliminateZeroSized -> ConeMatrixStuffing -> SCS
(CVXPY) Sep 14 01:15:40 PM: Applying reduction Dcp2Cone
(CVXPY) Sep 14 01:15:40 PM: Applying reduction CvxAttr2Constr
(CVXPY) Sep 14 01:15:40 PM: Applying reduction ExactCone2Cone
(CVXPY) Sep 14 01:15:40 PM: Applying reduction EliminateZeroSized
(CVXPY) Sep 14 01:15:40 PM: Applying reduction ConeMatrixStuffing
(CVXPY) Sep 14 01:15:43 PM: Applying reduction SCS
(CVXPY) Sep 14 01:15:44 PM: Finished problem compilation (took 4.691e+00 seconds).
(CVXPY) Sep 14 01:15:44 PM: Invoking solver SCS  to obtain a solution.
/Users/aidenlippert/Documents/Spectra/research/collective_completion_20260914/search.py:184: UserWarning: Solution may be inaccurate. Try another solver, adjusting the solver settings, or solve with verbose=True for more information.
  problem.solve(solver=solver,verbose=verbose,**options)
(CVXPY) Sep 14 01:19:50 PM: Problem status: optimal_inaccurate
(CVXPY) Sep 14 01:19:50 PM: Optimal value: -9.258e+00
(CVXPY) Sep 14 01:19:50 PM: Compilation took 4.691e+00 seconds
(CVXPY) Sep 14 01:19:50 PM: Solver (including time spent in interface) took 2.454e+02 seconds
===============================================================================
                                     CVXPY                                     
                                     v1.9.2                                    
===============================================================================
-------------------------------------------------------------------------------
                                  Compilation                                  
-------------------------------------------------------------------------------
-------------------------------------------------------------------------------
                                Numerical solver                               
-------------------------------------------------------------------------------
------------------------------------------------------------------
	       SCS v3.2.11 - Splitting Conic Solver
	(c) Brendan O'Donoghue, Stanford University, 2012
------------------------------------------------------------------
problem:  variables n: 581, constraints m: 30814
cones: 	  z: primal zero / dual free vars: 116
	  s: psd vars: 30698, ssize: 42
settings: eps_abs: 1.0e-08, eps_rel: 1.0e-08, eps_infeas: 1.0e-07
	  alpha: 1.50, scale: 1.00e-01, adaptive_scale: 1
	  max_iters: 100000, normalize: 1, rho_x: 1.00e-06
	  acceleration_lookback: 10, acceleration_interval: 10
	  time_limit_secs: 2.40e+02
lin-sys:  sparse-direct-amd-qdldl
	  nnz(A): 10775878, nnz(P): 0
------------------------------------------------------------------
 iter | pri res | dua res |   gap   |   obj   |  scale  | time (s)
------------------------------------------------------------------
     0| 9.81e-01  1.30e+01  2.99e+02  1.32e+02  1.00e-01  5.12e+00 
   250| 7.32e-04  6.25e-04  9.92e-03 -9.25e+00  2.49e-02  1.64e+01 
   500| 2.41e-04  8.45e-06  3.91e-04 -9.26e+00  2.49e-02  2.30e+01 
   750| 1.94e-04  3.40e-06  4.53e-04 -9.26e+00  2.49e-02  2.96e+01 
  1000| 1.60e-01  1.74e-02  6.34e-04 -9.26e+00  2.49e-02  3.61e+01 
  1250| 1.48e-04  1.72e-06  4.83e-04 -9.26e+00  2.49e-02  4.27e+01 
  1500| 1.36e-04  1.53e-06  4.94e-04 -9.26e+00  2.49e-02  4.92e+01 
  1750| 1.24e-04  1.33e-06  4.74e-04 -9.26e+00  2.49e-02  5.58e+01 
  2000| 1.11e-04  1.31e-06  4.18e-04 -9.26e+00  2.49e-02  6.25e+01 
  2250| 9.92e-05  1.34e-06  3.91e-04 -9.26e+00  2.49e-02  6.94e+01 
  2500| 9.38e-05  1.31e-06  3.75e-04 -9.26e+00  2.49e-02  7.63e+01 
  2750| 8.78e-05  1.35e-06  3.50e-04 -9.26e+00  2.49e-02  8.29e+01 
  3000| 8.30e-05  1.23e-06  3.42e-04 -9.26e+00  2.49e-02  8.94e+01 
  3250| 7.86e-05  1.10e-06  3.32e-04 -9.26e+00  2.49e-02  9.60e+01 
  3500| 7.46e-05  1.01e-06  3.19e-04 -9.26e+00  2.49e-02  1.03e+02 
  3750| 5.41e-03  6.99e-04  1.44e-05 -9.26e+00  2.49e-02  1.09e+02 
  4000| 6.71e-05  9.01e-07  2.86e-04 -9.26e+00  2.49e-02  1.16e+02 
  4250| 6.38e-05  8.60e-07  2.71e-04 -9.26e+00  2.49e-02  1.22e+02 
  4500| 6.07e-05  8.20e-07  2.57e-04 -9.26e+00  2.49e-02  1.29e+02 
  4750| 5.80e-05  7.81e-07  2.44e-04 -9.26e+00  2.49e-02  1.35e+02 
  5000| 5.54e-05  7.44e-07  2.33e-04 -9.26e+00  2.49e-02  1.42e+02 
  5250| 5.31e-05  7.09e-07  2.23e-04 -9.26e+00  2.49e-02  1.49e+02 
  5500| 5.10e-05  6.78e-07  2.14e-04 -9.26e+00  2.49e-02  1.55e+02 
  5750| 4.90e-05  6.49e-07  2.05e-04 -9.26e+00  2.49e-02  1.62e+02 
  6000| 4.71e-05  6.22e-07  1.97e-04 -9.26e+00  2.49e-02  1.68e+02 
  6250| 4.54e-05  5.97e-07  1.89e-04 -9.26e+00  2.49e-02  1.75e+02 
  6500| 3.20e-03  6.46e-04  3.24e-05 -9.26e+00  2.49e-02  1.81e+02 
  6750| 4.22e-05  5.51e-07  1.76e-04 -9.26e+00  2.49e-02  1.88e+02 
  7000| 4.07e-05  5.30e-07  1.70e-04 -9.26e+00  2.49e-02  1.94e+02 
  7250| 3.93e-05  5.10e-07  1.64e-04 -9.26e+00  2.49e-02  2.01e+02 
  7500| 3.80e-05  4.90e-07  1.58e-04 -9.26e+00  2.49e-02  2.07e+02 
  7750| 3.67e-05  4.71e-07  1.52e-04 -9.26e+00  2.49e-02  2.14e+02 
  8000| 3.55e-05  4.54e-07  1.47e-04 -9.26e+00  2.49e-02  2.20e+02 
  8250| 3.43e-05  4.37e-07  1.42e-04 -9.26e+00  2.49e-02  2.27e+02 
  8500| 3.32e-05  4.22e-07  1.38e-04 -9.26e+00  2.49e-02  2.33e+02 
  8750| 3.14e-05  1.27e-06  1.15e-04 -9.26e+00  7.88e-02  2.44e+02 
  8800| 3.08e-05  1.44e-06  1.08e-04 -9.26e+00  7.88e-02  2.45e+02 
------------------------------------------------------------------
status:  solved (inaccurate - reached time_limit_secs)
timings: total: 2.45e+02s = setup: 5.04e+00s + solve: 2.40e+02s
	 lin-sys: 1.70e+02s, cones: 5.36e+01s, accel: 1.37e-01s
------------------------------------------------------------------
objective = -9.257811 (inaccurate)
------------------------------------------------------------------
-------------------------------------------------------------------------------
                                    Summary                                    
-------------------------------------------------------------------------------
{"case": "h8", "round": 0, "spin_lifting": true, "rank_cap_initial": 32, "gram_entries": 60212, "gram_dimensions": [4, 4, 4, 4, 4, 4, 4, 4, 12, 16, 32, 32, 12, 16, 12, 16, 32, 32, 12, 16, 32, 32, 64, 64, 32, 32, 4, 4, 24, 24, 24, 24, 4, 4, 49, 50, 86, 87, 86, 87, 49, 50], "full_gram_entries": 1230272, "coefficient_equations": 581, "free_variables": 116, "projected_map_nonzeros": 10774155, "build_seconds": 14.022784041997511, "prepared_dependency": "results/collective_completion_20260914/prepared/h8_response", "fixture": "results/certificate_scaling/active_space_ladder/h8/fixture.json", "state": "results/correlated_pair_20260913/mps/h8_spatial_warm144/state.json", "full_Gram_teacher_used": false, "many_body_states_enumerated": 0, "magnetization": 0, "singlet": true, "ladder_ideal_dimension": 32, "spin_row_projection": {"original_rows": 1525, "independent_invariant_rows": 581, "integer_denominator": 6, "projector_nonzeros": 7897, "exact_integer_idempotence_checked": true, "modular_prime": 65521, "rank_equals_exact_trace": true}, "shared_spin_orbits": false, "map_ids": [0, 1, 2, 3, 4, 5, 6, 7, 8, 9, 10, 11, 12, 13, 14, 15, 16, 17, 18, 19, 20, 21, 22, 23, 24, 25, 26, 27, 28, 29, 30, 31, 32, 33, 34, 35, 36, 37, 38, 39, 40, 41], "moment_dual_formulation": true, "solve_seconds": 250.05686158398748, "solver": "SCS", "solver_status": "optimal_inaccurate", "solver_iterations": 8800, "solver_max_threads": null, "status": "requires_independent_exact_replay", "proposed_b": -9.25775654885313, "numeric_coefficient_l1": 0.0010174612548663855, "minimum_PSD_eigenvalue": -7.351740278201704e-14, "total_state_action_Ha": 0.0028485474159357263, "factor_rows": 982, "certificate_bytes": 1187740, "round_seconds": 264.1904277499998, "total_seconds": 266.6341742499935}
