{
  "lower": "-2317797245541950129/250000000000000000",
  "lower_float": -9.2711889821678,
  "residual_l1": "2598542175950129/250000000000000000",
  "residual_l1_float": 0.010394168703800517,
  "multiplier_terms": 65,
  "square_polynomial_terms": 2913,
  "residual_terms": 2913,
  "residual_max_degree": 4,
  "mode_count": 16,
  "particle_number": 8,
  "factor_rows": 902,
  "factor_nonzeros": 150958,
  "kind": "balanced_spin_sos_v1",
  "original_H_spin_defect_Ha": "59/250000000000",
  "balanced_spin_counts": [
    4,
    4
  ],
  "valid_on": "Entire fixed-N sector",
  "lifting": "Exact SU(2) projection, every even-N multiplet meets M_S=0, original-H coefficient-norm perturbation",
  "many_body_states_enumerated": 0,
  "replay_seconds": 32.023672583993175,
  "certificate_sha256": "868327036a659e12cef45dc83b70ff7242bc215fdd4f06784ec3dbc893fa1cfc",
  "upper_Ha": "-96404980911024525006405292665415310181984785342197138743660616188707848777834027376804741614844212591234754769059203115061173136863499536151492878657828048232619820481156991641543265044980626316403255536154728946984394146630657922055077269284099303387662389638721/10416666681366128139025077588426157777196472916600533534511978270474724715766654315271523831102045082704716582998560034624027721405606900471966456548039163183196819459817932009693131265884064116310586385813423340702869292372988380208030951789665275378000000000000",
  "width_Ha": "21238057021443618532176847593367784853838764295264230701743499063406084803913270775870299514460634521214048525356164758945798420202303772192277044536376264923391250312355020958137625705355729523512326106485381105468411112539231610548559190516295027390506529123686881/1302083335170766017378134698553269722149559114575066691813997283809340589470831789408940478887755635338089572874820004328003465175700862558995807068504895397899602432477241501211641408235508014538823298226677917587858661546623547526003868973708159422250000000000000000",
  "width_mHa": 16.310827769451702,
  "target_1p6mHa_met": false
}
