EXTENSION 34 112 49 65
EXTENSION 35 112 50 66
EXTENSION 36 368 82 130
EXTENSION 37 368 83 131
EXTENSION 38 368 82 130
EXTENSION 39 368 83 131
EXTENSION 40 112 49 65
EXTENSION 41 112 50 66
NORMAL 0 active 10 cols 10 seconds 0.0009161779998976272 elapsed 9.231937719999905 rss 714156
NORMAL 1 active 10 cols 10 seconds 0.00039188100004139415 elapsed 9.232372553999994 rss 714156
NORMAL 2 active 10 cols 10 seconds 0.0003336139998282306 elapsed 9.232721340999888 rss 714156
NORMAL 3 active 10 cols 10 seconds 0.0003318819999549305 elapsed 9.233066964000045 rss 714156
NORMAL 4 active 11 cols 10 seconds 0.00026187799994659144 elapsed 9.233343362999904 rss 714156
NORMAL 5 active 11 cols 10 seconds 0.0002407169999969483 elapsed 9.233596128000045 rss 714156
NORMAL 6 active 11 cols 10 seconds 0.00038273800009847037 elapsed 9.233989630999986 rss 714156
NORMAL 7 active 11 cols 10 seconds 0.00023463799993805878 elapsed 9.23423774899993 rss 714156
NORMAL 8 active 156 cols 78 seconds 0.0035004579999622365 elapsed 9.237750145000064 rss 714156
NORMAL 9 active 272 cols 136 seconds 0.00292600699981449 elapsed 9.240705645999924 rss 714156
NORMAL 10 active 288 cols 528 seconds 0.003217188000007809 elapsed 9.243942283000024 rss 714156
NORMAL 11 active 272 cols 528 seconds 0.0033762139998998464 elapsed 9.247338616999969 rss 714156
NORMAL 12 active 156 cols 78 seconds 0.0008087189999059774 elapsed 9.248166983999909 rss 714156
NORMAL 13 active 272 cols 136 seconds 0.0016253589999450924 elapsed 9.249808176999977 rss 714156
NORMAL 14 active 177 cols 78 seconds 0.0010481830001936032 elapsed 9.250874648000035 rss 714156
NORMAL 15 active 293 cols 136 seconds 0.001654802000075506 elapsed 9.25254572499989 rss 714156
NORMAL 16 active 309 cols 528 seconds 0.0034708440000486007 elapsed 9.256033203000015 rss 714156
NORMAL 17 active 293 cols 528 seconds 0.0032471519998580334 elapsed 9.25930101699987 rss 714156
NORMAL 18 active 177 cols 78 seconds 0.0008263249999345135 elapsed 9.260146489999897 rss 714156
NORMAL 19 active 293 cols 136 seconds 0.001743124000086027 elapsed 9.26190435600006 rss 714156
NORMAL 20 active 444 cols 528 seconds 0.0055264510001507006 elapsed 9.26745056599998 rss 714156
NORMAL 21 active 428 cols 528 seconds 0.005554441999947812 elapsed 9.27302887399992 rss 714156
NORMAL 22 active 444 cols 2080 seconds 0.01716798600000402 elapsed 9.290222527999958 rss 714156
NORMAL 23 active 428 cols 2080 seconds 0.016790855999943233 elapsed 9.30707199099993 rss 714156
NORMAL 24 active 444 cols 528 seconds 0.006323242000007667 elapsed 9.31345159700004 rss 714156
NORMAL 25 active 428 cols 528 seconds 0.005644867000000886 elapsed 9.319127198999922 rss 714156
NORMAL 26 active 46 cols 10 seconds 0.0033373660000961536 elapsed 9.322498455999948 rss 714156
NORMAL 27 active 46 cols 10 seconds 0.002849433999926987 elapsed 9.325393075999955 rss 714156
NORMAL 28 active 220 cols 300 seconds 0.010931982999863976 elapsed 9.336353762000044 rss 714156
NORMAL 29 active 220 cols 300 seconds 0.009224272999972527 elapsed 9.345624371999975 rss 714156
NORMAL 30 active 220 cols 300 seconds 0.005389497999885862 elapsed 9.351074120000021 rss 714156
NORMAL 31 active 220 cols 300 seconds 0.0050807509999231115 elapsed 9.3561783749999 rss 714156
NORMAL 32 active 46 cols 10 seconds 0.0007622299999638926 elapsed 9.357044538999844 rss 714156
NORMAL 33 active 46 cols 10 seconds 0.0005621430000246619 elapsed 9.357624518999955 rss 714156
NORMAL 34 active 7694 cols 2145 seconds 6.229978996999989 elapsed 15.58761929000002 rss 971728
NORMAL 35 active 7700 cols 2211 seconds 5.590628934000051 elapsed 21.178872048999892 rss 1104856
NORMAL 36 active 8292 cols 8515 seconds 34.72213144400007 elapsed 55.902320133999865 rss 2003892
NORMAL 37 active 8292 cols 8646 seconds 33.59092971000018 elapsed 89.49484530899986 rss 2003892
NORMAL 38 active 8292 cols 8515 seconds 34.803492108 elapsed 124.30127431899996 rss 2027804
NORMAL 39 active 8292 cols 8646 seconds 33.05671869999992 elapsed 157.36164217700002 rss 2027804
NORMAL 40 active 7694 cols 2145 seconds 5.308891365000136 elapsed 162.67314195799986 rss 2027804
NORMAL 41 active 7700 cols 2211 seconds 5.544022446000099 elapsed 168.21944566399998 rss 2027804
PROJECT [1.5256774497334015e-15, 1.5753391045506785e-15, 1.549445265136756e-15]
CHOLESKY 175.73460955999985
FINISHED 179.6693206289999
