3 xxz 0 1/5 taylor certified 0.0276
3 xxz 0 1/5 bfs certified 0.0261
3 xxz 0 1/5 residual certified 0.0773
3 xxz 0 1/5 arnoldi certified 0.0474
3 xxz 0 1/2 taylor certified 0.031
3 xxz 0 1/2 bfs certified 0.026
3 xxz 0 1/2 residual certified 0.0752
3 xxz 0 1/2 arnoldi certified 0.0473
3 xxz 1/5 1/5 taylor certified 0.0365
3 xxz 1/5 1/5 bfs certified 0.0433
3 xxz 1/5 1/5 residual certified 0.1246
3 xxz 1/5 1/5 arnoldi certified 0.0768
3 xxz 1/5 1/2 taylor certified 0.0882
3 xxz 1/5 1/2 bfs certified 0.0416
3 xxz 1/5 1/2 residual certified 0.1244
3 xxz 1/5 1/2 arnoldi certified 0.0769
3 xxz 2 1/5 taylor certified 0.0367
3 xxz 2 1/5 bfs certified 0.0414
3 xxz 2 1/5 residual certified 0.1904
3 xxz 2 1/5 arnoldi certified 0.0779
3 xxz 2 1/2 taylor certified 0.0877
3 xxz 2 1/2 bfs certified 0.0411
3 xxz 2 1/2 residual certified 0.1249
3 xxz 2 1/2 arnoldi certified 0.1282
3 mixed 0 1/5 taylor certified 0.0796
3 mixed 0 1/5 bfs certified 0.0722
3 mixed 0 1/5 residual certified 0.2006
3 mixed 0 1/5 arnoldi certified 0.1321
3 mixed 0 1/2 taylor certified 0.1756
3 mixed 0 1/2 bfs certified 0.1975
3 mixed 0 1/2 residual certified 0.1992
3 mixed 0 1/2 arnoldi certified 0.1316
3 mixed 1/5 1/5 taylor certified 0.1053
3 mixed 1/5 1/5 bfs certified 0.1109
3 mixed 1/5 1/5 residual certified 0.3122
3 mixed 1/5 1/5 arnoldi certified 0.2051
3 mixed 1/5 1/2 taylor certified 0.2517
3 mixed 1/5 1/2 bfs certified 0.3213
3 mixed 1/5 1/2 residual certified 0.3115
3 mixed 1/5 1/2 arnoldi certified 0.2029
3 mixed 2 1/5 taylor certified 0.106
3 mixed 2 1/5 bfs certified 0.1119
3 mixed 2 1/5 residual certified 0.3247
3 mixed 2 1/5 arnoldi certified 0.2094
3 mixed 2 1/2 taylor certified 0.2587
3 mixed 2 1/2 bfs certified 0.3429
3 mixed 2 1/2 residual certified 0.3323
3 mixed 2 1/2 arnoldi certified 0.3438
4 xxz 0 1/5 taylor certified 0.0868
4 xxz 0 1/5 bfs certified 0.0495
4 xxz 0 1/5 residual certified 0.2611
4 xxz 0 1/5 arnoldi certified 0.1193
4 xxz 0 1/2 taylor certified 0.2392
4 xxz 0 1/2 bfs certified 0.2261
4 xxz 0 1/2 residual certified 0.255
4 xxz 0 1/2 arnoldi certified 0.1924
4 xxz 1/5 1/5 taylor certified 0.1072
4 xxz 1/5 1/5 bfs certified 0.074
4 xxz 1/5 1/5 residual certified 0.391
4 xxz 1/5 1/5 arnoldi certified 0.1848
4 xxz 1/5 1/2 taylor certified 0.3353
4 xxz 1/5 1/2 bfs certified 0.4991
4 xxz 1/5 1/2 residual certified 0.3931
4 xxz 1/5 1/2 arnoldi certified 0.4995
4 xxz 2 1/5 taylor certified 0.109
4 xxz 2 1/5 bfs certified 0.1015
4 xxz 2 1/5 residual certified 0.3873
4 xxz 2 1/5 arnoldi certified 0.1798
4 xxz 2 1/2 taylor certified 0.6681
4 xxz 2 1/2 bfs certified 0.5172
4 xxz 2 1/2 residual certified 0.3912
4 xxz 2 1/2 arnoldi certified 0.7001
4 mixed 0 1/5 taylor certified 0.3219
4 mixed 0 1/5 bfs certified 0.172
4 mixed 0 1/5 residual certified 1.486
4 mixed 0 1/5 arnoldi certified 0.4061
4 mixed 0 1/2 taylor certified 0.8379
4 mixed 0 1/2 bfs certified 0.7604
4 mixed 0 1/2 residual certified 1.5287
4 mixed 0 1/2 arnoldi certified 1.3678
4 mixed 1/5 1/5 taylor certified 0.3978
4 mixed 1/5 1/5 bfs certified 0.3693
4 mixed 1/5 1/5 residual certified 2.3665
4 mixed 1/5 1/5 arnoldi certified 0.6189
4 mixed 1/5 1/2 taylor certified 1.1749
4 mixed 1/5 1/2 bfs certified 1.1134
4 mixed 1/5 1/2 residual certified 2.4139
4 mixed 1/5 1/2 arnoldi certified 2.1791
4 mixed 2 1/5 taylor certified 0.4024
4 mixed 2 1/5 bfs certified 0.593
4 mixed 2 1/5 residual certified 2.4127
4 mixed 2 1/5 arnoldi certified 0.6094
4 mixed 2 1/2 taylor certified 2.1742
4 mixed 2 1/2 bfs certified 1.7629
4 mixed 2 1/2 residual certified 2.4065
4 mixed 2 1/2 arnoldi certified 2.2701
6 xxz 0 1/5 taylor no_certificate_within_budget 0.3593
6 xxz 0 1/5 bfs certified 0.1888
6 xxz 0 1/5 residual no_certificate_within_budget 0.5236
6 xxz 0 1/5 arnoldi no_certificate_within_budget 0.2931
6 xxz 0 1/2 taylor no_certificate_within_budget 0.3558
6 xxz 0 1/2 bfs no_certificate_within_budget 2.191
6 xxz 0 1/2 residual no_certificate_within_budget 0.5455
6 xxz 0 1/2 arnoldi no_certificate_within_budget 0.3035
6 xxz 1/5 1/5 taylor no_certificate_within_budget 0.3372
6 xxz 1/5 1/5 bfs certified 0.5841
6 xxz 1/5 1/5 residual no_certificate_within_budget 0.6519
6 xxz 1/5 1/5 arnoldi no_certificate_within_budget 0.3065
6 xxz 1/5 1/2 taylor no_certificate_within_budget 0.3241
6 xxz 1/5 1/2 bfs no_certificate_within_budget 0.6461
6 xxz 1/5 1/2 residual no_certificate_within_budget 0.715
6 xxz 1/5 1/2 arnoldi no_certificate_within_budget 0.3084
6 xxz 2 1/5 taylor no_certificate_within_budget 0.3237
6 xxz 2 1/5 bfs certified 0.3739
6 xxz 2 1/5 residual no_certificate_within_budget 0.6183
6 xxz 2 1/5 arnoldi no_certificate_within_budget 0.3125
6 xxz 2 1/2 taylor no_certificate_within_budget 0.3205
6 xxz 2 1/2 bfs no_certificate_within_budget 0.6339
6 xxz 2 1/2 residual no_certificate_within_budget 0.618
6 xxz 2 1/2 arnoldi no_certificate_within_budget 0.3122
6 mixed 0 1/5 taylor no_certificate_within_budget 0.2523
6 mixed 0 1/5 bfs no_certificate_within_budget 0.2474
6 mixed 0 1/5 residual no_certificate_within_budget 0.8491
6 mixed 0 1/5 arnoldi no_certificate_within_budget 0.8024
6 mixed 0 1/2 taylor no_certificate_within_budget 0.2524
6 mixed 0 1/2 bfs no_certificate_within_budget 0.2562
6 mixed 0 1/2 residual no_certificate_within_budget 0.8848
6 mixed 0 1/2 arnoldi no_certificate_within_budget 0.8311
6 mixed 1/5 1/5 taylor no_certificate_within_budget 0.2071
6 mixed 1/5 1/5 bfs no_certificate_within_budget 0.3632
6 mixed 1/5 1/5 residual no_certificate_within_budget 1.1349
6 mixed 1/5 1/5 arnoldi no_certificate_within_budget 1.0689
6 mixed 1/5 1/2 taylor no_certificate_within_budget 0.2076
6 mixed 1/5 1/2 bfs no_certificate_within_budget 0.2948
6 mixed 1/5 1/2 residual no_certificate_within_budget 1.1089
6 mixed 1/5 1/2 arnoldi no_certificate_within_budget 1.0614
6 mixed 2 1/5 taylor no_certificate_within_budget 0.2075
6 mixed 2 1/5 bfs no_certificate_within_budget 0.296
6 mixed 2 1/5 residual no_certificate_within_budget 1.1723
6 mixed 2 1/5 arnoldi no_certificate_within_budget 1.0688
6 mixed 2 1/2 taylor no_certificate_within_budget 0.2076
6 mixed 2 1/2 bfs no_certificate_within_budget 0.2941
6 mixed 2 1/2 residual no_certificate_within_budget 1.207
6 mixed 2 1/2 arnoldi no_certificate_within_budget 1.0849
