3 xxz 0 1/5 magnitude certified 0.0049
3 xxz 0 1/5 work certified 0.005
3 xxz 0 1/2 magnitude certified 0.0061
3 xxz 0 1/2 work certified 0.0074
3 xxz 1/5 1/5 magnitude certified 0.0069
3 xxz 1/5 1/5 work certified 0.0084
3 xxz 1/5 1/2 magnitude certified 0.0137
3 xxz 1/5 1/2 work certified 0.0146
3 xxz 2 1/5 magnitude certified 0.0078
3 xxz 2 1/5 work certified 0.0091
3 xxz 2 1/2 magnitude certified 0.0159
3 xxz 2 1/2 work certified 0.0195
3 mixed 0 1/5 magnitude certified 0.0123
3 mixed 0 1/5 work certified 0.0142
3 mixed 0 1/2 magnitude certified 0.0187
3 mixed 0 1/2 work certified 0.0225
3 mixed 1/5 1/5 magnitude certified 0.0185
3 mixed 1/5 1/5 work certified 0.0215
3 mixed 1/5 1/2 magnitude certified 0.0331
3 mixed 1/5 1/2 work certified 0.0402
3 mixed 2 1/5 magnitude certified 0.0225
3 mixed 2 1/5 work certified 0.0268
3 mixed 2 1/2 magnitude certified 0.0453
3 mixed 2 1/2 work certified 0.056
4 xxz 0 1/5 magnitude certified 0.0149
4 xxz 0 1/5 work certified 0.0162
4 xxz 0 1/2 magnitude certified 0.0318
4 xxz 0 1/2 work certified 0.0367
4 xxz 1/5 1/5 magnitude certified 0.0202
4 xxz 1/5 1/5 work certified 0.0231
4 xxz 1/5 1/2 magnitude certified 0.0603
4 xxz 1/5 1/2 work certified 0.071
4 xxz 2 1/5 magnitude certified 0.0324
4 xxz 2 1/5 work certified 0.0378
4 xxz 2 1/2 magnitude certified 0.0949
4 xxz 2 1/2 work certified 0.1123
4 mixed 0 1/5 magnitude certified 0.0621
4 mixed 0 1/5 work certified 0.0664
4 mixed 0 1/2 magnitude certified 0.1132
4 mixed 0 1/2 work certified 0.1306
4 mixed 1/5 1/5 magnitude certified 0.0864
4 mixed 1/5 1/5 work certified 0.0968
4 mixed 1/5 1/2 magnitude certified 0.2211
4 mixed 1/5 1/2 work certified 0.2601
4 mixed 2 1/5 magnitude certified 0.131
4 mixed 2 1/5 work certified 0.1541
4 mixed 2 1/2 magnitude certified 0.3108
4 mixed 2 1/2 work certified 0.3645
6 xxz 0 1/5 magnitude certified 0.0625
6 xxz 0 1/5 work certified 0.0669
6 xxz 0 1/2 magnitude no_certificate_within_budget 0.1228
6 xxz 0 1/2 work no_certificate_within_budget 0.1328
6 xxz 1/5 1/5 magnitude certified 0.1055
6 xxz 1/5 1/5 work certified 0.113
6 xxz 1/5 1/2 magnitude no_certificate_within_budget 0.0954
6 xxz 1/5 1/2 work no_certificate_within_budget 0.1216
6 xxz 2 1/5 magnitude no_certificate_within_budget 0.0938
6 xxz 2 1/5 work no_certificate_within_budget 0.1203
6 xxz 2 1/2 magnitude no_certificate_within_budget 0.094
6 xxz 2 1/2 work no_certificate_within_budget 0.1181
6 mixed 0 1/5 magnitude no_certificate_within_budget 0.069
6 mixed 0 1/5 work no_certificate_within_budget 0.0865
6 mixed 0 1/2 magnitude no_certificate_within_budget 0.0706
6 mixed 0 1/2 work no_certificate_within_budget 0.0889
6 mixed 1/5 1/5 magnitude no_certificate_within_budget 0.0732
6 mixed 1/5 1/5 work no_certificate_within_budget 0.1041
6 mixed 1/5 1/2 magnitude no_certificate_within_budget 0.0721
6 mixed 1/5 1/2 work no_certificate_within_budget 0.1046
6 mixed 2 1/5 magnitude no_certificate_within_budget 0.0732
6 mixed 2 1/5 work no_certificate_within_budget 0.1094
6 mixed 2 1/2 magnitude no_certificate_within_budget 0.0729
6 mixed 2 1/2 work no_certificate_within_budget 0.1039
