3 xxz 0 1/5 certified 0.0044
3 xxz 0 1/2 certified 0.0064
3 xxz 1/5 1/5 certified 0.006
3 xxz 1/5 1/2 certified 0.0116
3 xxz 2 1/5 certified 0.0077
3 xxz 2 1/2 certified 0.016
3 mixed 0 1/5 certified 0.0134
3 mixed 0 1/2 certified 0.0184
3 mixed 1/5 1/5 certified 0.0179
3 mixed 1/5 1/2 certified 0.0313
3 mixed 2 1/5 certified 0.0217
3 mixed 2 1/2 certified 0.0425
4 xxz 0 1/5 certified 0.0148
4 xxz 0 1/2 certified 0.0307
4 xxz 1/5 1/5 certified 0.0204
4 xxz 1/5 1/2 certified 0.0579
4 xxz 2 1/5 certified 0.0326
4 xxz 2 1/2 certified 0.088
4 mixed 0 1/5 certified 0.0591
4 mixed 0 1/2 certified 0.1067
4 mixed 1/5 1/5 certified 0.0844
4 mixed 1/5 1/2 certified 0.2864
4 mixed 2 1/5 certified 0.1378
4 mixed 2 1/2 certified 0.2979
6 xxz 0 1/5 certified 0.0633
6 xxz 0 1/2 no_certificate_within_budget 0.1185
6 xxz 1/5 1/5 certified 0.1013
6 xxz 1/5 1/2 no_certificate_within_budget 0.0884
6 xxz 2 1/5 no_certificate_within_budget 0.0877
6 xxz 2 1/2 no_certificate_within_budget 0.0879
6 mixed 0 1/5 no_certificate_within_budget 0.0659
6 mixed 0 1/2 no_certificate_within_budget 0.066
6 mixed 1/5 1/5 no_certificate_within_budget 0.0677
6 mixed 1/5 1/2 no_certificate_within_budget 0.0676
6 mixed 2 1/5 no_certificate_within_budget 0.0671
6 mixed 2 1/2 no_certificate_within_budget 0.0685
