h4 0 4624.982569204
h4 1 3071.124826204
h4 2 2197.544689204
h4 3 77.941203604
h4 4 59.874885004
h4 5 55.286220604
h4 6 0.048882604
h4 7 0.034117204
h4 8 1.3204e-05
h4 9 2.404e-06
h4 10 2.404e-06
h6 0 12329.007925264
h6 1 8701.995210064
h6 2 6151.546766464
h6 3 4907.290528864
h6 4 4167.471660064
h6 5 166.971135664
h6 6 144.238104064
h6 7 121.272517264
h6 8 111.214816864
h6 9 104.250650464
h6 10 0.108331264
h6 11 0.082021264
h6 12 0.074112064
h6 13 0.066312064
h6 14 5.6464e-05
h6 15 2.2864e-05
h6 16 8.464e-06
h6 17 7.264e-06
h6 18 7.264e-06
h6 19 7.264e-06
h6 20 7.264e-06
h6 21 7.264e-06
h8 0 24510.305672248
h8 8 261.233132248
h8 13 167.466290248
h8 14 0.187166248
h8 15 0.147386248
h8 36 1.6248e-05
h10 0 41535.768831496
h10 10 408.538044496
h10 17 249.013518496
h10 18 0.286368496
h10 19 0.229110496
h10 55 2.7496e-05
