{"stage": "solve", "path": "results/spin_subspace_20260913/campaign/adaptive/baseline", "directions": 0, "seconds_limit": 30.0}
{"stage": "accepted", "directions": 0, "lower_Ha": -6.346069195526957, "wall_seconds": 1.9798876250060857}
{"case": "baseline", "accepted": true, "directions": 0, "lower_Ha": "-380764151731617449436918498428423/60000000000000000000000000000000", "trial_wall_seconds": 1.9846012909983983, "complete_at_seconds": 6.669085834000725, "certificate_bytes": 40626}
{"stage": "solve", "path": "results/spin_subspace_20260913/campaign/adaptive/round_1_batch_1", "directions": 4, "seconds_limit": 30.0}
{"stage": "accepted", "directions": 4, "lower_Ha": -6.345941469116558, "wall_seconds": 6.059603959001834}
{"case": "round_1_batch_1", "accepted": true, "directions": 4, "lower_Ha": "-114226946444098034378707577130825448473400876603804621015923809/18000000000000000000000000000000000000000000000000000000000000", "trial_wall_seconds": 6.062728332995903, "complete_at_seconds": 12.735303958994336, "certificate_bytes": 45551}
{"stage": "solve", "path": "results/spin_subspace_20260913/campaign/adaptive/round_1_batch_2", "directions": 8, "seconds_limit": 30.0}
{"stage": "accepted", "directions": 8, "lower_Ha": -6.345823993679173, "wall_seconds": 6.254380917001981}
{"case": "round_1_batch_2", "accepted": true, "directions": 8, "lower_Ha": "-114224831886225110677057153166308936076907971644934953390383827/18000000000000000000000000000000000000000000000000000000000000", "trial_wall_seconds": 6.257948833001137, "complete_at_seconds": 18.99384774999635, "certificate_bytes": 49144}
{"stage": "solve", "path": "results/spin_subspace_20260913/campaign/adaptive/round_2_batch_1", "directions": 12, "seconds_limit": 30.0}
{"stage": "accepted", "directions": 12, "lower_Ha": -6.345633425999382, "wall_seconds": 6.621947667001223}
{"case": "round_2_batch_1", "accepted": true, "directions": 12, "lower_Ha": "-19036900277998146152458182269868899227641315284515906542818327/3000000000000000000000000000000000000000000000000000000000000", "trial_wall_seconds": 6.625251041994488, "complete_at_seconds": 25.623924416999216, "certificate_bytes": 51177}
{"stage": "solve", "path": "results/spin_subspace_20260913/campaign/adaptive/round_2_batch_2", "directions": 16, "seconds_limit": 30.0}
{"stage": "accepted", "directions": 16, "lower_Ha": -6.3455775346442795, "wall_seconds": 7.141469000001962}
{"case": "round_2_batch_2", "accepted": true, "directions": 16, "lower_Ha": "-6345577534644279144296746492042534242127793028912956474084931/1000000000000000000000000000000000000000000000000000000000000", "trial_wall_seconds": 7.146944583000732, "complete_at_seconds": 32.77147312499437, "certificate_bytes": 54191}
{"stage": "solve", "path": "results/spin_subspace_20260913/campaign/adaptive/round_3_batch_1", "directions": 20, "seconds_limit": 30.0}
{"stage": "accepted", "directions": 20, "lower_Ha": -6.3452584321631935, "wall_seconds": 7.368883374998404}
{"case": "round_3_batch_1", "accepted": true, "directions": 20, "lower_Ha": "-76143101185958321083048855804526934607382562676691380942959529/12000000000000000000000000000000000000000000000000000000000000", "trial_wall_seconds": 7.374670791999961, "complete_at_seconds": 40.150587833995814, "certificate_bytes": 55705}
{"stage": "solve", "path": "results/spin_subspace_20260913/campaign/adaptive/round_3_batch_2", "directions": 24, "seconds_limit": 30.0}
{"stage": "accepted", "directions": 24, "lower_Ha": -6.344968991455614, "wall_seconds": 7.2828786250029225}
{"case": "round_3_batch_2", "accepted": true, "directions": 24, "lower_Ha": "-228418883692402111726785868569168619232892724072483086829248551/36000000000000000000000000000000000000000000000000000000000000", "trial_wall_seconds": 7.285942875001638, "complete_at_seconds": 47.43765062499733, "certificate_bytes": 60218}
{"stage": "solve", "path": "results/spin_subspace_20260913/campaign/adaptive/round_4_batch_1", "directions": 28, "seconds_limit": 30.0}
{"stage": "accepted", "directions": 28, "lower_Ha": -6.344579594183452, "wall_seconds": 7.788179750001291}
{"case": "round_4_batch_1", "accepted": true, "directions": 28, "lower_Ha": "-45680973078120854382529336147735543815070830295160093919958351/7200000000000000000000000000000000000000000000000000000000000", "trial_wall_seconds": 7.793747916999564, "complete_at_seconds": 55.235753417000524, "certificate_bytes": 63500}
{"stage": "solve", "path": "results/spin_subspace_20260913/campaign/adaptive/round_4_batch_2", "directions": 32, "seconds_limit": 30.0}
/Users/aidenlippert/Documents/Spectra/research/spin_subspace_20260913/discovery.py:154: UserWarning: Solution may be inaccurate. Try another solver, adjusting the solver settings, or solve with verbose=True for more information.
  problem.solve(solver='CLARABEL', tol_gap_abs=1e-8, tol_gap_rel=1e-8, tol_feas=1e-8, max_iter=1000, time_limit=solver_seconds)
{"stage": "accepted", "directions": 32, "lower_Ha": -6.344487705712798, "wall_seconds": 7.728163790998224}
{"case": "round_4_batch_2", "accepted": true, "directions": 32, "lower_Ha": "-57100389351415187926479235865276301474582228099115332616102367/9000000000000000000000000000000000000000000000000000000000000", "trial_wall_seconds": 7.734235833995626, "complete_at_seconds": 62.971038249997946, "certificate_bytes": 67798}
