3 xxz 0 1/5 integer certified 0.005
3 xxz 0 1/5 galerkin certified 0.007
3 xxz 0 1/5 bfs certified 0.006
3 xxz 0 1/5 krylov_taylor certified 0.011
3 xxz 0 1/5 collocation certified 0.013
3 xxz 0 1/2 integer certified 0.006
3 xxz 0 1/2 galerkin certified 0.012
3 xxz 0 1/2 bfs certified 0.009
3 xxz 0 1/2 krylov_taylor certified 0.018
3 xxz 0 1/2 collocation certified 0.034
3 xxz 1/5 1/5 integer certified 0.006
3 xxz 1/5 1/5 galerkin certified 0.012
3 xxz 1/5 1/5 bfs certified 0.01
3 xxz 1/5 1/5 krylov_taylor certified 0.014
3 xxz 1/5 1/5 collocation certified 0.012
3 xxz 1/5 1/2 integer certified 0.01
3 xxz 1/5 1/2 galerkin certified 0.022
3 xxz 1/5 1/2 bfs certified 0.016
3 xxz 1/5 1/2 krylov_taylor certified 0.034
3 xxz 1/5 1/2 collocation certified 0.037
3 xxz 2 1/5 integer certified 0.007
3 xxz 2 1/5 galerkin certified 0.016
3 xxz 2 1/5 bfs certified 0.011
3 xxz 2 1/5 krylov_taylor certified 0.014
3 xxz 2 1/5 collocation certified 0.022
3 xxz 2 1/2 integer certified 0.013
3 xxz 2 1/2 galerkin certified 0.029
3 xxz 2 1/2 bfs certified 0.02
3 xxz 2 1/2 krylov_taylor certified 0.048
3 xxz 2 1/2 collocation certified 0.036
3 mixed 0 1/5 integer certified 0.012
3 mixed 0 1/5 galerkin certified 0.022
3 mixed 0 1/5 bfs certified 0.017
3 mixed 0 1/5 krylov_taylor certified 0.034
3 mixed 0 1/5 collocation certified 0.031
3 mixed 0 1/2 integer certified 0.017
3 mixed 0 1/2 galerkin certified 0.039
3 mixed 0 1/2 bfs certified 0.029
3 mixed 0 1/2 krylov_taylor certified 0.083
3 mixed 0 1/2 collocation certified 0.093
3 mixed 1/5 1/5 integer certified 0.019
3 mixed 1/5 1/5 galerkin certified 0.039
3 mixed 1/5 1/5 bfs certified 0.028
3 mixed 1/5 1/5 krylov_taylor certified 0.046
3 mixed 1/5 1/5 collocation certified 0.036
3 mixed 1/5 1/2 integer certified 0.03
3 mixed 1/5 1/2 galerkin certified 0.078
3 mixed 1/5 1/2 bfs certified 0.054
3 mixed 1/5 1/2 krylov_taylor certified 0.108
3 mixed 1/5 1/2 collocation certified 0.098
3 mixed 2 1/5 integer certified 0.022
3 mixed 2 1/5 galerkin certified 0.051
3 mixed 2 1/5 bfs certified 0.034
3 mixed 2 1/5 krylov_taylor certified 0.046
3 mixed 2 1/5 collocation certified 0.06
3 mixed 2 1/2 integer certified 0.038
3 mixed 2 1/2 galerkin certified 0.092
3 mixed 2 1/2 bfs certified 0.07
3 mixed 2 1/2 krylov_taylor certified 0.147
3 mixed 2 1/2 collocation certified 0.098
4 xxz 0 1/5 integer certified 0.015
4 xxz 0 1/5 galerkin certified 0.02
4 xxz 0 1/5 bfs certified 0.016
4 xxz 0 1/5 krylov_taylor certified 0.041
4 xxz 0 1/5 collocation certified 0.059
4 xxz 0 1/2 integer certified 0.03
4 xxz 0 1/2 galerkin certified 0.062
4 xxz 0 1/2 bfs certified 0.047
4 xxz 0 1/2 krylov_taylor certified 0.128
4 xxz 0 1/2 collocation certified 0.223
4 xxz 1/5 1/5 integer certified 0.019
4 xxz 1/5 1/5 galerkin certified 0.034
4 xxz 1/5 1/5 bfs certified 0.023
4 xxz 1/5 1/5 krylov_taylor certified 0.05
4 xxz 1/5 1/5 collocation certified 0.062
4 xxz 1/5 1/2 integer certified 0.053
4 xxz 1/5 1/2 galerkin certified 0.117
4 xxz 1/5 1/2 bfs certified 0.097
4 xxz 1/5 1/2 krylov_taylor certified 0.146
4 xxz 1/5 1/2 collocation certified 0.207
4 xxz 2 1/5 integer certified 0.031
4 xxz 2 1/5 galerkin certified 0.056
4 xxz 2 1/5 bfs certified 0.03
4 xxz 2 1/5 krylov_taylor certified 0.056
4 xxz 2 1/5 collocation certified 0.112
4 xxz 2 1/2 integer certified 0.081
4 xxz 2 1/2 galerkin certified 0.169
4 xxz 2 1/2 bfs certified 0.135
4 xxz 2 1/2 krylov_taylor certified 0.317
4 xxz 2 1/2 collocation certified 0.205
4 mixed 0 1/5 integer certified 0.059
4 mixed 0 1/5 galerkin certified 0.082
4 mixed 0 1/5 bfs certified 0.06
4 mixed 0 1/5 krylov_taylor certified 0.158
4 mixed 0 1/5 collocation certified 0.209
4 mixed 0 1/2 integer certified 0.101
4 mixed 0 1/2 galerkin certified 0.214
4 mixed 0 1/2 bfs certified 0.159
4 mixed 0 1/2 krylov_taylor certified 2.069
4 mixed 0 1/2 collocation certified 1.646
4 mixed 1/5 1/5 integer certified 0.081
4 mixed 1/5 1/5 galerkin certified 0.156
4 mixed 1/5 1/5 bfs certified 0.091
4 mixed 1/5 1/5 krylov_taylor certified 0.186
4 mixed 1/5 1/5 collocation certified 0.219
4 mixed 1/5 1/2 integer certified 0.194
4 mixed 1/5 1/2 galerkin certified 0.435
4 mixed 1/5 1/2 bfs certified 0.283
4 mixed 1/5 1/2 krylov_taylor certified 2.621
4 mixed 1/5 1/2 collocation certified 1.702
4 mixed 2 1/5 integer certified 0.121
4 mixed 2 1/5 galerkin certified 0.248
4 mixed 2 1/5 bfs certified 0.155
4 mixed 2 1/5 krylov_taylor certified 0.305
4 mixed 2 1/5 collocation certified 0.325
4 mixed 2 1/2 integer certified 0.273
4 mixed 2 1/2 galerkin certified 0.704
4 mixed 2 1/2 bfs certified 0.468
4 mixed 2 1/2 krylov_taylor certified 1.147
4 mixed 2 1/2 collocation certified 0.889
6 xxz 0 1/5 integer certified 0.062
6 xxz 0 1/5 galerkin certified 0.071
6 xxz 0 1/5 bfs certified 0.074
6 xxz 0 1/5 krylov_taylor refused 0.057
6 xxz 0 1/5 collocation refused 0.057
6 xxz 0 1/2 integer refused 0.115
6 xxz 0 1/2 galerkin refused 0.435
6 xxz 0 1/2 bfs refused 0.28
6 xxz 0 1/2 krylov_taylor refused 0.058
6 xxz 0 1/2 collocation refused 0.058
6 xxz 1/5 1/5 integer certified 0.101
6 xxz 1/5 1/5 galerkin certified 0.138
6 xxz 1/5 1/5 bfs certified 0.108
6 xxz 1/5 1/5 krylov_taylor refused 0.041
6 xxz 1/5 1/5 collocation refused 0.041
6 xxz 1/5 1/2 integer refused 0.086
6 xxz 1/5 1/2 galerkin refused 0.431
6 xxz 1/5 1/2 bfs refused 0.286
6 xxz 1/5 1/2 krylov_taylor refused 0.042
6 xxz 1/5 1/2 collocation refused 0.044
6 xxz 2 1/5 integer refused 0.088
6 xxz 2 1/5 galerkin certified 0.281
6 xxz 2 1/5 bfs certified 0.147
6 xxz 2 1/5 krylov_taylor refused 0.042
6 xxz 2 1/5 collocation refused 0.055
6 xxz 2 1/2 integer refused 0.086
6 xxz 2 1/2 galerkin refused 0.691
6 xxz 2 1/2 bfs refused 0.38
6 xxz 2 1/2 krylov_taylor refused 0.041
6 xxz 2 1/2 collocation refused 0.041
6 mixed 0 1/5 integer refused 0.066
6 mixed 0 1/5 galerkin refused 0.265
6 mixed 0 1/5 bfs refused 0.099
6 mixed 0 1/5 krylov_taylor refused 0.051
6 mixed 0 1/5 collocation refused 0.05
6 mixed 0 1/2 integer refused 0.065
6 mixed 0 1/2 galerkin refused 0.505
6 mixed 0 1/2 bfs refused 0.135
6 mixed 0 1/2 krylov_taylor refused 0.05
6 mixed 0 1/2 collocation refused 0.049
6 mixed 1/5 1/5 integer refused 0.066
6 mixed 1/5 1/5 galerkin refused 0.379
6 mixed 1/5 1/5 bfs refused 0.14
6 mixed 1/5 1/5 krylov_taylor refused 0.04
6 mixed 1/5 1/5 collocation refused 0.04
6 mixed 1/5 1/2 integer refused 0.066
6 mixed 1/5 1/2 galerkin refused 0.517
6 mixed 1/5 1/2 bfs refused 0.228
6 mixed 1/5 1/2 krylov_taylor refused 0.039
6 mixed 1/5 1/2 collocation refused 0.04
6 mixed 2 1/5 integer refused 0.066
6 mixed 2 1/5 galerkin refused 0.515
6 mixed 2 1/5 bfs refused 0.178
6 mixed 2 1/5 krylov_taylor refused 0.04
6 mixed 2 1/5 collocation refused 0.04
6 mixed 2 1/2 integer refused 0.066
6 mixed 2 1/2 galerkin refused 0.822
6 mixed 2 1/2 bfs refused 0.316
6 mixed 2 1/2 krylov_taylor refused 0.04
6 mixed 2 1/2 collocation refused 0.041
complete 180 accepted 128
